Using SPARSE 1.3 as Direct Linear Solver
Note: Starting dynamic gmin stepping
Warning: Dynamic gmin stepping failed
Note: Starting true gmin stepping
Warning: True gmin stepping failed
Note: Starting source stepping
Warning: singular matrix:  check node snsprev

Warning: singular matrix:  check node snsprev

Warning: source stepping failed
Note: Transient op started
Note: Transient op finished successfully

Note: No compatibility mode selected!


Circuit: i32 exploratory network alternative; not manufacturer u151 model

Doing analysis at TEMP = 27.000000 and TNOM = 27.000000


Initial Transient Solution
--------------------------

Node                                   Voltage
----                                   -------
bat                                          0
cable_r                            1.96249e-55
raw_12v                            2.97952e-52
fused_12v                          2.98051e-52
rev_blocked_12v                    5.58998e-42
protect_ctrl_vin                  -4.19321e-42
protected_12v                      4.95224e-42
input_uv                           3.70764e-43
input_ov                           1.39749e-43
input_shdn                         -4.1932e-42
one                                          1
uv_ok                                    1e-09
ov_bad                                   1e-09
pvalid                                       0
ptimer                                       0
allow                                        0
allow_d                                      0
input_gate_drive                  -2.77044e-35
input_gate                        -2.77044e-35
input_gate_slew                   -2.77045e-35
qsrc                               4.95259e-42
buck_feed                          4.95208e-42
vin5                               4.93746e-42
en5                                1.02195e-42
on5                                      1e-09
xu121.age                                    0
xu121.active                                 0
xu121.ref                                    0
xu121.neg                                    0
xu121.req                           -3.159e-41
fb5                                9.87189e-43
xu121.integral                               0
xu121.cmd                                    0
xu121.command                                0
xu121.drive                                  0
source5                            6.57355e-46
xu121.active_f                               0
xu121.sense                        -6.2875e-40
sw5                                -6.2875e-40
winding5                           4.53023e-43
c127r                              7.44211e-45
c128r                              7.44211e-45
ripple5                            9.87372e-43
rail5                             -6.79767e-45
feediso                           -6.81458e-45
good5                                    1e-09
iso_en_pin                        -1.19257e-45
gooddelay                           6.6967e-11
ageiso                                       0
switchon                                     0
slewiso                                      0
feedpass                          -6.81458e-45
vin                                2.58286e-92
snsiso                             3.51858e-93
localgood                                1e-09
snsfiltered                        7.50022e-10
snsprev                            7.09797e-10
snsevent                                     0
restartage                               1e-05
pgwant                                       0
pgdelay                                      0
en151                             -6.97193e-45
actual_en151                      -3.61427e-45
enable_ctrl                              1e-09
c151_esr                           7.51194e-97
enable                                   1e-09
xu151.age                                    0
xu151.active                                 0
xu151.ref                                    0
xu151.neg                                    0
xu151.req                          1.42474e-92
fb                                -9.89401e-94
xu151.integral                               0
xu151.cmd                                    0
xu151.command                                0
xu151.drive                                  0
source                            -3.30127e-93
xu151.active_f                               0
xu151.sense                       -4.02983e-93
sw                                -4.02983e-93
winding                           -3.30959e-93
c155_esr                           -2.3253e-97
c156_esr                           -2.3253e-97
c157_esr                           -2.3253e-97
c158_esr                          -1.32021e-99
main                              -3.30078e-93
c201_esr                           9.90525e-99
c204_esr                           9.90525e-99
c202_esr                          4.06185e-101
c205_esr                          4.06185e-101
c301_esr                          4.06185e-101
c302_esr                          4.11087e-100
c404_esr                          4.06185e-101
c531_esr                          4.06185e-101
branch_sense                      -3.30078e-93
branch_l                          -3.30078e-93
branch_r                          -3.30078e-93
bulksw_out                                   0
damped                                       0
c206_esr                                     0
main_feed                         -3.30124e-93
main_l                            -3.30107e-93
requested                                 0.45
ready                                        0
valid                                    1e-09
timer                                        0
reset_ctl                                    1
reset_raw                         -1.15817e-94
en                                -4.05359e-94
disg                               2.43084e-92
disfeed                           -3.30127e-93
disdrain                          -3.30127e-93
hold_l                              2.5846e-92
hold_bus                           2.58422e-92
c162                               2.58494e-92
bulk_en_in                        -3.30078e-93
bulk_en_pin                       -8.23137e-94
bulk_want                                1e-09
bulk_enabled                        6.6967e-11
bulk_age                                     0
bulk_slew                                    0
bulk_feed                         -3.30078e-93
bulk_localcap                     -3.30078e-93
bbulk_slew#branch                            0
breset#branch                                0
bready#branch                                0
v.xu151.vsense#branch             8.05966e-105
b.xu151.bdrive#branch            -4.02983e-105
b.xu151.bcmd#branch                          0
b.xu151.breq#branch                          0
b.xu151.bneg#branch                          0
b.xu151.bref#branch                          0
b.xu151.bactive#branch                       0
bpgwant#branch                               0
bswitchon#branch                             0
bsnsevent#branch                             0
bvslew#branch                                0
v.xu121.vsense#branch               1.2575e-51
b.xu121.bdrive#branch              -6.2875e-52
b.xu121.bcmd#branch                          0
b.xu121.breq#branch                          0
b.xu121.bneg#branch                          0
b.xu121.bref#branch                          0
b.xu121.bactive#branch                       0
ballow#branch                                0
bpvalid#branch                               0
lhold#branch                      -2.89233e-94
lmainfeed#branch                  -2.32582e-96
lbranch#branch                     4.51705e-98
l151#branch                       -7.24125e-95
l121#branch                        2.99401e-42
lcable#branch                     -1.96249e-54
vbulkpass#branch                             0
vr165#branch                      1.85658e-100
vload#branch                                 0
vr158#branch                       4.51705e-98
vpass#branch                      -2.58286e-96
vlogic#branch                           -9e-12
vbat#branch                        1.96249e-54

 Reference value :  5.98817e-03
 Reference value :  1.39622e-02
 Reference value :  2.22802e-02
 Reference value :  2.99122e-02
 Reference value :  3.79042e-02
 Reference value :  4.34344e-02
 Reference value :  4.93604e-02
 Reference value :  5.34004e-02
 Reference value :  5.62144e-02
 Reference value :  6.13484e-02
 Reference value :  6.79184e-02
 Reference value :  7.38424e-02
 Reference value :  8.04944e-02
 Reference value :  8.67531e-02
 Reference value :  9.28251e-02
 Reference value :  9.77244e-02
 Reference value :  1.02062e-01
 Reference value :  1.04698e-01
 Reference value :  1.07144e-01
 Reference value :  1.09448e-01
 Reference value :  1.12664e-01
 Reference value :  1.15984e-01
 Reference value :  1.19128e-01
 Reference value :  1.22216e-01
 Reference value :  1.27272e-01
 Reference value :  1.30950e-01
 Reference value :  1.34528e-01
 Reference value :  1.37818e-01
 Reference value :  1.41432e-01
 Reference value :  1.45100e-01
 Reference value :  1.48538e-01
 Reference value :  1.52040e-01
 Reference value :  1.55554e-01
 Reference value :  1.59134e-01
 Reference value :  1.62594e-01
 Reference value :  1.66082e-01
 Reference value :  1.69574e-01
 Reference value :  1.73194e-01
 Reference value :  1.77982e-01
 Reference value :  1.83504e-01
 Reference value :  1.89014e-01
 Reference value :  1.94814e-01
 Reference value :  2.00458e-01
 Reference value :  2.05984e-01
 Reference value :  2.10918e-01
 Reference value :  2.16832e-01
 Reference value :  2.22530e-01
 Reference value :  2.28234e-01
 Reference value :  2.33780e-01
 Reference value :  2.39690e-01
 Reference value :  2.45358e-01
 Reference value :  2.50348e-01
 Reference value :  2.55542e-01
 Reference value :  2.61436e-01
 Reference value :  2.67044e-01
 Reference value :  2.72812e-01
 Reference value :  2.78298e-01
 Reference value :  2.84194e-01
 Reference value :  2.89978e-01
 Reference value :  2.95994e-01
 Reference value :  3.01404e-01
 Reference value :  3.07398e-01
 Reference value :  3.13126e-01
 Reference value :  3.19136e-01
 Reference value :  3.24450e-01
 Reference value :  3.30348e-01
 Reference value :  3.36074e-01
 Reference value :  3.41984e-01
 Reference value :  3.47202e-01
 Reference value :  3.53144e-01
 Reference value :  3.58784e-01
 Reference value :  3.64736e-01
 Reference value :  3.70272e-01
 Reference value :  3.76160e-01
 Reference value :  3.81822e-01
 Reference value :  3.87826e-01
 Reference value :  3.93224e-01
 Reference value :  3.98918e-01
 Reference value :  4.04652e-01
 Reference value :  4.10618e-01
 Reference value :  4.16018e-01
 Reference value :  4.21994e-01
 Reference value :  4.27864e-01
 Reference value :  4.33638e-01
 Reference value :  4.39082e-01
 Reference value :  4.44958e-01
 Reference value :  4.50814e-01
 Reference value :  4.56530e-01
 Reference value :  4.61944e-01
 Reference value :  4.67564e-01
 Reference value :  4.73476e-01
 Reference value :  4.79180e-01
 Reference value :  4.84764e-01
 Reference value :  4.90160e-01
 Reference value :  4.96002e-01
 Reference value :  5.01438e-01
 Reference value :  5.06020e-01
 Reference value :  5.11428e-01
 Reference value :  5.16778e-01
 Reference value :  5.21706e-01
 Reference value :  5.26453e-01
 Reference value :  5.31639e-01
 Reference value :  5.37361e-01
 Reference value :  5.43011e-01
 Reference value :  5.48779e-01
 Reference value :  5.54229e-01
 Reference value :  5.60187e-01
 Reference value :  5.65811e-01
 Reference value :  5.71057e-01
 Reference value :  5.75633e-01
 Reference value :  5.80185e-01
 Reference value :  5.84467e-01
 Reference value :  5.88929e-01
 Reference value :  5.93605e-01
 Reference value :  5.99291e-01
 Reference value :  6.04953e-01
 Reference value :  6.10763e-01
 Reference value :  6.15593e-01
 Reference value :  6.20453e-01
 Reference value :  6.26079e-01
 Reference value :  6.31703e-01
 Reference value :  6.36159e-01
 Reference value :  6.41785e-01
 Reference value :  6.47321e-01
 Reference value :  6.52193e-01
 Reference value :  6.56375e-01
 Reference value :  6.62097e-01
 Reference value :  6.67769e-01
 Reference value :  6.73615e-01
 Reference value :  6.78817e-01
 Reference value :  6.84687e-01
 Reference value :  6.90361e-01
 Reference value :  6.95677e-01
 Reference value :  6.98759e-01
 Reference value :  7.03251e-01
 Reference value :  7.08169e-01
 Reference value :  7.12625e-01
 Reference value :  7.16597e-01
 Reference value :  7.21043e-01
 Reference value :  7.25507e-01
 Reference value :  7.30407e-01
 Reference value :  7.35673e-01
 Reference value :  7.40759e-01
 Reference value :  7.44909e-01
No. of Data Rows : 375458
I32_FINISHED
ngspice-42 done
