Using SPARSE 1.3 as Direct Linear Solver
Note: Starting dynamic gmin stepping
Warning: Dynamic gmin stepping failed
Note: Starting true gmin stepping
Warning: True gmin stepping failed
Note: Starting source stepping
Warning: singular matrix:  check node snsprev

Warning: singular matrix:  check node snsprev

Warning: source stepping failed
Note: Transient op started
Note: Transient op finished successfully

Note: No compatibility mode selected!


Circuit: i32 exploratory network alternative; not manufacturer u151 model

Doing analysis at TEMP = 27.000000 and TNOM = 27.000000


Initial Transient Solution
--------------------------

Node                                   Voltage
----                                   -------
bat                                          0
cable_r                            2.03966e-55
raw_12v                            2.93354e-52
fused_12v                          2.93456e-52
rev_blocked_12v                    5.60651e-42
protect_ctrl_vin                  -4.20557e-42
protected_12v                      4.96687e-42
input_uv                            3.7186e-43
input_ov                           1.40163e-43
input_shdn                        -4.20556e-42
one                                          1
uv_ok                                    1e-09
ov_bad                                   1e-09
pvalid                                       0
ptimer                                       0
allow                                        0
allow_d                                      0
input_gate_drive                  -2.77862e-35
input_gate                        -2.77862e-35
input_gate_slew                   -2.77863e-35
qsrc                               4.96722e-42
buck_feed                          4.96671e-42
vin5                               4.95223e-42
en5                                  1.025e-42
on5                                      1e-09
xu121.age                                    0
xu121.active                                 0
xu121.ref                                    0
xu121.neg                                    0
xu121.req                         -3.16069e-41
fb5                                9.87717e-43
xu121.integral                               0
xu121.cmd                                    0
xu121.command                                0
xu121.drive                                  0
source5                            2.16187e-45
xu121.active_f                               0
xu121.sense                        -6.2057e-40
sw5                                -6.2057e-40
winding5                           8.35956e-43
c127r                              7.42194e-45
c128r                              7.42194e-45
ripple5                            9.87673e-43
rail5                             -5.29406e-45
feediso                            -5.3278e-45
good5                                    1e-09
iso_en_pin                        -9.30929e-46
gooddelay                           6.6967e-11
ageiso                                       0
switchon                                     0
slewiso                                      0
feedpass                           -5.3278e-45
vin                               -8.24702e-93
snsiso                            -1.12629e-93
localgood                                1e-09
snsfiltered                        7.50022e-10
snsprev                            7.09797e-10
snsevent                                     0
restartage                               1e-05
pgwant                                       0
pgdelay                                      0
en151                             -7.15447e-45
actual_en151                      -3.45946e-45
enable_ctrl                              1e-09
c151_esr                          -1.65466e-98
enable                                   1e-09
xu151.age                                    0
xu151.active                                 0
xu151.ref                                    0
xu151.neg                                    0
xu151.req                         -4.54931e-93
fb                                 3.15925e-94
xu151.integral                               0
xu151.cmd                                    0
xu151.command                                0
xu151.drive                                  0
source                             1.05412e-93
xu151.active_f                               0
xu151.sense                        3.64452e-94
sw                                 3.64452e-94
winding                            1.05449e-93
c155_esr                           8.37862e-99
c156_esr                           8.37862e-99
c157_esr                           8.37862e-99
c158_esr                         -1.15095e-100
main                               1.05406e-93
c201_esr                          -3.93926e-99
c204_esr                          -3.93926e-99
c202_esr                         -1.40098e-101
c205_esr                         -1.40098e-101
c301_esr                         -1.40098e-101
c302_esr                         -1.40123e-100
c404_esr                         -1.40098e-101
c531_esr                         -1.40098e-101
branch_sense                       1.05406e-93
branch_l                           1.05406e-93
branch_r                           1.05406e-93
bulksw_out                                   0
damped                                       0
c206_esr                                     0
main_feed                          1.05412e-93
main_l                             1.05407e-93
requested                                 0.45
ready                                        0
valid                                    1e-09
timer                                        0
reset_ctl                                    1
reset_raw                          3.69846e-95
en                                 1.29446e-94
disg                              -8.24706e-93
disfeed                            1.05412e-93
disdrain                           1.05412e-93
hold_l                            -8.24708e-93
hold_bus                          -8.24705e-93
c162                              -8.24715e-93
bulk_en_in                         1.05406e-93
bulk_en_pin                        2.63431e-94
bulk_want                                1e-09
bulk_enabled                        6.6967e-11
bulk_age                                     0
bulk_slew                                    0
bulk_feed                          1.05406e-93
bulk_localcap                      1.05406e-93
bbulk_slew#branch                            0
breset#branch                                0
bready#branch                                0
v.xu151.vsense#branch            -7.28906e-106
b.xu151.bdrive#branch             3.64452e-106
b.xu151.bcmd#branch                          0
b.xu151.breq#branch                          0
b.xu151.bneg#branch                          0
b.xu151.bref#branch                          0
b.xu151.bactive#branch                       0
bpgwant#branch                               0
bswitchon#branch                             0
bsnsevent#branch                             0
bvslew#branch                                0
v.xu121.vsense#branch              1.24114e-51
b.xu121.bdrive#branch              -6.2057e-52
b.xu121.bcmd#branch                          0
b.xu121.breq#branch                          0
b.xu121.bneg#branch                          0
b.xu121.bref#branch                          0
b.xu121.bactive#branch                       0
ballow#branch                                0
bpvalid#branch                               0
lhold#branch                       1.08086e-96
lmainfeed#branch                   6.38983e-97
lbranch#branch                    -1.44101e-98
l151#branch                        3.20359e-96
l121#branch                        2.98997e-42
lcable#branch                     -2.03966e-54
vbulkpass#branch                             0
vr165#branch                     -2.59553e-101
vload#branch                                 0
vr158#branch                      -1.44101e-98
vpass#branch                                 0
vlogic#branch                           -9e-12
vbat#branch                        2.03966e-54

 Reference value :  6.11817e-03
 Reference value :  1.44102e-02
 Reference value :  2.27962e-02
 Reference value :  3.39045e-02
 Reference value :  4.05841e-02
 Reference value :  4.90561e-02
 Reference value :  5.70101e-02
 Reference value :  6.65761e-02
 Reference value :  7.58161e-02
 Reference value :  8.52281e-02
 Reference value :  9.46548e-02
 Reference value :  1.03589e-01
 Reference value :  1.12718e-01
 Reference value :  1.21342e-01
 Reference value :  1.27421e-01
 Reference value :  1.34509e-01
 Reference value :  1.42671e-01
 Reference value :  1.48199e-01
 Reference value :  1.55281e-01
 Reference value :  1.64073e-01
 Reference value :  1.72601e-01
 Reference value :  1.81363e-01
 Reference value :  1.89935e-01
 Reference value :  1.97981e-01
 Reference value :  2.06185e-01
 Reference value :  2.15045e-01
 Reference value :  2.23833e-01
 Reference value :  2.32659e-01
 Reference value :  2.41039e-01
 Reference value :  2.49419e-01
 Reference value :  2.58267e-01
 Reference value :  2.66887e-01
 Reference value :  2.75391e-01
 Reference value :  2.83981e-01
 Reference value :  2.92595e-01
 Reference value :  3.01353e-01
 Reference value :  3.10110e-01
 Reference value :  3.18732e-01
 Reference value :  3.27650e-01
 Reference value :  3.36044e-01
 Reference value :  3.44230e-01
 Reference value :  3.53272e-01
 Reference value :  3.62348e-01
 Reference value :  3.71512e-01
 Reference value :  3.79258e-01
 Reference value :  3.88478e-01
 Reference value :  3.97688e-01
 Reference value :  4.06798e-01
 Reference value :  4.15438e-01
 Reference value :  4.24492e-01
 Reference value :  4.33624e-01
 Reference value :  4.42638e-01
 Reference value :  4.50564e-01
 Reference value :  4.59012e-01
 Reference value :  4.69716e-01
 Reference value :  4.80940e-01
 Reference value :  4.92240e-01
 Reference value :  5.03278e-01
 Reference value :  5.14496e-01
 Reference value :  5.25768e-01
 Reference value :  5.36958e-01
 Reference value :  5.48002e-01
 Reference value :  5.58206e-01
 Reference value :  5.67950e-01
 Reference value :  5.78540e-01
 Reference value :  5.89728e-01
 Reference value :  6.00652e-01
 Reference value :  6.11848e-01
 Reference value :  6.23034e-01
 Reference value :  6.34250e-01
 Reference value :  6.45464e-01
 Reference value :  6.56772e-01
 Reference value :  6.68034e-01
 Reference value :  6.79284e-01
 Reference value :  6.90242e-01
 Reference value :  7.01474e-01
 Reference value :  7.12716e-01
 Reference value :  7.23944e-01
 Reference value :  7.35010e-01
 Reference value :  7.46318e-01
 Reference value :  7.57530e-01
 Reference value :  7.68958e-01
 Reference value :  7.80246e-01
 Reference value :  7.90866e-01
 Reference value :  8.01802e-01
 Reference value :  8.13044e-01
 Reference value :  8.24378e-01
 Reference value :  8.35536e-01
 Reference value :  8.46788e-01
 Reference value :  8.57983e-01
 Reference value :  8.69387e-01
 Reference value :  8.80605e-01
 Reference value :  8.90834e-01
 Reference value :  9.00938e-01
 Reference value :  9.10648e-01
 Reference value :  9.20100e-01
 Reference value :  9.29865e-01
 Reference value :  9.36451e-01
 Reference value :  9.42847e-01
 Reference value :  9.46907e-01
 Reference value :  9.52203e-01
 Reference value :  9.57332e-01
 Reference value :  9.64670e-01
 Reference value :  9.68894e-01
 Reference value :  9.70730e-01
 Reference value :  9.72502e-01
 Reference value :  9.77293e-01
 Reference value :  9.82585e-01
 Reference value :  9.83419e-01
 Reference value :  9.84527e-01
 Reference value :  9.87603e-01
 Reference value :  9.90919e-01
 Reference value :  9.95917e-01
 Reference value :  9.97967e-01
 Reference value :  1.00029e+00
 Reference value :  1.00325e+00
 Reference value :  1.00701e+00
 Reference value :  1.01195e+00
 Reference value :  1.01826e+00
 Reference value :  1.02691e+00
 Reference value :  1.03557e+00
 Reference value :  1.04346e+00
 Reference value :  1.05226e+00
 Reference value :  1.06127e+00
 Reference value :  1.07001e+00
 Reference value :  1.07919e+00
 Reference value :  1.08805e+00
 Reference value :  1.09702e+00
 Reference value :  1.10583e+00
 Reference value :  1.11492e+00
 Reference value :  1.12370e+00
 Reference value :  1.13264e+00
 Reference value :  1.14147e+00
 Reference value :  1.15060e+00
 Reference value :  1.15933e+00
 Reference value :  1.16830e+00
 Reference value :  1.17722e+00
 Reference value :  1.18611e+00
 Reference value :  1.19494e+00
 Reference value :  1.20375e+00
 Reference value :  1.21246e+00
 Reference value :  1.22122e+00
 Reference value :  1.23011e+00
 Reference value :  1.23779e+00
 Reference value :  1.24607e+00
 Reference value :  1.25517e+00
 Reference value :  1.26421e+00
 Reference value :  1.27315e+00
 Reference value :  1.28207e+00
 Reference value :  1.29102e+00
No. of Data Rows : 652307
I32_FINISHED
ngspice-42 done
