Using SPARSE 1.3 as Direct Linear Solver
Note: Starting dynamic gmin stepping
Warning: Dynamic gmin stepping failed
Note: Starting true gmin stepping
Warning: True gmin stepping failed
Note: Starting source stepping
Warning: singular matrix:  check node bulk_enabled

Warning: singular matrix:  check node bulk_enabled

Warning: source stepping failed
Note: Transient op started
Note: Transient op finished successfully

Note: No compatibility mode selected!


Circuit: i32 exploratory network alternative; not manufacturer u151 model

Doing analysis at TEMP = 27.000000 and TNOM = 27.000000


Initial Transient Solution
--------------------------

Node                                   Voltage
----                                   -------
bat                                          0
cable_r                            2.03617e-55
raw_12v                            2.93171e-52
fused_12v                          2.93273e-52
rev_blocked_12v                    5.60278e-42
protect_ctrl_vin                  -4.20197e-42
protected_12v                      4.96313e-42
input_uv                           3.71613e-43
input_ov                           1.40069e-43
input_shdn                        -4.20196e-42
one                                          1
uv_ok                                    1e-09
ov_bad                                   1e-09
pvalid                                       0
ptimer                                       0
allow                                        0
allow_d                                      0
input_gate_drive                  -2.77654e-35
input_gate                        -2.77654e-35
input_gate_slew                   -2.77655e-35
qsrc                               4.96349e-42
buck_feed                          4.96298e-42
vin5                                4.9485e-42
en5                                1.02423e-42
on5                                      1e-09
xu121.age                                    0
xu121.active                                 0
xu121.ref                                    0
xu121.neg                                    0
xu121.req                         -3.15358e-41
fb5                                9.85492e-43
xu121.integral                               0
xu121.cmd                                    0
xu121.command                                0
xu121.drive                                  0
source5                            6.03481e-46
xu121.active_f                               0
xu121.sense                       -6.19929e-40
sw5                               -6.19929e-40
winding5                           8.33936e-43
c127r                              7.42841e-45
c128r                              7.42841e-45
ripple5                            9.85565e-43
rail5                             -6.83777e-45
feediso                           -6.85464e-45
good5                                    1e-09
iso_en_pin                        -1.19961e-45
gooddelay                           6.6967e-11
ageiso                                       0
switchon                                     0
slewiso                                      0
feedpass                          -6.85464e-45
vin                               -6.29694e-94
snsiso                            -8.57894e-95
snsbase                                      0
localgood                                1e-09
snsfiltered                        7.50022e-10
snsprev                            7.09797e-10
snsevent                                     0
restartage                               1e-05
pgwant                                       0
pgdelay                                      0
en151                             -6.98718e-45
actual_en151                      -3.56006e-45
enable_ctrl                              1e-09
c151_esr                          -1.43292e-99
enable                                   1e-09
xu151.age                                    0
xu151.active                                 0
xu151.ref                                    0
xu151.neg                                    0
xu151.req                         -3.46809e-94
fb                                 2.40839e-95
xu151.integral                               0
xu151.cmd                                    0
xu151.command                                0
xu151.drive                                  0
source                             8.03593e-95
xu151.active_f                               0
xu151.sense                        2.77678e-95
sw                                 2.77678e-95
winding                            8.03874e-95
c155_esr                         -7.61223e-100
c156_esr                         -7.61223e-100
c157_esr                         -7.61223e-100
c158_esr                         -1.45173e-101
main                               8.03188e-95
c201_esr                          -1.12233e-99
c204_esr                          -1.12233e-99
c202_esr                         -5.09182e-102
c205_esr                         -5.09182e-102
c301_esr                         -5.09182e-102
c302_esr                         -5.09198e-101
c404_esr                         -5.09182e-102
c531_esr                         -5.09182e-102
branch_sense                       8.03188e-95
branch_l                           8.03191e-95
branch_r                           8.03191e-95
bulksw_out                                   0
damped                                       0
c206_esr                                     0
main_feed                          8.03546e-95
main_l                             8.03194e-95
requested                                 0.45
ready                                        0
valid                                    1e-09
timer                                        0
reset_ctl                                    1
reset_raw                          2.81821e-96
en                                 9.86373e-96
disg                              -6.29695e-94
disfeed                            8.03593e-95
disdrain                           8.03593e-95
hold_l                              -6.297e-94
hold_bus                          -6.29697e-94
c162                                -6.297e-94
bulk_en_in                         8.03188e-95
bulk_en_pin                        2.00281e-95
bulk_want                                1e-09
bulk_enabled                        6.6967e-11
bulk_age                                     0
bulk_slew                                    0
bulk_feed                          8.03191e-95
bulk_localcap                      8.03192e-95
bbulk_slew#branch                            0
breset#branch                                0
bready#branch                                0
v.xu151.vsense#branch            -5.55356e-107
b.xu151.bdrive#branch             2.77678e-107
b.xu151.bcmd#branch                          0
b.xu151.breq#branch                          0
b.xu151.bneg#branch                          0
b.xu151.bref#branch                          0
b.xu151.bactive#branch                       0
bpgwant#branch                               0
bswitchon#branch                             0
bsnsevent#branch                             0
bvslew#branch                                0
v.xu121.vsense#branch              1.23986e-51
b.xu121.bdrive#branch             -6.19929e-52
b.xu121.bcmd#branch                          0
b.xu121.breq#branch                          0
b.xu121.bneg#branch                          0
b.xu121.bref#branch                          0
b.xu121.bactive#branch                       0
ballow#branch                                0
bpvalid#branch                               0
lhold#branch                       9.83586e-98
lmainfeed#branch                   4.69496e-97
lbranch#branch                    -4.76449e-99
l151#branch                        2.44444e-97
l121#branch                        2.98831e-42
lcable#branch                     -2.03617e-54
vbulkpass#branch                             0
vr165#branch                     -1.96658e-102
vsnsbase#branch                   -8.57894e-98
vload#branch                                 0
vr158#branch                      -4.76449e-99
vpass#branch                                 0
vlogic#branch                           -9e-12
vbat#branch                        2.03617e-54

 Reference value :  8.39817e-03
 Reference value :  1.51702e-02
 Reference value :  2.53142e-02
 Reference value :  3.45725e-02
 Reference value :  4.15040e-02
 Reference value :  4.96500e-02
 Reference value :  5.83640e-02
 Reference value :  6.78000e-02
 Reference value :  7.76400e-02
 Reference value :  8.39087e-02
 Reference value :  9.26827e-02
 Reference value :  1.01182e-01
 Reference value :  1.09036e-01
 Reference value :  1.17276e-01
 Reference value :  1.24532e-01
 Reference value :  1.32556e-01
 Reference value :  1.39484e-01
 Reference value :  1.48288e-01
 Reference value :  1.54852e-01
 Reference value :  1.61698e-01
 Reference value :  1.70060e-01
 Reference value :  1.77298e-01
 Reference value :  1.86266e-01
 Reference value :  1.95434e-01
 Reference value :  2.01220e-01
 Reference value :  2.08558e-01
 Reference value :  2.15082e-01
 Reference value :  2.23178e-01
 Reference value :  2.30920e-01
 Reference value :  2.37590e-01
 Reference value :  2.46066e-01
 Reference value :  2.55032e-01
 Reference value :  2.63616e-01
 Reference value :  2.72794e-01
 Reference value :  2.80756e-01
 Reference value :  2.89453e-01
 Reference value :  2.97885e-01
 Reference value :  3.07191e-01
 Reference value :  3.14501e-01
 Reference value :  3.23859e-01
 Reference value :  3.31771e-01
 Reference value :  3.38341e-01
 Reference value :  3.45183e-01
 Reference value :  3.52755e-01
 Reference value :  3.60491e-01
 Reference value :  3.69053e-01
 Reference value :  3.77251e-01
 Reference value :  3.83327e-01
 Reference value :  3.90501e-01
 Reference value :  3.99241e-01
 Reference value :  4.06417e-01
 Reference value :  4.13633e-01
 Reference value :  4.20619e-01
 Reference value :  4.29531e-01
 Reference value :  4.36367e-01
 Reference value :  4.43879e-01
 Reference value :  4.50071e-01
 Reference value :  4.56328e-01
 Reference value :  4.63662e-01
 Reference value :  4.72529e-01
 Reference value :  4.80295e-01
 Reference value :  4.89086e-01
 Reference value :  4.98772e-01
 Reference value :  5.06758e-01
 Reference value :  5.15759e-01
 Reference value :  5.24885e-01
 Reference value :  5.33734e-01
 Reference value :  5.42610e-01
 Reference value :  5.50818e-01
 Reference value :  5.59132e-01
 Reference value :  5.67780e-01
 Reference value :  5.76138e-01
 Reference value :  5.84518e-01
 Reference value :  5.93242e-01
 Reference value :  6.02198e-01
 Reference value :  6.10908e-01
 Reference value :  6.18434e-01
 Reference value :  6.26808e-01
 Reference value :  6.35254e-01
 Reference value :  6.43670e-01
 Reference value :  6.52240e-01
 Reference value :  6.61200e-01
 Reference value :  6.69872e-01
 Reference value :  6.78824e-01
 Reference value :  6.87552e-01
 Reference value :  6.96242e-01
 Reference value :  7.05096e-01
 Reference value :  7.13874e-01
 Reference value :  7.22798e-01
 Reference value :  7.31225e-01
 Reference value :  7.39999e-01
 Reference value :  7.48759e-01
 Reference value :  7.57687e-01
 Reference value :  7.66537e-01
 Reference value :  7.75013e-01
 Reference value :  7.83173e-01
 Reference value :  7.90461e-01
 Reference value :  7.98591e-01
 Reference value :  8.07511e-01
 Reference value :  8.16763e-01
 Reference value :  8.24661e-01
 Reference value :  8.32779e-01
 Reference value :  8.42035e-01
 Reference value :  8.51323e-01
 Reference value :  8.59253e-01
 Reference value :  8.68207e-01
 Reference value :  8.77287e-01
 Reference value :  8.86529e-01
 Reference value :  8.95203e-01
No. of Data Rows : 452620
I32_FINISHED
ngspice-42 done
