Using SPARSE 1.3 as Direct Linear Solver
Note: Starting dynamic gmin stepping
Warning: Dynamic gmin stepping failed
Note: Starting true gmin stepping
Warning: True gmin stepping failed
Note: Starting source stepping
Warning: singular matrix:  check node snsfiltered

Warning: singular matrix:  check node snsfiltered

Warning: source stepping failed
Note: Transient op started
Note: Transient op finished successfully

Note: No compatibility mode selected!


Circuit: i32 exploratory network alternative; not manufacturer u151 model

Doing analysis at TEMP = 27.000000 and TNOM = 27.000000


Initial Transient Solution
--------------------------

Node                                   Voltage
----                                   -------
bat                                          0
cable_r                             8.3356e-55
raw_12v                           -8.34001e-54
fused_12v                         -7.92323e-54
rev_blocked_12v                    5.70344e-42
protect_ctrl_vin                  -4.25884e-42
protected_12v                      5.04866e-42
input_uv                           3.78289e-43
input_ov                           1.42586e-43
input_shdn                        -4.25884e-42
one                                          1
uv_ok                                    1e-09
ov_bad                                   1e-09
pvalid                                       0
ptimer                                       0
allow                                        0
allow_d                                      0
input_gate_drive                  -2.82128e-35
input_gate                        -2.82128e-35
input_gate_slew                    -2.8213e-35
qsrc                               5.04902e-42
buck_feed                          5.04861e-42
vin5                                5.0439e-42
en5                                1.04398e-42
on5                                      1e-09
xu121.age                                    0
xu121.active                                 0
xu121.ref                                    0
xu121.neg                                    0
xu121.req                          -1.2301e-41
fb5                                3.84406e-43
xu121.integral                               0
xu121.cmd                                    0
xu121.command                                0
xu121.drive                                  0
source5                           -3.06732e-43
xu121.active_f                               0
xu121.sense                       -4.05605e-40
sw5                               -4.05605e-40
winding5                           1.84255e-44
c127r                              4.31981e-45
c128r                              4.31981e-45
ripple5                            1.51741e-43
rail5                             -3.11059e-43
feediso                           -3.11069e-43
good5                                    1e-09
iso_en_pin                        -5.45718e-44
gooddelay                           6.6967e-11
ageiso                                       0
switchon                                     0
slewiso                                      0
feedpass                          -3.11069e-43
vin                                8.39496e-80
snsiso                             1.13393e-80
localgood                                1e-09
snsfiltered                        7.50022e-10
snsprev                            7.09797e-10
snsevent                                     0
restartage                               1e-05
pgwant                                       0
pgdelay                                      0
en151                             -2.59967e-43
actual_en151                      -1.32459e-43
enable_ctrl                              1e-09
c151_esr                            1.0619e-83
enable                                   1e-09
xu151.age                                    0
xu151.active                                 0
xu151.ref                                    0
xu151.neg                                    0
xu151.req                          2.35562e-82
fb                                 -3.2717e-83
xu151.integral                               0
xu151.cmd                                    0
xu151.command                                0
xu151.drive                                  0
source                            -1.08692e-82
xu151.active_f                               0
xu151.sense                        4.07384e-81
sw                                 4.07384e-81
winding                           -1.10113e-82
c155_esr                          -6.10055e-86
c156_esr                          -6.10055e-86
c157_esr                          -6.10055e-86
c158_esr                           1.77805e-88
main                              -1.08567e-82
c201_esr                          -2.13761e-88
c204_esr                          -2.13761e-88
c202_esr                          -3.65621e-90
c205_esr                          -3.65621e-90
c301_esr                          -3.65621e-90
c302_esr                          -3.48683e-89
c404_esr                          -3.65621e-90
c531_esr                          -3.65621e-90
branch_sense                      -1.08567e-82
branch_l                          -1.08569e-82
branch_r                          -1.08568e-82
damped                            -1.08576e-82
c206_esr                           5.83213e-88
main_feed                         -1.08691e-82
main_l                             -1.0868e-82
requested                                 0.45
ready                                        0
valid                                    1e-09
timer                                        0
reset_ctl                                    1
reset_raw                         -3.80937e-84
en                                -1.33328e-83
disg                               7.89966e-80
disfeed                           -1.08692e-82
disdrain                          -1.08693e-82
hold_l                             8.42507e-80
hold_bus                           8.41716e-80
c162                               8.41967e-80
c163                               8.41967e-80
c164                               8.41967e-80
cextra3                            8.41967e-80
cextra4                            8.41967e-80
breset#branch                                0
bready#branch                                0
v.xu151.vsense#branch              -8.1477e-93
b.xu151.bdrive#branch              4.07384e-93
b.xu151.bcmd#branch                          0
b.xu151.breq#branch                          0
b.xu151.bneg#branch                          0
b.xu151.bref#branch                          0
b.xu151.bactive#branch                       0
bpgwant#branch                               0
bswitchon#branch                             0
bsnsevent#branch                             0
bvslew#branch                                0
v.xu121.vsense#branch               8.1121e-52
b.xu121.bdrive#branch             -4.05605e-52
b.xu121.bcmd#branch                          0
b.xu121.breq#branch                          0
b.xu121.bneg#branch                          0
b.xu121.bref#branch                          0
b.xu121.bactive#branch                       0
ballow#branch                                0
bpvalid#branch                               0
lhold#branch                      -5.01853e-81
lmainfeed#branch                  -1.42829e-85
lbranch#branch                     2.33285e-86
l151#branch                       -1.84331e-83
l121#branch                        1.73881e-42
lcable#branch                      -8.3356e-54
vr165#branch                       1.21277e-88
vload#branch                                 0
vr158#branch                       2.33285e-86
vpass#branch                      -8.39496e-84
vlogic#branch                           -8e-12
vbat#branch                         8.3356e-54

 Reference value :  9.72817e-03
 Reference value :  1.89862e-02
 Reference value :  3.04162e-02
 Reference value :  4.06737e-02
 Reference value :  4.65832e-02
 Reference value :  5.35443e-02
 Reference value :  5.92848e-02
 Reference value :  6.88228e-02
 Reference value :  7.83309e-02
 Reference value :  8.38944e-02
 Reference value :  9.29455e-02
 Reference value :  1.02913e-01
 Reference value :  1.10920e-01
 Reference value :  1.19590e-01
 Reference value :  1.28814e-01
 Reference value :  1.37506e-01
 Reference value :  1.46820e-01
 Reference value :  1.55680e-01
 Reference value :  1.65047e-01
 Reference value :  1.74327e-01
 Reference value :  1.83599e-01
 Reference value :  1.91789e-01
No. of Data Rows : 102691
I32_FINISHED
ngspice-42 done
