Using SPARSE 1.3 as Direct Linear Solver
Note: Starting dynamic gmin stepping
Warning: Dynamic gmin stepping failed
Note: Starting true gmin stepping
Warning: True gmin stepping failed
Note: Starting source stepping
Warning: singular matrix:  check node snsprev

Warning: singular matrix:  check node snsprev

Warning: source stepping failed
Note: Transient op started
Note: Transient op finished successfully

Note: No compatibility mode selected!


Circuit: i32 exploratory network alternative; not manufacturer u151 model

Doing analysis at TEMP = 27.000000 and TNOM = 27.000000


Initial Transient Solution
--------------------------

Node                                   Voltage
----                                   -------
bat                                          0
cable_r                           -2.10073e-54
raw_12v                            1.30573e-51
fused_12v                          1.30468e-51
rev_blocked_12v                    3.33919e-42
protect_ctrl_vin                  -3.78217e-42
protected_12v                      4.54155e-42
input_uv                           2.21477e-43
input_ov                           8.34798e-44
input_shdn                        -3.78217e-42
one                                          1
uv_ok                                    1e-09
ov_bad                                   1e-09
pvalid                                       0
ptimer                                       0
allow                                        0
allow_d                                      0
input_gate_drive                    -2.537e-35
input_gate                          -2.537e-35
input_gate_slew                   -2.53701e-35
qsrc                               4.54188e-42
buck_feed                          4.54104e-42
vin5                               4.49344e-42
en5                                9.30046e-43
on5                                      1e-09
xu121.age                                    0
xu121.active                                 0
xu121.ref                                    0
xu121.neg                                    0
xu121.req                          -7.6334e-41
fb5                                2.38544e-42
xu121.integral                               0
xu121.cmd                                    0
xu121.command                                0
xu121.drive                                  0
source5                           -3.75391e-43
xu121.active_f                               0
xu121.sense                       -1.42749e-39
sw5                               -1.42749e-39
winding5                           1.02919e-42
c127r                              1.86793e-44
c128r                              1.86793e-44
ripple5                            2.10014e-42
rail5                             -3.94101e-43
feediso                           -3.94144e-43
good5                                    1e-09
iso_en_pin                        -6.91406e-44
gooddelay                           6.6967e-11
ageiso                                       0
switchon                                     0
slewiso                                      0
feedpass                          -3.94144e-43
vin                               -9.69965e-80
snsiso                            -1.32148e-80
snsbase                                      0
localgood                                1e-09
snsfiltered                        7.50022e-10
snsprev                            7.09797e-10
snsevent                                     0
restartage                               1e-05
pgwant                                       0
pgdelay                                      0
en151                             -3.55057e-43
enable_ctrl                              1e-09
c151_esr                          -2.13647e-87
enable                                   1e-09
xu151.age                                    0
xu151.active                                 0
xu151.ref                                    0
xu151.neg                                    0
xu151.req                         -5.50213e-82
fb                                 3.82093e-83
xu151.integral                               0
xu151.cmd                                    0
xu151.command                                0
xu151.drive                                  0
source                             1.24735e-82
xu151.active_f                               0
xu151.sense                        1.00346e-82
sw                                 1.00346e-82
winding                             1.2476e-82
c155_esr                          -9.10184e-88
c156_esr                          -9.10184e-88
c157_esr                          -9.10184e-88
c158_esr                          -8.39869e-90
main                               1.24729e-82
c201_esr                          -1.52147e-87
c204_esr                          -1.52147e-87
c202_esr                          -6.83164e-90
c205_esr                          -6.83164e-90
c301_esr                          -6.83164e-90
c302_esr                          -5.91223e-89
c404_esr                          -6.83164e-90
c531_esr                          -6.83164e-90
branch_sense                       1.24729e-82
branch_l                           1.24745e-82
branch_r                           1.24746e-82
damped                             1.24819e-82
c206_esr                          -3.89001e-87
requested                                 0.45
ready                                        0
valid                                    1e-09
timer                                        0
reset_ctl                                    1
reset_raw                          4.37647e-84
en                                 1.53177e-83
disg                              -9.69965e-80
disfeed                            1.24735e-82
disdrain                           1.24735e-82
hold_l                            -9.69965e-80
hold_bus                          -9.69965e-80
c162                              -9.69965e-80
c163                              -9.69965e-80
c164                              -9.69965e-80
breset#branch                                0
bready#branch                                0
v.xu151.vsense#branch             -2.00689e-94
b.xu151.bdrive#branch              1.00346e-94
b.xu151.bcmd#branch                          0
b.xu151.breq#branch                          0
b.xu151.bneg#branch                          0
b.xu151.bref#branch                          0
b.xu151.bactive#branch                       0
bpgwant#branch                               0
bswitchon#branch                             0
bsnsevent#branch                             0
bvslew#branch                                0
v.xu121.vsense#branch              2.85497e-51
b.xu121.bdrive#branch             -1.42749e-51
b.xu121.bcmd#branch                          0
b.xu121.breq#branch                          0
b.xu121.bneg#branch                          0
b.xu121.bref#branch                          0
b.xu121.bactive#branch                       0
ballow#branch                                0
bpvalid#branch                               0
lhold#branch                       1.63388e-85
lbranch#branch                      -1.556e-85
l151#branch                         3.2413e-85
l121#branch                        7.51113e-42
lcable#branch                      2.10073e-53
vr165#branch                       -1.3329e-90
vsnsbase#branch                   -1.32148e-85
vload#branch                                 0
vr158#branch                        -1.556e-85
vpass#branch                                 0
vlogic#branch                           -8e-12
vbat#branch                       -2.10073e-53

 Reference value :  9.14714e-03
 Reference value :  2.11831e-02
 Reference value :  3.19791e-02
 Reference value :  4.16187e-02
 Reference value :  5.18845e-02
 Reference value :  6.23493e-02
 Reference value :  7.18581e-02
 Reference value :  7.99981e-02
 Reference value :  8.75368e-02
 Reference value :  9.67868e-02
 Reference value :  1.06287e-01
 Reference value :  1.16091e-01
 Reference value :  1.25621e-01
 Reference value :  1.35405e-01
 Reference value :  1.44773e-01
 Reference value :  1.52751e-01
 Reference value :  1.62755e-01
 Reference value :  1.71564e-01
 Reference value :  1.79852e-01
 Reference value :  1.89146e-01
 Reference value :  1.98746e-01
No. of Data Rows : 101350
I32_FINISHED
ngspice-42 done
