Using SPARSE 1.3 as Direct Linear Solver
Note: Starting dynamic gmin stepping
Warning: Dynamic gmin stepping failed
Note: Starting true gmin stepping
Warning: True gmin stepping failed
Note: Starting source stepping
Warning: singular matrix:  check node snsprev

Warning: singular matrix:  check node snsprev

Warning: source stepping failed
Note: Transient op started
Note: Transient op finished successfully

Note: No compatibility mode selected!


Circuit: i32 exploratory network alternative; not manufacturer u151 model

Doing analysis at TEMP = 27.000000 and TNOM = 27.000000


Initial Transient Solution
--------------------------

Node                                   Voltage
----                                   -------
bat                                          0
cable_r                            2.03966e-55
raw_12v                            2.93354e-52
fused_12v                          2.93456e-52
rev_blocked_12v                    5.60651e-42
protect_ctrl_vin                  -4.20557e-42
protected_12v                      4.96687e-42
input_uv                            3.7186e-43
input_ov                           1.40163e-43
input_shdn                        -4.20556e-42
one                                          1
uv_ok                                    1e-09
ov_bad                                   1e-09
pvalid                                       0
ptimer                                       0
allow                                        0
allow_d                                      0
input_gate_drive                  -2.77862e-35
input_gate                        -2.77862e-35
input_gate_slew                   -2.77863e-35
qsrc                               4.96722e-42
buck_feed                          4.96671e-42
vin5                               4.95223e-42
en5                                  1.025e-42
on5                                      1e-09
xu121.age                                    0
xu121.active                                 0
xu121.ref                                    0
xu121.neg                                    0
xu121.req                         -3.16069e-41
fb5                                9.87717e-43
xu121.integral                               0
xu121.cmd                                    0
xu121.command                                0
xu121.drive                                  0
source5                            2.16187e-45
xu121.active_f                               0
xu121.sense                        -6.2057e-40
sw5                                -6.2057e-40
winding5                           8.35956e-43
c127r                              7.42194e-45
c128r                              7.42194e-45
ripple5                            9.87673e-43
rail5                             -5.29406e-45
feediso                            -5.3278e-45
good5                                    1e-09
iso_en_pin                        -9.30929e-46
gooddelay                           6.6967e-11
ageiso                                       0
switchon                                     0
slewiso                                      0
feedpass                           -5.3278e-45
vin                               -8.24702e-93
snsiso                            -1.12629e-93
localgood                                1e-09
snsfiltered                        7.50022e-10
snsprev                            7.09797e-10
snsevent                                     0
restartage                               1e-05
pgwant                                       0
pgdelay                                      0
en151                             -7.15447e-45
actual_en151                      -3.45946e-45
enable_ctrl                              1e-09
c151_esr                          -1.65466e-98
enable                                   1e-09
xu151.age                                    0
xu151.active                                 0
xu151.ref                                    0
xu151.neg                                    0
xu151.req                         -4.54931e-93
fb                                 3.15925e-94
xu151.integral                               0
xu151.cmd                                    0
xu151.command                                0
xu151.drive                                  0
source                             1.05412e-93
xu151.active_f                               0
xu151.sense                        3.64452e-94
sw                                 3.64452e-94
winding                            1.05449e-93
c155_esr                           8.37862e-99
c156_esr                           8.37862e-99
c157_esr                           8.37862e-99
c158_esr                         -1.15095e-100
main                               1.05406e-93
c201_esr                          -3.93926e-99
c204_esr                          -3.93926e-99
c202_esr                         -1.40098e-101
c205_esr                         -1.40098e-101
c301_esr                         -1.40098e-101
c302_esr                         -1.40123e-100
c404_esr                         -1.40098e-101
c531_esr                         -1.40098e-101
branch_sense                       1.05406e-93
branch_l                           1.05406e-93
branch_r                           1.05406e-93
bulksw_out                                   0
damped                                       0
c206_esr                                     0
main_feed                          1.05412e-93
main_l                             1.05407e-93
requested                                 0.45
ready                                        0
valid                                    1e-09
timer                                        0
reset_ctl                                    1
reset_raw                          3.69846e-95
en                                 1.29446e-94
disg                              -8.24706e-93
disfeed                            1.05412e-93
disdrain                           1.05412e-93
hold_l                            -8.24708e-93
hold_bus                          -8.24705e-93
c162                              -8.24715e-93
bulk_en_in                         1.05406e-93
bulk_en_pin                        2.63431e-94
bulk_want                                1e-09
bulk_enabled                        6.6967e-11
bulk_age                                     0
bulk_slew                                    0
bulk_feed                          1.05406e-93
bulk_localcap                      1.05406e-93
bbulk_slew#branch                            0
breset#branch                                0
bready#branch                                0
v.xu151.vsense#branch            -7.28906e-106
b.xu151.bdrive#branch             3.64452e-106
b.xu151.bcmd#branch                          0
b.xu151.breq#branch                          0
b.xu151.bneg#branch                          0
b.xu151.bref#branch                          0
b.xu151.bactive#branch                       0
bpgwant#branch                               0
bswitchon#branch                             0
bsnsevent#branch                             0
bvslew#branch                                0
v.xu121.vsense#branch              1.24114e-51
b.xu121.bdrive#branch              -6.2057e-52
b.xu121.bcmd#branch                          0
b.xu121.breq#branch                          0
b.xu121.bneg#branch                          0
b.xu121.bref#branch                          0
b.xu121.bactive#branch                       0
ballow#branch                                0
bpvalid#branch                               0
lhold#branch                       1.08086e-96
lmainfeed#branch                   6.38983e-97
lbranch#branch                    -1.44101e-98
l151#branch                        3.20359e-96
l121#branch                        2.98997e-42
lcable#branch                     -2.03966e-54
vbulkpass#branch                             0
vr165#branch                     -2.59553e-101
vload#branch                                 0
vr158#branch                      -1.44101e-98
vpass#branch                                 0
vlogic#branch                           -9e-12
vbat#branch                        2.03966e-54

 Reference value :  8.96417e-03
 Reference value :  1.86282e-02
 Reference value :  2.70742e-02
 Reference value :  3.77421e-02
 Reference value :  4.65861e-02
 Reference value :  5.46221e-02
 Reference value :  6.22861e-02
 Reference value :  7.00301e-02
 Reference value :  7.72581e-02
 Reference value :  8.58981e-02
 Reference value :  9.45088e-02
 Reference value :  1.03147e-01
 Reference value :  1.12764e-01
 Reference value :  1.22602e-01
 Reference value :  1.30876e-01
 Reference value :  1.39954e-01
 Reference value :  1.48904e-01
 Reference value :  1.57834e-01
 Reference value :  1.65920e-01
 Reference value :  1.74618e-01
 Reference value :  1.81138e-01
 Reference value :  1.89486e-01
 Reference value :  1.95716e-01
 Reference value :  2.03342e-01
 Reference value :  2.11404e-01
 Reference value :  2.19972e-01
 Reference value :  2.28502e-01
 Reference value :  2.36464e-01
 Reference value :  2.42844e-01
 Reference value :  2.50802e-01
 Reference value :  2.58680e-01
 Reference value :  2.65734e-01
 Reference value :  2.71730e-01
 Reference value :  2.80148e-01
 Reference value :  2.88252e-01
 Reference value :  2.96636e-01
 Reference value :  3.04979e-01
 Reference value :  3.13465e-01
 Reference value :  3.21669e-01
 Reference value :  3.29573e-01
 Reference value :  3.37797e-01
 Reference value :  3.45911e-01
 Reference value :  3.53397e-01
 Reference value :  3.61981e-01
 Reference value :  3.70455e-01
 Reference value :  3.79195e-01
 Reference value :  3.87699e-01
 Reference value :  3.96413e-01
 Reference value :  4.05059e-01
 Reference value :  4.13479e-01
 Reference value :  4.22219e-01
 Reference value :  4.30495e-01
 Reference value :  4.37679e-01
 Reference value :  4.45453e-01
 Reference value :  4.51709e-01
 Reference value :  4.61215e-01
 Reference value :  4.71659e-01
 Reference value :  4.81929e-01
 Reference value :  4.92377e-01
 Reference value :  5.02985e-01
 Reference value :  5.13519e-01
 Reference value :  5.23921e-01
 Reference value :  5.34291e-01
 Reference value :  5.43845e-01
 Reference value :  5.52617e-01
 Reference value :  5.62405e-01
 Reference value :  5.72921e-01
 Reference value :  5.83421e-01
 Reference value :  5.94369e-01
 Reference value :  6.05609e-01
 Reference value :  6.16513e-01
 Reference value :  6.24091e-01
 Reference value :  6.34403e-01
 Reference value :  6.44145e-01
 Reference value :  6.55215e-01
 Reference value :  6.66309e-01
 Reference value :  6.77369e-01
 Reference value :  6.88317e-01
 Reference value :  6.99221e-01
 Reference value :  7.10251e-01
 Reference value :  7.21275e-01
 Reference value :  7.32175e-01
 Reference value :  7.43143e-01
 Reference value :  7.54013e-01
 Reference value :  7.65023e-01
 Reference value :  7.76033e-01
 Reference value :  7.87039e-01
 Reference value :  7.98127e-01
 Reference value :  8.09207e-01
 Reference value :  8.20303e-01
 Reference value :  8.31515e-01
 Reference value :  8.42695e-01
 Reference value :  8.53795e-01
 Reference value :  8.64947e-01
 Reference value :  8.76273e-01
 Reference value :  8.86685e-01
 Reference value :  8.96287e-01
 Reference value :  9.06095e-01
 Reference value :  9.16019e-01
 Reference value :  9.24189e-01
 Reference value :  9.33812e-01
 Reference value :  9.43360e-01
 Reference value :  9.52984e-01
 Reference value :  9.62680e-01
 Reference value :  9.71908e-01
 Reference value :  9.80193e-01
 Reference value :  9.89095e-01
 Reference value :  9.97933e-01
 Reference value :  1.00678e+00
 Reference value :  1.01545e+00
 Reference value :  1.02427e+00
 Reference value :  1.03302e+00
 Reference value :  1.04170e+00
 Reference value :  1.05046e+00
 Reference value :  1.05929e+00
 Reference value :  1.06795e+00
 Reference value :  1.07685e+00
 Reference value :  1.08553e+00
 Reference value :  1.09440e+00
 Reference value :  1.10302e+00
 Reference value :  1.11187e+00
 Reference value :  1.12072e+00
 Reference value :  1.12943e+00
 Reference value :  1.13809e+00
 Reference value :  1.14697e+00
 Reference value :  1.15548e+00
 Reference value :  1.16407e+00
 Reference value :  1.17293e+00
 Reference value :  1.18200e+00
 Reference value :  1.19072e+00
 Reference value :  1.19991e+00
 Reference value :  1.20880e+00
 Reference value :  1.21793e+00
 Reference value :  1.22679e+00
 Reference value :  1.23563e+00
 Reference value :  1.24451e+00
 Reference value :  1.25294e+00
 Reference value :  1.25867e+00
 Reference value :  1.26607e+00
 Reference value :  1.27479e+00
 Reference value :  1.28361e+00
 Reference value :  1.29144e+00
 Reference value :  1.29981e+00
No. of Data Rows : 652312
I32_FINISHED
ngspice-42 done
