Using SPARSE 1.3 as Direct Linear Solver
Note: Starting dynamic gmin stepping
Warning: Dynamic gmin stepping failed
Note: Starting true gmin stepping
Warning: True gmin stepping failed
Note: Starting source stepping
Warning: singular matrix:  check node snsprev

Warning: singular matrix:  check node snsprev

Warning: source stepping failed
Note: Transient op started
Note: Transient op finished successfully

Note: No compatibility mode selected!


Circuit: i32 exploratory network alternative; not manufacturer u151 model

Doing analysis at TEMP = 27.000000 and TNOM = 27.000000


Initial Transient Solution
--------------------------

Node                                   Voltage
----                                   -------
bat                                          0
cable_r                            1.28698e-54
raw_12v                           -2.40775e-52
fused_12v                         -2.40131e-52
rev_blocked_12v                    5.60242e-42
protect_ctrl_vin                  -4.20197e-42
protected_12v                      4.96273e-42
input_uv                           3.71589e-43
input_ov                           1.40061e-43
input_shdn                        -4.20196e-42
one                                          1
uv_ok                                    1e-09
ov_bad                                   1e-09
pvalid                                       0
ptimer                                       0
allow                                        0
allow_d                                      0
input_gate_drive                  -2.77654e-35
input_gate                        -2.77654e-35
input_gate_slew                   -2.77655e-35
qsrc                               4.96308e-42
buck_feed                          4.96275e-42
vin5                               4.96509e-42
en5                                1.02767e-42
on5                                      1e-09
xu121.age                                    0
xu121.active                                 0
xu121.ref                                    0
xu121.neg                                    0
xu121.req                         -6.22552e-42
fb5                                1.94548e-43
xu121.integral                               0
xu121.cmd                                    0
xu121.command                                0
xu121.drive                                  0
source5                            -6.1214e-45
xu121.active_f                               0
xu121.sense                       -1.87447e-40
sw5                               -1.87447e-40
winding5                           2.00849e-43
c127r                              1.84297e-45
c128r                              1.84297e-45
ripple5                            1.89593e-43
rail5                             -7.96766e-45
feediso                           -7.97185e-45
good5                                    1e-09
iso_en_pin                        -1.39783e-45
gooddelay                           6.6967e-11
ageiso                                       0
switchon                                     0
slewiso                                      0
feedpass                          -7.97185e-45
vin                               -1.46936e-92
snsiso                            -2.00186e-93
localgood                                1e-09
snsfiltered                        7.50022e-10
snsprev                            7.09797e-10
snsevent                                     0
restartage                               1e-05
pgwant                                       0
pgdelay                                      0
en151                             -6.98708e-45
actual_en151                      -3.56005e-45
enable_ctrl                              1e-09
c151_esr                          -8.52027e-97
enable                                   1e-09
xu151.age                                    0
xu151.active                                 0
xu151.ref                                    0
xu151.neg                                    0
xu151.req                         -4.05235e-93
fb                                 5.62826e-94
xu151.integral                               0
xu151.cmd                                    0
xu151.command                                0
xu151.drive                                  0
source                             1.87427e-93
xu151.active_f                               0
xu151.sense                       -8.07946e-92
sw                                -8.07946e-92
winding                            1.89301e-93
c155_esr                           5.15707e-97
c156_esr                           5.15707e-97
c157_esr                           5.15707e-97
c158_esr                          -1.00291e-98
main                               1.87254e-93
c201_esr                          -3.32978e-98
c204_esr                          -3.32978e-98
c202_esr                         -2.87586e-100
c205_esr                         -2.87586e-100
c301_esr                         -2.87586e-100
c302_esr                          -2.88378e-99
c404_esr                         -2.87586e-100
c531_esr                         -2.87586e-100
branch_sense                       1.87254e-93
branch_l                           1.87255e-93
branch_r                           1.87255e-93
bulksw_out                                   0
damped                                       0
c206_esr                                     0
main_feed                          1.87417e-93
main_l                             1.87348e-93
requested                                 0.45
ready                                        0
valid                                    1e-09
timer                                        0
reset_ctl                                    1
reset_raw                          6.57035e-95
en                                 2.29962e-94
disg                              -1.46923e-92
disfeed                            1.87427e-93
disdrain                           1.87428e-93
hold_l                            -1.46938e-92
hold_bus                          -1.46924e-92
c162                              -1.46924e-92
bulk_en_in                         1.87254e-93
bulk_en_pin                        4.66933e-94
bulk_want                                1e-09
bulk_enabled                        6.6967e-11
bulk_age                                     0
bulk_slew                                    0
bulk_feed                          1.87255e-93
bulk_localcap                      1.87255e-93
bbulk_slew#branch                            0
breset#branch                                0
bready#branch                                0
v.xu151.vsense#branch             1.61589e-103
b.xu151.bdrive#branch            -8.07946e-104
b.xu151.bcmd#branch                          0
b.xu151.breq#branch                          0
b.xu151.bneg#branch                          0
b.xu151.bref#branch                          0
b.xu151.bactive#branch                       0
bpgwant#branch                               0
bswitchon#branch                             0
bsnsevent#branch                             0
bvslew#branch                                0
v.xu121.vsense#branch              3.74893e-52
b.xu121.bdrive#branch             -1.87447e-52
b.xu121.bcmd#branch                          0
b.xu121.breq#branch                          0
b.xu121.bneg#branch                          0
b.xu121.bref#branch                          0
b.xu121.bactive#branch                       0
ballow#branch                                0
bpvalid#branch                               0
lhold#branch                       1.90196e-96
lmainfeed#branch                   9.22004e-96
lbranch#branch                    -1.56321e-97
l151#branch                        1.63039e-94
l121#branch                        7.42192e-43
lcable#branch                     -1.28698e-53
vbulkpass#branch                             0
vr165#branch                      -2.06453e-99
vload#branch                                 0
vr158#branch                      -1.56321e-97
vpass#branch                                 0
vlogic#branch                           -9e-12
vbat#branch                        1.28698e-53

 Reference value :  7.87617e-03
 Reference value :  1.92042e-02
 Reference value :  3.03302e-02
 Reference value :  4.01861e-02
 Reference value :  5.02501e-02
 Reference value :  6.00021e-02
 Reference value :  6.96321e-02
 Reference value :  7.95401e-02
 Reference value :  8.91107e-02
 Reference value :  9.87074e-02
 Reference value :  1.07011e-01
 Reference value :  1.16003e-01
 Reference value :  1.25027e-01
 Reference value :  1.33993e-01
 Reference value :  1.41407e-01
 Reference value :  1.47997e-01
 Reference value :  1.56053e-01
 Reference value :  1.64989e-01
 Reference value :  1.72505e-01
 Reference value :  1.79039e-01
 Reference value :  1.87399e-01
 Reference value :  1.95931e-01
 Reference value :  2.03427e-01
 Reference value :  2.11151e-01
 Reference value :  2.19207e-01
 Reference value :  2.27043e-01
 Reference value :  2.36089e-01
 Reference value :  2.43713e-01
 Reference value :  2.51875e-01
 Reference value :  2.61107e-01
 Reference value :  2.69931e-01
 Reference value :  2.76123e-01
 Reference value :  2.84581e-01
 Reference value :  2.93625e-01
 Reference value :  3.01993e-01
 Reference value :  3.09683e-01
 Reference value :  3.18489e-01
 Reference value :  3.27533e-01
 Reference value :  3.36741e-01
 Reference value :  3.45913e-01
 Reference value :  3.54679e-01
 Reference value :  3.63731e-01
 Reference value :  3.72989e-01
 Reference value :  3.82159e-01
 Reference value :  3.90585e-01
 Reference value :  3.99591e-01
 Reference value :  4.08193e-01
 Reference value :  4.16303e-01
 Reference value :  4.25271e-01
 Reference value :  4.33769e-01
 Reference value :  4.42013e-01
 Reference value :  4.50243e-01
 Reference value :  4.58543e-01
 Reference value :  4.65599e-01
 Reference value :  4.73702e-01
 Reference value :  4.81700e-01
 Reference value :  4.89830e-01
 Reference value :  4.98434e-01
 Reference value :  5.06590e-01
 Reference value :  5.15250e-01
 Reference value :  5.22382e-01
 Reference value :  5.30912e-01
 Reference value :  5.40222e-01
 Reference value :  5.47980e-01
 Reference value :  5.56774e-01
 Reference value :  5.66100e-01
 Reference value :  5.75236e-01
 Reference value :  5.84280e-01
 Reference value :  5.93252e-01
No. of Data Rows : 300628
I32_FINISHED
ngspice-42 done
