Using SPARSE 1.3 as Direct Linear Solver
Note: Starting dynamic gmin stepping
Warning: Dynamic gmin stepping failed
Note: Starting true gmin stepping
Warning: True gmin stepping failed
Note: Starting source stepping
Warning: singular matrix:  check node snsprev

Warning: singular matrix:  check node snsprev

Warning: source stepping failed
Note: Transient op started
Note: Transient op finished successfully

Note: No compatibility mode selected!


Circuit: i32 exploratory network alternative; not manufacturer u151 model

Doing analysis at TEMP = 27.000000 and TNOM = 27.000000


Initial Transient Solution
--------------------------

Node                                   Voltage
----                                   -------
bat                                          0
cable_r                             2.0375e-55
raw_12v                            2.92857e-52
fused_12v                          2.92959e-52
rev_blocked_12v                    5.59809e-42
protect_ctrl_vin                  -4.19785e-42
protected_12v                      4.95866e-42
input_uv                           3.71302e-43
input_ov                           1.39952e-43
input_shdn                        -4.19785e-42
one                                          1
uv_ok                                    1e-09
ov_bad                                   1e-09
pvalid                                       0
ptimer                                       0
allow                                        0
allow_d                                      0
input_gate_drive                  -2.77405e-35
input_gate                        -2.77405e-35
input_gate_slew                   -2.77406e-35
qsrc                               4.95902e-42
buck_feed                          4.95851e-42
vin5                               4.94405e-42
en5                                1.02331e-42
on5                                      1e-09
xu121.age                                    0
xu121.active                                 0
xu121.ref                                    0
xu121.neg                                    0
xu121.req                         -3.15543e-41
fb5                                9.86073e-43
xu121.integral                               0
xu121.cmd                                    0
xu121.command                                0
xu121.drive                                  0
source5                            2.15801e-45
xu121.active_f                               0
xu121.sense                       -6.19529e-40
sw5                               -6.19529e-40
winding5                           8.34565e-43
c127r                              7.40959e-45
c128r                              7.40959e-45
ripple5                            9.86029e-43
rail5                             -5.28551e-45
feediso                           -5.31919e-45
good5                                    1e-09
iso_en_pin                        -9.29425e-46
gooddelay                           6.6967e-11
ageiso                                       0
switchon                                     0
slewiso                                      0
feedpass                          -5.31919e-45
vin                               -4.09478e-92
snsiso                            -5.59222e-93
localgood                                1e-09
snsfiltered                        7.50022e-10
snsprev                            7.09797e-10
snsevent                                     0
restartage                               1e-05
pgwant                                       0
pgdelay                                      0
en151                             -7.63029e-45
actual_en151                      -3.60853e-45
enable_ctrl                              1e-09
c151_esr                          -8.21558e-98
enable                                   1e-09
xu151.age                                    0
xu151.active                                 0
xu151.ref                                    0
xu151.neg                                    0
xu151.req                         -2.25883e-92
fb                                 1.56863e-93
xu151.integral                               0
xu151.cmd                                    0
xu151.command                                0
xu151.drive                                  0
source                             5.23395e-93
xu151.active_f                               0
xu151.sense                        1.80956e-93
sw                                 1.80956e-93
winding                            5.23578e-93
c155_esr                           4.16007e-98
c156_esr                           4.16007e-98
c157_esr                           4.16007e-98
c158_esr                         -5.71476e-100
main                               5.23364e-93
c201_esr                          -1.95593e-98
c204_esr                          -1.95593e-98
c202_esr                         -6.95614e-101
c205_esr                         -6.95614e-101
c301_esr                         -6.95614e-101
c302_esr                         -6.95742e-100
c404_esr                         -6.95614e-101
c531_esr                         -6.95614e-101
branch_sense                       5.23364e-93
branch_l                           5.23364e-93
branch_r                           5.23364e-93
bulksw_out                                   0
damped                                       0
c206_esr                                     0
main_feed                          5.23392e-93
main_l                             5.23368e-93
requested                                 0.45
ready                                        0
valid                                    1e-09
timer                                        0
reset_ctl                                    1
reset_raw                          1.83636e-94
en                                 6.42727e-94
disg                               -4.0948e-92
disfeed                            5.23395e-93
disdrain                           5.23395e-93
hold_l                            -4.09481e-92
hold_bus                          -4.09479e-92
c162                              -4.09484e-92
bulk_en_in                         5.23363e-93
bulk_en_pin                        1.30799e-93
bulk_want                                1e-09
bulk_enabled                        6.6967e-11
bulk_age                                     0
bulk_slew                                    0
bulk_feed                          5.23364e-93
bulk_localcap                      5.23364e-93
bbulk_slew#branch                            0
breset#branch                                0
bready#branch                                0
v.xu151.vsense#branch            -3.61912e-105
b.xu151.bdrive#branch             1.80956e-105
b.xu151.bcmd#branch                          0
b.xu151.breq#branch                          0
b.xu151.bneg#branch                          0
b.xu151.bref#branch                          0
b.xu151.bactive#branch                       0
bpgwant#branch                               0
bswitchon#branch                             0
bsnsevent#branch                             0
bvslew#branch                                0
v.xu121.vsense#branch              1.23906e-51
b.xu121.bdrive#branch             -6.19529e-52
b.xu121.bcmd#branch                          0
b.xu121.breq#branch                          0
b.xu121.bneg#branch                          0
b.xu121.bref#branch                          0
b.xu121.bactive#branch                       0
ballow#branch                                0
bpvalid#branch                               0
lhold#branch                       5.36665e-96
lmainfeed#branch                   3.17268e-96
lbranch#branch                    -7.15489e-98
l151#branch                        1.59062e-95
l121#branch                        2.98499e-42
lcable#branch                      -2.0375e-54
vbulkpass#branch                             0
vr165#branch                     -1.28836e-100
vload#branch                                 0
vr158#branch                      -7.15489e-98
vpass#branch                                 0
vlogic#branch                           -9e-12
vbat#branch                         2.0375e-54

 Reference value :  6.10817e-03
 Reference value :  1.69722e-02
 Reference value :  2.81042e-02
 Reference value :  3.90501e-02
 Reference value :  4.74956e-02
 Reference value :  5.67816e-02
 Reference value :  6.65836e-02
 Reference value :  7.64796e-02
 Reference value :  8.59456e-02
 Reference value :  9.53814e-02
 Reference value :  1.05207e-01
 Reference value :  1.14752e-01
 Reference value :  1.21470e-01
 Reference value :  1.30206e-01
 Reference value :  1.39878e-01
 Reference value :  1.48256e-01
 Reference value :  1.54908e-01
 Reference value :  1.64768e-01
 Reference value :  1.73220e-01
 Reference value :  1.82132e-01
 Reference value :  1.91558e-01
 Reference value :  2.01342e-01
 Reference value :  2.11102e-01
 Reference value :  2.20992e-01
 Reference value :  2.30150e-01
 Reference value :  2.38780e-01
 Reference value :  2.47372e-01
 Reference value :  2.56608e-01
 Reference value :  2.64376e-01
 Reference value :  2.69312e-01
 Reference value :  2.76098e-01
 Reference value :  2.84086e-01
 Reference value :  2.92624e-01
 Reference value :  3.01112e-01
 Reference value :  3.09918e-01
 Reference value :  3.18620e-01
 Reference value :  3.27502e-01
 Reference value :  3.34626e-01
 Reference value :  3.42590e-01
 Reference value :  3.50342e-01
 Reference value :  3.57726e-01
 Reference value :  3.64634e-01
 Reference value :  3.70288e-01
 Reference value :  3.78110e-01
 Reference value :  3.86560e-01
 Reference value :  3.94298e-01
 Reference value :  4.00348e-01
 Reference value :  4.06510e-01
 Reference value :  4.14752e-01
 Reference value :  4.21702e-01
 Reference value :  4.26118e-01
 Reference value :  4.33426e-01
 Reference value :  4.40718e-01
 Reference value :  4.47027e-01
 Reference value :  4.51480e-01
 Reference value :  4.58596e-01
 Reference value :  4.66428e-01
 Reference value :  4.75940e-01
 Reference value :  4.85530e-01
 Reference value :  4.94592e-01
 Reference value :  5.05306e-01
 Reference value :  5.15924e-01
 Reference value :  5.26964e-01
 Reference value :  5.36828e-01
 Reference value :  5.47758e-01
 Reference value :  5.59000e-01
 Reference value :  5.68094e-01
 Reference value :  5.78624e-01
 Reference value :  5.89912e-01
 Reference value :  6.01298e-01
 Reference value :  6.12680e-01
 Reference value :  6.23888e-01
 Reference value :  6.35120e-01
 Reference value :  6.46286e-01
 Reference value :  6.56638e-01
 Reference value :  6.66262e-01
 Reference value :  6.75330e-01
 Reference value :  6.85626e-01
 Reference value :  6.95412e-01
 Reference value :  7.05354e-01
 Reference value :  7.15720e-01
 Reference value :  7.26850e-01
 Reference value :  7.38072e-01
 Reference value :  7.47988e-01
 Reference value :  7.57496e-01
 Reference value :  7.68230e-01
 Reference value :  7.79292e-01
 Reference value :  7.89468e-01
 Reference value :  8.00538e-01
 Reference value :  8.11578e-01
 Reference value :  8.22840e-01
 Reference value :  8.33620e-01
 Reference value :  8.44194e-01
 Reference value :  8.55121e-01
 Reference value :  8.65651e-01
 Reference value :  8.76487e-01
 Reference value :  8.87150e-01
 Reference value :  8.96377e-01
 Reference value :  9.05769e-01
 Reference value :  9.15211e-01
 Reference value :  9.24833e-01
 Reference value :  9.33610e-01
 Reference value :  9.43057e-01
 Reference value :  9.51697e-01
 Reference value :  9.60826e-01
 Reference value :  9.70168e-01
 Reference value :  9.79584e-01
 Reference value :  9.89190e-01
 Reference value :  9.97776e-01
 Reference value :  1.00710e+00
 Reference value :  1.01322e+00
 Reference value :  1.02176e+00
 Reference value :  1.03050e+00
 Reference value :  1.03954e+00
 Reference value :  1.04921e+00
 Reference value :  1.05856e+00
 Reference value :  1.06798e+00
 Reference value :  1.07723e+00
 Reference value :  1.08682e+00
 Reference value :  1.09518e+00
 Reference value :  1.10343e+00
 Reference value :  1.11096e+00
 Reference value :  1.11879e+00
 Reference value :  1.12700e+00
 Reference value :  1.13515e+00
 Reference value :  1.14370e+00
 Reference value :  1.15233e+00
 Reference value :  1.16113e+00
 Reference value :  1.16974e+00
 Reference value :  1.17751e+00
 Reference value :  1.18608e+00
 Reference value :  1.19395e+00
 Reference value :  1.20187e+00
 Reference value :  1.20987e+00
 Reference value :  1.21845e+00
 Reference value :  1.22739e+00
 Reference value :  1.23595e+00
 Reference value :  1.24488e+00
 Reference value :  1.25341e+00
 Reference value :  1.26207e+00
 Reference value :  1.27059e+00
 Reference value :  1.27948e+00
 Reference value :  1.28826e+00
 Reference value :  1.29707e+00
No. of Data Rows : 652250
I32_FINISHED
ngspice-42 done
