Using SPARSE 1.3 as Direct Linear Solver
Note: Starting dynamic gmin stepping
Warning: Dynamic gmin stepping failed
Note: Starting true gmin stepping
Warning: True gmin stepping failed
Note: Starting source stepping
Warning: singular matrix:  check node snsprev

Warning: singular matrix:  check node snsprev

Warning: source stepping failed
Note: Transient op started
Note: Transient op finished successfully

Note: No compatibility mode selected!


Circuit: i32 exploratory network alternative; not manufacturer u151 model

Doing analysis at TEMP = 27.000000 and TNOM = 27.000000


Initial Transient Solution
--------------------------

Node                                   Voltage
----                                   -------
bat                                          0
cable_r                            2.03966e-55
raw_12v                            2.93354e-52
fused_12v                          2.93456e-52
rev_blocked_12v                    5.60651e-42
protect_ctrl_vin                  -4.20557e-42
protected_12v                      4.96687e-42
input_uv                            3.7186e-43
input_ov                           1.40163e-43
input_shdn                        -4.20556e-42
one                                          1
uv_ok                                    1e-09
ov_bad                                   1e-09
pvalid                                       0
ptimer                                       0
allow                                        0
allow_d                                      0
input_gate_drive                  -2.77862e-35
input_gate                        -2.77862e-35
input_gate_slew                   -2.77863e-35
qsrc                               4.96722e-42
buck_feed                          4.96671e-42
vin5                               4.95223e-42
en5                                  1.025e-42
on5                                      1e-09
xu121.age                                    0
xu121.active                                 0
xu121.ref                                    0
xu121.neg                                    0
xu121.req                         -3.16069e-41
fb5                                9.87717e-43
xu121.integral                               0
xu121.cmd                                    0
xu121.command                                0
xu121.drive                                  0
source5                            2.16187e-45
xu121.active_f                               0
xu121.sense                        -6.2057e-40
sw5                                -6.2057e-40
winding5                           8.35956e-43
c127r                              7.42194e-45
c128r                              7.42194e-45
ripple5                            9.87673e-43
rail5                             -5.29406e-45
feediso                            -5.3278e-45
good5                                    1e-09
iso_en_pin                        -9.30929e-46
gooddelay                           6.6967e-11
ageiso                                       0
switchon                                     0
slewiso                                      0
feedpass                           -5.3278e-45
vin                               -8.24702e-93
snsiso                            -1.12629e-93
localgood                                1e-09
snsfiltered                        7.50022e-10
snsprev                            7.09797e-10
snsevent                                     0
restartage                               1e-05
pgwant                                       0
pgdelay                                      0
en151                             -7.15447e-45
actual_en151                      -3.45946e-45
enable_ctrl                              1e-09
c151_esr                          -1.65466e-98
enable                                   1e-09
xu151.age                                    0
xu151.active                                 0
xu151.ref                                    0
xu151.neg                                    0
xu151.req                         -4.54931e-93
fb                                 3.15925e-94
xu151.integral                               0
xu151.cmd                                    0
xu151.command                                0
xu151.drive                                  0
source                             1.05412e-93
xu151.active_f                               0
xu151.sense                        3.64452e-94
sw                                 3.64452e-94
winding                            1.05449e-93
c155_esr                           8.37862e-99
c156_esr                           8.37862e-99
c157_esr                           8.37862e-99
c158_esr                         -1.15095e-100
main                               1.05406e-93
c201_esr                          -3.93926e-99
c204_esr                          -3.93926e-99
c202_esr                         -1.40098e-101
c205_esr                         -1.40098e-101
c301_esr                         -1.40098e-101
c302_esr                         -1.40123e-100
c404_esr                         -1.40098e-101
c531_esr                         -1.40098e-101
branch_sense                       1.05406e-93
branch_l                           1.05406e-93
branch_r                           1.05406e-93
bulksw_out                                   0
damped                                       0
c206_esr                                     0
main_feed                          1.05412e-93
main_l                             1.05407e-93
requested                                 0.45
ready                                        0
valid                                    1e-09
timer                                        0
reset_ctl                                    1
reset_raw                          3.69846e-95
en                                 1.29446e-94
disg                              -8.24706e-93
disfeed                            1.05412e-93
disdrain                           1.05412e-93
hold_l                            -8.24708e-93
hold_bus                          -8.24705e-93
c162                              -8.24715e-93
bulk_en_in                         1.05406e-93
bulk_en_pin                        2.63431e-94
bulk_want                                1e-09
bulk_enabled                        6.6967e-11
bulk_age                                     0
bulk_slew                                    0
bulk_feed                          1.05406e-93
bulk_localcap                      1.05406e-93
bbulk_slew#branch                            0
breset#branch                                0
bready#branch                                0
v.xu151.vsense#branch            -7.28906e-106
b.xu151.bdrive#branch             3.64452e-106
b.xu151.bcmd#branch                          0
b.xu151.breq#branch                          0
b.xu151.bneg#branch                          0
b.xu151.bref#branch                          0
b.xu151.bactive#branch                       0
bpgwant#branch                               0
bswitchon#branch                             0
bsnsevent#branch                             0
bvslew#branch                                0
v.xu121.vsense#branch              1.24114e-51
b.xu121.bdrive#branch              -6.2057e-52
b.xu121.bcmd#branch                          0
b.xu121.breq#branch                          0
b.xu121.bneg#branch                          0
b.xu121.bref#branch                          0
b.xu121.bactive#branch                       0
ballow#branch                                0
bpvalid#branch                               0
lhold#branch                       1.08086e-96
lmainfeed#branch                   6.38983e-97
lbranch#branch                    -1.44101e-98
l151#branch                        3.20359e-96
l121#branch                        2.98997e-42
lcable#branch                     -2.03966e-54
vbulkpass#branch                             0
vr165#branch                     -2.59553e-101
vload#branch                                 0
vr158#branch                      -1.44101e-98
vpass#branch                                 0
vlogic#branch                           -9e-12
vbat#branch                        2.03966e-54

 Reference value :  8.16617e-03
 Reference value :  1.95442e-02
 Reference value :  3.08042e-02
 Reference value :  4.01477e-02
 Reference value :  4.65957e-02
 Reference value :  5.44317e-02
 Reference value :  6.21877e-02
 Reference value :  7.16677e-02
 Reference value :  8.13077e-02
 Reference value :  9.08028e-02
 Reference value :  9.98728e-02
 Reference value :  1.08118e-01
 Reference value :  1.16820e-01
 Reference value :  1.24441e-01
 Reference value :  1.31306e-01
 Reference value :  1.38742e-01
 Reference value :  1.47416e-01
 Reference value :  1.56180e-01
 Reference value :  1.64018e-01
 Reference value :  1.72930e-01
 Reference value :  1.81636e-01
 Reference value :  1.89658e-01
 Reference value :  1.98554e-01
 Reference value :  2.05890e-01
 Reference value :  2.14498e-01
 Reference value :  2.22728e-01
 Reference value :  2.31334e-01
 Reference value :  2.39454e-01
 Reference value :  2.47824e-01
 Reference value :  2.56612e-01
 Reference value :  2.65680e-01
 Reference value :  2.74172e-01
 Reference value :  2.83124e-01
 Reference value :  2.91974e-01
 Reference value :  3.01046e-01
 Reference value :  3.09824e-01
 Reference value :  3.18832e-01
 Reference value :  3.27904e-01
 Reference value :  3.37018e-01
 Reference value :  3.45438e-01
 Reference value :  3.54372e-01
 Reference value :  3.63094e-01
 Reference value :  3.71756e-01
 Reference value :  3.80296e-01
 Reference value :  3.88834e-01
 Reference value :  3.97114e-01
 Reference value :  4.05314e-01
 Reference value :  4.13812e-01
 Reference value :  4.22852e-01
 Reference value :  4.31756e-01
 Reference value :  4.40390e-01
 Reference value :  4.49248e-01
 Reference value :  4.55813e-01
 Reference value :  4.66846e-01
 Reference value :  4.77206e-01
 Reference value :  4.87586e-01
 Reference value :  4.98534e-01
 Reference value :  5.09746e-01
 Reference value :  5.20646e-01
 Reference value :  5.31722e-01
 Reference value :  5.42780e-01
 Reference value :  5.53896e-01
 Reference value :  5.64162e-01
 Reference value :  5.74144e-01
 Reference value :  5.84926e-01
 Reference value :  5.96208e-01
 Reference value :  6.07566e-01
 Reference value :  6.18876e-01
 Reference value :  6.30182e-01
 Reference value :  6.41436e-01
 Reference value :  6.52736e-01
 Reference value :  6.64124e-01
 Reference value :  6.75420e-01
 Reference value :  6.86874e-01
 Reference value :  6.98178e-01
 Reference value :  7.09544e-01
 Reference value :  7.20532e-01
 Reference value :  7.31690e-01
 Reference value :  7.42928e-01
 Reference value :  7.54226e-01
 Reference value :  7.65442e-01
 Reference value :  7.76794e-01
 Reference value :  7.88084e-01
 Reference value :  7.98546e-01
 Reference value :  8.09584e-01
 Reference value :  8.20694e-01
 Reference value :  8.31794e-01
 Reference value :  8.42910e-01
 Reference value :  8.53745e-01
 Reference value :  8.64683e-01
 Reference value :  8.75711e-01
 Reference value :  8.86436e-01
 Reference value :  8.96036e-01
 Reference value :  9.05650e-01
 Reference value :  9.15324e-01
 Reference value :  9.25022e-01
 Reference value :  9.34409e-01
 Reference value :  9.40592e-01
 Reference value :  9.46226e-01
 Reference value :  9.51236e-01
 Reference value :  9.56266e-01
 Reference value :  9.62336e-01
 Reference value :  9.68812e-01
 Reference value :  9.72687e-01
 Reference value :  9.74807e-01
 Reference value :  9.76967e-01
 Reference value :  9.81827e-01
 Reference value :  9.87115e-01
 Reference value :  9.88203e-01
 Reference value :  9.89151e-01
 Reference value :  9.93355e-01
 Reference value :  9.95913e-01
 Reference value :  1.00079e+00
 Reference value :  1.00488e+00
 Reference value :  1.00688e+00
 Reference value :  1.00910e+00
 Reference value :  1.01344e+00
 Reference value :  1.01832e+00
 Reference value :  1.02404e+00
 Reference value :  1.03233e+00
 Reference value :  1.04056e+00
 Reference value :  1.04810e+00
 Reference value :  1.05646e+00
 Reference value :  1.06525e+00
 Reference value :  1.07339e+00
 Reference value :  1.08179e+00
 Reference value :  1.09039e+00
 Reference value :  1.09908e+00
 Reference value :  1.10773e+00
 Reference value :  1.11630e+00
 Reference value :  1.12500e+00
 Reference value :  1.13358e+00
 Reference value :  1.14205e+00
 Reference value :  1.15078e+00
 Reference value :  1.15956e+00
 Reference value :  1.16841e+00
 Reference value :  1.17710e+00
 Reference value :  1.18534e+00
 Reference value :  1.19367e+00
 Reference value :  1.20118e+00
 Reference value :  1.21016e+00
 Reference value :  1.21936e+00
 Reference value :  1.22863e+00
 Reference value :  1.23795e+00
 Reference value :  1.24707e+00
 Reference value :  1.25599e+00
 Reference value :  1.26515e+00
 Reference value :  1.27431e+00
 Reference value :  1.28330e+00
 Reference value :  1.29223e+00
No. of Data Rows : 652354
I32_FINISHED
ngspice-42 done
