Using SPARSE 1.3 as Direct Linear Solver
Note: Starting dynamic gmin stepping
Warning: Dynamic gmin stepping failed
Note: Starting true gmin stepping
Warning: True gmin stepping failed
Note: Starting source stepping
Warning: singular matrix:  check node snsfiltered

Warning: singular matrix:  check node snsfiltered

Warning: source stepping failed
Note: Transient op started
Note: Transient op finished successfully

Note: No compatibility mode selected!


Circuit: i32 exploratory network alternative; not manufacturer u151 model

Doing analysis at TEMP = 27.000000 and TNOM = 27.000000


Initial Transient Solution
--------------------------

Node                                   Voltage
----                                   -------
bat                                          0
cable_r                            7.01143e-55
raw_12v                            6.37227e-53
fused_12v                          6.40733e-53
rev_blocked_12v                    5.72697e-42
protect_ctrl_vin                  -4.28024e-42
protected_12v                      5.07473e-42
input_uv                            3.7985e-43
input_ov                           1.43174e-43
input_shdn                        -4.28024e-42
one                                          1
uv_ok                                    1e-09
ov_bad                                   1e-09
pvalid                                       0
ptimer                                       0
allow                                        0
allow_d                                      0
input_gate_drive                  -2.83399e-35
input_gate                        -2.83399e-35
input_gate_slew                     -2.834e-35
qsrc                                5.0751e-42
buck_feed                          5.07466e-42
vin5                               5.06776e-42
en5                                1.04892e-42
on5                                      1e-09
xu121.age                                    0
xu121.active                                 0
xu121.ref                                    0
xu121.neg                                    0
xu121.req                         -1.36509e-41
fb5                                4.26591e-43
xu121.integral                               0
xu121.cmd                                    0
xu121.command                                0
xu121.drive                                  0
source5                           -4.39132e-43
xu121.active_f                               0
xu121.sense                       -4.82173e-40
sw5                               -4.82173e-40
winding5                          -6.10392e-44
c127r                              5.02243e-45
c128r                              5.02243e-45
ripple5                            9.39662e-44
rail5                             -4.44163e-43
feediso                           -4.44175e-43
good5                                    1e-09
iso_en_pin                        -7.79234e-44
gooddelay                           6.6967e-11
ageiso                                       0
switchon                                     0
slewiso                                      0
feedpass                          -4.44175e-43
vin                                5.64696e-80
snsiso                             7.62752e-81
localgood                                1e-09
snsfiltered                        7.50022e-10
snsprev                            7.09797e-10
snsevent                                     0
restartage                               1e-05
pgwant                                       0
pgdelay                                      0
en151                             -3.97512e-43
enable_ctrl                              1e-09
c151_esr                           4.01225e-84
enable                                   1e-09
xu151.age                                    0
xu151.active                                 0
xu151.ref                                    0
xu151.neg                                    0
xu151.req                          1.60412e-82
fb                                -2.22794e-83
xu151.integral                               0
xu151.cmd                                    0
xu151.command                                0
xu151.drive                                  0
source                            -7.28732e-83
xu151.active_f                               0
xu151.sense                        2.88974e-81
sw                                 2.88974e-81
winding                           -7.37962e-83
c155_esr                          -2.91877e-86
c156_esr                          -2.91877e-86
c157_esr                          -2.91877e-86
c158_esr                            1.7759e-88
main                              -7.28409e-83
c201_esr                          -1.50823e-86
c204_esr                          -1.50823e-86
c202_esr                          -5.80761e-89
c205_esr                          -5.80761e-89
c301_esr                          -5.80761e-89
c302_esr                          -1.02306e-87
c404_esr                          -5.80761e-89
c531_esr                          -5.80761e-89
branch_sense                      -7.28409e-83
branch_l                          -7.28408e-83
branch_r                          -7.28228e-83
damped                            -7.28222e-83
c206_esr                           -3.5103e-89
requested                                 0.45
ready                                        0
valid                                    1e-09
timer                                        0
reset_ctl                                    1
reset_raw                          -2.5557e-84
en                                -8.94493e-84
disg                               5.31426e-80
disfeed                           -7.28732e-83
disdrain                          -7.28735e-83
hold_l                             5.65895e-80
hold_bus                           5.65594e-80
c162                                5.6576e-80
c163                                5.6576e-80
c164                                5.6576e-80
breset#branch                                0
bready#branch                                0
v.xu151.vsense#branch              -5.7795e-93
b.xu151.bdrive#branch              2.88974e-93
b.xu151.bcmd#branch                          0
b.xu151.breq#branch                          0
b.xu151.bneg#branch                          0
b.xu151.bref#branch                          0
b.xu151.bactive#branch                       0
bpgwant#branch                               0
bswitchon#branch                             0
bsnsevent#branch                             0
bvslew#branch                                0
v.xu121.vsense#branch              9.64347e-52
b.xu121.bdrive#branch             -4.82173e-52
b.xu121.bcmd#branch                          0
b.xu121.breq#branch                          0
b.xu121.bneg#branch                          0
b.xu121.bref#branch                          0
b.xu121.bactive#branch                       0
ballow#branch                                0
bpvalid#branch                               0
lhold#branch                      -1.99831e-81
lbranch#branch                    -1.40412e-87
l151#branch                       -1.19714e-83
l121#branch                        2.02189e-42
lcable#branch                     -7.01143e-54
vr165#branch                       6.91859e-89
vload#branch                                 0
vr158#branch                      -1.40412e-87
vpass#branch                      -5.64696e-84
vlogic#branch                           -8e-12
vbat#branch                        7.01143e-54

 Reference value :  5.08217e-03
 Reference value :  1.61382e-02
 Reference value :  2.53942e-02
 Reference value :  3.47005e-02
 Reference value :  4.07705e-02
 Reference value :  4.53285e-02
 Reference value :  5.37556e-02
 Reference value :  6.37293e-02
 Reference value :  7.22066e-02
 Reference value :  7.94606e-02
 Reference value :  8.68548e-02
 Reference value :  9.67428e-02
 Reference value :  1.06465e-01
 Reference value :  1.16371e-01
 Reference value :  1.26107e-01
 Reference value :  1.31929e-01
 Reference value :  1.36089e-01
 Reference value :  1.44343e-01
 Reference value :  1.53081e-01
 Reference value :  1.62541e-01
 Reference value :  1.71824e-01
 Reference value :  1.79494e-01
 Reference value :  1.88252e-01
 Reference value :  1.95876e-01
No. of Data Rows : 100633
I32_FINISHED
ngspice-42 done
