Using SPARSE 1.3 as Direct Linear Solver
Note: Starting dynamic gmin stepping
Warning: Dynamic gmin stepping failed
Note: Starting true gmin stepping
Warning: True gmin stepping failed
Note: Starting source stepping
Warning: singular matrix:  check node snsprev

Warning: singular matrix:  check node snsprev

Warning: source stepping failed
Note: Transient op started
Note: Transient op finished successfully

Note: No compatibility mode selected!


Circuit: i32 exploratory network alternative; not manufacturer u151 model

Doing analysis at TEMP = 27.000000 and TNOM = 27.000000


Initial Transient Solution
--------------------------

Node                                   Voltage
----                                   -------
bat                                          0
cable_r                            2.03966e-55
raw_12v                            2.93354e-52
fused_12v                          2.93456e-52
rev_blocked_12v                    5.60651e-42
protect_ctrl_vin                  -4.20557e-42
protected_12v                      4.96687e-42
input_uv                            3.7186e-43
input_ov                           1.40163e-43
input_shdn                        -4.20556e-42
one                                          1
uv_ok                                    1e-09
ov_bad                                   1e-09
pvalid                                       0
ptimer                                       0
allow                                        0
allow_d                                      0
input_gate_drive                  -2.77862e-35
input_gate                        -2.77862e-35
input_gate_slew                   -2.77863e-35
qsrc                               4.96722e-42
buck_feed                          4.96671e-42
vin5                               4.95223e-42
en5                                  1.025e-42
on5                                      1e-09
xu121.age                                    0
xu121.active                                 0
xu121.ref                                    0
xu121.neg                                    0
xu121.req                         -3.16069e-41
fb5                                9.87717e-43
xu121.integral                               0
xu121.cmd                                    0
xu121.command                                0
xu121.drive                                  0
source5                            2.16187e-45
xu121.active_f                               0
xu121.sense                        -6.2057e-40
sw5                                -6.2057e-40
winding5                           8.35956e-43
c127r                              7.42194e-45
c128r                              7.42194e-45
ripple5                            9.87673e-43
rail5                             -5.29406e-45
feediso                            -5.3278e-45
good5                                    1e-09
iso_en_pin                        -9.30929e-46
gooddelay                           6.6967e-11
ageiso                                       0
switchon                                     0
slewiso                                      0
feedpass                           -5.3278e-45
vin                                9.14543e-93
snsiso                              1.2491e-93
localgood                                1e-09
snsfiltered                        7.50022e-10
snsprev                            7.09797e-10
snsevent                                     0
restartage                               1e-05
pgwant                                       0
pgdelay                                      0
en151                             -7.15447e-45
actual_en151                      -3.41277e-45
enable_ctrl                              1e-09
c151_esr                           1.00922e-97
enable                                   1e-09
xu151.age                                    0
xu151.active                                 0
xu151.ref                                    0
xu151.neg                                    0
xu151.req                          5.05412e-93
fb                                -3.50981e-94
xu151.integral                               0
xu151.cmd                                    0
xu151.command                                0
xu151.drive                                  0
source                            -1.17109e-93
xu151.active_f                               0
xu151.sense                       -1.42943e-93
sw                                -1.42943e-93
winding                           -1.17405e-93
c155_esr                          -8.24386e-98
c156_esr                          -8.24386e-98
c157_esr                          -8.24386e-98
c158_esr                         -3.89808e-100
main                              -1.17093e-93
c201_esr                           3.45373e-99
c204_esr                           3.45373e-99
c202_esr                          1.09617e-101
c205_esr                          1.09617e-101
c301_esr                          1.09617e-101
c302_esr                            1.111e-100
c404_esr                          1.09617e-101
c531_esr                          1.09617e-101
branch_sense                      -1.17093e-93
branch_l                          -1.17093e-93
branch_r                          -1.17093e-93
bulksw_out                                   0
damped                                       0
c206_esr                                     0
main_feed                         -1.17109e-93
main_l                            -1.17102e-93
requested                                 0.45
ready                                        0
valid                                    1e-09
timer                                        0
reset_ctl                                    1
reset_raw                         -4.10852e-95
en                                -1.43798e-94
disg                               8.61013e-93
disfeed                           -1.17109e-93
disdrain                          -1.17109e-93
hold_l                             9.15058e-93
hold_bus                           9.14951e-93
c162                               9.15809e-93
bulk_en_in                        -1.17093e-93
bulk_en_pin                       -2.92616e-94
bulk_want                                1e-09
bulk_enabled                        6.6967e-11
bulk_age                                     0
bulk_slew                                    0
bulk_feed                         -1.17093e-93
bulk_localcap                     -1.17093e-93
bbulk_slew#branch                            0
breset#branch                                0
bready#branch                                0
v.xu151.vsense#branch             2.85887e-105
b.xu151.bdrive#branch            -1.42943e-105
b.xu151.bcmd#branch                          0
b.xu151.breq#branch                          0
b.xu151.bneg#branch                          0
b.xu151.bref#branch                          0
b.xu151.bactive#branch                       0
bpgwant#branch                               0
bswitchon#branch                             0
bsnsevent#branch                             0
bvslew#branch                                0
v.xu121.vsense#branch              1.24114e-51
b.xu121.bdrive#branch              -6.2057e-52
b.xu121.bcmd#branch                          0
b.xu121.breq#branch                          0
b.xu121.bneg#branch                          0
b.xu121.bref#branch                          0
b.xu121.bactive#branch                       0
ballow#branch                                0
bpvalid#branch                               0
lhold#branch                      -8.58207e-95
lmainfeed#branch                  -8.46146e-97
lbranch#branch                     1.23649e-98
l151#branch                       -2.56861e-95
l121#branch                        2.98997e-42
lcable#branch                     -2.03966e-54
vbulkpass#branch                             0
vr165#branch                      7.08231e-101
vload#branch                                 0
vr158#branch                       1.23649e-98
vpass#branch                      -9.14543e-97
vlogic#branch                           -9e-12
vbat#branch                        2.03966e-54

 Reference value :  7.53617e-03
 Reference value :  1.70282e-02
 Reference value :  2.69462e-02
 Reference value :  3.77696e-02
 Reference value :  4.57422e-02
 Reference value :  5.40542e-02
 Reference value :  6.25542e-02
 Reference value :  7.13142e-02
 Reference value :  8.09162e-02
 Reference value :  8.95265e-02
 Reference value :  9.87825e-02
 Reference value :  1.08469e-01
 Reference value :  1.17034e-01
 Reference value :  1.26022e-01
 Reference value :  1.34604e-01
 Reference value :  1.43620e-01
 Reference value :  1.52734e-01
 Reference value :  1.61758e-01
 Reference value :  1.69886e-01
 Reference value :  1.78672e-01
 Reference value :  1.86604e-01
 Reference value :  1.94636e-01
 Reference value :  2.03114e-01
 Reference value :  2.11798e-01
 Reference value :  2.20556e-01
 Reference value :  2.29602e-01
 Reference value :  2.38624e-01
 Reference value :  2.47532e-01
 Reference value :  2.56796e-01
 Reference value :  2.66066e-01
 Reference value :  2.74836e-01
 Reference value :  2.82304e-01
 Reference value :  2.91108e-01
 Reference value :  2.99909e-01
 Reference value :  3.07783e-01
 Reference value :  3.13731e-01
 Reference value :  3.22395e-01
 Reference value :  3.30985e-01
 Reference value :  3.39125e-01
 Reference value :  3.47281e-01
 Reference value :  3.54137e-01
 Reference value :  3.62741e-01
 Reference value :  3.69347e-01
 Reference value :  3.76917e-01
 Reference value :  3.84109e-01
 Reference value :  3.92675e-01
 Reference value :  4.00537e-01
 Reference value :  4.09069e-01
 Reference value :  4.17355e-01
 Reference value :  4.24515e-01
 Reference value :  4.33069e-01
 Reference value :  4.40669e-01
 Reference value :  4.47355e-01
 Reference value :  4.52896e-01
 Reference value :  4.61781e-01
 Reference value :  4.71493e-01
 Reference value :  4.82257e-01
 Reference value :  4.92843e-01
 Reference value :  5.03665e-01
 Reference value :  5.14471e-01
 Reference value :  5.23791e-01
 Reference value :  5.33809e-01
 Reference value :  5.42995e-01
 Reference value :  5.52659e-01
 Reference value :  5.63865e-01
 Reference value :  5.74699e-01
 Reference value :  5.85667e-01
 Reference value :  5.96909e-01
 Reference value :  6.08279e-01
 Reference value :  6.18857e-01
 Reference value :  6.28191e-01
 Reference value :  6.39023e-01
 Reference value :  6.50137e-01
 Reference value :  6.61127e-01
 Reference value :  6.70657e-01
 Reference value :  6.79815e-01
 Reference value :  6.89923e-01
 Reference value :  7.00785e-01
 Reference value :  7.10635e-01
 Reference value :  7.21155e-01
 Reference value :  7.32415e-01
 Reference value :  7.43623e-01
 Reference value :  7.54901e-01
 Reference value :  7.66211e-01
 Reference value :  7.77647e-01
 Reference value :  7.88991e-01
 Reference value :  8.00279e-01
 Reference value :  8.11425e-01
 Reference value :  8.19661e-01
 Reference value :  8.30089e-01
 Reference value :  8.40723e-01
 Reference value :  8.50501e-01
 Reference value :  8.60487e-01
 Reference value :  8.70731e-01
 Reference value :  8.81079e-01
 Reference value :  8.90178e-01
 Reference value :  8.98640e-01
 Reference value :  9.06018e-01
 Reference value :  9.15130e-01
 Reference value :  9.23318e-01
 Reference value :  9.31716e-01
 Reference value :  9.40179e-01
 Reference value :  9.48843e-01
 Reference value :  9.56502e-01
 Reference value :  9.64855e-01
 Reference value :  9.72304e-01
 Reference value :  9.80922e-01
 Reference value :  9.88470e-01
 Reference value :  9.96766e-01
 Reference value :  1.00452e+00
 Reference value :  1.01233e+00
 Reference value :  1.01966e+00
 Reference value :  1.02829e+00
 Reference value :  1.03700e+00
 Reference value :  1.04590e+00
 Reference value :  1.05225e+00
 Reference value :  1.06115e+00
 Reference value :  1.06999e+00
 Reference value :  1.07853e+00
 Reference value :  1.08701e+00
 Reference value :  1.09585e+00
 Reference value :  1.10413e+00
 Reference value :  1.11251e+00
 Reference value :  1.12132e+00
 Reference value :  1.13010e+00
 Reference value :  1.13894e+00
 Reference value :  1.14617e+00
 Reference value :  1.15448e+00
 Reference value :  1.16315e+00
 Reference value :  1.17007e+00
 Reference value :  1.17704e+00
 Reference value :  1.18288e+00
 Reference value :  1.19071e+00
 Reference value :  1.19906e+00
 Reference value :  1.20597e+00
 Reference value :  1.21472e+00
 Reference value :  1.22379e+00
 Reference value :  1.23269e+00
 Reference value :  1.24033e+00
 Reference value :  1.24921e+00
 Reference value :  1.25822e+00
 Reference value :  1.26653e+00
 Reference value :  1.27438e+00
 Reference value :  1.28204e+00
 Reference value :  1.29107e+00
 Reference value :  1.29987e+00
No. of Data Rows : 652325
I32_FINISHED
ngspice-42 done
