Using SPARSE 1.3 as Direct Linear Solver
Note: Starting dynamic gmin stepping
Warning: Dynamic gmin stepping failed
Note: Starting true gmin stepping
Warning: True gmin stepping failed
Note: Starting source stepping
Warning: singular matrix:  check node snsprev

Warning: singular matrix:  check node snsprev

Warning: source stepping failed
Note: Transient op started
Note: Transient op finished successfully

Note: No compatibility mode selected!


Circuit: i32 exploratory network alternative; not manufacturer u151 model

Doing analysis at TEMP = 27.000000 and TNOM = 27.000000


Initial Transient Solution
--------------------------

Node                                   Voltage
----                                   -------
bat                                          0
cable_r                            1.28698e-54
raw_12v                           -2.40775e-52
fused_12v                         -2.40131e-52
rev_blocked_12v                    5.60242e-42
protect_ctrl_vin                  -4.20197e-42
protected_12v                      4.96273e-42
input_uv                           3.71589e-43
input_ov                           1.40061e-43
input_shdn                        -4.20196e-42
one                                          1
uv_ok                                    1e-09
ov_bad                                   1e-09
pvalid                                       0
ptimer                                       0
allow                                        0
allow_d                                      0
input_gate_drive                  -2.77654e-35
input_gate                        -2.77654e-35
input_gate_slew                   -2.77655e-35
qsrc                               4.96308e-42
buck_feed                          4.96275e-42
vin5                               4.96509e-42
en5                                1.02767e-42
on5                                      1e-09
xu121.age                                    0
xu121.active                                 0
xu121.ref                                    0
xu121.neg                                    0
xu121.req                         -6.22552e-42
fb5                                1.94548e-43
xu121.integral                               0
xu121.cmd                                    0
xu121.command                                0
xu121.drive                                  0
source5                            -6.1214e-45
xu121.active_f                               0
xu121.sense                       -1.87447e-40
sw5                               -1.87447e-40
winding5                           2.00849e-43
c127r                              1.84297e-45
c128r                              1.84297e-45
ripple5                            1.89593e-43
rail5                             -7.96766e-45
feediso                           -7.97185e-45
good5                                    1e-09
iso_en_pin                        -1.39783e-45
gooddelay                           6.6967e-11
ageiso                                       0
switchon                                     0
slewiso                                      0
feedpass                          -7.97185e-45
vin                                 1.1753e-92
snsiso                             1.60109e-93
localgood                                1e-09
snsfiltered                        7.50022e-10
snsprev                            7.09797e-10
snsevent                                     0
restartage                               1e-05
pgwant                                       0
pgdelay                                      0
en151                             -6.98708e-45
actual_en151                      -3.62217e-45
enable_ctrl                              1e-09
c151_esr                           1.43109e-96
enable                                   1e-09
xu151.age                                    0
xu151.active                                 0
xu151.ref                                    0
xu151.neg                                    0
xu151.req                          3.25076e-93
fb                                -4.51494e-94
xu151.integral                               0
xu151.cmd                                    0
xu151.command                                0
xu151.drive                                  0
source                            -1.50352e-93
xu151.active_f                               0
xu151.sense                        7.49225e-92
sw                                 7.49225e-92
winding                           -1.53169e-93
c155_esr                          -8.09294e-97
c156_esr                          -8.09294e-97
c157_esr                          -8.09294e-97
c158_esr                           6.13957e-99
main                              -1.50166e-93
c201_esr                          -3.03255e-99
c204_esr                          -3.03255e-99
c202_esr                         -5.29182e-101
c205_esr                         -5.29182e-101
c301_esr                         -5.29182e-101
c302_esr                         -5.07852e-100
c404_esr                         -5.29182e-101
c531_esr                         -5.29182e-101
branch_sense                      -1.50166e-93
branch_l                          -1.50166e-93
branch_r                          -1.50166e-93
bulksw_out                                   0
damped                                       0
c206_esr                                     0
main_feed                         -1.50349e-93
main_l                            -1.50329e-93
requested                                 0.45
ready                                        0
valid                                    1e-09
timer                                        0
reset_ctl                                    1
reset_raw                         -5.26899e-95
en                                -1.84414e-94
disg                               1.10597e-92
disfeed                           -1.50352e-93
disdrain                          -1.50353e-93
hold_l                             1.17609e-92
hold_bus                           1.17576e-92
c162                               1.17608e-92
bulk_en_in                        -1.50166e-93
bulk_en_pin                       -3.74479e-94
bulk_want                                1e-09
bulk_enabled                        6.6967e-11
bulk_age                                     0
bulk_slew                                    0
bulk_feed                         -1.50166e-93
bulk_localcap                     -1.50166e-93
bbulk_slew#branch                            0
breset#branch                                0
bready#branch                                0
v.xu151.vsense#branch            -1.49845e-103
b.xu151.bdrive#branch             7.49225e-104
b.xu151.bcmd#branch                          0
b.xu151.breq#branch                          0
b.xu151.bneg#branch                          0
b.xu151.bref#branch                          0
b.xu151.bactive#branch                       0
bpgwant#branch                               0
bswitchon#branch                             0
bsnsevent#branch                             0
bvslew#branch                                0
v.xu121.vsense#branch              3.74893e-52
b.xu121.bdrive#branch             -1.87447e-52
b.xu121.bcmd#branch                          0
b.xu121.breq#branch                          0
b.xu121.bneg#branch                          0
b.xu121.bref#branch                          0
b.xu121.bactive#branch                       0
ballow#branch                                0
bpvalid#branch                               0
lhold#branch                      -1.31211e-94
lmainfeed#branch                   -2.7008e-96
lbranch#branch                    -9.17946e-99
l151#branch                       -2.44962e-94
l121#branch                        7.42192e-43
lcable#branch                     -1.28698e-53
vbulkpass#branch                             0
vr165#branch                       2.06239e-99
vload#branch                                 0
vr158#branch                      -9.17946e-99
vpass#branch                       -1.1753e-96
vlogic#branch                           -9e-12
vbat#branch                        1.28698e-53

 Reference value :  5.42417e-03
 Reference value :  1.41382e-02
 Reference value :  2.25522e-02
 Reference value :  3.04382e-02
 Reference value :  3.66431e-02
 Reference value :  4.23373e-02
 Reference value :  4.74073e-02
 Reference value :  5.41513e-02
 Reference value :  6.03093e-02
 Reference value :  6.62753e-02
 Reference value :  7.13553e-02
 Reference value :  7.51373e-02
 Reference value :  7.90873e-02
 Reference value :  8.29773e-02
 Reference value :  8.66779e-02
 Reference value :  9.04999e-02
 Reference value :  9.44259e-02
 Reference value :  1.00068e-01
 Reference value :  1.04894e-01
 Reference value :  1.09617e-01
 Reference value :  1.15371e-01
 Reference value :  1.20453e-01
 Reference value :  1.25491e-01
 Reference value :  1.30007e-01
 Reference value :  1.35761e-01
 Reference value :  1.41423e-01
 Reference value :  1.46637e-01
 Reference value :  1.51253e-01
 Reference value :  1.56519e-01
 Reference value :  1.61569e-01
 Reference value :  1.67227e-01
 Reference value :  1.72257e-01
 Reference value :  1.77003e-01
 Reference value :  1.82203e-01
 Reference value :  1.87727e-01
 Reference value :  1.92177e-01
 Reference value :  1.95503e-01
 Reference value :  1.99195e-01
 Reference value :  2.03239e-01
 Reference value :  2.05813e-01
 Reference value :  2.08783e-01
 Reference value :  2.13089e-01
 Reference value :  2.18317e-01
 Reference value :  2.22325e-01
 Reference value :  2.25841e-01
 Reference value :  2.28699e-01
 Reference value :  2.33873e-01
 Reference value :  2.39673e-01
 Reference value :  2.43875e-01
 Reference value :  2.46797e-01
 Reference value :  2.49949e-01
 Reference value :  2.54057e-01
 Reference value :  2.58031e-01
 Reference value :  2.62133e-01
 Reference value :  2.67437e-01
 Reference value :  2.70715e-01
 Reference value :  2.75755e-01
 Reference value :  2.80381e-01
 Reference value :  2.85861e-01
 Reference value :  2.91312e-01
 Reference value :  2.96094e-01
 Reference value :  3.01572e-01
 Reference value :  3.06602e-01
 Reference value :  3.12266e-01
 Reference value :  3.16934e-01
 Reference value :  3.22164e-01
 Reference value :  3.27006e-01
 Reference value :  3.31610e-01
 Reference value :  3.36900e-01
 Reference value :  3.42020e-01
 Reference value :  3.47238e-01
 Reference value :  3.52762e-01
 Reference value :  3.57744e-01
 Reference value :  3.63014e-01
 Reference value :  3.68384e-01
 Reference value :  3.74012e-01
 Reference value :  3.79532e-01
 Reference value :  3.85134e-01
 Reference value :  3.90752e-01
 Reference value :  3.95544e-01
 Reference value :  4.00278e-01
 Reference value :  4.05524e-01
 Reference value :  4.10738e-01
 Reference value :  4.16088e-01
 Reference value :  4.21248e-01
 Reference value :  4.24732e-01
 Reference value :  4.29962e-01
 Reference value :  4.35640e-01
 Reference value :  4.41158e-01
 Reference value :  4.46784e-01
 Reference value :  4.52415e-01
 Reference value :  4.57951e-01
 Reference value :  4.63413e-01
 Reference value :  4.68973e-01
 Reference value :  4.74667e-01
 Reference value :  4.80467e-01
 Reference value :  4.85363e-01
 Reference value :  4.91051e-01
 Reference value :  4.96769e-01
 Reference value :  5.01629e-01
 Reference value :  5.06801e-01
 Reference value :  5.12415e-01
 Reference value :  5.18111e-01
 Reference value :  5.23899e-01
 Reference value :  5.29349e-01
 Reference value :  5.34727e-01
 Reference value :  5.40327e-01
 Reference value :  5.46057e-01
 Reference value :  5.51903e-01
 Reference value :  5.57491e-01
 Reference value :  5.63195e-01
 Reference value :  5.68945e-01
 Reference value :  5.74809e-01
 Reference value :  5.80331e-01
 Reference value :  5.84521e-01
 Reference value :  5.88201e-01
 Reference value :  5.91921e-01
 Reference value :  5.95509e-01
 Reference value :  5.99117e-01
No. of Data Rows : 300607
I32_FINISHED
ngspice-42 done
