Using SPARSE 1.3 as Direct Linear Solver
Note: Starting dynamic gmin stepping
Warning: Dynamic gmin stepping failed
Note: Starting true gmin stepping
Warning: True gmin stepping failed
Note: Starting source stepping
Warning: singular matrix:  check node gooddelay

Warning: singular matrix:  check node gooddelay

Warning: source stepping failed
Note: Transient op started
Note: Transient op finished successfully

Note: No compatibility mode selected!


Circuit: i32 exploratory network alternative; not manufacturer u151 model

Doing analysis at TEMP = 27.000000 and TNOM = 27.000000


Initial Transient Solution
--------------------------

Node                                   Voltage
----                                   -------
bat                                          0
cable_r                           -2.10082e-54
raw_12v                            1.30578e-51
fused_12v                          1.30473e-51
rev_blocked_12v                    3.33932e-42
protect_ctrl_vin                  -3.78232e-42
protected_12v                      4.54172e-42
input_uv                           2.21486e-43
input_ov                            8.3483e-44
input_shdn                        -3.78231e-42
one                                          1
uv_ok                                    1e-09
ov_bad                                   1e-09
pvalid                                       0
ptimer                                       0
allow                                        0
allow_d                                      0
input_gate_drive                   -2.5371e-35
input_gate                         -2.5371e-35
input_gate_slew                   -2.53711e-35
qsrc                               4.54205e-42
buck_feed                          4.54122e-42
vin5                               4.49362e-42
en5                                9.30083e-43
on5                                      1e-09
xu121.age                                    0
xu121.active                                 0
xu121.ref                                    0
xu121.neg                                    0
xu121.req                         -7.63369e-41
fb5                                2.38553e-42
xu121.integral                               0
xu121.cmd                                    0
xu121.command                                0
xu121.drive                                  0
source5                           -3.75405e-43
xu121.active_f                               0
xu121.sense                       -1.42754e-39
sw5                               -1.42754e-39
winding5                           1.02923e-42
c127r                              1.86801e-44
c128r                              1.86801e-44
ripple5                            2.10022e-42
rail5                             -3.94117e-43
feediso                           -3.94159e-43
good5                                    1e-09
iso_en_pin                        -6.91433e-44
gooddelay                           6.6967e-11
ageiso                                       0
switchon                                     0
slewiso                                      0
feedpass                          -3.94159e-43
vin                                2.04004e-76
snsiso                             2.75555e-77
localgood                                1e-09
snsfiltered                        7.50022e-10
snsprev                            7.09797e-10
snsevent                                     0
restartage                               1e-05
pgwant                                       0
pgdelay                                      0
en151                             -3.55071e-43
enable_ctrl                              1e-09
c151_esr                           1.43315e-80
enable                                   1e-09
xu151.age                                    0
xu151.active                                 0
xu151.ref                                    0
xu151.neg                                    0
xu151.req                            2.092e-77
fb                                -1.45278e-78
xu151.integral                               0
xu151.cmd                                    0
xu151.command                                0
xu151.drive                                  0
source                            -4.74263e-78
xu151.active_f                               0
xu151.sense                       -3.44867e-78
sw                                -3.44867e-78
winding                            -4.7435e-78
c155_esr                           -3.6389e-83
c156_esr                           -3.6389e-83
c157_esr                           -3.6389e-83
c158_esr                           9.95599e-86
main                                         0
c201_esr                                     0
c204_esr                                     0
c202_esr                                     0
c205_esr                                     0
c301_esr                                     0
c302_esr                                     0
c404_esr                                     0
c531_esr                                     0
branch_sense                                 0
branch_l                                     0
branch_r                                     0
damped                                       0
c206_esr                                     0
requested                                 0.45
ready                                        0
valid                                    1e-09
timer                                        0
reset_ctl                                    1
reset_raw                                    0
en                                           0
disg                               1.91985e-76
disfeed                           -4.74263e-78
disdrain                          -4.74263e-78
hold_l                             2.04437e-76
hold_bus                           2.04329e-76
c162                               2.04389e-76
c163                               2.04389e-76
c164                               2.04389e-76
breset#branch                                0
bready#branch                                0
v.xu151.vsense#branch              3.45982e-90
b.xu151.bdrive#branch             -3.44867e-90
b.xu151.bcmd#branch                          0
b.xu151.breq#branch                          0
b.xu151.bneg#branch                          0
b.xu151.bref#branch                          0
b.xu151.bactive#branch                       0
bpgwant#branch                               0
bswitchon#branch                             0
bsnsevent#branch                             0
bvslew#branch                                0
v.xu121.vsense#branch              2.85508e-51
b.xu121.bdrive#branch             -1.42754e-51
b.xu121.bcmd#branch                          0
b.xu121.breq#branch                          0
b.xu121.bneg#branch                          0
b.xu121.bref#branch                          0
b.xu121.bactive#branch                       0
ballow#branch                                0
bpvalid#branch                               0
lhold#branch                       -7.2192e-78
lbranch#branch                               0
l151#branch                       -1.11978e-80
l121#branch                        7.51142e-42
lcable#branch                      2.10082e-53
vr165#branch                       6.04022e-86
vload#branch                                 0
vservice3#branch                  -4.74263e-90
vr158#branch                                 0
vpass#branch                      -2.04004e-80
vlogic#branch                           -8e-12
vbat#branch                       -2.10082e-53

 Reference value :  8.41300e-03
 Reference value :  1.86470e-02
 Reference value :  3.01863e-02
 Reference value :  3.84563e-02
 Reference value :  4.59163e-02
 Reference value :  5.52263e-02
 Reference value :  6.43083e-02
 Reference value :  7.60123e-02
 Reference value :  8.74563e-02
 Reference value :  9.47263e-02
 Reference value :  1.05320e-01
 Reference value :  1.17594e-01
No. of Data Rows : 60052
I32_FINISHED
ngspice-42 done
