Using SPARSE 1.3 as Direct Linear Solver
Note: Starting dynamic gmin stepping
Warning: Dynamic gmin stepping failed
Note: Starting true gmin stepping
Warning: True gmin stepping failed
Note: Starting source stepping
Warning: singular matrix:  check node snsprev

Warning: singular matrix:  check node snsprev

Warning: source stepping failed
Note: Transient op started
Note: Transient op finished successfully

Note: No compatibility mode selected!


Circuit: i32 exploratory network alternative; not manufacturer u151 model

Doing analysis at TEMP = 27.000000 and TNOM = 27.000000


Initial Transient Solution
--------------------------

Node                                   Voltage
----                                   -------
bat                                          0
cable_r                            8.42886e-55
raw_12v                           -1.12626e-53
fused_12v                         -1.08411e-53
rev_blocked_12v                    5.74501e-42
protect_ctrl_vin                  -4.28997e-42
protected_12v                      5.08551e-42
input_uv                           3.81047e-43
input_ov                           1.43625e-43
input_shdn                        -4.28997e-42
one                                          1
uv_ok                                    1e-09
ov_bad                                   1e-09
pvalid                                       0
ptimer                                       0
allow                                        0
allow_d                                      0
input_gate_drive                  -2.84187e-35
input_gate                        -2.84187e-35
input_gate_slew                   -2.84188e-35
qsrc                               5.08587e-42
buck_feed                          5.08546e-42
vin5                                5.0808e-42
en5                                1.05162e-42
on5                                      1e-09
xu121.age                                    0
xu121.active                                 0
xu121.ref                                    0
xu121.neg                                    0
xu121.req                         -1.23506e-41
fb5                                3.85955e-43
xu121.integral                               0
xu121.cmd                                    0
xu121.command                                0
xu121.drive                                  0
source5                           -3.08996e-43
xu121.active_f                               0
xu121.sense                       -4.03279e-40
sw5                               -4.03279e-40
winding5                           1.78027e-43
c127r                              4.33905e-45
c128r                              4.33905e-45
ripple5                            1.51546e-43
rail5                             -3.13343e-43
feediso                           -3.13353e-43
good5                                    1e-09
iso_en_pin                        -5.49724e-44
gooddelay                           6.6967e-11
ageiso                                       0
switchon                                     0
slewiso                                      0
feedpass                          -3.13353e-43
vin                                 2.1306e-81
snsiso                             3.00067e-82
localgood                                1e-09
snsfiltered                        7.50022e-10
snsprev                            7.09797e-10
snsevent                                     0
restartage                               1e-05
pgwant                                       0
pgdelay                                      0
en151                             -2.61865e-43
actual_en151                      -1.33426e-43
enable_ctrl                              1e-09
c151_esr                           3.28525e-85
enable                                   1e-09
xu151.age                                    0
xu151.active                                 0
xu151.ref                                    0
xu151.neg                                    0
xu151.req                          6.20829e-84
fb                                -8.62263e-85
xu151.integral                               0
xu151.cmd                                    0
xu151.command                                0
xu151.drive                                  0
source                            -2.87573e-84
xu151.active_f                               0
xu151.sense                        1.04092e-82
sw                                 1.04092e-82
winding                           -2.93469e-84
c155_esr                          -1.69697e-87
c156_esr                          -1.69697e-87
c157_esr                          -1.69697e-87
c158_esr                           3.25743e-90
mainpos                           -2.87234e-84
c201_esr                          -6.38321e-89
loadground                        -5.79092e-89
c204_esr                          -6.38321e-89
c202_esr                          -5.80102e-89
c205_esr                          -5.80102e-89
c301_esr                          -5.80102e-89
c302_esr                          -5.88713e-89
c404_esr                          -5.80102e-89
c531_esr                          -5.80102e-89
branch_sense                      -2.87234e-84
branch_l                          -2.87236e-84
branch_r                          -2.87236e-84
damped                            -2.87259e-84
c206_esr                          -4.93338e-89
main_feed                         -2.87569e-84
main_l                            -2.87544e-84
requested                                 0.45
ready                                        0
main                              -2.87228e-84
valid                                    1e-09
timer                                        0
reset_ctl                                    1
reset_raw                         -1.00782e-85
en                                -3.52736e-85
disg                                2.0048e-81
disfeed                           -2.87573e-84
disdrain                          -2.87574e-84
hold_l                              2.1398e-81
hold_bus                           2.13735e-81
c162                               2.13799e-81
c163                               2.13799e-81
c164                               2.13799e-81
cextra3                            2.13799e-81
cextra4                            2.13799e-81
cextra5                            2.13799e-81
bmainmeas#branch                   2.51955e-88
breset#branch                                0
bready#branch                                0
v.xu151.vsense#branch             -2.08185e-94
b.xu151.bdrive#branch              1.04092e-94
b.xu151.bcmd#branch                          0
b.xu151.breq#branch                          0
b.xu151.bneg#branch                          0
b.xu151.bref#branch                          0
b.xu151.bactive#branch                       0
bpgwant#branch                               0
bswitchon#branch                             0
bsnsevent#branch                             0
bvslew#branch                                0
v.xu121.vsense#branch              8.06558e-52
b.xu121.bdrive#branch             -4.03279e-52
b.xu121.bcmd#branch                          0
b.xu121.breq#branch                          0
b.xu121.bneg#branch                          0
b.xu121.bref#branch                          0
b.xu121.bactive#branch                       0
ballow#branch                                0
bpvalid#branch                               0
lhold#branch                      -1.53331e-82
lmainfeed#branch                  -4.03365e-87
lbranch#branch                     3.43013e-88
l151#branch                       -5.12797e-85
l121#branch                        1.74646e-42
lcable#branch                     -8.42886e-54
vr165#branch                       3.17132e-90
vload#branch                                 0
vr158#branch                       3.43013e-88
vpass#branch                       -2.1306e-85
vlogic#branch                           -8e-12
vbat#branch                        8.42886e-54

 Reference value :  8.03817e-03
 Reference value :  1.81442e-02
 Reference value :  2.94222e-02
 Reference value :  3.95372e-02
 Reference value :  4.66445e-02
 Reference value :  5.42985e-02
 Reference value :  6.39276e-02
 Reference value :  7.29665e-02
 Reference value :  8.24649e-02
 Reference value :  9.20632e-02
 Reference value :  1.01742e-01
 Reference value :  1.09988e-01
 Reference value :  1.17842e-01
 Reference value :  1.25930e-01
 Reference value :  1.35242e-01
 Reference value :  1.43396e-01
 Reference value :  1.53222e-01
 Reference value :  1.62789e-01
 Reference value :  1.72354e-01
 Reference value :  1.81936e-01
 Reference value :  1.91264e-01
No. of Data Rows : 100555
I32_FINISHED
ngspice-42 done
