Using SPARSE 1.3 as Direct Linear Solver
Note: Starting dynamic gmin stepping
Warning: Dynamic gmin stepping failed
Note: Starting true gmin stepping
Warning: True gmin stepping failed
Note: Starting source stepping
Warning: singular matrix:  check node snsfiltered

Warning: singular matrix:  check node snsfiltered

Warning: source stepping failed
Note: Transient op started
Note: Transient op finished successfully

Note: No compatibility mode selected!


Circuit: i32 exploratory network alternative; not manufacturer u151 model

Doing analysis at TEMP = 27.000000 and TNOM = 27.000000


Initial Transient Solution
--------------------------

Node                                   Voltage
----                                   -------
bat                                          0
cable_r                           -1.76734e-54
raw_12v                            1.21126e-51
fused_12v                          1.21038e-51
rev_blocked_12v                    5.73567e-42
protect_ctrl_vin                  -4.28223e-42
protected_12v                       5.0775e-42
input_uv                           3.80427e-43
input_ov                           1.43392e-43
input_shdn                        -4.28223e-42
one                                          1
uv_ok                                    1e-09
ov_bad                                   1e-09
pvalid                                       0
ptimer                                       0
allow                                        0
allow_d                                      0
input_gate_drive                  -2.83672e-35
input_gate                        -2.83672e-35
input_gate_slew                   -2.83673e-35
qsrc                               5.07787e-42
buck_feed                          5.07705e-42
vin5                               5.03432e-42
en5                                  1.042e-42
on5                                      1e-09
xu121.age                                    0
xu121.active                                 0
xu121.ref                                    0
xu121.neg                                    0
xu121.req                         -7.40434e-41
fb5                                2.31386e-42
xu121.integral                               0
xu121.cmd                                    0
xu121.command                                0
xu121.drive                                  0
source5                            -2.8863e-43
xu121.active_f                               0
xu121.sense                       -1.22053e-39
sw5                               -1.22053e-39
winding5                           1.06112e-42
c127r                              1.79348e-44
c128r                              1.79348e-44
ripple5                            2.09034e-42
rail5                             -3.06643e-43
feediso                           -3.06725e-43
good5                                    1e-09
iso_en_pin                          -5.469e-44
gooddelay                           6.6967e-11
ageiso                                       0
switchon                                     0
slewiso                                      0
feedpass                          -3.06725e-43
vin                               -1.42192e-79
snsiso                            -1.97093e-80
localgood                                1e-09
snsfiltered                        7.50022e-10
snsprev                            7.09797e-10
snsevent                                     0
restartage                               1e-05
pgwant                                       0
pgdelay                                      0
en151                             -2.65751e-43
actual_en151                      -1.34977e-43
enable_ctrl                              1e-09
c151_esr                          -2.51471e-87
enable                                   1e-09
xu151.age                                    0
xu151.active                                 0
xu151.ref                                    0
xu151.neg                                    0
xu151.req                         -7.97654e-82
fb                                 5.53927e-83
xu151.integral                               0
xu151.cmd                                    0
xu151.command                                0
xu151.drive                                  0
source                             1.84522e-82
xu151.active_f                               0
xu151.sense                        1.48368e-82
sw                                 1.48368e-82
winding                            1.84559e-82
c155_esr                           1.37524e-87
c156_esr                           1.37524e-87
c157_esr                           1.37524e-87
c158_esr                          -1.36908e-90
main                               1.84517e-82
c201_esr                          -4.47449e-88
c204_esr                          -4.47449e-88
c202_esr                          -1.80934e-90
c205_esr                          -1.80934e-90
c301_esr                          -1.80934e-90
c302_esr                          -1.81223e-89
c404_esr                          -1.80934e-90
c531_esr                          -1.80934e-90
branch_sense                       1.84517e-82
branch_l                           1.84521e-82
branch_r                           1.84522e-82
damped                              1.8453e-82
c206_esr                          -1.34676e-87
main_feed                          1.84522e-82
main_l                             1.84518e-82
requested                                 0.45
ready                                        0
valid                                    1e-09
timer                                        0
reset_ctl                                    1
reset_raw                          6.47429e-84
en                                   2.266e-83
disg                              -1.42192e-79
disfeed                            1.84522e-82
disdrain                           1.84522e-82
hold_l                            -1.42192e-79
hold_bus                          -1.42192e-79
c162                              -1.42192e-79
c163                              -1.42192e-79
c164                              -1.42192e-79
breset#branch                                0
bready#branch                                0
v.xu151.vsense#branch             -2.96701e-94
b.xu151.bdrive#branch              1.48368e-94
b.xu151.bcmd#branch                          0
b.xu151.breq#branch                          0
b.xu151.bneg#branch                          0
b.xu151.bref#branch                          0
b.xu151.bactive#branch                       0
bpgwant#branch                               0
bswitchon#branch                             0
bsnsevent#branch                             0
bvslew#branch                                0
v.xu121.vsense#branch              2.44106e-51
b.xu121.bdrive#branch             -1.22053e-51
b.xu121.bcmd#branch                          0
b.xu121.breq#branch                          0
b.xu121.bneg#branch                          0
b.xu121.bref#branch                          0
b.xu121.bactive#branch                       0
ballow#branch                                0
bpvalid#branch                               0
lhold#branch                       1.79338e-85
lmainfeed#branch                   5.46257e-86
lbranch#branch                    -5.38705e-86
l151#branch                        4.78176e-85
l121#branch                        7.21791e-42
lcable#branch                      1.76734e-53
vr165#branch                      -2.41718e-90
vload#branch                                 0
vr158#branch                      -5.38705e-86
vpass#branch                                 0
vlogic#branch                           -8e-12
vbat#branch                       -1.76734e-53

 Reference value :  9.91217e-03
 Reference value :  2.25582e-02
 Reference value :  3.47065e-02
 Reference value :  4.31650e-02
 Reference value :  5.21198e-02
 Reference value :  6.27675e-02
 Reference value :  7.03662e-02
 Reference value :  7.72594e-02
 Reference value :  8.57274e-02
 Reference value :  9.36565e-02
 Reference value :  1.01311e-01
 Reference value :  1.09991e-01
 Reference value :  1.19469e-01
 Reference value :  1.27873e-01
 Reference value :  1.36469e-01
 Reference value :  1.46143e-01
 Reference value :  1.53222e-01
 Reference value :  1.63431e-01
 Reference value :  1.74846e-01
 Reference value :  1.86790e-01
 Reference value :  1.97486e-01
 Reference value :  2.08556e-01
 Reference value :  2.16534e-01
 Reference value :  2.25944e-01
 Reference value :  2.37454e-01
 Reference value :  2.49110e-01
 Reference value :  2.60734e-01
 Reference value :  2.71612e-01
 Reference value :  2.82092e-01
 Reference value :  2.94334e-01
 Reference value :  3.06514e-01
 Reference value :  3.18676e-01
 Reference value :  3.30704e-01
 Reference value :  3.39170e-01
 Reference value :  3.48820e-01
 Reference value :  3.58278e-01
 Reference value :  3.69228e-01
 Reference value :  3.79864e-01
 Reference value :  3.88222e-01
 Reference value :  3.98502e-01
 Reference value :  4.09454e-01
 Reference value :  4.20554e-01
 Reference value :  4.24874e-01
 Reference value :  4.34002e-01
 Reference value :  4.44124e-01
 Reference value :  4.56018e-01
 Reference value :  4.67994e-01
 Reference value :  4.80242e-01
 Reference value :  4.92580e-01
 Reference value :  5.04722e-01
 Reference value :  5.15380e-01
 Reference value :  5.24574e-01
 Reference value :  5.34270e-01
 Reference value :  5.46366e-01
 Reference value :  5.56730e-01
 Reference value :  5.68442e-01
 Reference value :  5.80748e-01
 Reference value :  5.92398e-01
 Reference value :  6.04112e-01
 Reference value :  6.13730e-01
 Reference value :  6.24424e-01
 Reference value :  6.33644e-01
 Reference value :  6.45148e-01
 Reference value :  6.54876e-01
 Reference value :  6.65420e-01
 Reference value :  6.76480e-01
 Reference value :  6.87224e-01
 Reference value :  6.97536e-01
 Reference value :  7.07656e-01
 Reference value :  7.17648e-01
 Reference value :  7.27116e-01
 Reference value :  7.36814e-01
 Reference value :  7.46636e-01
 Reference value :  7.55204e-01
 Reference value :  7.63790e-01
 Reference value :  7.73152e-01
 Reference value :  7.84423e-01
 Reference value :  7.93572e-01
 Reference value :  8.03298e-01
 Reference value :  8.11177e-01
 Reference value :  8.20244e-01
 Reference value :  8.27883e-01
 Reference value :  8.37515e-01
 Reference value :  8.46632e-01
No. of Data Rows : 427230
I32_FINISHED
ngspice-42 done
