Using SPARSE 1.3 as Direct Linear Solver
Note: Starting dynamic gmin stepping
Warning: Dynamic gmin stepping failed
Note: Starting true gmin stepping
Warning: True gmin stepping failed
Note: Starting source stepping
Warning: singular matrix:  check node snsprev

Warning: singular matrix:  check node snsprev

Warning: source stepping failed
Note: Transient op started
Note: Transient op finished successfully

Note: No compatibility mode selected!


Circuit: i32 exploratory network alternative; not manufacturer u151 model

Doing analysis at TEMP = 27.000000 and TNOM = 27.000000


Initial Transient Solution
--------------------------

Node                                   Voltage
----                                   -------
bat                                          0
cable_r                            2.03966e-55
raw_12v                            2.93354e-52
fused_12v                          2.93456e-52
rev_blocked_12v                    5.60651e-42
protect_ctrl_vin                  -4.20557e-42
protected_12v                      4.96687e-42
input_uv                            3.7186e-43
input_ov                           1.40163e-43
input_shdn                        -4.20556e-42
one                                          1
uv_ok                                    1e-09
ov_bad                                   1e-09
pvalid                                       0
ptimer                                       0
allow                                        0
allow_d                                      0
input_gate_drive                  -2.77862e-35
input_gate                        -2.77862e-35
input_gate_slew                   -2.77863e-35
qsrc                               4.96722e-42
buck_feed                          4.96671e-42
vin5                               4.95223e-42
en5                                  1.025e-42
on5                                      1e-09
xu121.age                                    0
xu121.active                                 0
xu121.ref                                    0
xu121.neg                                    0
xu121.req                         -3.16069e-41
fb5                                9.87717e-43
xu121.integral                               0
xu121.cmd                                    0
xu121.command                                0
xu121.drive                                  0
source5                            2.16187e-45
xu121.active_f                               0
xu121.sense                        -6.2057e-40
sw5                                -6.2057e-40
winding5                           8.35956e-43
c127r                              7.42194e-45
c128r                              7.42194e-45
ripple5                            9.87673e-43
rail5                             -5.29406e-45
feediso                            -5.3278e-45
good5                                    1e-09
iso_en_pin                        -9.30929e-46
gooddelay                           6.6967e-11
ageiso                                       0
switchon                                     0
slewiso                                      0
feedpass                           -5.3278e-45
vin                                1.08933e-92
snsiso                             1.48782e-93
localgood                                1e-09
snsfiltered                        7.50022e-10
snsprev                            7.09797e-10
snsevent                                     0
restartage                               1e-05
pgwant                                       0
pgdelay                                      0
en151                             -7.15447e-45
actual_en151                      -3.45946e-45
enable_ctrl                              1e-09
c151_esr                            1.2021e-97
enable                                   1e-09
xu151.age                                    0
xu151.active                                 0
xu151.ref                                    0
xu151.neg                                    0
xu151.req                          6.02007e-93
fb                                -4.18061e-94
xu151.integral                               0
xu151.cmd                                    0
xu151.command                                0
xu151.drive                                  0
source                            -1.39492e-93
xu151.active_f                               0
xu151.sense                       -1.70264e-93
sw                                -1.70264e-93
winding                           -1.39843e-93
c155_esr                          -9.81941e-98
c156_esr                          -9.81941e-98
c157_esr                          -9.81941e-98
c158_esr                         -4.64309e-100
main                              -1.39472e-93
c201_esr                            4.1129e-99
c204_esr                            4.1129e-99
c202_esr                          1.30549e-101
c205_esr                          1.30549e-101
c301_esr                          1.30549e-101
c302_esr                          1.32317e-100
c404_esr                          1.30549e-101
c531_esr                          1.30549e-101
branch_sense                      -1.39472e-93
branch_l                          -1.39472e-93
branch_r                          -1.39472e-93
bulksw_out                                   0
damped                                       0
c206_esr                                     0
main_feed                         -1.39491e-93
main_l                            -1.39483e-93
requested                                 0.45
ready                                        0
valid                                    1e-09
timer                                        0
reset_ctl                                    1
reset_raw                         -4.89374e-95
en                                -1.71281e-94
disg                               1.02557e-92
disfeed                           -1.39492e-93
disdrain                          -1.39492e-93
hold_l                             1.08994e-92
hold_bus                           1.08981e-92
c162                               1.09084e-92
bulk_en_in                        -1.39472e-93
bulk_en_pin                       -3.48541e-94
bulk_want                                1e-09
bulk_enabled                        6.6967e-11
bulk_age                                     0
bulk_slew                                    0
bulk_feed                         -1.39472e-93
bulk_localcap                     -1.39472e-93
bbulk_slew#branch                            0
breset#branch                                0
bready#branch                                0
v.xu151.vsense#branch             3.40528e-105
b.xu151.bdrive#branch            -1.70264e-105
b.xu151.bcmd#branch                          0
b.xu151.breq#branch                          0
b.xu151.bneg#branch                          0
b.xu151.bref#branch                          0
b.xu151.bactive#branch                       0
bpgwant#branch                               0
bswitchon#branch                             0
bsnsevent#branch                             0
bvslew#branch                                0
v.xu121.vsense#branch              1.24114e-51
b.xu121.bdrive#branch              -6.2057e-52
b.xu121.bcmd#branch                          0
b.xu121.breq#branch                          0
b.xu121.bneg#branch                          0
b.xu121.bref#branch                          0
b.xu121.bactive#branch                       0
ballow#branch                                0
bpvalid#branch                               0
lhold#branch                      -1.02223e-94
lmainfeed#branch                  -1.00788e-96
lbranch#branch                     1.48906e-98
l151#branch                       -3.05952e-95
l121#branch                        2.98997e-42
lcable#branch                     -2.03966e-54
vbulkpass#branch                             0
vr165#branch                      8.42511e-101
vload#branch                                 0
vr158#branch                       1.48906e-98
vpass#branch                      -1.08933e-96
vlogic#branch                           -9e-12
vbat#branch                        2.03966e-54

 Reference value :  8.82617e-03
 Reference value :  2.00982e-02
 Reference value :  3.13622e-02
 Reference value :  4.04361e-02
 Reference value :  4.99261e-02
 Reference value :  5.76521e-02
 Reference value :  6.74361e-02
 Reference value :  7.49841e-02
 Reference value :  8.25641e-02
 Reference value :  9.00472e-02
 Reference value :  9.93432e-02
 Reference value :  1.06647e-01
 Reference value :  1.16855e-01
 Reference value :  1.25262e-01
 Reference value :  1.34406e-01
 Reference value :  1.43386e-01
 Reference value :  1.52434e-01
 Reference value :  1.61346e-01
 Reference value :  1.70220e-01
 Reference value :  1.79504e-01
 Reference value :  1.86300e-01
 Reference value :  1.94084e-01
 Reference value :  2.03076e-01
 Reference value :  2.12102e-01
 Reference value :  2.19634e-01
 Reference value :  2.28654e-01
 Reference value :  2.37776e-01
 Reference value :  2.46896e-01
 Reference value :  2.55760e-01
 Reference value :  2.64716e-01
 Reference value :  2.71212e-01
 Reference value :  2.79606e-01
 Reference value :  2.88248e-01
 Reference value :  2.97188e-01
 Reference value :  3.05834e-01
 Reference value :  3.14614e-01
 Reference value :  3.23138e-01
 Reference value :  3.29632e-01
 Reference value :  3.36072e-01
 Reference value :  3.44424e-01
 Reference value :  3.52494e-01
 Reference value :  3.60996e-01
 Reference value :  3.69692e-01
 Reference value :  3.78238e-01
 Reference value :  3.86608e-01
 Reference value :  3.95084e-01
 Reference value :  4.03996e-01
 Reference value :  4.09106e-01
 Reference value :  4.14500e-01
 Reference value :  4.21822e-01
 Reference value :  4.29846e-01
 Reference value :  4.38040e-01
 Reference value :  4.45002e-01
 Reference value :  4.51982e-01
 Reference value :  4.60105e-01
 Reference value :  4.68749e-01
 Reference value :  4.78435e-01
 Reference value :  4.86789e-01
 Reference value :  4.96559e-01
 Reference value :  5.07349e-01
 Reference value :  5.18359e-01
 Reference value :  5.29409e-01
 Reference value :  5.40271e-01
 Reference value :  5.51111e-01
 Reference value :  5.61677e-01
 Reference value :  5.72301e-01
 Reference value :  5.82887e-01
 Reference value :  5.92641e-01
 Reference value :  6.02303e-01
 Reference value :  6.12529e-01
 Reference value :  6.23249e-01
 Reference value :  6.32419e-01
 Reference value :  6.39297e-01
 Reference value :  6.49789e-01
 Reference value :  6.60487e-01
 Reference value :  6.71189e-01
 Reference value :  6.81921e-01
 Reference value :  6.92037e-01
 Reference value :  7.01416e-01
 Reference value :  7.10792e-01
 Reference value :  7.19416e-01
 Reference value :  7.28242e-01
 Reference value :  7.36798e-01
 Reference value :  7.45638e-01
 Reference value :  7.54184e-01
 Reference value :  7.62137e-01
 Reference value :  7.69791e-01
 Reference value :  7.77981e-01
 Reference value :  7.85893e-01
 Reference value :  7.93935e-01
 Reference value :  8.02073e-01
 Reference value :  8.10395e-01
 Reference value :  8.17957e-01
 Reference value :  8.26029e-01
 Reference value :  8.34325e-01
 Reference value :  8.42583e-01
 Reference value :  8.51175e-01
 Reference value :  8.59687e-01
 Reference value :  8.68275e-01
 Reference value :  8.77047e-01
 Reference value :  8.85983e-01
 Reference value :  8.94727e-01
 Reference value :  9.03537e-01
 Reference value :  9.12403e-01
 Reference value :  9.21263e-01
 Reference value :  9.29229e-01
 Reference value :  9.37289e-01
 Reference value :  9.46075e-01
 Reference value :  9.55073e-01
 Reference value :  9.61123e-01
 Reference value :  9.68427e-01
 Reference value :  9.76727e-01
 Reference value :  9.85299e-01
 Reference value :  9.92937e-01
 Reference value :  1.00035e+00
 Reference value :  1.00738e+00
 Reference value :  1.01625e+00
 Reference value :  1.02507e+00
 Reference value :  1.03336e+00
 Reference value :  1.04178e+00
 Reference value :  1.04967e+00
 Reference value :  1.05870e+00
 Reference value :  1.06766e+00
 Reference value :  1.07665e+00
 Reference value :  1.08465e+00
 Reference value :  1.09357e+00
 Reference value :  1.10278e+00
 Reference value :  1.11128e+00
 Reference value :  1.11851e+00
 Reference value :  1.12625e+00
 Reference value :  1.13470e+00
 Reference value :  1.14363e+00
 Reference value :  1.15286e+00
 Reference value :  1.16070e+00
 Reference value :  1.16987e+00
 Reference value :  1.17895e+00
 Reference value :  1.18798e+00
 Reference value :  1.19708e+00
 Reference value :  1.20532e+00
 Reference value :  1.21374e+00
 Reference value :  1.22158e+00
 Reference value :  1.22717e+00
 Reference value :  1.23494e+00
 Reference value :  1.24233e+00
 Reference value :  1.25108e+00
 Reference value :  1.25955e+00
 Reference value :  1.26805e+00
 Reference value :  1.27648e+00
 Reference value :  1.28492e+00
 Reference value :  1.29209e+00
No. of Data Rows : 652240
I32_FINISHED
ngspice-42 done
