Using SPARSE 1.3 as Direct Linear Solver
Note: Starting dynamic gmin stepping
Warning: Dynamic gmin stepping failed
Note: Starting true gmin stepping
Warning: True gmin stepping failed
Note: Starting source stepping
Warning: singular matrix:  check node snsprev

Warning: singular matrix:  check node snsprev

Warning: source stepping failed
Note: Transient op started
Note: Transient op finished successfully

Note: No compatibility mode selected!


Circuit: i32 exploratory network alternative; not manufacturer u151 model

Doing analysis at TEMP = 27.000000 and TNOM = 27.000000


Initial Transient Solution
--------------------------

Node                                   Voltage
----                                   -------
bat                                          0
cable_r                            2.03966e-55
raw_12v                            2.93354e-52
fused_12v                          2.93456e-52
rev_blocked_12v                    5.60651e-42
protect_ctrl_vin                  -4.20557e-42
protected_12v                      4.96687e-42
input_uv                            3.7186e-43
input_ov                           1.40163e-43
input_shdn                        -4.20556e-42
one                                          1
uv_ok                                    1e-09
ov_bad                                   1e-09
pvalid                                       0
ptimer                                       0
allow                                        0
allow_d                                      0
input_gate_drive                  -2.77862e-35
input_gate                        -2.77862e-35
input_gate_slew                   -2.77863e-35
qsrc                               4.96722e-42
buck_feed                          4.96671e-42
vin5                               4.95223e-42
en5                                  1.025e-42
on5                                      1e-09
xu121.age                                    0
xu121.active                                 0
xu121.ref                                    0
xu121.neg                                    0
xu121.req                         -3.16069e-41
fb5                                9.87717e-43
xu121.integral                               0
xu121.cmd                                    0
xu121.command                                0
xu121.drive                                  0
source5                            2.16187e-45
xu121.active_f                               0
xu121.sense                        -6.2057e-40
sw5                                -6.2057e-40
winding5                           8.35956e-43
c127r                              7.42194e-45
c128r                              7.42194e-45
ripple5                            9.87673e-43
rail5                             -5.29406e-45
feediso                            -5.3278e-45
good5                                    1e-09
iso_en_pin                        -9.30929e-46
gooddelay                           6.6967e-11
ageiso                                       0
switchon                                     0
slewiso                                      0
feedpass                           -5.3278e-45
vin                                1.08933e-92
snsiso                             1.48782e-93
localgood                                1e-09
snsfiltered                        7.50022e-10
snsprev                            7.09797e-10
snsevent                                     0
restartage                               1e-05
pgwant                                       0
pgdelay                                      0
en151                             -7.15447e-45
actual_en151                      -3.45946e-45
enable_ctrl                              1e-09
c151_esr                            1.2021e-97
enable                                   1e-09
xu151.age                                    0
xu151.active                                 0
xu151.ref                                    0
xu151.neg                                    0
xu151.req                          6.02007e-93
fb                                -4.18061e-94
xu151.integral                               0
xu151.cmd                                    0
xu151.command                                0
xu151.drive                                  0
source                            -1.39492e-93
xu151.active_f                               0
xu151.sense                       -1.70264e-93
sw                                -1.70264e-93
winding                           -1.39843e-93
c155_esr                          -9.81941e-98
c156_esr                          -9.81941e-98
c157_esr                          -9.81941e-98
c158_esr                         -4.64309e-100
main                              -1.39472e-93
c201_esr                            4.1129e-99
c204_esr                            4.1129e-99
c202_esr                          1.30549e-101
c205_esr                          1.30549e-101
c301_esr                          1.30549e-101
c302_esr                          1.32317e-100
c404_esr                          1.30549e-101
c531_esr                          1.30549e-101
branch_sense                      -1.39472e-93
branch_l                          -1.39472e-93
branch_r                          -1.39472e-93
bulksw_out                                   0
damped                                       0
c206_esr                                     0
main_feed                         -1.39491e-93
main_l                            -1.39483e-93
requested                                 0.45
ready                                        0
valid                                    1e-09
timer                                        0
reset_ctl                                    1
reset_raw                         -4.89374e-95
en                                -1.71281e-94
disg                               1.02557e-92
disfeed                           -1.39492e-93
disdrain                          -1.39492e-93
hold_l                             1.08994e-92
hold_bus                           1.08981e-92
c162                               1.09084e-92
bulk_en_in                        -1.39472e-93
bulk_en_pin                       -3.48541e-94
bulk_want                                1e-09
bulk_enabled                        6.6967e-11
bulk_age                                     0
bulk_slew                                    0
bulk_feed                         -1.39472e-93
bulk_localcap                     -1.39472e-93
bbulk_slew#branch                            0
breset#branch                                0
bready#branch                                0
v.xu151.vsense#branch             3.40528e-105
b.xu151.bdrive#branch            -1.70264e-105
b.xu151.bcmd#branch                          0
b.xu151.breq#branch                          0
b.xu151.bneg#branch                          0
b.xu151.bref#branch                          0
b.xu151.bactive#branch                       0
bpgwant#branch                               0
bswitchon#branch                             0
bsnsevent#branch                             0
bvslew#branch                                0
v.xu121.vsense#branch              1.24114e-51
b.xu121.bdrive#branch              -6.2057e-52
b.xu121.bcmd#branch                          0
b.xu121.breq#branch                          0
b.xu121.bneg#branch                          0
b.xu121.bref#branch                          0
b.xu121.bactive#branch                       0
ballow#branch                                0
bpvalid#branch                               0
lhold#branch                      -1.02223e-94
lmainfeed#branch                  -1.00788e-96
lbranch#branch                     1.48906e-98
l151#branch                       -3.05952e-95
l121#branch                        2.98997e-42
lcable#branch                     -2.03966e-54
vbulkpass#branch                             0
vr165#branch                      8.42511e-101
vload#branch                                 0
vr158#branch                       1.48906e-98
vpass#branch                      -1.08933e-96
vlogic#branch                           -9e-12
vbat#branch                        2.03966e-54

 Reference value :  8.30017e-03
 Reference value :  1.94402e-02
 Reference value :  3.05102e-02
 Reference value :  3.99261e-02
 Reference value :  4.95941e-02
 Reference value :  5.96361e-02
 Reference value :  6.96681e-02
 Reference value :  7.88061e-02
 Reference value :  8.51621e-02
 Reference value :  9.39292e-02
 Reference value :  1.02571e-01
 Reference value :  1.12471e-01
 Reference value :  1.21633e-01
 Reference value :  1.30046e-01
 Reference value :  1.38956e-01
 Reference value :  1.47990e-01
 Reference value :  1.57012e-01
 Reference value :  1.66152e-01
 Reference value :  1.75224e-01
 Reference value :  1.84264e-01
 Reference value :  1.93064e-01
 Reference value :  2.00126e-01
 Reference value :  2.09254e-01
 Reference value :  2.18498e-01
 Reference value :  2.26496e-01
 Reference value :  2.35234e-01
 Reference value :  2.43982e-01
 Reference value :  2.52878e-01
 Reference value :  2.61306e-01
 Reference value :  2.70160e-01
 Reference value :  2.76870e-01
 Reference value :  2.84634e-01
 Reference value :  2.93152e-01
 Reference value :  3.01830e-01
 Reference value :  3.10388e-01
 Reference value :  3.19158e-01
 Reference value :  3.27298e-01
 Reference value :  3.34414e-01
 Reference value :  3.40382e-01
 Reference value :  3.47154e-01
 Reference value :  3.55490e-01
 Reference value :  3.63354e-01
 Reference value :  3.72206e-01
 Reference value :  3.80964e-01
 Reference value :  3.89520e-01
 Reference value :  3.98146e-01
 Reference value :  4.06248e-01
 Reference value :  4.11606e-01
 Reference value :  4.19074e-01
 Reference value :  4.25858e-01
 Reference value :  4.34050e-01
 Reference value :  4.41660e-01
 Reference value :  4.49992e-01
 Reference value :  4.54488e-01
 Reference value :  4.64604e-01
 Reference value :  4.74826e-01
 Reference value :  4.84030e-01
 Reference value :  4.92538e-01
 Reference value :  5.02568e-01
 Reference value :  5.12956e-01
 Reference value :  5.23702e-01
 Reference value :  5.34584e-01
 Reference value :  5.45580e-01
 Reference value :  5.56634e-01
 Reference value :  5.67518e-01
 Reference value :  5.77942e-01
 Reference value :  5.87342e-01
 Reference value :  5.97828e-01
 Reference value :  6.07768e-01
 Reference value :  6.18414e-01
 Reference value :  6.28952e-01
 Reference value :  6.38404e-01
 Reference value :  6.47232e-01
 Reference value :  6.58067e-01
 Reference value :  6.68973e-01
 Reference value :  6.80143e-01
 Reference value :  6.89988e-01
 Reference value :  6.99528e-01
 Reference value :  7.09142e-01
 Reference value :  7.18840e-01
 Reference value :  7.27820e-01
 Reference value :  7.36810e-01
 Reference value :  7.45886e-01
 Reference value :  7.54959e-01
 Reference value :  7.64381e-01
 Reference value :  7.71561e-01
 Reference value :  7.78283e-01
 Reference value :  7.86995e-01
 Reference value :  7.95617e-01
 Reference value :  8.04267e-01
 Reference value :  8.13083e-01
 Reference value :  8.21959e-01
 Reference value :  8.30207e-01
 Reference value :  8.38403e-01
 Reference value :  8.46863e-01
 Reference value :  8.55489e-01
 Reference value :  8.64229e-01
 Reference value :  8.72635e-01
 Reference value :  8.81433e-01
 Reference value :  8.90295e-01
 Reference value :  8.99159e-01
 Reference value :  9.07509e-01
 Reference value :  9.16505e-01
 Reference value :  9.25537e-01
 Reference value :  9.34479e-01
 Reference value :  9.41813e-01
 Reference value :  9.50315e-01
 Reference value :  9.57898e-01
 Reference value :  9.66688e-01
 Reference value :  9.73506e-01
 Reference value :  9.81080e-01
 Reference value :  9.89446e-01
 Reference value :  9.98444e-01
 Reference value :  1.00739e+00
 Reference value :  1.01628e+00
 Reference value :  1.02526e+00
 Reference value :  1.03399e+00
 Reference value :  1.04088e+00
 Reference value :  1.04978e+00
 Reference value :  1.05873e+00
 Reference value :  1.06731e+00
 Reference value :  1.07622e+00
 Reference value :  1.08505e+00
 Reference value :  1.09381e+00
 Reference value :  1.10307e+00
 Reference value :  1.11194e+00
 Reference value :  1.12089e+00
 Reference value :  1.13008e+00
 Reference value :  1.13907e+00
 Reference value :  1.14773e+00
 Reference value :  1.15522e+00
 Reference value :  1.16419e+00
 Reference value :  1.17303e+00
 Reference value :  1.18159e+00
 Reference value :  1.19052e+00
 Reference value :  1.19945e+00
 Reference value :  1.20756e+00
 Reference value :  1.21529e+00
 Reference value :  1.22362e+00
 Reference value :  1.23090e+00
 Reference value :  1.23863e+00
 Reference value :  1.24664e+00
 Reference value :  1.25572e+00
 Reference value :  1.26466e+00
 Reference value :  1.27373e+00
 Reference value :  1.28102e+00
 Reference value :  1.28826e+00
 Reference value :  1.29695e+00
No. of Data Rows : 652211
I32_FINISHED
ngspice-42 done
