Using SPARSE 1.3 as Direct Linear Solver
Note: Starting dynamic gmin stepping
Warning: Dynamic gmin stepping failed
Note: Starting true gmin stepping
Warning: True gmin stepping failed
Note: Starting source stepping
Warning: singular matrix:  check node pgdelay

Warning: singular matrix:  check node pgdelay

Warning: source stepping failed
Note: Transient op started
Note: Transient op finished successfully

Note: No compatibility mode selected!


Circuit: i32 exploratory network alternative; not manufacturer u151 model

Doing analysis at TEMP = 27.000000 and TNOM = 27.000000


Initial Transient Solution
--------------------------

Node                                   Voltage
----                                   -------
bat                                          0
cable_r                            7.01153e-55
raw_12v                            6.37265e-53
fused_12v                           6.4077e-53
rev_blocked_12v                    5.72699e-42
protect_ctrl_vin                  -4.28025e-42
protected_12v                      5.07475e-42
input_uv                           3.79851e-43
input_ov                           1.43175e-43
input_shdn                        -4.28025e-42
one                                          1
uv_ok                                    1e-09
ov_bad                                   1e-09
pvalid                                       0
ptimer                                       0
allow                                        0
allow_d                                      0
input_gate_drive                    -2.834e-35
input_gate                          -2.834e-35
input_gate_slew                   -2.83401e-35
qsrc                               5.07511e-42
buck_feed                          5.07468e-42
vin5                               5.06778e-42
en5                                1.04892e-42
on5                                      1e-09
xu121.age                                    0
xu121.active                                 0
xu121.ref                                    0
xu121.neg                                    0
xu121.req                          -1.3651e-41
fb5                                4.26592e-43
xu121.integral                               0
xu121.cmd                                    0
xu121.command                                0
xu121.drive                                  0
source5                           -4.39134e-43
xu121.active_f                               0
xu121.sense                       -4.82175e-40
sw5                               -4.82175e-40
winding5                          -6.10394e-44
c127r                              5.02244e-45
c128r                              5.02244e-45
ripple5                            9.39665e-44
rail5                             -4.44165e-43
feediso                           -4.44176e-43
good5                                    1e-09
iso_en_pin                        -7.79236e-44
gooddelay                           6.6967e-11
ageiso                                       0
switchon                                     0
slewiso                                      0
feedpass                          -4.44176e-43
vin                               -2.20445e-80
snsiso                            -3.00334e-81
localgood                                1e-09
snsfiltered                        7.50022e-10
snsprev                            7.09797e-10
snsevent                                     0
restartage                               1e-05
pgwant                                       0
pgdelay                                      0
en151                             -3.97513e-43
enable_ctrl                              1e-09
c151_esr                          -1.07739e-86
enable                                   1e-09
xu151.age                                    0
xu151.active                                 0
xu151.ref                                    0
xu151.neg                                    0
xu151.req                         -6.15802e-83
fb                                  8.5528e-84
xu151.integral                               0
xu151.cmd                                    0
xu151.command                                0
xu151.drive                                  0
source                             2.83795e-83
xu151.active_f                               0
xu151.sense                       -9.22232e-82
sw                                -9.22232e-82
winding                            2.85386e-83
c155_esr                            6.6659e-87
c156_esr                            6.6659e-87
c157_esr                            6.6659e-87
c158_esr                          -1.08369e-88
main                                2.8363e-83
c201_esr                          -3.03093e-88
c204_esr                          -3.03093e-88
c202_esr                          -2.55358e-90
c205_esr                          -2.55358e-90
c301_esr                          -2.55358e-90
c302_esr                           -2.5661e-89
c404_esr                          -2.55358e-90
c531_esr                          -2.55358e-90
branch_sense                        2.8363e-83
branch_l                           2.83697e-83
branch_r                           2.83705e-83
damped                             2.83932e-83
c206_esr                          -2.57892e-87
main_feed                          2.83787e-83
main_l                             2.83732e-83
requested                                 0.45
ready                                        0
valid                                    1e-09
timer                                        0
reset_ctl                                    1
reset_raw                          9.95194e-85
en                                 3.48318e-84
disg                              -2.20445e-80
disfeed                            2.83795e-83
disdrain                           2.83796e-83
hold_l                            -2.20445e-80
hold_bus                          -2.20445e-80
c162                              -2.20445e-80
c163                              -2.20445e-80
c164                              -2.20445e-80
breset#branch                                0
bready#branch                                0
v.xu151.vsense#branch              1.84448e-93
b.xu151.bdrive#branch             -9.22232e-94
b.xu151.bcmd#branch                          0
b.xu151.breq#branch                          0
b.xu151.bneg#branch                          0
b.xu151.bref#branch                          0
b.xu151.bactive#branch                       0
bpgwant#branch                               0
bswitchon#branch                             0
bsnsevent#branch                             0
bvslew#branch                                0
v.xu121.vsense#branch               9.6435e-52
b.xu121.bdrive#branch             -4.82175e-52
b.xu121.bcmd#branch                          0
b.xu121.breq#branch                          0
b.xu121.bneg#branch                          0
b.xu121.bref#branch                          0
b.xu121.bactive#branch                       0
ballow#branch                                0
bpvalid#branch                               0
lhold#branch                       3.25223e-86
lmainfeed#branch                   7.33288e-86
lbranch#branch                    -1.03157e-85
l151#branch                        2.06395e-84
l121#branch                        2.02189e-42
lcable#branch                     -7.01153e-54
vr165#branch                      -2.40704e-89
vload#branch                                 0
vr158#branch                      -1.03157e-85
vpass#branch                                 0
vlogic#branch                           -8e-12
vbat#branch                        7.01153e-54

 Reference value :  1.03422e-02
 Reference value :  2.24162e-02
 Reference value :  3.47025e-02
 Reference value :  4.44154e-02
 Reference value :  5.48245e-02
 Reference value :  6.25860e-02
 Reference value :  7.00448e-02
 Reference value :  7.90008e-02
 Reference value :  8.83420e-02
 Reference value :  9.75080e-02
 Reference value :  1.06298e-01
 Reference value :  1.14676e-01
 Reference value :  1.23760e-01
 Reference value :  1.31686e-01
 Reference value :  1.41650e-01
 Reference value :  1.49984e-01
 Reference value :  1.57623e-01
 Reference value :  1.64230e-01
 Reference value :  1.72875e-01
 Reference value :  1.82613e-01
 Reference value :  1.91937e-01
 Reference value :  1.99909e-01
No. of Data Rows : 100683
I32_FINISHED
ngspice-42 done
