Using SPARSE 1.3 as Direct Linear Solver
Note: Starting dynamic gmin stepping
Warning: Dynamic gmin stepping failed
Note: Starting true gmin stepping
Warning: True gmin stepping failed
Note: Starting source stepping
Warning: singular matrix:  check node bulk_enabled

Warning: singular matrix:  check node bulk_enabled

Warning: source stepping failed
Note: Transient op started
Note: Transient op finished successfully

Note: No compatibility mode selected!


Circuit: i32 exploratory network alternative; not manufacturer u151 model

Doing analysis at TEMP = 27.000000 and TNOM = 27.000000


Initial Transient Solution
--------------------------

Node                                   Voltage
----                                   -------
bat                                          0
cable_r                            1.28698e-54
raw_12v                           -2.40775e-52
fused_12v                         -2.40131e-52
rev_blocked_12v                    5.60242e-42
protect_ctrl_vin                  -4.20197e-42
protected_12v                      4.96273e-42
input_uv                           3.71589e-43
input_ov                           1.40061e-43
input_shdn                        -4.20196e-42
one                                          1
uv_ok                                    1e-09
ov_bad                                   1e-09
pvalid                                       0
ptimer                                       0
allow                                        0
allow_d                                      0
input_gate_drive                  -2.77654e-35
input_gate                        -2.77654e-35
input_gate_slew                   -2.77655e-35
qsrc                               4.96308e-42
buck_feed                          4.96275e-42
vin5                               4.96509e-42
en5                                1.02767e-42
on5                                      1e-09
xu121.age                                    0
xu121.active                                 0
xu121.ref                                    0
xu121.neg                                    0
xu121.req                         -6.22552e-42
fb5                                1.94548e-43
xu121.integral                               0
xu121.cmd                                    0
xu121.command                                0
xu121.drive                                  0
source5                            -6.1214e-45
xu121.active_f                               0
xu121.sense                       -1.87447e-40
sw5                               -1.87447e-40
winding5                           2.00849e-43
c127r                              1.84297e-45
c128r                              1.84297e-45
ripple5                            1.89593e-43
rail5                             -7.96766e-45
feediso                           -7.97185e-45
good5                                    1e-09
iso_en_pin                        -1.39783e-45
gooddelay                           6.6967e-11
ageiso                                       0
switchon                                     0
slewiso                                      0
feedpass                          -7.97185e-45
vin                                3.15935e-93
snsiso                             4.30392e-94
localgood                                1e-09
snsfiltered                        7.50022e-10
snsprev                            7.09797e-10
snsevent                                     0
restartage                               1e-05
pgwant                                       0
pgdelay                                      0
en151                             -6.98708e-45
actual_en151                      -3.62217e-45
enable_ctrl                              1e-09
c151_esr                           4.04656e-97
enable                                   1e-09
xu151.age                                    0
xu151.active                                 0
xu151.ref                                    0
xu151.neg                                    0
xu151.req                            8.703e-94
fb                                -1.20875e-94
xu151.integral                               0
xu151.cmd                                    0
xu151.command                                0
xu151.drive                                  0
source                            -4.04108e-94
xu151.active_f                               0
xu151.sense                         2.0136e-92
sw                                  2.0136e-92
winding                           -4.11677e-94
c155_esr                          -2.17509e-97
c156_esr                          -2.17509e-97
c157_esr                          -2.17509e-97
c158_esr                           1.65002e-99
main                              -4.03608e-94
c201_esr                          -8.1505e-100
c204_esr                          -8.1505e-100
c202_esr                         -1.42226e-101
c205_esr                         -1.42226e-101
c301_esr                         -1.42226e-101
c302_esr                         -1.36493e-100
c404_esr                         -1.42226e-101
c531_esr                         -1.42226e-101
branch_sense                      -4.03608e-94
branch_l                          -4.03608e-94
branch_r                          -4.03607e-94
bulksw_out                                   0
damped                                       0
c206_esr                                     0
main_feed                           -4.041e-94
main_l                            -4.04046e-94
requested                                 0.45
ready                                        0
valid                                    1e-09
timer                                        0
reset_ctl                                    1
reset_raw                         -1.41617e-95
en                                -4.95658e-95
disg                               2.97256e-93
disfeed                           -4.04108e-94
disdrain                           -4.0411e-94
hold_l                             3.16159e-93
hold_bus                           3.16059e-93
c162                               3.16105e-93
c163                               3.16105e-93
bulk_en_in                        -4.03608e-94
bulk_en_pin                        -1.0065e-94
bulk_want                                1e-09
bulk_enabled                        6.6967e-11
bulk_age                                     0
bulk_slew                                    0
bulk_feed                         -4.03607e-94
bulk_localcap                     -4.03607e-94
bbulk_slew#branch                            0
breset#branch                                0
bready#branch                                0
v.xu151.vsense#branch             -4.0272e-104
b.xu151.bdrive#branch              2.0136e-104
b.xu151.bcmd#branch                          0
b.xu151.breq#branch                          0
b.xu151.bneg#branch                          0
b.xu151.bref#branch                          0
b.xu151.bactive#branch                       0
bpgwant#branch                               0
bswitchon#branch                             0
bsnsevent#branch                             0
bvslew#branch                                0
v.xu121.vsense#branch              3.74893e-52
b.xu121.bdrive#branch             -1.87447e-52
b.xu121.bcmd#branch                          0
b.xu121.breq#branch                          0
b.xu121.bneg#branch                          0
b.xu121.bref#branch                          0
b.xu121.bactive#branch                       0
ballow#branch                                0
bpvalid#branch                               0
lhold#branch                      -3.72928e-95
lmainfeed#branch                    -7.259e-97
lbranch#branch                    -2.46719e-99
l151#branch                        -6.5837e-95
l121#branch                        7.42192e-43
lcable#branch                     -1.28698e-53
vbulkpass#branch                             0
vr165#branch                      5.54287e-100
vload#branch                                 0
vr158#branch                      -2.46719e-99
vpass#branch                      -3.15935e-97
vlogic#branch                           -9e-12
vbat#branch                        1.28698e-53

 Reference value :  7.31417e-03
 Reference value :  1.88122e-02
 Reference value :  2.99522e-02
 Reference value :  3.99275e-02
 Reference value :  4.71215e-02
 Reference value :  5.64435e-02
 Reference value :  6.50895e-02
 Reference value :  7.31555e-02
 Reference value :  8.12555e-02
 Reference value :  8.88315e-02
 Reference value :  9.50915e-02
 Reference value :  1.04287e-01
 Reference value :  1.13853e-01
 Reference value :  1.23575e-01
 Reference value :  1.33144e-01
 Reference value :  1.42373e-01
 Reference value :  1.50795e-01
 Reference value :  1.60005e-01
 Reference value :  1.68643e-01
 Reference value :  1.77461e-01
 Reference value :  1.86355e-01
 Reference value :  1.95321e-01
 Reference value :  2.03969e-01
 Reference value :  2.11117e-01
 Reference value :  2.17965e-01
 Reference value :  2.25595e-01
 Reference value :  2.34195e-01
 Reference value :  2.41921e-01
 Reference value :  2.49317e-01
 Reference value :  2.57193e-01
 Reference value :  2.65091e-01
 Reference value :  2.72597e-01
 Reference value :  2.81313e-01
 Reference value :  2.89613e-01
 Reference value :  2.96049e-01
 Reference value :  3.04115e-01
 Reference value :  3.11143e-01
 Reference value :  3.20093e-01
 Reference value :  3.28718e-01
 Reference value :  3.37534e-01
 Reference value :  3.46174e-01
 Reference value :  3.55048e-01
 Reference value :  3.63948e-01
 Reference value :  3.72760e-01
 Reference value :  3.81432e-01
 Reference value :  3.89362e-01
 Reference value :  3.98192e-01
 Reference value :  4.06938e-01
 Reference value :  4.15472e-01
 Reference value :  4.23008e-01
 Reference value :  4.30720e-01
 Reference value :  4.39308e-01
 Reference value :  4.47926e-01
 Reference value :  4.54686e-01
 Reference value :  4.61791e-01
 Reference value :  4.70320e-01
 Reference value :  4.79176e-01
 Reference value :  4.87892e-01
 Reference value :  4.94260e-01
 Reference value :  5.02644e-01
 Reference value :  5.11412e-01
 Reference value :  5.19504e-01
 Reference value :  5.28116e-01
 Reference value :  5.35510e-01
 Reference value :  5.44184e-01
 Reference value :  5.53050e-01
 Reference value :  5.62008e-01
 Reference value :  5.70468e-01
 Reference value :  5.78316e-01
 Reference value :  5.85472e-01
 Reference value :  5.94196e-01
No. of Data Rows : 300402
I32_FINISHED
ngspice-42 done
