Using SPARSE 1.3 as Direct Linear Solver
Note: Starting dynamic gmin stepping
Warning: Dynamic gmin stepping failed
Note: Starting true gmin stepping
Warning: True gmin stepping failed
Note: Starting source stepping
Warning: singular matrix:  check node bulk_enabled

Warning: singular matrix:  check node bulk_enabled

Warning: source stepping failed
Note: Transient op started
Note: Transient op finished successfully

Note: No compatibility mode selected!


Circuit: i32 exploratory network alternative; not manufacturer u151 model

Doing analysis at TEMP = 27.000000 and TNOM = 27.000000


Initial Transient Solution
--------------------------

Node                                   Voltage
----                                   -------
bat                                          0
cable_r                            1.96249e-55
raw_12v                            2.97952e-52
fused_12v                          2.98051e-52
rev_blocked_12v                    5.58998e-42
protect_ctrl_vin                  -4.19321e-42
protected_12v                      4.95224e-42
input_uv                           3.70764e-43
input_ov                           1.39749e-43
input_shdn                         -4.1932e-42
one                                          1
uv_ok                                    1e-09
ov_bad                                   1e-09
pvalid                                       0
ptimer                                       0
allow                                        0
allow_d                                      0
input_gate_drive                  -2.77044e-35
input_gate                        -2.77044e-35
input_gate_slew                   -2.77045e-35
qsrc                               4.95259e-42
buck_feed                          4.95208e-42
vin5                               4.93746e-42
en5                                1.02195e-42
on5                                      1e-09
xu121.age                                    0
xu121.active                                 0
xu121.ref                                    0
xu121.neg                                    0
xu121.req                           -3.159e-41
fb5                                9.87189e-43
xu121.integral                               0
xu121.cmd                                    0
xu121.command                                0
xu121.drive                                  0
source5                            6.57355e-46
xu121.active_f                               0
xu121.sense                        -6.2875e-40
sw5                                -6.2875e-40
winding5                           4.53023e-43
c127r                              7.44211e-45
c128r                              7.44211e-45
ripple5                            9.87372e-43
rail5                             -6.79767e-45
feediso                           -6.81458e-45
good5                                    1e-09
iso_en_pin                        -1.19257e-45
gooddelay                           6.6967e-11
ageiso                                       0
switchon                                     0
slewiso                                      0
feedpass                          -6.81458e-45
vin                                2.58285e-92
snsiso                             3.51857e-93
snsbase                                      0
localgood                                1e-09
snsfiltered                        7.50022e-10
snsprev                            7.09797e-10
snsevent                                     0
restartage                               1e-05
pgwant                                       0
pgdelay                                      0
en151                             -6.97193e-45
actual_en151                      -3.61427e-45
enable_ctrl                              1e-09
c151_esr                           7.51193e-97
enable                                   1e-09
xu151.age                                    0
xu151.active                                 0
xu151.ref                                    0
xu151.neg                                    0
xu151.req                          1.42473e-92
fb                                -9.89398e-94
xu151.integral                               0
xu151.cmd                                    0
xu151.command                                0
xu151.drive                                  0
source                            -3.30126e-93
xu151.active_f                               0
xu151.sense                       -4.02982e-93
sw                                -4.02982e-93
winding                           -3.30958e-93
c155_esr                          -2.32529e-97
c156_esr                          -2.32529e-97
c157_esr                          -2.32529e-97
c158_esr                          -1.32021e-99
main                              -3.30077e-93
c201_esr                           9.90522e-99
c204_esr                           9.90522e-99
c202_esr                          4.06184e-101
c205_esr                          4.06184e-101
c301_esr                          4.06184e-101
c302_esr                          4.11086e-100
c404_esr                          4.06184e-101
c531_esr                          4.06184e-101
branch_sense                      -3.30077e-93
branch_l                          -3.30077e-93
branch_r                          -3.30077e-93
bulksw_out                                   0
damped                                       0
c206_esr                                     0
main_feed                         -3.30124e-93
main_l                            -3.30106e-93
requested                                 0.45
ready                                        0
valid                                    1e-09
timer                                        0
reset_ctl                                    1
reset_raw                         -1.15817e-94
en                                -4.05358e-94
disg                               2.43083e-92
disfeed                           -3.30126e-93
disdrain                          -3.30126e-93
hold_l                             2.58459e-92
hold_bus                           2.58422e-92
c162                               2.58494e-92
bulk_en_in                        -3.30077e-93
bulk_en_pin                       -8.23134e-94
bulk_want                                1e-09
bulk_enabled                        6.6967e-11
bulk_age                                     0
bulk_slew                                    0
bulk_feed                         -3.30077e-93
bulk_localcap                     -3.30077e-93
bbulk_slew#branch                            0
breset#branch                                0
bready#branch                                0
v.xu151.vsense#branch             8.05963e-105
b.xu151.bdrive#branch            -4.02982e-105
b.xu151.bcmd#branch                          0
b.xu151.breq#branch                          0
b.xu151.bneg#branch                          0
b.xu151.bref#branch                          0
b.xu151.bactive#branch                       0
bpgwant#branch                               0
bswitchon#branch                             0
bsnsevent#branch                             0
bvslew#branch                                0
v.xu121.vsense#branch               1.2575e-51
b.xu121.bdrive#branch              -6.2875e-52
b.xu121.bcmd#branch                          0
b.xu121.breq#branch                          0
b.xu121.bneg#branch                          0
b.xu121.bref#branch                          0
b.xu121.bactive#branch                       0
ballow#branch                                0
bpvalid#branch                               0
lhold#branch                      -2.89232e-94
lmainfeed#branch                  -2.32581e-96
lbranch#branch                     4.51704e-98
l151#branch                       -7.24123e-95
l121#branch                        2.99401e-42
lcable#branch                     -1.96249e-54
vbulkpass#branch                             0
vr165#branch                      1.85657e-100
vsnsbase#branch                    3.51857e-96
vload#branch                                 0
vr158#branch                       4.51704e-98
vpass#branch                      -2.58285e-96
vlogic#branch                           -9e-12
vbat#branch                        1.96249e-54

 Reference value :  2.58417e-03
 Reference value :  7.86617e-03
 Reference value :  1.30162e-02
 Reference value :  1.84222e-02
 Reference value :  2.34942e-02
 Reference value :  2.89302e-02
 Reference value :  3.37502e-02
 Reference value :  3.79122e-02
 Reference value :  4.07736e-02
 Reference value :  4.42976e-02
 Reference value :  4.79716e-02
 Reference value :  5.13296e-02
 Reference value :  5.50716e-02
 Reference value :  5.79296e-02
 Reference value :  6.11736e-02
 Reference value :  6.45196e-02
 Reference value :  6.81316e-02
 Reference value :  7.17216e-02
 Reference value :  7.51136e-02
 Reference value :  7.86576e-02
 Reference value :  8.21216e-02
 Reference value :  8.54369e-02
 Reference value :  8.89189e-02
 Reference value :  9.24609e-02
 Reference value :  9.59319e-02
 Reference value :  9.95419e-02
 Reference value :  1.02567e-01
 Reference value :  1.05452e-01
 Reference value :  1.08612e-01
 Reference value :  1.11820e-01
 Reference value :  1.14878e-01
 Reference value :  1.17988e-01
 Reference value :  1.20952e-01
 Reference value :  1.24132e-01
 Reference value :  1.27352e-01
 Reference value :  1.30522e-01
 Reference value :  1.33654e-01
 Reference value :  1.36712e-01
 Reference value :  1.39890e-01
 Reference value :  1.42906e-01
 Reference value :  1.45962e-01
 Reference value :  1.49142e-01
 Reference value :  1.52306e-01
 Reference value :  1.55262e-01
 Reference value :  1.58296e-01
 Reference value :  1.61446e-01
 Reference value :  1.64554e-01
 Reference value :  1.67442e-01
 Reference value :  1.70596e-01
 Reference value :  1.73990e-01
 Reference value :  1.77716e-01
 Reference value :  1.81592e-01
 Reference value :  1.85488e-01
 Reference value :  1.89278e-01
 Reference value :  1.92978e-01
 Reference value :  1.96934e-01
 Reference value :  2.00824e-01
 Reference value :  2.04720e-01
 Reference value :  2.08454e-01
 Reference value :  2.12452e-01
 Reference value :  2.16456e-01
 Reference value :  2.20310e-01
 Reference value :  2.24250e-01
 Reference value :  2.28254e-01
 Reference value :  2.32300e-01
 Reference value :  2.36110e-01
 Reference value :  2.40188e-01
 Reference value :  2.44226e-01
 Reference value :  2.47994e-01
 Reference value :  2.51866e-01
 Reference value :  2.55806e-01
 Reference value :  2.59736e-01
 Reference value :  2.63674e-01
 Reference value :  2.67718e-01
 Reference value :  2.71796e-01
 Reference value :  2.75624e-01
 Reference value :  2.79378e-01
 Reference value :  2.83204e-01
 Reference value :  2.86996e-01
 Reference value :  2.90912e-01
 Reference value :  2.94838e-01
 Reference value :  2.98968e-01
 Reference value :  3.02750e-01
 Reference value :  3.06418e-01
 Reference value :  3.10324e-01
 Reference value :  3.13950e-01
 Reference value :  3.17612e-01
 Reference value :  3.21452e-01
 Reference value :  3.25270e-01
 Reference value :  3.28904e-01
 Reference value :  3.32656e-01
 Reference value :  3.36544e-01
 Reference value :  3.39708e-01
 Reference value :  3.42598e-01
 Reference value :  3.45638e-01
 Reference value :  3.49030e-01
 Reference value :  3.52242e-01
 Reference value :  3.55144e-01
 Reference value :  3.58202e-01
 Reference value :  3.61368e-01
 Reference value :  3.64384e-01
 Reference value :  3.67410e-01
 Reference value :  3.70622e-01
 Reference value :  3.73874e-01
 Reference value :  3.76994e-01
 Reference value :  3.80160e-01
 Reference value :  3.82960e-01
 Reference value :  3.85542e-01
 Reference value :  3.88586e-01
 Reference value :  3.92142e-01
 Reference value :  3.95474e-01
 Reference value :  3.98478e-01
 Reference value :  4.01692e-01
 Reference value :  4.04966e-01
 Reference value :  4.08264e-01
 Reference value :  4.11104e-01
 Reference value :  4.14318e-01
 Reference value :  4.17536e-01
 Reference value :  4.20628e-01
 Reference value :  4.23552e-01
 Reference value :  4.26692e-01
 Reference value :  4.29908e-01
 Reference value :  4.32884e-01
 Reference value :  4.35780e-01
 Reference value :  4.38970e-01
 Reference value :  4.42184e-01
 Reference value :  4.45216e-01
 Reference value :  4.48450e-01
 Reference value :  4.50090e-01
 Reference value :  4.52732e-01
 Reference value :  4.56102e-01
 Reference value :  4.59748e-01
 Reference value :  4.63202e-01
 Reference value :  4.66578e-01
 Reference value :  4.69917e-01
 Reference value :  4.72553e-01
 Reference value :  4.75565e-01
 Reference value :  4.78505e-01
 Reference value :  4.79911e-01
 Reference value :  4.83253e-01
 Reference value :  4.86597e-01
 Reference value :  4.89931e-01
 Reference value :  4.93499e-01
 Reference value :  4.96949e-01
 Reference value :  5.00373e-01
 Reference value :  5.03691e-01
 Reference value :  5.06007e-01
 Reference value :  5.10153e-01
 Reference value :  5.13651e-01
 Reference value :  5.17357e-01
 Reference value :  5.21551e-01
 Reference value :  5.26036e-01
 Reference value :  5.30532e-01
 Reference value :  5.34782e-01
 Reference value :  5.38418e-01
 Reference value :  5.42252e-01
 Reference value :  5.45625e-01
 Reference value :  5.49544e-01
 Reference value :  5.53554e-01
 Reference value :  5.57374e-01
 Reference value :  5.61198e-01
 Reference value :  5.65346e-01
 Reference value :  5.69303e-01
 Reference value :  5.73423e-01
 Reference value :  5.77045e-01
 Reference value :  5.81267e-01
 Reference value :  5.85457e-01
 Reference value :  5.89425e-01
 Reference value :  5.93639e-01
 Reference value :  5.97515e-01
 Reference value :  6.00899e-01
 Reference value :  6.04977e-01
 Reference value :  6.08859e-01
 Reference value :  6.12777e-01
 Reference value :  6.16887e-01
 Reference value :  6.20977e-01
 Reference value :  6.25195e-01
 Reference value :  6.28909e-01
 Reference value :  6.33059e-01
 Reference value :  6.37097e-01
 Reference value :  6.40527e-01
 Reference value :  6.42621e-01
 Reference value :  6.46021e-01
 Reference value :  6.49223e-01
 Reference value :  6.51829e-01
 Reference value :  6.55113e-01
 Reference value :  6.58455e-01
 Reference value :  6.61631e-01
 Reference value :  6.64961e-01
 Reference value :  6.68169e-01
 Reference value :  6.71415e-01
 Reference value :  6.74615e-01
 Reference value :  6.77805e-01
 Reference value :  6.81137e-01
 Reference value :  6.84641e-01
 Reference value :  6.88047e-01
 Reference value :  6.91295e-01
 Reference value :  6.94515e-01
 Reference value :  6.97929e-01
 Reference value :  7.01379e-01
 Reference value :  7.04735e-01
 Reference value :  7.08201e-01
 Reference value :  7.11603e-01
 Reference value :  7.14909e-01
 Reference value :  7.18155e-01
 Reference value :  7.21549e-01
 Reference value :  7.24939e-01
 Reference value :  7.28031e-01
 Reference value :  7.31307e-01
 Reference value :  7.34645e-01
 Reference value :  7.37501e-01
 Reference value :  7.42221e-01
 Reference value :  7.47489e-01
 Reference value :  7.53169e-01
 Reference value :  7.58667e-01
 Reference value :  7.64281e-01
 Reference value :  7.70075e-01
 Reference value :  7.75653e-01
 Reference value :  7.80885e-01
 Reference value :  7.85983e-01
 Reference value :  7.91373e-01
 Reference value :  7.94981e-01
 Reference value :  7.97197e-01
 Reference value :  8.02827e-01
 Reference value :  8.08833e-01
 Reference value :  8.14461e-01
 Reference value :  8.19467e-01
 Reference value :  8.24929e-01
 Reference value :  8.30823e-01
 Reference value :  8.36693e-01
 Reference value :  8.42087e-01
 Reference value :  8.48071e-01
 Reference value :  8.53905e-01
 Reference value :  8.59651e-01
 Reference value :  8.65531e-01
 Reference value :  8.71605e-01
 Reference value :  8.77641e-01
 Reference value :  8.83439e-01
 Reference value :  8.89393e-01
 Reference value :  8.94899e-01
No. of Data Rows : 452620
I32_FINISHED
ngspice-42 done
