Using SPARSE 1.3 as Direct Linear Solver
Note: Starting dynamic gmin stepping
Warning: Dynamic gmin stepping failed
Note: Starting true gmin stepping
Warning: True gmin stepping failed
Note: Starting source stepping
Warning: singular matrix:  check node snsfiltered

Warning: singular matrix:  check node snsfiltered

Warning: source stepping failed
Note: Transient op started
Note: Transient op finished successfully

Note: No compatibility mode selected!


Circuit: i32 exploratory network alternative; not manufacturer u151 model

Doing analysis at TEMP = 27.000000 and TNOM = 27.000000


Initial Transient Solution
--------------------------

Node                                   Voltage
----                                   -------
bat                                          0
cable_r                            1.96234e-55
raw_12v                            2.97948e-52
fused_12v                          2.98046e-52
rev_blocked_12v                    5.58996e-42
protect_ctrl_vin                   -4.1932e-42
protected_12v                      4.95223e-42
input_uv                           3.70763e-43
input_ov                           1.39749e-43
input_shdn                        -4.19319e-42
one                                          1
uv_ok                                    1e-09
ov_bad                                   1e-09
pvalid                                       0
ptimer                                       0
allow                                        0
allow_d                                      0
input_gate_drive                  -2.77043e-35
input_gate                        -2.77043e-35
input_gate_slew                   -2.77044e-35
qsrc                               4.95258e-42
buck_feed                          4.95207e-42
vin5                               4.93744e-42
en5                                1.02195e-42
on5                                      1e-09
xu121.age                                    0
xu121.active                                 0
xu121.ref                                    0
xu121.neg                                    0
xu121.req                           -3.159e-41
fb5                                9.87186e-43
xu121.integral                               0
xu121.cmd                                    0
xu121.command                                0
xu121.drive                                  0
source5                            6.57353e-46
xu121.active_f                               0
xu121.sense                       -6.28748e-40
sw5                               -6.28748e-40
winding5                           4.53022e-43
c127r                              7.44209e-45
c128r                              7.44209e-45
ripple5                             9.8737e-43
rail5                             -6.79766e-45
feediso                           -6.81456e-45
good5                                    1e-09
iso_en_pin                        -1.19257e-45
gooddelay                           6.6967e-11
ageiso                                       0
switchon                                     0
slewiso                                      0
feedpass                          -6.81456e-45
vin                                1.24435e-84
snsiso                             1.69515e-85
localgood                                1e-09
snsfiltered                        7.50022e-10
snsprev                            7.09797e-10
snsevent                                     0
restartage                               1e-05
pgwant                                       0
pgdelay                                      0
en151                             -6.97191e-45
actual_en151                      -3.61427e-45
enable_ctrl                              1e-09
c151_esr                           7.86342e-89
enable                                   1e-09
xu151.age                                    0
xu151.active                                 0
xu151.ref                                    0
xu151.neg                                    0
xu151.req                          3.36174e-83
fb                                -2.33454e-84
xu151.integral                               0
xu151.cmd                                    0
xu151.command                                0
xu151.drive                                  0
source                            -7.78951e-84
xu151.active_f                               0
xu151.sense                        -6.1039e-84
sw                                 -6.1039e-84
winding                           -7.79087e-84
c155_esr                            -3.802e-89
c156_esr                            -3.802e-89
c157_esr                            -3.802e-89
c158_esr                           1.76515e-91
main                                         0
c201_esr                                     0
c204_esr                                     0
c202_esr                                     0
c205_esr                                     0
c301_esr                                     0
c302_esr                                     0
c404_esr                                     0
c531_esr                                     0
branch_sense                                 0
branch_l                                     0
branch_r                                     0
bulksw_out                                   0
damped                                       0
c206_esr                                     0
main_feed                         -5.84155e-97
main_l                            5.87018e-101
requested                                 0.45
ready                                        0
valid                                    1e-09
timer                                        0
reset_ctl                                    1
reset_raw                                    0
en                                           0
disg                               1.17106e-84
disfeed                           -7.78951e-84
disdrain                          -7.78951e-84
hold_l                             1.24518e-84
hold_bus                           1.24495e-84
c162                                1.2453e-84
bulk_en_in                                   0
bulk_en_pin                                  0
bulk_want                                1e-09
bulk_enabled                        6.6967e-11
bulk_age                                     0
bulk_slew                                    0
bulk_feed                                    0
bulk_localcap                                0
bbulk_slew#branch                            0
breset#branch                                0
bready#branch                                0
v.xu151.vsense#branch              1.22078e-95
b.xu151.bdrive#branch              -6.1039e-96
b.xu151.bcmd#branch                          0
b.xu151.breq#branch                          0
b.xu151.bneg#branch                          0
b.xu151.bref#branch                          0
b.xu151.bactive#branch                       0
bpgwant#branch                               0
bswitchon#branch                             0
bsnsevent#branch                             0
bvslew#branch                                0
v.xu121.vsense#branch               1.2575e-51
b.xu121.bdrive#branch             -6.28748e-52
b.xu121.bcmd#branch                          0
b.xu121.breq#branch                          0
b.xu121.bneg#branch                          0
b.xu121.bref#branch                          0
b.xu121.bactive#branch                       0
ballow#branch                                0
bpvalid#branch                               0
lhold#branch                      -1.39238e-86
lmainfeed#branch                  -7.78951e-96
lbranch#branch                               0
l151#branch                       -1.18506e-86
l121#branch                        2.99401e-42
lcable#branch                     -1.96234e-54
vbulkpass#branch                             0
vr165#branch                        7.1165e-92
vload#branch                                 0
vservice3#branch                  -7.78951e-96
vr158#branch                                 0
vpass#branch                      -1.24435e-88
vlogic#branch                           -9e-12
vbat#branch                        1.96234e-54

 Reference value :  1.37919e-03
 Reference value :  4.58579e-03
 Reference value :  7.62779e-03
 Reference value :  1.06538e-02
 Reference value :  1.45498e-02
 Reference value :  1.88078e-02
 Reference value :  2.24318e-02
 Reference value :  2.72498e-02
 Reference value :  3.25558e-02
 Reference value :  3.74938e-02
 Reference value :  4.27078e-02
 Reference value :  4.78498e-02
 Reference value :  5.20578e-02
 Reference value :  5.72638e-02
 Reference value :  6.23518e-02
 Reference value :  6.74138e-02
 Reference value :  7.24058e-02
 Reference value :  7.73778e-02
 Reference value :  8.21078e-02
 Reference value :  8.72298e-02
 Reference value :  9.20558e-02
 Reference value :  9.71158e-02
 Reference value :  1.01728e-01
 Reference value :  1.06774e-01
 Reference value :  1.11626e-01
 Reference value :  1.16352e-01
 Reference value :  1.21298e-01
 Reference value :  1.26226e-01
 Reference value :  1.31130e-01
 Reference value :  1.36092e-01
 Reference value :  1.41188e-01
 Reference value :  1.45992e-01
 Reference value :  1.50722e-01
 Reference value :  1.55640e-01
 Reference value :  1.60532e-01
 Reference value :  1.65558e-01
 Reference value :  1.70178e-01
 Reference value :  1.74954e-01
 Reference value :  1.79232e-01
 Reference value :  1.83775e-01
 Reference value :  1.88805e-01
 Reference value :  1.93567e-01
 Reference value :  1.98239e-01
 Reference value :  2.03157e-01
 Reference value :  2.08233e-01
 Reference value :  2.12887e-01
 Reference value :  2.17575e-01
 Reference value :  2.22509e-01
 Reference value :  2.27105e-01
 Reference value :  2.31493e-01
 Reference value :  2.35887e-01
 Reference value :  2.40125e-01
 Reference value :  2.44873e-01
 Reference value :  2.48793e-01
 Reference value :  2.51829e-01
 Reference value :  2.55291e-01
 Reference value :  2.60047e-01
 Reference value :  2.63429e-01
 Reference value :  2.68471e-01
 Reference value :  2.72041e-01
 Reference value :  2.76755e-01
 Reference value :  2.80879e-01
 Reference value :  2.85461e-01
 Reference value :  2.89363e-01
 Reference value :  2.94017e-01
 Reference value :  2.98865e-01
 Reference value :  3.03805e-01
 Reference value :  3.08527e-01
 Reference value :  3.11829e-01
 Reference value :  3.15835e-01
 Reference value :  3.20811e-01
 Reference value :  3.25941e-01
 Reference value :  3.30645e-01
 Reference value :  3.35471e-01
 Reference value :  3.40339e-01
 Reference value :  3.45163e-01
 Reference value :  3.50231e-01
 Reference value :  3.55231e-01
 Reference value :  3.60057e-01
 Reference value :  3.64639e-01
 Reference value :  3.69767e-01
 Reference value :  3.74821e-01
 Reference value :  3.79785e-01
 Reference value :  3.84799e-01
 Reference value :  3.89871e-01
 Reference value :  3.94893e-01
 Reference value :  3.99757e-01
 Reference value :  4.04593e-01
 Reference value :  4.09463e-01
 Reference value :  4.14331e-01
 Reference value :  4.19023e-01
 Reference value :  4.23575e-01
 Reference value :  4.28323e-01
 Reference value :  4.33191e-01
 Reference value :  4.38269e-01
 Reference value :  4.43399e-01
 Reference value :  4.48473e-01
 Reference value :  4.53297e-01
 Reference value :  4.58259e-01
 Reference value :  4.63473e-01
 Reference value :  4.67195e-01
 Reference value :  4.72381e-01
 Reference value :  4.77447e-01
 Reference value :  4.82365e-01
 Reference value :  4.87361e-01
 Reference value :  4.92547e-01
 Reference value :  4.97539e-01
 Reference value :  5.02477e-01
 Reference value :  5.07421e-01
 Reference value :  5.12847e-01
 Reference value :  5.17935e-01
 Reference value :  5.22311e-01
 Reference value :  5.27955e-01
 Reference value :  5.32823e-01
 Reference value :  5.37651e-01
 Reference value :  5.42307e-01
 Reference value :  5.47239e-01
 Reference value :  5.52107e-01
 Reference value :  5.57001e-01
 Reference value :  5.61823e-01
 Reference value :  5.66319e-01
 Reference value :  5.70959e-01
 Reference value :  5.75323e-01
 Reference value :  5.79119e-01
 Reference value :  5.80327e-01
 Reference value :  5.85217e-01
 Reference value :  5.90049e-01
 Reference value :  5.94935e-01
 Reference value :  5.99675e-01
No. of Data Rows : 300346
I32_FINISHED
ngspice-42 done
