Using SPARSE 1.3 as Direct Linear Solver
Note: Starting dynamic gmin stepping
Warning: Dynamic gmin stepping failed
Note: Starting true gmin stepping
Warning: True gmin stepping failed
Note: Starting source stepping
Warning: singular matrix:  check node snsfiltered

Warning: singular matrix:  check node snsfiltered

Warning: source stepping failed
Note: Transient op started
Note: Transient op finished successfully

Note: No compatibility mode selected!


Circuit: i32 exploratory network alternative; not manufacturer u151 model

Doing analysis at TEMP = 27.000000 and TNOM = 27.000000


Initial Transient Solution
--------------------------

Node                                   Voltage
----                                   -------
bat                                          0
cable_r                            -2.3541e-54
raw_12v                            1.53854e-51
fused_12v                          1.53736e-51
rev_blocked_12v                    5.71176e-42
protect_ctrl_vin                  -4.26782e-42
protected_12v                      5.06138e-42
input_uv                           3.78841e-43
input_ov                           1.42794e-43
input_shdn                        -4.26781e-42
one                                          1
uv_ok                                    1e-09
ov_bad                                   1e-09
pvalid                                       0
ptimer                                       0
allow                                        0
allow_d                                      0
input_gate_drive                  -2.82585e-35
input_gate                        -2.82585e-35
input_gate_slew                   -2.82586e-35
qsrc                               5.06174e-42
buck_feed                          5.06081e-42
vin5                               5.00772e-42
en5                                1.03649e-42
on5                                      1e-09
xu121.age                                    0
xu121.active                                 0
xu121.ref                                    0
xu121.neg                                    0
xu121.req                         -8.52788e-41
fb5                                2.66496e-42
xu121.integral                               0
xu121.cmd                                    0
xu121.command                                0
xu121.drive                                  0
source5                           -4.13455e-43
xu121.active_f                               0
xu121.sense                       -1.59327e-39
sw5                               -1.59327e-39
winding5                           1.15295e-42
c127r                              2.08022e-44
c128r                              2.08022e-44
ripple5                            2.34729e-42
rail5                              -4.3435e-43
feediso                           -4.34445e-43
good5                                    1e-09
iso_en_pin                        -7.74666e-44
gooddelay                           6.6967e-11
ageiso                                       0
switchon                                     0
slewiso                                      0
feedpass                          -4.34445e-43
vin                                -2.5959e-79
snsiso                            -3.59819e-80
localgood                                1e-09
snsfiltered                        7.50022e-10
snsprev                            7.09797e-10
snsevent                                     0
restartage                               1e-05
pgwant                                       0
pgdelay                                      0
en151                             -4.02555e-43
enable_ctrl                              1e-09
c151_esr                          -4.59273e-87
enable                                   1e-09
xu151.age                                    0
xu151.active                                 0
xu151.ref                                    0
xu151.neg                                    0
xu151.req                         -1.48427e-81
fb                                 1.03074e-82
xu151.integral                               0
xu151.cmd                                    0
xu151.command                                0
xu151.drive                                  0
source                             3.36488e-82
xu151.active_f                               0
xu151.sense                        2.70673e-82
sw                                 2.70673e-82
winding                            3.36555e-82
c155_esr                           1.77361e-87
c156_esr                           1.77361e-87
c157_esr                           1.77361e-87
c158_esr                          -4.11802e-90
main                               3.36485e-82
c201_esr                           7.24868e-89
c204_esr                           7.24868e-89
c202_esr                           2.93228e-91
c205_esr                           2.93228e-91
c301_esr                           2.93228e-91
c302_esr                           2.79138e-89
c404_esr                           2.93228e-91
c531_esr                           2.93228e-91
branch_sense                       3.36485e-82
branch_l                           3.36491e-82
branch_r                           3.36491e-82
damped                              3.3652e-82
c206_esr                           -1.5581e-87
requested                                 0.45
ready                                        0
valid                                    1e-09
timer                                        0
reset_ctl                                    1
reset_raw                          1.18065e-83
en                                 4.13227e-83
disg                               -2.5959e-79
disfeed                            3.36488e-82
disdrain                           3.36488e-82
hold_l                             -2.5959e-79
hold_bus                           -2.5959e-79
c162                               -2.5959e-79
c163                               -2.5959e-79
c164                               -2.5959e-79
breset#branch                                0
bready#branch                                0
v.xu151.vsense#branch             -5.41436e-94
b.xu151.bdrive#branch              2.70673e-94
b.xu151.bcmd#branch                          0
b.xu151.breq#branch                          0
b.xu151.bneg#branch                          0
b.xu151.bref#branch                          0
b.xu151.bactive#branch                       0
bpgwant#branch                               0
bswitchon#branch                             0
bsnsevent#branch                             0
bvslew#branch                                0
v.xu121.vsense#branch              3.18654e-51
b.xu121.bdrive#branch             -1.59327e-51
b.xu121.bcmd#branch                          0
b.xu121.breq#branch                          0
b.xu121.bneg#branch                          0
b.xu121.bref#branch                          0
b.xu121.bactive#branch                       0
ballow#branch                                0
bpvalid#branch                               0
lhold#branch                       3.27406e-85
lbranch#branch                     -6.2324e-86
l151#branch                        8.73436e-85
l121#branch                        8.37649e-42
lcable#branch                       2.3541e-53
vr165#branch                      -3.63706e-90
vload#branch                                 0
vr158#branch                       -6.2324e-86
vpass#branch                                 0
vlogic#branch                           -8e-12
vbat#branch                        -2.3541e-53

 Reference value :  9.89817e-03
 Reference value :  1.74402e-02
 Reference value :  2.76542e-02
 Reference value :  3.68837e-02
 Reference value :  4.21483e-02
 Reference value :  5.17523e-02
 Reference value :  6.05303e-02
 Reference value :  6.78435e-02
 Reference value :  7.51559e-02
 Reference value :  8.28319e-02
 Reference value :  9.02329e-02
 Reference value :  9.97349e-02
 Reference value :  1.09279e-01
 Reference value :  1.19147e-01
 Reference value :  1.28523e-01
 Reference value :  1.37343e-01
 Reference value :  1.44997e-01
 Reference value :  1.54793e-01
 Reference value :  1.61663e-01
 Reference value :  1.69035e-01
 Reference value :  1.78137e-01
 Reference value :  1.85536e-01
 Reference value :  1.97208e-01
 Reference value :  2.09176e-01
 Reference value :  2.21292e-01
 Reference value :  2.33558e-01
 Reference value :  2.45892e-01
 Reference value :  2.55211e-01
 Reference value :  2.65959e-01
 Reference value :  2.76863e-01
 Reference value :  2.87431e-01
 Reference value :  2.97385e-01
 Reference value :  3.09157e-01
 Reference value :  3.21185e-01
 Reference value :  3.31071e-01
 Reference value :  3.42427e-01
 Reference value :  3.53563e-01
 Reference value :  3.64115e-01
 Reference value :  3.75055e-01
 Reference value :  3.83671e-01
 Reference value :  3.94555e-01
 Reference value :  4.06445e-01
 Reference value :  4.18643e-01
 Reference value :  4.31077e-01
 Reference value :  4.43397e-01
 Reference value :  4.52487e-01
 Reference value :  4.64139e-01
 Reference value :  4.76433e-01
 Reference value :  4.88879e-01
 Reference value :  5.00477e-01
 Reference value :  5.12733e-01
 Reference value :  5.24909e-01
 Reference value :  5.37455e-01
 Reference value :  5.49755e-01
 Reference value :  5.62153e-01
 Reference value :  5.73275e-01
 Reference value :  5.84023e-01
 Reference value :  5.94877e-01
 Reference value :  6.06379e-01
 Reference value :  6.17905e-01
 Reference value :  6.28943e-01
 Reference value :  6.40585e-01
 Reference value :  6.52795e-01
 Reference value :  6.64543e-01
 Reference value :  6.73575e-01
 Reference value :  6.85815e-01
 Reference value :  6.98037e-01
 Reference value :  7.09889e-01
 Reference value :  7.21821e-01
 Reference value :  7.34109e-01
 Reference value :  7.46061e-01
 Reference value :  7.58173e-01
 Reference value :  7.70407e-01
 Reference value :  7.82565e-01
 Reference value :  7.91271e-01
 Reference value :  7.98027e-01
 Reference value :  8.09009e-01
 Reference value :  8.18748e-01
 Reference value :  8.28748e-01
 Reference value :  8.38538e-01
 Reference value :  8.48304e-01
 Reference value :  8.58012e-01
 Reference value :  8.67736e-01
 Reference value :  8.77232e-01
 Reference value :  8.86342e-01
 Reference value :  8.95836e-01
No. of Data Rows : 451886
I32_FINISHED
ngspice-42 done
