Using SPARSE 1.3 as Direct Linear Solver
Note: Starting dynamic gmin stepping
Warning: Dynamic gmin stepping failed
Note: Starting true gmin stepping
Warning: True gmin stepping failed
Note: Starting source stepping
Warning: singular matrix:  check node gooddelay

Warning: singular matrix:  check node gooddelay

Warning: source stepping failed
Note: Transient op started
Note: Transient op finished successfully

Note: No compatibility mode selected!


Circuit: i32 exploratory network alternative; not manufacturer u151 model

Doing analysis at TEMP = 27.000000 and TNOM = 27.000000


Initial Transient Solution
--------------------------

Node                                   Voltage
----                                   -------
bat                                          0
cable_r                           -1.75012e-54
raw_12v                            1.19886e-51
fused_12v                          1.19798e-51
rev_blocked_12v                    5.72135e-42
protect_ctrl_vin                  -4.27091e-42
protected_12v                       5.0645e-42
input_uv                           3.79477e-43
input_ov                           1.43034e-43
input_shdn                        -4.27091e-42
one                                          1
uv_ok                                    1e-09
ov_bad                                   1e-09
pvalid                                       0
ptimer                                       0
allow                                        0
allow_d                                      0
input_gate_drive                  -2.82946e-35
input_gate                        -2.82946e-35
input_gate_slew                   -2.82947e-35
qsrc                               5.06486e-42
buck_feed                          5.06405e-42
vin5                               5.02174e-42
en5                                1.03939e-42
on5                                      1e-09
xu121.age                                    0
xu121.active                                 0
xu121.ref                                    0
xu121.neg                                    0
xu121.req                         -7.36165e-41
fb5                                2.30052e-42
xu121.integral                               0
xu121.cmd                                    0
xu121.command                                0
xu121.drive                                  0
source5                           -2.88026e-43
xu121.active_f                               0
xu121.sense                       -1.20098e-39
sw5                               -1.20098e-39
winding5                           1.71317e-42
c127r                              1.78321e-44
c128r                              1.78321e-44
ripple5                             2.0774e-42
rail5                             -3.05936e-43
feediso                           -3.06017e-43
good5                                    1e-09
iso_en_pin                        -5.45639e-44
gooddelay                           6.6967e-11
ageiso                                       0
switchon                                     0
slewiso                                      0
feedpass                          -3.06017e-43
vin                               -1.02545e-78
snsiso                            -1.42138e-79
localgood                                1e-09
snsfiltered                        7.50022e-10
snsprev                            7.09797e-10
snsevent                                     0
restartage                               1e-05
pgwant                                       0
pgdelay                                      0
en151                             -2.65067e-43
actual_en151                       -1.3463e-43
enable_ctrl                              1e-09
c151_esr                          -1.93141e-86
enable                                   1e-09
xu151.age                                    0
xu151.active                                 0
xu151.ref                                    0
xu151.neg                                    0
xu151.req                         -5.61533e-81
fb                                 3.89953e-82
xu151.integral                               0
xu151.cmd                                    0
xu151.command                                0
xu151.drive                                  0
source                             1.30113e-81
xu151.active_f                               0
xu151.sense                        8.66679e-82
sw                                 8.66679e-82
winding                            1.30155e-81
c155_esr                           9.86631e-87
c156_esr                           9.86631e-87
c157_esr                           9.86631e-87
c158_esr                          -4.78886e-89
main                               1.30107e-81
c201_esr                          -4.48915e-87
c204_esr                          -4.48915e-87
c202_esr                          -1.83654e-89
c205_esr                          -1.83654e-89
c301_esr                          -1.83654e-89
c302_esr                          -1.83793e-88
c404_esr                          -1.83654e-89
c531_esr                          -1.83654e-89
branch_sense                       1.30107e-81
branch_l                           1.30107e-81
branch_r                           1.30107e-81
bulksw_out                                   0
damped                                       0
c206_esr                                     0
main_feed                          1.30113e-81
main_l                             1.30108e-81
requested                                 0.45
ready                                        0
valid                                    1e-09
timer                                        0
reset_ctl                                    1
reset_raw                          4.56516e-83
en                                  1.5978e-82
disg                              -1.02545e-78
disfeed                            1.30113e-81
disdrain                           1.30113e-81
hold_l                            -1.02545e-78
hold_bus                          -1.02545e-78
c162                              -1.02545e-78
bulk_en_in                         1.30107e-81
bulk_en_pin                        3.24213e-82
bulk_want                                1e-09
bulk_enabled                        6.6967e-11
bulk_age                                     0
bulk_slew                                    0
bulk_feed                          1.30107e-81
bbulk_slew#branch                            0
breset#branch                                0
bready#branch                                0
v.xu151.vsense#branch              -1.7331e-93
b.xu151.bdrive#branch              8.66679e-94
b.xu151.bcmd#branch                          0
b.xu151.breq#branch                          0
b.xu151.bneg#branch                          0
b.xu151.bref#branch                          0
b.xu151.bactive#branch                       0
bpgwant#branch                               0
bswitchon#branch                             0
bsnsevent#branch                             0
bvslew#branch                                0
v.xu121.vsense#branch              2.40195e-51
b.xu121.bdrive#branch             -1.20098e-51
b.xu121.bcmd#branch                          0
b.xu121.breq#branch                          0
b.xu121.bneg#branch                          0
b.xu121.bref#branch                          0
b.xu121.bactive#branch                       0
ballow#branch                                0
bpvalid#branch                               0
lhold#branch                       1.35555e-84
lmainfeed#branch                   5.87314e-85
lbranch#branch                               0
l151#branch                        3.61961e-84
l121#branch                        7.17625e-42
lcable#branch                      1.75012e-53
vbulkpass#branch                             0
vr165#branch                      -2.17331e-89
vload#branch                                 0
vr158#branch                       2.67479e-93
vpass#branch                                 0
vlogic#branch                           -9e-12
vbat#branch                       -1.75012e-53

 Reference value :  9.55017e-03
 Reference value :  2.02602e-02
 Reference value :  3.13522e-02
 Reference value :  4.14665e-02
 Reference value :  5.01565e-02
 Reference value :  6.00645e-02
 Reference value :  6.99465e-02
 Reference value :  7.90726e-02
 Reference value :  8.91678e-02
 Reference value :  9.93530e-02
 Reference value :  1.08129e-01
 Reference value :  1.16773e-01
 Reference value :  1.25625e-01
 Reference value :  1.34925e-01
 Reference value :  1.44325e-01
 Reference value :  1.52244e-01
 Reference value :  1.61509e-01
 Reference value :  1.72999e-01
 Reference value :  1.84503e-01
 Reference value :  1.95919e-01
 Reference value :  2.07377e-01
 Reference value :  2.18879e-01
 Reference value :  2.30369e-01
 Reference value :  2.41827e-01
 Reference value :  2.53455e-01
 Reference value :  2.65023e-01
 Reference value :  2.76405e-01
 Reference value :  2.87843e-01
 Reference value :  2.99517e-01
 Reference value :  3.09817e-01
 Reference value :  3.21095e-01
 Reference value :  3.31905e-01
 Reference value :  3.43055e-01
 Reference value :  3.54517e-01
 Reference value :  3.65637e-01
 Reference value :  3.76821e-01
 Reference value :  3.88039e-01
 Reference value :  3.99625e-01
 Reference value :  4.10981e-01
 Reference value :  4.22331e-01
 Reference value :  4.33283e-01
 Reference value :  4.44145e-01
 Reference value :  4.53463e-01
 Reference value :  4.63219e-01
 Reference value :  4.74225e-01
 Reference value :  4.84267e-01
 Reference value :  4.94675e-01
 Reference value :  5.05285e-01
 Reference value :  5.13897e-01
 Reference value :  5.24445e-01
 Reference value :  5.35313e-01
 Reference value :  5.45697e-01
 Reference value :  5.55875e-01
 Reference value :  5.67001e-01
 Reference value :  5.77477e-01
 Reference value :  5.88867e-01
 Reference value :  5.99667e-01
 Reference value :  6.10885e-01
 Reference value :  6.20089e-01
 Reference value :  6.30395e-01
 Reference value :  6.41451e-01
 Reference value :  6.52865e-01
 Reference value :  6.64185e-01
 Reference value :  6.75393e-01
 Reference value :  6.86733e-01
 Reference value :  6.98221e-01
 Reference value :  7.09645e-01
 Reference value :  7.20949e-01
 Reference value :  7.32177e-01
 Reference value :  7.43749e-01
 Reference value :  7.55112e-01
 Reference value :  7.66532e-01
 Reference value :  7.77918e-01
 Reference value :  7.88240e-01
 Reference value :  7.98192e-01
 Reference value :  8.07844e-01
 Reference value :  8.17498e-01
 Reference value :  8.27133e-01
 Reference value :  8.37289e-01
 Reference value :  8.46637e-01
No. of Data Rows : 427296
I32_FINISHED
ngspice-42 done
