Using SPARSE 1.3 as Direct Linear Solver
Note: Starting dynamic gmin stepping
Warning: Dynamic gmin stepping failed
Note: Starting true gmin stepping
Warning: True gmin stepping failed
Note: Starting source stepping
Warning: singular matrix:  check node snsfiltered

Warning: singular matrix:  check node snsfiltered

Warning: source stepping failed
Note: Transient op started
Note: Transient op finished successfully

Note: No compatibility mode selected!


Circuit: i32 exploratory network alternative; not manufacturer u151 model

Doing analysis at TEMP = 27.000000 and TNOM = 27.000000


Initial Transient Solution
--------------------------

Node                                   Voltage
----                                   -------
bat                                          0
cable_r                            -2.3541e-54
raw_12v                            1.53854e-51
fused_12v                          1.53736e-51
rev_blocked_12v                    5.71176e-42
protect_ctrl_vin                  -4.26782e-42
protected_12v                      5.06138e-42
input_uv                           3.78841e-43
input_ov                           1.42794e-43
input_shdn                        -4.26781e-42
one                                          1
uv_ok                                    1e-09
ov_bad                                   1e-09
pvalid                                       0
ptimer                                       0
allow                                        0
allow_d                                      0
input_gate_drive                  -2.82585e-35
input_gate                        -2.82585e-35
input_gate_slew                   -2.82586e-35
qsrc                               5.06174e-42
buck_feed                          5.06081e-42
vin5                               5.00772e-42
en5                                1.03649e-42
on5                                      1e-09
xu121.age                                    0
xu121.active                                 0
xu121.ref                                    0
xu121.neg                                    0
xu121.req                         -8.52788e-41
fb5                                2.66496e-42
xu121.integral                               0
xu121.cmd                                    0
xu121.command                                0
xu121.drive                                  0
source5                           -4.13455e-43
xu121.active_f                               0
xu121.sense                       -1.59327e-39
sw5                               -1.59327e-39
winding5                           1.15295e-42
c127r                              2.08022e-44
c128r                              2.08022e-44
ripple5                            2.34729e-42
rail5                              -4.3435e-43
feediso                           -4.34445e-43
good5                                    1e-09
iso_en_pin                        -7.74666e-44
gooddelay                           6.6967e-11
ageiso                                       0
switchon                                     0
slewiso                                      0
feedpass                          -4.34445e-43
vin                                2.37099e-79
snsiso                             3.31529e-80
localgood                                1e-09
snsfiltered                        7.50022e-10
snsprev                            7.09797e-10
snsevent                                     0
restartage                               1e-05
pgwant                                       0
pgdelay                                      0
en151                             -4.02555e-43
enable_ctrl                              1e-09
c151_esr                          -4.10541e-84
enable                                   1e-09
xu151.age                                    0
xu151.active                                 0
xu151.ref                                    0
xu151.neg                                    0
xu151.req                          1.35623e-81
fb                                -9.41826e-83
xu151.integral                               0
xu151.cmd                                    0
xu151.command                                0
xu151.drive                                  0
source                            -3.08033e-82
xu151.active_f                               0
xu151.sense                       -6.85992e-82
sw                                -6.85992e-82
winding                           -3.08466e-82
c155_esr                          -1.44589e-86
c156_esr                          -1.44589e-86
c157_esr                          -1.44589e-86
c158_esr                          -1.27298e-88
main                              -3.08021e-82
c201_esr                          -4.31139e-87
c204_esr                          -4.31139e-87
c202_esr                          -5.84027e-89
c205_esr                          -5.84027e-89
c301_esr                          -5.84027e-89
c302_esr                          -6.53227e-88
c404_esr                          -5.84027e-89
c531_esr                          -5.84027e-89
branch_sense                      -3.08021e-82
branch_l                          -3.08025e-82
branch_r                          -3.08021e-82
damped                            -3.08042e-82
c206_esr                           1.10288e-87
requested                                 0.45
ready                                        0
valid                                    1e-09
timer                                        0
reset_ctl                                    1
reset_raw                         -1.08077e-83
en                                -3.78269e-83
disg                               2.23094e-79
disfeed                           -3.08033e-82
disdrain                          -3.08033e-82
hold_l                             2.37477e-79
hold_bus                           2.37307e-79
c162                               2.37517e-79
c163                               2.37517e-79
c164                               2.37517e-79
breset#branch                                0
bready#branch                                0
v.xu151.vsense#branch              1.37208e-93
b.xu151.bdrive#branch             -6.85992e-94
b.xu151.bcmd#branch                          0
b.xu151.breq#branch                          0
b.xu151.bneg#branch                          0
b.xu151.bref#branch                          0
b.xu151.bactive#branch                       0
bpgwant#branch                               0
bswitchon#branch                             0
bsnsevent#branch                             0
bvslew#branch                                0
v.xu121.vsense#branch              3.18654e-51
b.xu121.bdrive#branch             -1.59327e-51
b.xu121.bcmd#branch                          0
b.xu121.breq#branch                          0
b.xu121.bneg#branch                          0
b.xu121.bref#branch                          0
b.xu121.bactive#branch                       0
ballow#branch                                0
bpvalid#branch                               0
lhold#branch                      -6.29283e-81
lbranch#branch                     4.41151e-86
l151#branch                       -5.61702e-84
l121#branch                        8.37649e-42
lcable#branch                       2.3541e-53
vr165#branch                       6.61676e-90
vload#branch                                 0
vr158#branch                       4.41151e-86
vpass#branch                      -2.37099e-83
vlogic#branch                           -8e-12
vbat#branch                        -2.3541e-53

 Reference value :  7.21217e-03
 Reference value :  1.84082e-02
 Reference value :  3.01622e-02
 Reference value :  3.78416e-02
 Reference value :  4.61097e-02
 Reference value :  5.65874e-02
 Reference value :  6.59716e-02
 Reference value :  7.50515e-02
 Reference value :  8.46335e-02
 Reference value :  9.39251e-02
 Reference value :  1.03175e-01
 Reference value :  1.11239e-01
 Reference value :  1.18881e-01
 Reference value :  1.28423e-01
 Reference value :  1.36369e-01
 Reference value :  1.44353e-01
 Reference value :  1.50540e-01
 Reference value :  1.59018e-01
 Reference value :  1.69328e-01
 Reference value :  1.80886e-01
 Reference value :  1.91748e-01
 Reference value :  2.03260e-01
 Reference value :  2.15316e-01
 Reference value :  2.24976e-01
 Reference value :  2.35956e-01
 Reference value :  2.47138e-01
 Reference value :  2.58434e-01
 Reference value :  2.68554e-01
 Reference value :  2.79554e-01
 Reference value :  2.89796e-01
 Reference value :  3.00158e-01
 Reference value :  3.10562e-01
 Reference value :  3.20860e-01
 Reference value :  3.31112e-01
 Reference value :  3.42612e-01
 Reference value :  3.54342e-01
 Reference value :  3.66386e-01
 Reference value :  3.78634e-01
 Reference value :  3.89470e-01
 Reference value :  4.00612e-01
 Reference value :  4.10018e-01
 Reference value :  4.19232e-01
 Reference value :  4.29378e-01
 Reference value :  4.40596e-01
 Reference value :  4.51620e-01
 Reference value :  4.63122e-01
 Reference value :  4.73370e-01
 Reference value :  4.84854e-01
 Reference value :  4.97010e-01
 Reference value :  5.09220e-01
 Reference value :  5.21340e-01
 Reference value :  5.32798e-01
 Reference value :  5.44028e-01
 Reference value :  5.56256e-01
 Reference value :  5.68332e-01
 Reference value :  5.80038e-01
 Reference value :  5.89730e-01
 Reference value :  6.00024e-01
 Reference value :  6.09866e-01
 Reference value :  6.21516e-01
 Reference value :  6.32632e-01
 Reference value :  6.43438e-01
 Reference value :  6.54744e-01
 Reference value :  6.64926e-01
 Reference value :  6.76710e-01
 Reference value :  6.88206e-01
 Reference value :  6.95572e-01
 Reference value :  7.05624e-01
 Reference value :  7.16160e-01
 Reference value :  7.24750e-01
 Reference value :  7.33172e-01
 Reference value :  7.43028e-01
 Reference value :  7.52180e-01
 Reference value :  7.61652e-01
 Reference value :  7.69462e-01
 Reference value :  7.78850e-01
 Reference value :  7.87927e-01
 Reference value :  7.97659e-01
 Reference value :  8.06034e-01
 Reference value :  8.14737e-01
 Reference value :  8.23966e-01
 Reference value :  8.32426e-01
 Reference value :  8.39228e-01
 Reference value :  8.47482e-01
No. of Data Rows : 427274
I32_FINISHED
ngspice-42 done
