Using SPARSE 1.3 as Direct Linear Solver
Note: Starting dynamic gmin stepping
Warning: Dynamic gmin stepping failed
Note: Starting true gmin stepping
Warning: True gmin stepping failed
Note: Starting source stepping
Warning: singular matrix:  check node snsprev

Warning: singular matrix:  check node snsprev

Warning: source stepping failed
Note: Transient op started
Note: Transient op finished successfully

Note: No compatibility mode selected!


Circuit: i32 exploratory network alternative; not manufacturer u151 model

Doing analysis at TEMP = 27.000000 and TNOM = 27.000000


Initial Transient Solution
--------------------------

Node                                   Voltage
----                                   -------
bat                                          0
cable_r                            2.03966e-55
raw_12v                            2.93354e-52
fused_12v                          2.93456e-52
rev_blocked_12v                    5.60651e-42
protect_ctrl_vin                  -4.20557e-42
protected_12v                      4.96687e-42
input_uv                            3.7186e-43
input_ov                           1.40163e-43
input_shdn                        -4.20556e-42
one                                          1
uv_ok                                    1e-09
ov_bad                                   1e-09
pvalid                                       0
ptimer                                       0
allow                                        0
allow_d                                      0
input_gate_drive                  -2.77862e-35
input_gate                        -2.77862e-35
input_gate_slew                   -2.77863e-35
qsrc                               4.96722e-42
buck_feed                          4.96671e-42
vin5                               4.95223e-42
en5                                  1.025e-42
on5                                      1e-09
xu121.age                                    0
xu121.active                                 0
xu121.ref                                    0
xu121.neg                                    0
xu121.req                         -3.16069e-41
fb5                                9.87717e-43
xu121.integral                               0
xu121.cmd                                    0
xu121.command                                0
xu121.drive                                  0
source5                            2.16187e-45
xu121.active_f                               0
xu121.sense                        -6.2057e-40
sw5                                -6.2057e-40
winding5                           8.35956e-43
c127r                              7.42194e-45
c128r                              7.42194e-45
ripple5                            9.87673e-43
rail5                             -5.29406e-45
feediso                            -5.3278e-45
good5                                    1e-09
iso_en_pin                        -9.30929e-46
gooddelay                           6.6967e-11
ageiso                                       0
switchon                                     0
slewiso                                      0
feedpass                           -5.3278e-45
vin                                1.08933e-92
snsiso                             1.48782e-93
localgood                                1e-09
snsfiltered                        7.50022e-10
snsprev                            7.09797e-10
snsevent                                     0
restartage                               1e-05
pgwant                                       0
pgdelay                                      0
en151                             -7.15447e-45
actual_en151                      -3.45946e-45
enable_ctrl                              1e-09
c151_esr                            1.2021e-97
enable                                   1e-09
xu151.age                                    0
xu151.active                                 0
xu151.ref                                    0
xu151.neg                                    0
xu151.req                          6.02007e-93
fb                                -4.18061e-94
xu151.integral                               0
xu151.cmd                                    0
xu151.command                                0
xu151.drive                                  0
source                            -1.39492e-93
xu151.active_f                               0
xu151.sense                       -1.70264e-93
sw                                -1.70264e-93
winding                           -1.39843e-93
c155_esr                          -9.81941e-98
c156_esr                          -9.81941e-98
c157_esr                          -9.81941e-98
c158_esr                         -4.64309e-100
main                              -1.39472e-93
c201_esr                            4.1129e-99
c204_esr                            4.1129e-99
c202_esr                          1.30549e-101
c205_esr                          1.30549e-101
c301_esr                          1.30549e-101
c302_esr                          1.32317e-100
c404_esr                          1.30549e-101
c531_esr                          1.30549e-101
branch_sense                      -1.39472e-93
branch_l                          -1.39472e-93
branch_r                          -1.39472e-93
bulksw_out                                   0
damped                                       0
c206_esr                                     0
main_feed                         -1.39491e-93
main_l                            -1.39483e-93
requested                                 0.45
ready                                        0
valid                                    1e-09
timer                                        0
reset_ctl                                    1
reset_raw                         -4.89374e-95
en                                -1.71281e-94
disg                               1.02557e-92
disfeed                           -1.39492e-93
disdrain                          -1.39492e-93
hold_l                             1.08994e-92
hold_bus                           1.08981e-92
c162                               1.09084e-92
bulk_en_in                        -1.39472e-93
bulk_en_pin                       -3.48541e-94
bulk_want                                1e-09
bulk_enabled                        6.6967e-11
bulk_age                                     0
bulk_slew                                    0
bulk_feed                         -1.39472e-93
bulk_localcap                     -1.39472e-93
bbulk_slew#branch                            0
breset#branch                                0
bready#branch                                0
v.xu151.vsense#branch             3.40528e-105
b.xu151.bdrive#branch            -1.70264e-105
b.xu151.bcmd#branch                          0
b.xu151.breq#branch                          0
b.xu151.bneg#branch                          0
b.xu151.bref#branch                          0
b.xu151.bactive#branch                       0
bpgwant#branch                               0
bswitchon#branch                             0
bsnsevent#branch                             0
bvslew#branch                                0
v.xu121.vsense#branch              1.24114e-51
b.xu121.bdrive#branch              -6.2057e-52
b.xu121.bcmd#branch                          0
b.xu121.breq#branch                          0
b.xu121.bneg#branch                          0
b.xu121.bref#branch                          0
b.xu121.bactive#branch                       0
ballow#branch                                0
bpvalid#branch                               0
lhold#branch                      -1.02223e-94
lmainfeed#branch                  -1.00788e-96
lbranch#branch                     1.48906e-98
l151#branch                       -3.05952e-95
l121#branch                        2.98997e-42
lcable#branch                     -2.03966e-54
vbulkpass#branch                             0
vr165#branch                      8.42511e-101
vload#branch                                 0
vr158#branch                       1.48906e-98
vpass#branch                      -1.08933e-96
vlogic#branch                           -9e-12
vbat#branch                        2.03966e-54

 Reference value :  8.48617e-03
 Reference value :  1.95242e-02
 Reference value :  3.06782e-02
 Reference value :  4.07965e-02
 Reference value :  5.04945e-02
 Reference value :  5.99225e-02
 Reference value :  6.65045e-02
 Reference value :  7.32565e-02
 Reference value :  8.11925e-02
 Reference value :  8.97387e-02
 Reference value :  9.67247e-02
 Reference value :  1.05989e-01
 Reference value :  1.14623e-01
 Reference value :  1.21887e-01
 Reference value :  1.29793e-01
 Reference value :  1.36489e-01
 Reference value :  1.43717e-01
 Reference value :  1.50609e-01
 Reference value :  1.56781e-01
 Reference value :  1.63355e-01
 Reference value :  1.70703e-01
 Reference value :  1.79229e-01
 Reference value :  1.88019e-01
 Reference value :  1.93417e-01
 Reference value :  1.97953e-01
 Reference value :  2.05617e-01
 Reference value :  2.14859e-01
 Reference value :  2.23743e-01
 Reference value :  2.31107e-01
 Reference value :  2.38255e-01
 Reference value :  2.46481e-01
 Reference value :  2.54395e-01
 Reference value :  2.63199e-01
 Reference value :  2.72121e-01
 Reference value :  2.81127e-01
 Reference value :  2.90141e-01
 Reference value :  2.98897e-01
 Reference value :  3.07738e-01
 Reference value :  3.16738e-01
 Reference value :  3.25516e-01
 Reference value :  3.34382e-01
 Reference value :  3.42496e-01
 Reference value :  3.51346e-01
 Reference value :  3.60440e-01
 Reference value :  3.69554e-01
 Reference value :  3.78598e-01
 Reference value :  3.87230e-01
 Reference value :  3.96042e-01
 Reference value :  4.04544e-01
 Reference value :  4.12846e-01
 Reference value :  4.21602e-01
 Reference value :  4.30598e-01
 Reference value :  4.39498e-01
 Reference value :  4.46522e-01
 Reference value :  4.52944e-01
 Reference value :  4.61918e-01
 Reference value :  4.72056e-01
 Reference value :  4.82218e-01
 Reference value :  4.92044e-01
 Reference value :  5.02590e-01
 Reference value :  5.13334e-01
 Reference value :  5.23742e-01
 Reference value :  5.34546e-01
 Reference value :  5.43468e-01
 Reference value :  5.51846e-01
 Reference value :  5.62230e-01
 Reference value :  5.72678e-01
 Reference value :  5.83270e-01
 Reference value :  5.93864e-01
 Reference value :  6.04094e-01
 Reference value :  6.14918e-01
 Reference value :  6.26072e-01
 Reference value :  6.36786e-01
 Reference value :  6.46550e-01
 Reference value :  6.57649e-01
 Reference value :  6.69043e-01
 Reference value :  6.80485e-01
 Reference value :  6.90494e-01
 Reference value :  7.00672e-01
 Reference value :  7.10690e-01
 Reference value :  7.20708e-01
 Reference value :  7.30796e-01
 Reference value :  7.40839e-01
 Reference value :  7.50804e-01
 Reference value :  7.60732e-01
 Reference value :  7.69285e-01
 Reference value :  7.78062e-01
 Reference value :  7.87034e-01
 Reference value :  7.96080e-01
 Reference value :  8.04864e-01
 Reference value :  8.14118e-01
 Reference value :  8.23420e-01
 Reference value :  8.32126e-01
 Reference value :  8.40862e-01
 Reference value :  8.49240e-01
 Reference value :  8.58246e-01
 Reference value :  8.67078e-01
 Reference value :  8.76080e-01
 Reference value :  8.84782e-01
 Reference value :  8.93370e-01
 Reference value :  9.01774e-01
 Reference value :  9.10100e-01
 Reference value :  9.18994e-01
 Reference value :  9.27694e-01
 Reference value :  9.36376e-01
 Reference value :  9.45266e-01
 Reference value :  9.52829e-01
 Reference value :  9.60731e-01
 Reference value :  9.67507e-01
 Reference value :  9.75815e-01
 Reference value :  9.83529e-01
 Reference value :  9.91843e-01
 Reference value :  9.99157e-01
 Reference value :  1.00774e+00
 Reference value :  1.01631e+00
 Reference value :  1.02548e+00
 Reference value :  1.03424e+00
 Reference value :  1.04287e+00
 Reference value :  1.05103e+00
 Reference value :  1.05954e+00
 Reference value :  1.06808e+00
 Reference value :  1.07690e+00
 Reference value :  1.08555e+00
 Reference value :  1.09437e+00
 Reference value :  1.10315e+00
 Reference value :  1.11211e+00
 Reference value :  1.12004e+00
 Reference value :  1.12876e+00
 Reference value :  1.13747e+00
 Reference value :  1.14630e+00
 Reference value :  1.15497e+00
 Reference value :  1.16185e+00
 Reference value :  1.16842e+00
 Reference value :  1.17631e+00
 Reference value :  1.18350e+00
 Reference value :  1.19269e+00
 Reference value :  1.20163e+00
 Reference value :  1.20885e+00
 Reference value :  1.21481e+00
 Reference value :  1.22062e+00
 Reference value :  1.22693e+00
 Reference value :  1.23489e+00
 Reference value :  1.24324e+00
 Reference value :  1.25162e+00
 Reference value :  1.25867e+00
 Reference value :  1.26756e+00
 Reference value :  1.27670e+00
 Reference value :  1.28535e+00
 Reference value :  1.29389e+00
No. of Data Rows : 652211
I32_FINISHED
ngspice-42 done
