Using SPARSE 1.3 as Direct Linear Solver
Note: Starting dynamic gmin stepping
Warning: Dynamic gmin stepping failed
Note: Starting true gmin stepping
Warning: True gmin stepping failed
Note: Starting source stepping
Warning: singular matrix:  check node snsprev

Warning: singular matrix:  check node snsprev

Warning: source stepping failed
Note: Transient op started
Note: Transient op finished successfully

Note: No compatibility mode selected!


Circuit: i32 exploratory network alternative; not manufacturer u151 model

Doing analysis at TEMP = 27.000000 and TNOM = 27.000000


Initial Transient Solution
--------------------------

Node                                   Voltage
----                                   -------
bat                                          0
cable_r                           -1.76557e-54
raw_12v                            1.20782e-51
fused_12v                          1.20694e-51
rev_blocked_12v                    5.75812e-42
protect_ctrl_vin                   -4.2974e-42
protected_12v                      5.09657e-42
input_uv                           3.81916e-43
input_ov                           1.43953e-43
input_shdn                         -4.2974e-42
one                                          1
uv_ok                                    1e-09
ov_bad                                   1e-09
pvalid                                       0
ptimer                                       0
allow                                        0
allow_d                                      0
input_gate_drive                  -2.84738e-35
input_gate                        -2.84738e-35
input_gate_slew                   -2.84739e-35
qsrc                               5.09694e-42
buck_feed                          5.09612e-42
vin5                                5.0535e-42
en5                                1.04597e-42
on5                                      1e-09
xu121.age                                    0
xu121.active                                 0
xu121.ref                                    0
xu121.neg                                    0
xu121.req                         -7.41777e-41
fb5                                2.31805e-42
xu121.integral                               0
xu121.cmd                                    0
xu121.command                                0
xu121.drive                                  0
source5                           -2.91313e-43
xu121.active_f                               0
xu121.sense                       -1.20759e-39
sw5                               -1.20759e-39
winding5                           1.72535e-42
c127r                              1.79701e-44
c128r                              1.79701e-44
ripple5                            2.09239e-42
rail5                             -3.09361e-43
feediso                           -3.09443e-43
good5                                    1e-09
iso_en_pin                        -5.33846e-44
gooddelay                           6.6967e-11
ageiso                                       0
switchon                                     0
slewiso                                      0
feedpass                          -3.09443e-43
vin                                  4.919e-79
snsiso                              6.5307e-80
localgood                                1e-09
snsfiltered                        7.50022e-10
snsprev                            7.09797e-10
snsevent                                     0
restartage                               1e-05
pgwant                                       0
pgdelay                                      0
en151                              -2.3478e-43
actual_en151                      -1.21941e-43
enable_ctrl                              1e-09
c151_esr                           -1.2364e-84
enable                                   1e-09
xu151.age                                    0
xu151.active                                 0
xu151.ref                                    0
xu151.neg                                    0
xu151.req                          2.65953e-81
fb                                -1.84689e-82
xu151.integral                               0
xu151.cmd                                    0
xu151.command                                0
xu151.drive                                  0
source                            -6.16241e-82
xu151.active_f                               0
xu151.sense                       -8.34463e-82
sw                                -8.34463e-82
winding                           -6.17734e-82
c155_esr                          -4.18514e-86
c156_esr                          -4.18514e-86
c157_esr                          -4.18514e-86
c158_esr                          -2.39265e-88
main                              -6.16159e-82
c201_esr                            1.5379e-87
c204_esr                            1.5379e-87
c202_esr                           5.58819e-90
c205_esr                           5.58819e-90
c301_esr                           5.58819e-90
c302_esr                           5.67252e-89
c404_esr                           5.58819e-90
c531_esr                           5.58819e-90
branch_sense                      -6.16159e-82
branch_l                          -6.16159e-82
branch_r                          -6.16159e-82
bulksw_out                                   0
damped                                       0
c206_esr                                     0
main_feed                         -6.16237e-82
main_l                            -6.16209e-82
requested                                 0.45
valid                                    1e-09
timer                                        0
ready                                        0
reset_ctl                                    1
reset_raw                         -2.16196e-83
en                                -7.56686e-83
disg                               4.63111e-79
disfeed                           -6.16241e-82
disdrain                          -6.16241e-82
hold_l                             4.92173e-79
hold_bus                           4.92124e-79
c162                               4.92579e-79
bulk_en_in                        -6.16159e-82
bulk_en_pin                       -1.53656e-82
bulk_want                                1e-09
bulk_enabled                        6.6967e-11
bulk_age                                     0
bulk_slew                                    0
bulk_feed                         -6.16159e-82
bbulk_slew#branch                            0
breset#branch                                0
bready#branch                                0
v.xu151.vsense#branch              1.66887e-93
b.xu151.bdrive#branch             -8.34463e-94
b.xu151.bcmd#branch                          0
b.xu151.breq#branch                          0
b.xu151.bneg#branch                          0
b.xu151.bref#branch                          0
b.xu151.bactive#branch                       0
bpgwant#branch                               0
bswitchon#branch                             0
bsnsevent#branch                             0
bvslew#branch                                0
v.xu121.vsense#branch              2.41519e-51
b.xu121.bdrive#branch             -1.20759e-51
b.xu121.bcmd#branch                          0
b.xu121.breq#branch                          0
b.xu121.bneg#branch                          0
b.xu121.bref#branch                          0
b.xu121.bactive#branch                       0
ballow#branch                                0
bpvalid#branch                               0
lhold#branch                      -4.55183e-81
lmainfeed#branch                  -3.69527e-85
lbranch#branch                               0
l151#branch                       -1.29854e-83
l121#branch                        7.23171e-42
lcable#branch                      1.76557e-53
vbulkpass#branch                             0
vr165#branch                       3.23764e-89
vload#branch                                 0
vr158#branch                       -1.2299e-93
vpass#branch                        -4.919e-83
vlogic#branch                           -9e-12
vbat#branch                       -1.76557e-53

 Reference value :  9.04217e-03
 Reference value :  1.86842e-02
 Reference value :  2.97682e-02
 Reference value :  4.01169e-02
 Reference value :  4.75051e-02
 Reference value :  5.72291e-02
 Reference value :  6.64471e-02
 Reference value :  7.65991e-02
 Reference value :  8.61248e-02
 Reference value :  9.44449e-02
 Reference value :  1.03585e-01
 Reference value :  1.12689e-01
 Reference value :  1.21598e-01
 Reference value :  1.30470e-01
 Reference value :  1.39888e-01
 Reference value :  1.49172e-01
 Reference value :  1.58038e-01
 Reference value :  1.65566e-01
 Reference value :  1.74370e-01
 Reference value :  1.82854e-01
 Reference value :  1.91792e-01
No. of Data Rows : 100460
I32_FINISHED
ngspice-42 done
