Using SPARSE 1.3 as Direct Linear Solver
Note: Starting dynamic gmin stepping
Warning: Dynamic gmin stepping failed
Note: Starting true gmin stepping
Warning: True gmin stepping failed
Note: Starting source stepping
Warning: singular matrix:  check node pgdelay

Warning: singular matrix:  check node pgdelay

Warning: source stepping failed
Note: Transient op started
Note: Transient op finished successfully

Note: No compatibility mode selected!


Circuit: i32 exploratory network alternative; not manufacturer u151 model

Doing analysis at TEMP = 27.000000 and TNOM = 27.000000


Initial Transient Solution
--------------------------

Node                                   Voltage
----                                   -------
bat                                          0
cable_r                            7.01153e-55
raw_12v                            6.37265e-53
fused_12v                           6.4077e-53
rev_blocked_12v                    5.72699e-42
protect_ctrl_vin                  -4.28025e-42
protected_12v                      5.07475e-42
input_uv                           3.79851e-43
input_ov                           1.43175e-43
input_shdn                        -4.28025e-42
one                                          1
uv_ok                                    1e-09
ov_bad                                   1e-09
pvalid                                       0
ptimer                                       0
allow                                        0
allow_d                                      0
input_gate_drive                    -2.834e-35
input_gate                          -2.834e-35
input_gate_slew                   -2.83401e-35
qsrc                               5.07511e-42
buck_feed                          5.07468e-42
vin5                               5.06778e-42
en5                                1.04892e-42
on5                                      1e-09
xu121.age                                    0
xu121.active                                 0
xu121.ref                                    0
xu121.neg                                    0
xu121.req                          -1.3651e-41
fb5                                4.26592e-43
xu121.integral                               0
xu121.cmd                                    0
xu121.command                                0
xu121.drive                                  0
source5                           -4.39134e-43
xu121.active_f                               0
xu121.sense                       -4.82175e-40
sw5                               -4.82175e-40
winding5                          -6.10394e-44
c127r                              5.02244e-45
c128r                              5.02244e-45
ripple5                            9.39665e-44
rail5                             -4.44165e-43
feediso                           -4.44176e-43
good5                                    1e-09
iso_en_pin                        -7.79236e-44
gooddelay                           6.6967e-11
ageiso                                       0
switchon                                     0
slewiso                                      0
feedpass                          -4.44176e-43
vin                                9.23292e-80
snsiso                             1.24712e-80
localgood                                1e-09
snsfiltered                        7.50022e-10
snsprev                            7.09797e-10
snsevent                                     0
restartage                               1e-05
pgwant                                       0
pgdelay                                      0
en151                             -3.97513e-43
enable_ctrl                              1e-09
c151_esr                           6.56015e-84
enable                                   1e-09
xu151.age                                    0
xu151.active                                 0
xu151.ref                                    0
xu151.neg                                    0
xu151.req                          2.58883e-82
fb                                 -3.5956e-83
xu151.integral                               0
xu151.cmd                                    0
xu151.command                                0
xu151.drive                                  0
source                            -1.19307e-82
xu151.active_f                               0
xu151.sense                        4.72338e-81
sw                                 4.72338e-81
winding                           -1.20817e-82
c155_esr                          -6.48589e-86
c156_esr                          -6.48589e-86
c157_esr                          -6.48589e-86
c158_esr                           2.60523e-88
main                              -1.19174e-82
c201_esr                          -2.22223e-88
c204_esr                          -2.22223e-88
c202_esr                          -3.87276e-90
c205_esr                          -3.87276e-90
c301_esr                          -3.87276e-90
c302_esr                          -3.69655e-89
c404_esr                          -3.87276e-90
c531_esr                          -3.87276e-90
branch_sense                      -1.19174e-82
branch_l                          -1.19177e-82
branch_r                          -1.19176e-82
damped                            -1.19182e-82
c206_esr                           1.00726e-87
main_feed                         -1.19306e-82
main_l                            -1.19296e-82
requested                                 0.45
ready                                        0
valid                                    1e-09
timer                                        0
reset_ctl                                    1
reset_raw                         -4.18154e-84
en                                -1.46354e-83
disg                               8.68895e-80
disfeed                           -1.19307e-82
disdrain                          -1.19308e-82
hold_l                             9.25253e-80
hold_bus                            9.2476e-80
c162                               9.25032e-80
c163                               9.25032e-80
c164                               9.25032e-80
breset#branch                                0
bready#branch                                0
v.xu151.vsense#branch              -9.4468e-93
b.xu151.bdrive#branch              4.72338e-93
b.xu151.bcmd#branch                          0
b.xu151.breq#branch                          0
b.xu151.bneg#branch                          0
b.xu151.bref#branch                          0
b.xu151.bactive#branch                       0
bpgwant#branch                               0
bswitchon#branch                             0
bsnsevent#branch                             0
bvslew#branch                                0
v.xu121.vsense#branch               9.6435e-52
b.xu121.bdrive#branch             -4.82175e-52
b.xu121.bcmd#branch                          0
b.xu121.breq#branch                          0
b.xu121.bneg#branch                          0
b.xu121.bref#branch                          0
b.xu121.bactive#branch                       0
ballow#branch                                0
bpvalid#branch                               0
lhold#branch                      -3.26728e-81
lmainfeed#branch                  -1.39415e-85
lbranch#branch                     4.02905e-86
l151#branch                       -1.95781e-83
l121#branch                        2.02189e-42
lcable#branch                     -7.01153e-54
vr165#branch                       1.37464e-88
vload#branch                                 0
vr158#branch                       4.02905e-86
vpass#branch                      -9.23292e-84
vlogic#branch                           -8e-12
vbat#branch                        7.01153e-54

 Reference value :  8.97817e-03
 Reference value :  2.01242e-02
 Reference value :  3.06662e-02
 Reference value :  3.93869e-02
 Reference value :  4.56078e-02
 Reference value :  5.29438e-02
 Reference value :  6.26037e-02
 Reference value :  7.04786e-02
 Reference value :  7.94046e-02
 Reference value :  8.86065e-02
 Reference value :  9.82365e-02
 Reference value :  1.07174e-01
 Reference value :  1.17236e-01
 Reference value :  1.26770e-01
 Reference value :  1.36408e-01
 Reference value :  1.42850e-01
 Reference value :  1.50903e-01
 Reference value :  1.59345e-01
 Reference value :  1.68289e-01
 Reference value :  1.76409e-01
 Reference value :  1.85935e-01
 Reference value :  1.95495e-01
No. of Data Rows : 100676
I32_FINISHED
ngspice-42 done
