Using SPARSE 1.3 as Direct Linear Solver
Note: Starting dynamic gmin stepping
Warning: Dynamic gmin stepping failed
Note: Starting true gmin stepping
Warning: True gmin stepping failed
Note: Starting source stepping
Warning: singular matrix:  check node bulk_enabled

Warning: singular matrix:  check node bulk_enabled

Warning: source stepping failed
Note: Transient op started
Note: Transient op finished successfully

Note: No compatibility mode selected!


Circuit: i32 exploratory network alternative; not manufacturer u151 model

Doing analysis at TEMP = 27.000000 and TNOM = 27.000000


Initial Transient Solution
--------------------------

Node                                   Voltage
----                                   -------
bat                                          0
cable_r                            2.04252e-55
raw_12v                            2.94172e-52
fused_12v                          2.94274e-52
rev_blocked_12v                    5.62186e-42
protect_ctrl_vin                  -4.21613e-42
protected_12v                      4.97996e-42
input_uv                           3.72879e-43
input_ov                           1.40547e-43
input_shdn                        -4.21613e-42
one                                          1
uv_ok                                    1e-09
ov_bad                                   1e-09
pvalid                                       0
ptimer                                       0
allow                                        0
allow_d                                      0
input_gate_drive                  -2.78596e-35
input_gate                        -2.78596e-35
input_gate_slew                   -2.78597e-35
qsrc                               4.98032e-42
buck_feed                          4.97981e-42
vin5                               4.96528e-42
en5                                1.02771e-42
on5                                      1e-09
xu121.age                                    0
xu121.active                                 0
xu121.ref                                    0
xu121.neg                                    0
xu121.req                         -3.16987e-41
fb5                                9.90586e-43
xu121.integral                               0
xu121.cmd                                    0
xu121.command                                0
xu121.drive                                  0
source5                            2.15334e-45
xu121.active_f                               0
xu121.sense                       -6.21929e-40
sw5                               -6.21929e-40
winding5                            8.3837e-43
c127r                              7.44353e-45
c128r                              7.44353e-45
ripple5                            9.90528e-43
rail5                             -5.32427e-45
feediso                            -5.3581e-45
good5                                    1e-09
iso_en_pin                        -9.31928e-46
gooddelay                           6.6967e-11
ageiso                                       0
switchon                                     0
slewiso                                      0
feedpass                           -5.3581e-45
vin                               -8.14363e-93
snsiso                            -1.10681e-93
localgood                                1e-09
snsfiltered                        7.50022e-10
snsprev                            7.09797e-10
snsevent                                     0
restartage                               1e-05
pgwant                                       0
pgdelay                                      0
en151                             -6.26499e-45
actual_en151                       -3.4485e-45
enable_ctrl                              1e-09
c151_esr                          -1.64572e-98
enable                                   1e-09
xu151.age                                    0
xu151.active                                 0
xu151.ref                                    0
xu151.neg                                    0
xu151.req                         -4.43944e-93
fb                                 3.08295e-94
xu151.integral                               0
xu151.cmd                                    0
xu151.command                                0
xu151.drive                                  0
source                             1.03069e-93
xu151.active_f                               0
xu151.sense                        3.49983e-94
sw                                 3.49983e-94
winding                            1.03105e-93
c155_esr                           -3.7765e-97
c156_esr                           -3.7765e-97
c157_esr                           -3.7765e-97
c158_esr                          -1.50842e-99
main                               1.02003e-93
c201_esr                          -2.62978e-97
c204_esr                          -2.62978e-97
c202_esr                         -9.32207e-100
c205_esr                         -9.32207e-100
c301_esr                         -9.32207e-100
c302_esr                          -9.32557e-99
c404_esr                         -9.32207e-100
c531_esr                         -9.32207e-100
branch_sense                       1.02003e-93
branch_l                           1.02009e-93
branch_r                           1.02008e-93
bulksw_out                                   0
damped                                       0
c206_esr                                     0
main_feed                          1.02952e-93
main_l                             1.02078e-93
requested                                 0.45
valid                                    1e-09
timer                                        0
ready                                        0
reset_ctl                                    1
reset_raw                          3.57914e-95
en                                  1.2527e-94
disg                              -8.14367e-93
disfeed                            1.03069e-93
disdrain                           1.03069e-93
hold_l                            -8.14369e-93
hold_bus                          -8.14365e-93
c162                              -8.14376e-93
bulk_en_in                         1.02003e-93
bulk_en_pin                        2.53818e-94
bulk_want                                1e-09
bulk_enabled                        6.6967e-11
bulk_age                                     0
bulk_slew                                    0
bulk_feed                          1.02008e-93
bulk_localcap                      1.02009e-93
bbulk_slew#branch                            0
breset#branch                                0
bready#branch                                0
v.xu151.vsense#branch            -6.99969e-106
b.xu151.bdrive#branch             3.49983e-106
b.xu151.bcmd#branch                          0
b.xu151.breq#branch                          0
b.xu151.bneg#branch                          0
b.xu151.bref#branch                          0
b.xu151.bactive#branch                       0
bpgwant#branch                               0
bswitchon#branch                             0
bsnsevent#branch                             0
bvslew#branch                                0
v.xu121.vsense#branch              1.24386e-51
b.xu121.bdrive#branch             -6.21929e-52
b.xu121.bcmd#branch                          0
b.xu121.breq#branch                          0
b.xu121.bneg#branch                          0
b.xu121.bref#branch                          0
b.xu121.bactive#branch                       0
ballow#branch                                0
bpvalid#branch                               0
lhold#branch                       1.06513e-96
lmainfeed#branch                   1.16576e-94
lbranch#branch                    -8.49637e-97
l151#branch                        3.19128e-96
l121#branch                        2.99866e-42
lcable#branch                     -2.04252e-54
vbulkpass#branch                             0
vr165#branch                     -2.59308e-101
vload#branch                                 0
vr158#branch                      -8.49637e-97
vpass#branch                                 0
vlogic#branch                           -9e-12
vbat#branch                        2.04252e-54

 Reference value :  8.30817e-03
 Reference value :  1.63862e-02
 Reference value :  2.51862e-02
 Reference value :  3.37042e-02
 Reference value :  4.24823e-02
 Reference value :  5.08723e-02
 Reference value :  6.02403e-02
 Reference value :  6.83763e-02
 Reference value :  7.58503e-02
 Reference value :  8.38706e-02
 Reference value :  9.16242e-02
 Reference value :  1.00034e-01
 Reference value :  1.07218e-01
 Reference value :  1.14968e-01
 Reference value :  1.23876e-01
 Reference value :  1.32318e-01
 Reference value :  1.40942e-01
 Reference value :  1.49702e-01
 Reference value :  1.57342e-01
 Reference value :  1.64388e-01
 Reference value :  1.71266e-01
 Reference value :  1.78912e-01
 Reference value :  1.86026e-01
 Reference value :  1.93122e-01
 Reference value :  2.01670e-01
 Reference value :  2.08992e-01
 Reference value :  2.17652e-01
 Reference value :  2.25744e-01
 Reference value :  2.33504e-01
 Reference value :  2.41330e-01
 Reference value :  2.49940e-01
 Reference value :  2.58346e-01
 Reference value :  2.66920e-01
 Reference value :  2.74026e-01
 Reference value :  2.81928e-01
 Reference value :  2.90036e-01
 Reference value :  2.98556e-01
 Reference value :  3.04660e-01
 Reference value :  3.11406e-01
 Reference value :  3.19908e-01
 Reference value :  3.28440e-01
 Reference value :  3.34932e-01
 Reference value :  3.43824e-01
 Reference value :  3.52462e-01
 Reference value :  3.60844e-01
 Reference value :  3.69496e-01
 Reference value :  3.78090e-01
 Reference value :  3.86474e-01
 Reference value :  3.94646e-01
 Reference value :  4.01892e-01
 Reference value :  4.10366e-01
 Reference value :  4.18796e-01
 Reference value :  4.27164e-01
 Reference value :  4.35604e-01
 Reference value :  4.43832e-01
 Reference value :  4.52116e-01
 Reference value :  4.60698e-01
 Reference value :  4.69284e-01
 Reference value :  4.77560e-01
 Reference value :  4.85840e-01
 Reference value :  4.94612e-01
 Reference value :  5.03140e-01
 Reference value :  5.11882e-01
 Reference value :  5.19568e-01
 Reference value :  5.28212e-01
 Reference value :  5.36950e-01
 Reference value :  5.45792e-01
 Reference value :  5.53572e-01
 Reference value :  5.59906e-01
 Reference value :  5.68128e-01
 Reference value :  5.75812e-01
 Reference value :  5.84180e-01
 Reference value :  5.92992e-01
No. of Data Rows : 300426
I32_FINISHED
ngspice-42 done
