Using SPARSE 1.3 as Direct Linear Solver
Note: Starting dynamic gmin stepping
Warning: Dynamic gmin stepping failed
Note: Starting true gmin stepping
Warning: True gmin stepping failed
Note: Starting source stepping
Warning: singular matrix:  check node snsprev

Warning: singular matrix:  check node snsprev

Warning: source stepping failed
Note: Transient op started
Note: Transient op finished successfully

Note: No compatibility mode selected!


Circuit: i32 exploratory network alternative; not manufacturer u151 model

Doing analysis at TEMP = 27.000000 and TNOM = 27.000000


Initial Transient Solution
--------------------------

Node                                   Voltage
----                                   -------
bat                                          0
cable_r                           -3.41953e-54
raw_12v                            1.85807e-51
fused_12v                          1.85636e-51
rev_blocked_12v                    3.33955e-42
protect_ctrl_vin                  -3.81283e-42
protected_12v                      4.57648e-42
input_uv                           2.21501e-43
input_ov                           8.34887e-44
input_shdn                        -3.81282e-42
one                                          1
uv_ok                                    1e-09
ov_bad                                   1e-09
pvalid                                       0
ptimer                                       0
allow                                        0
allow_d                                      0
input_gate_drive                  -2.54769e-35
input_gate                        -2.54768e-35
input_gate_slew                    -2.5477e-35
qsrc                               4.57681e-42
buck_feed                           4.5758e-42
vin5                               4.51166e-42
en5                                9.33817e-43
on5                                      1e-09
xu121.age                                    0
xu121.active                                 0
xu121.ref                                    0
xu121.neg                                    0
xu121.req                          -1.0281e-40
fb5                                3.21282e-42
xu121.integral                               0
xu121.cmd                                    0
xu121.command                                0
xu121.drive                                  0
source5                           -8.56735e-43
xu121.active_f                               0
xu121.sense                       -1.61909e-39
sw5                               -1.61909e-39
winding5                           1.08209e-42
c127r                              2.58159e-44
c128r                              2.58159e-44
ripple5                            2.56056e-42
rail5                             -8.82572e-43
feediso                           -8.82572e-43
good5                              1.06817e-12
gooddelay                          6.92431e-14
ageiso                                       0
switchon                                     0
slewiso                                      0
feedpass                          -8.82572e-43
vin                                1.08682e-70
c160esr                            1.08682e-70
snsiso                             1.39158e-71
localgood                                1e-09
snsfiltered                        7.50022e-10
snsprev                            7.09797e-10
snsevent                                     0
restartage                               1e-05
pgwant                                       0
pgdelay                                      0
enable_ctrl                                  0
c151_esr                          -5.79899e-77
enable                                   1e-09
xu151.age                                    0
xu151.active                                 0
xu151.ref                                    0
xu151.neg                                    0
xu151.req                          9.93056e-74
fb                                -1.37924e-74
xu151.integral                               0
xu151.cmd                                    0
xu151.command                                0
xu151.drive                                  0
source                            -4.50258e-74
xu151.active_f                               0
xu151.sense                        3.62305e-74
sw                                 3.62305e-74
winding                           -4.51768e-74
c155_esr                          -4.93075e-78
c156_esr                          -4.93075e-78
c157_esr                          -4.93075e-78
c158_esr                           -8.1759e-81
main                              -4.50211e-74
c201_esr                          -1.66891e-78
c204_esr                          -1.66891e-78
c202_esr                          -1.02584e-80
c205_esr                          -1.02584e-80
c301_esr                          -1.02584e-80
c302_esr                          -1.45636e-79
c404_esr                          -1.02584e-80
c531_esr                          -1.02584e-80
branch_sense                      -4.50211e-74
branch_l                          -4.50222e-74
branch_r                          -4.50208e-74
damped                            -4.50295e-74
c206_esr                           4.60651e-79
requested                                 0.45
ready                                        0
valid                                    1e-09
timer                                        0
reset_ctl                                    1
reset_raw                         -1.57967e-75
en                                -5.52885e-75
breset#branch                                0
bready#branch                                0
v.xu151.vsense#branch             -7.24473e-86
b.xu151.bdrive#branch              3.62305e-86
b.xu151.bcmd#branch                          0
b.xu151.breq#branch                          0
b.xu151.bneg#branch                          0
b.xu151.bref#branch                          0
b.xu151.bactive#branch                       0
benable#branch                               0
bpgwant#branch                               0
bswitchon#branch                             0
bsnsevent#branch                             0
bvslew#branch                                0
v.xu121.vsense#branch              3.23818e-51
b.xu121.bdrive#branch             -1.61909e-51
b.xu121.bcmd#branch                          0
b.xu121.breq#branch                          0
b.xu121.bneg#branch                          0
b.xu121.bref#branch                          0
b.xu121.bactive#branch                       0
ballow#branch                                0
bpvalid#branch                               0
lbranch#branch                      1.8426e-77
l151#branch                       -1.95823e-75
l121#branch                        1.03681e-41
lcable#branch                      3.41953e-53
vload#branch                                 0
vr158#branch                        1.8426e-77
vpass#branch                      -1.08682e-74
vlogic#branch                           -7e-12
vbat#branch                       -3.41953e-53

 Reference value :  1.25311e-02 Reference value :  2.40291e-02 Reference value :  3.76452e-02 Reference value :  4.86158e-02 Reference value :  6.00718e-02 Reference value :  6.98511e-02 Reference value :  7.92351e-02 Reference value :  8.87871e-02 Reference value :  1.00239e-01 Reference value :  1.11563e-01
No. of Data Rows : 60392
I32_FINISHED
ngspice-42 done
