Using SPARSE 1.3 as Direct Linear Solver
Note: Starting dynamic gmin stepping
Warning: Dynamic gmin stepping failed
Note: Starting true gmin stepping
Warning: True gmin stepping failed
Note: Starting source stepping
Warning: singular matrix:  check node gooddelay

Warning: singular matrix:  check node gooddelay

Warning: source stepping failed
Note: Transient op started
Note: Transient op finished successfully

Note: No compatibility mode selected!


Circuit: i32 exploratory network alternative; not manufacturer u151 model

Doing analysis at TEMP = 27.000000 and TNOM = 27.000000


Initial Transient Solution
--------------------------

Node                                   Voltage
----                                   -------
bat                                          0
cable_r                           -2.10076e-54
raw_12v                            1.30574e-51
fused_12v                          1.30469e-51
rev_blocked_12v                    3.33921e-42
protect_ctrl_vin                   -3.7822e-42
protected_12v                      4.54158e-42
input_uv                           2.21478e-43
input_ov                           8.34803e-44
input_shdn                        -3.78219e-42
one                                          1
uv_ok                                    1e-09
ov_bad                                   1e-09
pvalid                                       0
ptimer                                       0
allow                                        0
allow_d                                      0
input_gate_drive                  -2.53702e-35
input_gate                        -2.53702e-35
input_gate_slew                   -2.53703e-35
qsrc                               4.54191e-42
buck_feed                          4.54107e-42
vin5                               4.49347e-42
en5                                9.30052e-43
on5                                      1e-09
xu121.age                                    0
xu121.active                                 0
xu121.ref                                    0
xu121.neg                                    0
xu121.req                         -7.63345e-41
fb5                                2.38545e-42
xu121.integral                               0
xu121.cmd                                    0
xu121.command                                0
xu121.drive                                  0
source5                           -3.75393e-43
xu121.active_f                               0
xu121.sense                        -1.4275e-39
sw5                                -1.4275e-39
winding5                            1.0292e-42
c127r                              1.86795e-44
c128r                              1.86795e-44
ripple5                            2.10015e-42
rail5                             -3.94104e-43
feediso                           -3.94146e-43
good5                                    1e-09
iso_en_pin                         -6.9141e-44
gooddelay                           6.6967e-11
ageiso                                       0
switchon                                     0
slewiso                                      0
feedpass                          -3.94146e-43
vin                               -9.69966e-80
snsiso                            -1.32148e-80
localgood                                1e-09
snsfiltered                        7.50022e-10
snsprev                            7.09797e-10
snsevent                                     0
restartage                               1e-05
pgwant                                       0
pgdelay                                      0
en151                             -3.55059e-43
enable_ctrl                              1e-09
c151_esr                          -2.14414e-87
enable                                   1e-09
xu151.age                                    0
xu151.active                                 0
xu151.ref                                    0
xu151.neg                                    0
xu151.req                          -5.4305e-82
fb                                 3.77118e-83
xu151.integral                               0
xu151.cmd                                    0
xu151.command                                0
xu151.drive                                  0
source                             1.23111e-82
xu151.active_f                               0
xu151.sense                        9.91035e-83
sw                                 9.91035e-83
winding                            1.23136e-82
c155_esr                           -3.4154e-86
c156_esr                           -3.4154e-86
c157_esr                           -3.4154e-86
c158_esr                           -1.5892e-88
main                               1.23005e-82
c201_esr                          -3.44214e-86
c204_esr                          -3.44214e-86
c202_esr                          -1.55838e-88
c205_esr                          -1.55838e-88
c301_esr                          -1.55838e-88
c302_esr                          -1.54941e-87
c404_esr                          -1.55838e-88
c531_esr                          -1.55838e-88
branch_sense                       1.23005e-82
branch_l                           1.23299e-82
branch_r                           1.23324e-82
damped                             1.24704e-82
c206_esr                            -7.342e-86
requested                                 0.45
valid                                    1e-09
timer                                        0
ready                                        0
reset_ctl                                    1
reset_raw                          4.31611e-84
en                                 1.51064e-83
disg                              -9.69966e-80
disfeed                            1.23111e-82
disdrain                           1.23111e-82
hold_l                            -9.69966e-80
hold_bus                          -9.69966e-80
c162                              -9.69966e-80
c163                              -9.69966e-80
c164                              -9.69966e-80
breset#branch                                0
bready#branch                                0
v.xu151.vsense#branch              -1.9821e-94
b.xu151.bdrive#branch              9.91035e-95
b.xu151.bcmd#branch                          0
b.xu151.breq#branch                          0
b.xu151.bneg#branch                          0
b.xu151.bref#branch                          0
b.xu151.bactive#branch                       0
bpgwant#branch                               0
bswitchon#branch                             0
bsnsevent#branch                             0
bvslew#branch                                0
v.xu121.vsense#branch              2.85499e-51
b.xu121.bdrive#branch              -1.4275e-51
b.xu121.bcmd#branch                          0
b.xu121.breq#branch                          0
b.xu121.bneg#branch                          0
b.xu121.bref#branch                          0
b.xu121.bactive#branch                       0
ballow#branch                                0
bpvalid#branch                               0
lhold#branch                        1.6339e-85
lbranch#branch                     -2.9368e-84
l151#branch                        3.26226e-85
l121#branch                        7.51118e-42
lcable#branch                      2.10076e-53
vr165#branch                      -1.30617e-90
vload#branch                                 0
vr158#branch                       -2.9368e-84
vpass#branch                                 0
vlogic#branch                           -8e-12
vbat#branch                       -2.10076e-53

 Reference value :  1.03951e-02
 Reference value :  2.23631e-02
 Reference value :  3.43435e-02
 Reference value :  4.41450e-02
 Reference value :  5.46454e-02
 Reference value :  6.38281e-02
 Reference value :  7.34202e-02
 Reference value :  8.27722e-02
 Reference value :  9.30110e-02
 Reference value :  1.03189e-01
 Reference value :  1.13049e-01
No. of Data Rows : 60409
I32_FINISHED
ngspice-42 done
