Using SPARSE 1.3 as Direct Linear Solver
Note: Starting dynamic gmin stepping
Warning: Dynamic gmin stepping failed
Note: Starting true gmin stepping
Warning: True gmin stepping failed
Note: Starting source stepping
Warning: singular matrix:  check node snsprev

Warning: singular matrix:  check node snsprev

Warning: source stepping failed
Note: Transient op started
Note: Transient op finished successfully

Note: No compatibility mode selected!


Circuit: i32 exploratory network alternative; not manufacturer u151 model

Doing analysis at TEMP = 27.000000 and TNOM = 27.000000


Initial Transient Solution
--------------------------

Node                                   Voltage
----                                   -------
bat                                          0
cable_r                            2.03966e-55
raw_12v                            2.93354e-52
fused_12v                          2.93456e-52
rev_blocked_12v                    5.60651e-42
protect_ctrl_vin                  -4.20557e-42
protected_12v                      4.96687e-42
input_uv                            3.7186e-43
input_ov                           1.40163e-43
input_shdn                        -4.20556e-42
one                                          1
uv_ok                                    1e-09
ov_bad                                   1e-09
pvalid                                       0
ptimer                                       0
allow                                        0
allow_d                                      0
input_gate_drive                  -2.77862e-35
input_gate                        -2.77862e-35
input_gate_slew                   -2.77863e-35
qsrc                               4.96722e-42
buck_feed                          4.96671e-42
vin5                               4.95223e-42
en5                                  1.025e-42
on5                                      1e-09
xu121.age                                    0
xu121.active                                 0
xu121.ref                                    0
xu121.neg                                    0
xu121.req                         -3.16069e-41
fb5                                9.87717e-43
xu121.integral                               0
xu121.cmd                                    0
xu121.command                                0
xu121.drive                                  0
source5                            2.16187e-45
xu121.active_f                               0
xu121.sense                        -6.2057e-40
sw5                                -6.2057e-40
winding5                           8.35956e-43
c127r                              7.42194e-45
c128r                              7.42194e-45
ripple5                            9.87673e-43
rail5                             -5.29406e-45
feediso                            -5.3278e-45
good5                                    1e-09
iso_en_pin                        -9.30929e-46
gooddelay                           6.6967e-11
ageiso                                       0
switchon                                     0
slewiso                                      0
feedpass                           -5.3278e-45
vin                               -8.24702e-93
snsiso                            -1.12629e-93
localgood                                1e-09
snsfiltered                        7.50022e-10
snsprev                            7.09797e-10
snsevent                                     0
restartage                               1e-05
pgwant                                       0
pgdelay                                      0
en151                             -7.15447e-45
actual_en151                      -3.45946e-45
enable_ctrl                              1e-09
c151_esr                          -1.65466e-98
enable                                   1e-09
xu151.age                                    0
xu151.active                                 0
xu151.ref                                    0
xu151.neg                                    0
xu151.req                         -4.54931e-93
fb                                 3.15925e-94
xu151.integral                               0
xu151.cmd                                    0
xu151.command                                0
xu151.drive                                  0
source                             1.05412e-93
xu151.active_f                               0
xu151.sense                        3.64452e-94
sw                                 3.64452e-94
winding                            1.05449e-93
c155_esr                           8.37862e-99
c156_esr                           8.37862e-99
c157_esr                           8.37862e-99
c158_esr                         -1.15095e-100
main                               1.05406e-93
c201_esr                          -3.93926e-99
c204_esr                          -3.93926e-99
c202_esr                         -1.40098e-101
c205_esr                         -1.40098e-101
c301_esr                         -1.40098e-101
c302_esr                         -1.40123e-100
c404_esr                         -1.40098e-101
c531_esr                         -1.40098e-101
branch_sense                       1.05406e-93
branch_l                           1.05406e-93
branch_r                           1.05406e-93
bulksw_out                                   0
damped                                       0
c206_esr                                     0
main_feed                          1.05412e-93
main_l                             1.05407e-93
requested                                 0.45
ready                                        0
valid                                    1e-09
timer                                        0
reset_ctl                                    1
reset_raw                          3.69846e-95
en                                 1.29446e-94
disg                              -8.24706e-93
disfeed                            1.05412e-93
disdrain                           1.05412e-93
hold_l                            -8.24708e-93
hold_bus                          -8.24705e-93
c162                              -8.24715e-93
bulk_en_in                         1.05406e-93
bulk_en_pin                        2.63431e-94
bulk_want                                1e-09
bulk_enabled                        6.6967e-11
bulk_age                                     0
bulk_slew                                    0
bulk_feed                          1.05406e-93
bulk_localcap                      1.05406e-93
bbulk_slew#branch                            0
breset#branch                                0
bready#branch                                0
v.xu151.vsense#branch            -7.28906e-106
b.xu151.bdrive#branch             3.64452e-106
b.xu151.bcmd#branch                          0
b.xu151.breq#branch                          0
b.xu151.bneg#branch                          0
b.xu151.bref#branch                          0
b.xu151.bactive#branch                       0
bpgwant#branch                               0
bswitchon#branch                             0
bsnsevent#branch                             0
bvslew#branch                                0
v.xu121.vsense#branch              1.24114e-51
b.xu121.bdrive#branch              -6.2057e-52
b.xu121.bcmd#branch                          0
b.xu121.breq#branch                          0
b.xu121.bneg#branch                          0
b.xu121.bref#branch                          0
b.xu121.bactive#branch                       0
ballow#branch                                0
bpvalid#branch                               0
lhold#branch                       1.08086e-96
lmainfeed#branch                   6.38983e-97
lbranch#branch                    -1.44101e-98
l151#branch                        3.20359e-96
l121#branch                        2.98997e-42
lcable#branch                     -2.03966e-54
vbulkpass#branch                             0
vr165#branch                     -2.59553e-101
vload#branch                                 0
vr158#branch                      -1.44101e-98
vpass#branch                                 0
vlogic#branch                           -9e-12
vbat#branch                        2.03966e-54

 Reference value :  8.79817e-03
 Reference value :  1.68562e-02
 Reference value :  2.60342e-02
 Reference value :  3.69941e-02
 Reference value :  4.62017e-02
 Reference value :  5.26097e-02
 Reference value :  6.17057e-02
 Reference value :  7.03257e-02
 Reference value :  7.80057e-02
 Reference value :  8.67597e-02
 Reference value :  9.34588e-02
 Reference value :  1.01749e-01
 Reference value :  1.11220e-01
 Reference value :  1.21092e-01
 Reference value :  1.28916e-01
 Reference value :  1.36702e-01
 Reference value :  1.44656e-01
 Reference value :  1.53082e-01
 Reference value :  1.60476e-01
 Reference value :  1.68570e-01
 Reference value :  1.75174e-01
 Reference value :  1.84070e-01
 Reference value :  1.89636e-01
 Reference value :  1.98208e-01
 Reference value :  2.06340e-01
 Reference value :  2.14932e-01
 Reference value :  2.23052e-01
 Reference value :  2.31280e-01
 Reference value :  2.38148e-01
 Reference value :  2.46030e-01
 Reference value :  2.54640e-01
 Reference value :  2.61540e-01
 Reference value :  2.68054e-01
 Reference value :  2.76634e-01
 Reference value :  2.85404e-01
 Reference value :  2.94172e-01
 Reference value :  3.02766e-01
 Reference value :  3.11330e-01
 Reference value :  3.19754e-01
 Reference value :  3.28196e-01
 Reference value :  3.36592e-01
 Reference value :  3.44878e-01
 Reference value :  3.52666e-01
 Reference value :  3.61074e-01
 Reference value :  3.69572e-01
 Reference value :  3.78262e-01
 Reference value :  3.86902e-01
 Reference value :  3.95270e-01
 Reference value :  4.03516e-01
 Reference value :  4.10716e-01
 Reference value :  4.18646e-01
 Reference value :  4.26680e-01
 Reference value :  4.33118e-01
 Reference value :  4.41844e-01
 Reference value :  4.50007e-01
 Reference value :  4.56501e-01
 Reference value :  4.66679e-01
 Reference value :  4.77489e-01
 Reference value :  4.88397e-01
 Reference value :  4.99031e-01
 Reference value :  5.09769e-01
 Reference value :  5.20899e-01
 Reference value :  5.31517e-01
 Reference value :  5.41949e-01
 Reference value :  5.50185e-01
 Reference value :  5.59969e-01
 Reference value :  5.70505e-01
 Reference value :  5.80969e-01
 Reference value :  5.91153e-01
 Reference value :  6.01277e-01
 Reference value :  6.11371e-01
 Reference value :  6.19159e-01
 Reference value :  6.28291e-01
 Reference value :  6.38503e-01
 Reference value :  6.49239e-01
 Reference value :  6.59455e-01
 Reference value :  6.69655e-01
 Reference value :  6.80193e-01
 Reference value :  6.90419e-01
 Reference value :  7.00871e-01
 Reference value :  7.11449e-01
 Reference value :  7.21999e-01
 Reference value :  7.32983e-01
 Reference value :  7.44117e-01
 Reference value :  7.54819e-01
 Reference value :  7.65565e-01
 Reference value :  7.76615e-01
 Reference value :  7.87755e-01
 Reference value :  7.98495e-01
 Reference value :  8.09337e-01
 Reference value :  8.20431e-01
 Reference value :  8.31577e-01
 Reference value :  8.42327e-01
 Reference value :  8.52953e-01
 Reference value :  8.63925e-01
 Reference value :  8.74985e-01
 Reference value :  8.85448e-01
 Reference value :  8.94676e-01
 Reference value :  9.04196e-01
 Reference value :  9.12368e-01
 Reference value :  9.21644e-01
 Reference value :  9.30489e-01
 Reference value :  9.39261e-01
 Reference value :  9.48453e-01
 Reference value :  9.57927e-01
 Reference value :  9.67235e-01
 Reference value :  9.75727e-01
 Reference value :  9.84362e-01
 Reference value :  9.93220e-01
 Reference value :  1.00212e+00
 Reference value :  1.01111e+00
 Reference value :  1.01990e+00
 Reference value :  1.02878e+00
 Reference value :  1.03762e+00
 Reference value :  1.04644e+00
 Reference value :  1.05513e+00
 Reference value :  1.06422e+00
 Reference value :  1.07330e+00
 Reference value :  1.08230e+00
 Reference value :  1.09098e+00
 Reference value :  1.10008e+00
 Reference value :  1.10924e+00
 Reference value :  1.11837e+00
 Reference value :  1.12724e+00
 Reference value :  1.13635e+00
 Reference value :  1.14538e+00
 Reference value :  1.15411e+00
 Reference value :  1.16239e+00
 Reference value :  1.17156e+00
 Reference value :  1.18065e+00
 Reference value :  1.18971e+00
 Reference value :  1.19863e+00
 Reference value :  1.20774e+00
 Reference value :  1.21578e+00
 Reference value :  1.22441e+00
 Reference value :  1.23270e+00
 Reference value :  1.24152e+00
 Reference value :  1.24744e+00
 Reference value :  1.25490e+00
 Reference value :  1.26382e+00
 Reference value :  1.27281e+00
 Reference value :  1.28077e+00
 Reference value :  1.28993e+00
 Reference value :  1.29881e+00
No. of Data Rows : 652395
I32_FINISHED
ngspice-42 done
