Using SPARSE 1.3 as Direct Linear Solver
Note: Starting dynamic gmin stepping
Warning: Dynamic gmin stepping failed
Note: Starting true gmin stepping
Warning: True gmin stepping failed
Note: Starting source stepping
Warning: singular matrix:  check node bulk_enabled

Warning: singular matrix:  check node bulk_enabled

Warning: source stepping failed
Note: Transient op started
Note: Transient op finished successfully

Note: No compatibility mode selected!


Circuit: i32 exploratory network alternative; not manufacturer u151 model

Doing analysis at TEMP = 27.000000 and TNOM = 27.000000


Initial Transient Solution
--------------------------

Node                                   Voltage
----                                   -------
bat                                          0
cable_r                            2.04252e-55
raw_12v                            2.94172e-52
fused_12v                          2.94274e-52
rev_blocked_12v                    5.62186e-42
protect_ctrl_vin                  -4.21613e-42
protected_12v                      4.97996e-42
input_uv                           3.72879e-43
input_ov                           1.40547e-43
input_shdn                        -4.21613e-42
one                                          1
uv_ok                                    1e-09
ov_bad                                   1e-09
pvalid                                       0
ptimer                                       0
allow                                        0
allow_d                                      0
input_gate_drive                  -2.78596e-35
input_gate                        -2.78596e-35
input_gate_slew                   -2.78597e-35
qsrc                               4.98032e-42
buck_feed                          4.97981e-42
vin5                               4.96528e-42
en5                                1.02771e-42
on5                                      1e-09
xu121.age                                    0
xu121.active                                 0
xu121.ref                                    0
xu121.neg                                    0
xu121.req                         -3.16987e-41
fb5                                9.90586e-43
xu121.integral                               0
xu121.cmd                                    0
xu121.command                                0
xu121.drive                                  0
source5                            2.15334e-45
xu121.active_f                               0
xu121.sense                       -6.21929e-40
sw5                               -6.21929e-40
winding5                            8.3837e-43
c127r                              7.44353e-45
c128r                              7.44353e-45
ripple5                            9.90528e-43
rail5                             -5.32427e-45
feediso                            -5.3581e-45
good5                                    1e-09
iso_en_pin                        -9.31928e-46
gooddelay                           6.6967e-11
ageiso                                       0
switchon                                     0
slewiso                                      0
feedpass                           -5.3581e-45
vin                                -1.5656e-92
snsiso                            -2.12781e-93
localgood                                1e-09
snsfiltered                        7.50022e-10
snsprev                            7.09797e-10
snsevent                                     0
restartage                               1e-05
pgwant                                       0
pgdelay                                      0
en151                             -6.26501e-45
actual_en151                      -3.57187e-45
enable_ctrl                              1e-09
c151_esr                          -3.27423e-98
enable                                   1e-09
xu151.age                                    0
xu151.active                                 0
xu151.ref                                    0
xu151.neg                                    0
xu151.req                         -8.49084e-93
fb                                 5.89642e-94
xu151.integral                               0
xu151.cmd                                    0
xu151.command                                0
xu151.drive                                  0
source                             1.97128e-93
xu151.active_f                               0
xu151.sense                        6.65022e-94
sw                                 6.65022e-94
winding                            1.97199e-93
c155_esr                          -1.21048e-96
c156_esr                          -1.21048e-96
c157_esr                          -1.21048e-96
c158_esr                          -4.64925e-99
main                                1.9376e-93
c201_esr                          -8.17739e-97
c204_esr                          -8.17739e-97
c202_esr                          -2.90125e-99
c205_esr                          -2.90125e-99
c301_esr                          -2.90125e-99
c302_esr                          -2.90206e-98
c404_esr                          -2.90125e-99
c531_esr                          -2.90125e-99
branch_sense                        1.9376e-93
branch_l                           1.93797e-93
branch_r                           1.93782e-93
bulksw_out                                   0
damped                                       0
c206_esr                                     0
main_feed                          1.96759e-93
main_l                             1.93986e-93
requested                                 0.45
valid                                    1e-09
timer                                        0
ready                                        0
reset_ctl                                    1
reset_raw                          6.79886e-95
en                                  2.3796e-94
disg                               -1.5656e-92
disfeed                            1.97128e-93
disdrain                           1.97128e-93
hold_l                            -1.56561e-92
hold_bus                           -1.5656e-92
c162                              -1.56562e-92
bulk_en_in                          1.9376e-93
bulk_en_pin                        4.82142e-94
bulk_want                                1e-09
bulk_enabled                        6.6967e-11
bulk_age                                     0
bulk_slew                                    0
bulk_feed                          1.93782e-93
bulk_localcap                      1.93785e-93
bbulk_slew#branch                            0
breset#branch                                0
bready#branch                                0
v.xu151.vsense#branch            -1.33005e-105
b.xu151.bdrive#branch             6.65022e-106
b.xu151.bcmd#branch                          0
b.xu151.breq#branch                          0
b.xu151.bneg#branch                          0
b.xu151.bref#branch                          0
b.xu151.bactive#branch                       0
bpgwant#branch                               0
bswitchon#branch                             0
bsnsevent#branch                             0
bvslew#branch                                0
v.xu121.vsense#branch              1.24386e-51
b.xu121.bdrive#branch             -6.21929e-52
b.xu121.bcmd#branch                          0
b.xu121.breq#branch                          0
b.xu121.bneg#branch                          0
b.xu121.bref#branch                          0
b.xu121.bactive#branch                       0
ballow#branch                                0
bpvalid#branch                               0
lhold#branch                       2.15179e-96
lmainfeed#branch                   3.69646e-94
lbranch#branch                    -3.36405e-96
l151#branch                        6.15556e-96
l121#branch                        2.99866e-42
lcable#branch                     -2.04252e-54
vbulkpass#branch                             0
vr165#branch                     -5.01074e-101
vload#branch                                 0
vr158#branch                      -3.36405e-96
vpass#branch                                 0
vlogic#branch                           -9e-12
vbat#branch                        2.04252e-54

 Reference value :  8.66217e-03
 Reference value :  1.76422e-02
 Reference value :  2.64342e-02
 Reference value :  3.72238e-02
 Reference value :  4.70104e-02
 Reference value :  5.67564e-02
 Reference value :  6.65184e-02
 Reference value :  7.64824e-02
 Reference value :  8.29575e-02
 Reference value :  9.06392e-02
 Reference value :  9.75872e-02
 Reference value :  1.04849e-01
 Reference value :  1.12877e-01
 Reference value :  1.20879e-01
 Reference value :  1.29723e-01
 Reference value :  1.38717e-01
 Reference value :  1.47977e-01
 Reference value :  1.56283e-01
 Reference value :  1.64179e-01
 Reference value :  1.73153e-01
 Reference value :  1.82407e-01
 Reference value :  1.91353e-01
 Reference value :  2.00449e-01
 Reference value :  2.09445e-01
 Reference value :  2.18659e-01
 Reference value :  2.27497e-01
 Reference value :  2.34981e-01
 Reference value :  2.43091e-01
 Reference value :  2.51165e-01
 Reference value :  2.60085e-01
 Reference value :  2.68688e-01
 Reference value :  2.76988e-01
 Reference value :  2.85754e-01
 Reference value :  2.94356e-01
 Reference value :  3.02346e-01
 Reference value :  3.10292e-01
 Reference value :  3.19368e-01
 Reference value :  3.28038e-01
 Reference value :  3.37186e-01
 Reference value :  3.46252e-01
 Reference value :  3.55096e-01
 Reference value :  3.63688e-01
 Reference value :  3.72506e-01
 Reference value :  3.81472e-01
 Reference value :  3.90502e-01
 Reference value :  3.99680e-01
 Reference value :  4.08912e-01
 Reference value :  4.18204e-01
 Reference value :  4.27632e-01
 Reference value :  4.37094e-01
 Reference value :  4.46576e-01
 Reference value :  4.55708e-01
 Reference value :  4.65166e-01
 Reference value :  4.74582e-01
 Reference value :  4.83882e-01
 Reference value :  4.92962e-01
 Reference value :  5.02324e-01
 Reference value :  5.11582e-01
 Reference value :  5.18874e-01
 Reference value :  5.28326e-01
 Reference value :  5.35728e-01
 Reference value :  5.41984e-01
 Reference value :  5.49392e-01
 Reference value :  5.55378e-01
 Reference value :  5.64110e-01
 Reference value :  5.72572e-01
 Reference value :  5.81074e-01
 Reference value :  5.89644e-01
 Reference value :  5.98044e-01
No. of Data Rows : 300424
I32_FINISHED
ngspice-42 done
