Using SPARSE 1.3 as Direct Linear Solver
Note: Starting dynamic gmin stepping
Warning: Dynamic gmin stepping failed
Note: Starting true gmin stepping
Warning: True gmin stepping failed
Note: Starting source stepping
Warning: singular matrix:  check node gooddelay

Warning: singular matrix:  check node gooddelay

Warning: source stepping failed
Note: Transient op started
Note: Transient op finished successfully

Note: No compatibility mode selected!


Circuit: i32 exploratory network alternative; not manufacturer u151 model

Doing analysis at TEMP = 27.000000 and TNOM = 27.000000


Initial Transient Solution
--------------------------

Node                                   Voltage
----                                   -------
bat                                          0
cable_r                           -2.11143e-54
raw_12v                            1.31174e-51
fused_12v                          1.31069e-51
rev_blocked_12v                    3.35123e-42
protect_ctrl_vin                  -3.79588e-42
protected_12v                      4.55801e-42
input_uv                           2.22276e-43
input_ov                           8.37808e-44
input_shdn                        -3.79588e-42
one                                          1
uv_ok                                    1e-09
ov_bad                                   1e-09
pvalid                                       0
ptimer                                       0
allow                                        0
allow_d                                      0
input_gate_drive                  -2.54618e-35
input_gate                        -2.54618e-35
input_gate_slew                   -2.54619e-35
qsrc                               4.55834e-42
buck_feed                           4.5575e-42
vin5                               4.50969e-42
en5                                9.33409e-43
on5                                      1e-09
xu121.age                                    0
xu121.active                                 0
xu121.ref                                    0
xu121.neg                                    0
xu121.req                         -7.67989e-41
fb5                                2.39997e-42
xu121.integral                               0
xu121.cmd                                    0
xu121.command                                0
xu121.drive                                  0
source5                           -3.74382e-43
xu121.active_f                               0
xu121.sense                       -1.43307e-39
sw5                               -1.43307e-39
winding5                           1.03653e-42
c127r                              1.87653e-44
c128r                              1.87653e-44
ripple5                            2.11232e-42
rail5                             -3.93175e-43
feediso                           -3.93175e-43
good5                                    1e-09
iso_en_pin                        -6.78479e-44
gooddelay                           6.6967e-11
ageiso                                       0
switchon                                     0
slewiso                                      0
feedpass                          -3.93175e-43
vin                               -4.88083e-79
snsiso                            -6.53558e-80
localgood                                1e-09
snsfiltered                        7.50022e-10
snsprev                            7.09797e-10
snsevent                                     0
restartage                               1e-05
pgwant                                       0
pgdelay                                      0
en151                             -3.19178e-43
enable_ctrl                              1e-09
c151_esr                          -8.91866e-87
enable                                   1e-09
xu151.age                                    0
xu151.active                                 0
xu151.ref                                    0
xu151.neg                                    0
xu151.req                         -2.69375e-81
fb                                 1.87066e-82
xu151.integral                               0
xu151.cmd                                    0
xu151.command                                0
xu151.drive                                  0
source                             6.10681e-82
xu151.active_f                               0
xu151.sense                        4.45518e-82
sw                                 4.45518e-82
winding                            6.10806e-82
c155_esr                          -2.85285e-85
c156_esr                          -2.85285e-85
c157_esr                          -2.85285e-85
c158_esr                           -1.2031e-87
main                               6.09809e-82
c201_esr                          -2.84987e-85
c204_esr                          -2.84987e-85
c202_esr                          -1.17555e-87
c205_esr                          -1.17555e-87
c301_esr                          -1.17555e-87
c302_esr                          -1.17073e-86
c404_esr                          -1.17555e-87
c531_esr                          -1.17555e-87
branch_sense                       6.09809e-82
branch_l                            6.1125e-82
branch_r                           6.11349e-82
damped                             6.22637e-82
c206_esr                          -6.00421e-85
requested                                 0.45
valid                                    1e-09
timer                                        0
ready                                        0
reset_ctl                                    1
reset_raw                          2.13978e-83
en                                 7.48923e-83
disg                              -4.88083e-79
disfeed                            6.10681e-82
disdrain                           6.10681e-82
hold_l                            -4.88083e-79
hold_bus                          -4.88083e-79
c162                              -4.88083e-79
c163                              -4.88083e-79
c164                              -4.88083e-79
breset#branch                                0
bready#branch                                0
v.xu151.vsense#branch             -8.91157e-94
b.xu151.bdrive#branch              4.45518e-94
b.xu151.bcmd#branch                          0
b.xu151.breq#branch                          0
b.xu151.bneg#branch                          0
b.xu151.bref#branch                          0
b.xu151.bactive#branch                       0
bpgwant#branch                               0
bswitchon#branch                             0
bsnsevent#branch                             0
bvslew#branch                                0
v.xu121.vsense#branch              2.86613e-51
b.xu121.bdrive#branch             -1.43307e-51
b.xu121.bcmd#branch                          0
b.xu121.breq#branch                          0
b.xu121.bneg#branch                          0
b.xu121.bref#branch                          0
b.xu121.bactive#branch                       0
ballow#branch                                0
bpvalid#branch                               0
lhold#branch                       6.58795e-85
lbranch#branch                    -2.40169e-83
l151#branch                        1.61346e-84
l121#branch                        7.54499e-42
lcable#branch                      2.11143e-53
vr165#branch                      -7.29062e-90
vload#branch                                 0
vr158#branch                      -2.40169e-83
vpass#branch                                 0
vlogic#branch                           -8e-12
vbat#branch                       -2.11143e-53

 Reference value :  9.32714e-03 Reference value :  2.05211e-02 Reference value :  2.88851e-02 Reference value :  4.03716e-02 Reference value :  5.08344e-02 Reference value :  6.09994e-02 Reference value :  7.11494e-02 Reference value :  8.09367e-02 Reference value :  9.08467e-02 Reference value :  1.00997e-01 Reference value :  1.11015e-01
No. of Data Rows : 60277
I32_FINISHED
ngspice-42 done
