Using SPARSE 1.3 as Direct Linear Solver
Note: Starting dynamic gmin stepping
Warning: Dynamic gmin stepping failed
Note: Starting true gmin stepping
Warning: True gmin stepping failed
Note: Starting source stepping
Warning: singular matrix:  check node pgdelay

Warning: singular matrix:  check node pgdelay

Warning: source stepping failed
Note: Transient op started
Note: Transient op finished successfully

Note: No compatibility mode selected!


Circuit: i32 exploratory network alternative; not manufacturer u151 model

Doing analysis at TEMP = 27.000000 and TNOM = 27.000000


Initial Transient Solution
--------------------------

Node                                   Voltage
----                                   -------
bat                                          0
cable_r                            7.01153e-55
raw_12v                            6.37265e-53
fused_12v                           6.4077e-53
rev_blocked_12v                    5.72699e-42
protect_ctrl_vin                  -4.28025e-42
protected_12v                      5.07475e-42
input_uv                           3.79851e-43
input_ov                           1.43175e-43
input_shdn                        -4.28025e-42
one                                          1
uv_ok                                    1e-09
ov_bad                                   1e-09
pvalid                                       0
ptimer                                       0
allow                                        0
allow_d                                      0
input_gate_drive                    -2.834e-35
input_gate                          -2.834e-35
input_gate_slew                   -2.83401e-35
qsrc                               5.07511e-42
buck_feed                          5.07468e-42
vin5                               5.06778e-42
en5                                1.04892e-42
on5                                      1e-09
xu121.age                                    0
xu121.active                                 0
xu121.ref                                    0
xu121.neg                                    0
xu121.req                          -1.3651e-41
fb5                                4.26592e-43
xu121.integral                               0
xu121.cmd                                    0
xu121.command                                0
xu121.drive                                  0
source5                           -4.39134e-43
xu121.active_f                               0
xu121.sense                       -4.82175e-40
sw5                               -4.82175e-40
winding5                          -6.10394e-44
c127r                              5.02244e-45
c128r                              5.02244e-45
ripple5                            9.39665e-44
rail5                             -4.44165e-43
feediso                           -4.44176e-43
good5                                    1e-09
iso_en_pin                        -7.79236e-44
gooddelay                           6.6967e-11
ageiso                                       0
switchon                                     0
slewiso                                      0
feedpass                          -4.44176e-43
vin                                5.02626e-80
snsiso                             6.78913e-81
localgood                                1e-09
snsfiltered                        7.50022e-10
snsprev                            7.09797e-10
snsevent                                     0
restartage                               1e-05
pgwant                                       0
pgdelay                                      0
en151                             -3.97513e-43
enable_ctrl                              1e-09
c151_esr                           3.57125e-84
enable                                   1e-09
xu151.age                                    0
xu151.active                                 0
xu151.ref                                    0
xu151.neg                                    0
xu151.req                           1.4039e-82
fb                                -1.94986e-83
xu151.integral                               0
xu151.cmd                                    0
xu151.command                                0
xu151.drive                                  0
source                             -6.4953e-83
xu151.active_f                               0
xu151.sense                        2.57131e-81
sw                                 2.57131e-81
winding                           -6.57748e-83
c155_esr                          -3.53001e-86
c156_esr                          -3.53001e-86
c157_esr                          -3.53001e-86
c158_esr                           1.41896e-88
main                                -6.488e-83
c201_esr                          -1.16957e-88
c204_esr                          -1.16957e-88
c202_esr                          -2.07503e-90
c205_esr                          -2.07503e-90
c301_esr                          -2.07503e-90
c302_esr                          -1.97881e-89
c404_esr                          -2.07503e-90
c531_esr                          -2.07503e-90
branch_sense                        -6.488e-83
branch_l                          -6.48812e-83
branch_r                           -6.4881e-83
damped                             -6.4885e-83
c206_esr                           4.60514e-88
main_feed                         -6.49522e-83
main_l                            -6.49463e-83
requested                                 0.45
ready                                        0
valid                                    1e-09
timer                                        0
reset_ctl                                    1
reset_raw                         -2.27649e-84
en                                -7.96772e-84
disg                               4.73013e-80
disfeed                            -6.4953e-83
disdrain                          -6.49534e-83
hold_l                             5.03693e-80
hold_bus                           5.03425e-80
c162                               5.03573e-80
c163                               5.03573e-80
c164                               5.03573e-80
breset#branch                                0
bready#branch                                0
v.xu151.vsense#branch             -5.14265e-93
b.xu151.bdrive#branch              2.57131e-93
b.xu151.bcmd#branch                          0
b.xu151.breq#branch                          0
b.xu151.bneg#branch                          0
b.xu151.bref#branch                          0
b.xu151.bactive#branch                       0
bpgwant#branch                               0
bswitchon#branch                             0
bsnsevent#branch                             0
bvslew#branch                                0
v.xu121.vsense#branch               9.6435e-52
b.xu121.bdrive#branch             -4.82175e-52
b.xu121.bcmd#branch                          0
b.xu121.breq#branch                          0
b.xu121.bneg#branch                          0
b.xu121.bref#branch                          0
b.xu121.bactive#branch                       0
ballow#branch                                0
bpvalid#branch                               0
lhold#branch                      -1.77866e-81
lmainfeed#branch                  -7.85584e-86
lbranch#branch                     1.84206e-86
l151#branch                       -1.06582e-83
l121#branch                        2.02189e-42
lcable#branch                     -7.01153e-54
vr165#branch                       7.48333e-89
vload#branch                                 0
vr158#branch                       1.84206e-86
vpass#branch                      -5.02626e-84
vlogic#branch                           -8e-12
vbat#branch                        7.01153e-54

 Reference value :  6.84017e-03
 Reference value :  1.60702e-02
 Reference value :  2.78482e-02
 Reference value :  3.90982e-02
 Reference value :  4.51238e-02
 Reference value :  5.25197e-02
 Reference value :  6.15017e-02
 Reference value :  7.05125e-02
 Reference value :  7.97585e-02
 Reference value :  8.89583e-02
 Reference value :  9.85123e-02
 Reference value :  1.07856e-01
 Reference value :  1.17162e-01
 Reference value :  1.26496e-01
 Reference value :  1.35804e-01
 Reference value :  1.45172e-01
 Reference value :  1.54222e-01
 Reference value :  1.63586e-01
 Reference value :  1.70411e-01
 Reference value :  1.78269e-01
 Reference value :  1.86897e-01
 Reference value :  1.93783e-01
No. of Data Rows : 100661
I32_FINISHED
ngspice-42 done
