Using SPARSE 1.3 as Direct Linear Solver
Note: Starting dynamic gmin stepping
Warning: Dynamic gmin stepping failed
Note: Starting true gmin stepping
Warning: True gmin stepping failed
Note: Starting source stepping
Warning: singular matrix:  check node snsfiltered

Warning: singular matrix:  check node snsfiltered

Warning: source stepping failed
Note: Transient op started
Note: Transient op finished successfully

Note: No compatibility mode selected!


Circuit: i32 exploratory network alternative; not manufacturer u151 model

Doing analysis at TEMP = 27.000000 and TNOM = 27.000000


Initial Transient Solution
--------------------------

Node                                   Voltage
----                                   -------
bat                                          0
cable_r                            -2.3541e-54
raw_12v                            1.53854e-51
fused_12v                          1.53736e-51
rev_blocked_12v                    5.71176e-42
protect_ctrl_vin                  -4.26782e-42
protected_12v                      5.06138e-42
input_uv                           3.78841e-43
input_ov                           1.42794e-43
input_shdn                        -4.26781e-42
one                                          1
uv_ok                                    1e-09
ov_bad                                   1e-09
pvalid                                       0
ptimer                                       0
allow                                        0
allow_d                                      0
input_gate_drive                  -2.82585e-35
input_gate                        -2.82585e-35
input_gate_slew                   -2.82586e-35
qsrc                               5.06174e-42
buck_feed                          5.06081e-42
vin5                               5.00772e-42
en5                                1.03649e-42
on5                                      1e-09
xu121.age                                    0
xu121.active                                 0
xu121.ref                                    0
xu121.neg                                    0
xu121.req                         -8.52788e-41
fb5                                2.66496e-42
xu121.integral                               0
xu121.cmd                                    0
xu121.command                                0
xu121.drive                                  0
source5                           -4.13455e-43
xu121.active_f                               0
xu121.sense                       -1.59327e-39
sw5                               -1.59327e-39
winding5                           1.15295e-42
c127r                              2.08022e-44
c128r                              2.08022e-44
ripple5                            2.34729e-42
rail5                              -4.3435e-43
feediso                           -4.34445e-43
good5                                    1e-09
iso_en_pin                        -7.74666e-44
gooddelay                           6.6967e-11
ageiso                                       0
switchon                                     0
slewiso                                      0
feedpass                          -4.34445e-43
vin                               -2.22582e-80
snsiso                            -3.08522e-81
localgood                                1e-09
snsfiltered                        7.50022e-10
snsprev                            7.09797e-10
snsevent                                     0
restartage                               1e-05
pgwant                                       0
pgdelay                                      0
en151                             -4.02555e-43
enable_ctrl                              1e-09
c151_esr                          -3.93794e-88
enable                                   1e-09
xu151.age                                    0
xu151.active                                 0
xu151.ref                                    0
xu151.neg                                    0
xu151.req                         -1.27023e-82
fb                                 8.82107e-84
xu151.integral                               0
xu151.cmd                                    0
xu151.command                                0
xu151.drive                                  0
source                             2.88526e-83
xu151.active_f                               0
xu151.sense                        2.32089e-83
sw                                 2.32089e-83
winding                            2.88584e-83
c155_esr                           1.52074e-88
c156_esr                           1.52074e-88
c157_esr                           1.52074e-88
c158_esr                           -3.5319e-91
main                               2.88524e-83
c201_esr                           6.21434e-90
c204_esr                           6.21434e-90
c202_esr                           2.51098e-92
c205_esr                           2.51098e-92
c301_esr                           2.51098e-92
c302_esr                           2.39314e-90
c404_esr                           2.51098e-92
c531_esr                           2.51098e-92
branch_sense                       2.88524e-83
branch_l                           2.88529e-83
branch_r                           2.88529e-83
damped                             2.88554e-83
c206_esr                          -1.33598e-88
requested                                 0.45
ready                                        0
valid                                    1e-09
timer                                        0
reset_ctl                                    1
reset_raw                          1.01236e-84
en                                 3.54327e-84
disg                              -2.22582e-80
disfeed                            2.88526e-83
disdrain                           2.88526e-83
hold_l                            -2.22582e-80
hold_bus                          -2.22582e-80
c162                              -2.22582e-80
c163                              -2.22582e-80
c164                              -2.22582e-80
breset#branch                                0
bready#branch                                0
v.xu151.vsense#branch             -4.64217e-95
b.xu151.bdrive#branch              2.32089e-95
b.xu151.bcmd#branch                          0
b.xu151.breq#branch                          0
b.xu151.bneg#branch                          0
b.xu151.bref#branch                          0
b.xu151.bactive#branch                       0
bpgwant#branch                               0
bswitchon#branch                             0
bsnsevent#branch                             0
bvslew#branch                                0
v.xu121.vsense#branch              3.18654e-51
b.xu121.bdrive#branch             -1.59327e-51
b.xu121.bcmd#branch                          0
b.xu121.breq#branch                          0
b.xu121.bneg#branch                          0
b.xu121.bref#branch                          0
b.xu121.bactive#branch                       0
ballow#branch                                0
bpvalid#branch                               0
lhold#branch                        2.8073e-86
lbranch#branch                    -5.34393e-87
l151#branch                        7.48908e-86
l121#branch                        8.37649e-42
lcable#branch                       2.3541e-53
vr165#branch                      -3.12036e-91
vload#branch                                 0
vr158#branch                      -5.34393e-87
vpass#branch                                 0
vlogic#branch                           -8e-12
vbat#branch                        -2.3541e-53

 Reference value :  8.98017e-03
 Reference value :  1.98642e-02
 Reference value :  3.18302e-02
 Reference value :  4.18577e-02
 Reference value :  5.03914e-02
 Reference value :  6.06134e-02
 Reference value :  7.01583e-02
 Reference value :  7.86623e-02
 Reference value :  8.64888e-02
 Reference value :  9.42088e-02
 Reference value :  1.04091e-01
 Reference value :  1.13619e-01
 Reference value :  1.22739e-01
 Reference value :  1.32379e-01
 Reference value :  1.41885e-01
 Reference value :  1.50115e-01
 Reference value :  1.54568e-01
 Reference value :  1.63400e-01
 Reference value :  1.75494e-01
 Reference value :  1.87714e-01
 Reference value :  1.97388e-01
 Reference value :  2.09186e-01
 Reference value :  2.21294e-01
 Reference value :  2.33326e-01
 Reference value :  2.43656e-01
 Reference value :  2.54574e-01
 Reference value :  2.66008e-01
 Reference value :  2.77244e-01
 Reference value :  2.86746e-01
 Reference value :  2.98324e-01
 Reference value :  3.10536e-01
 Reference value :  3.22784e-01
 Reference value :  3.34030e-01
 Reference value :  3.44938e-01
 Reference value :  3.57108e-01
 Reference value :  3.69438e-01
 Reference value :  3.81656e-01
 Reference value :  3.92068e-01
 Reference value :  4.00482e-01
 Reference value :  4.12616e-01
 Reference value :  4.24514e-01
 Reference value :  4.36698e-01
 Reference value :  4.48712e-01
 Reference value :  4.60860e-01
 Reference value :  4.72864e-01
 Reference value :  4.84074e-01
 Reference value :  4.95560e-01
 Reference value :  5.07590e-01
 Reference value :  5.18658e-01
 Reference value :  5.30736e-01
 Reference value :  5.42806e-01
 Reference value :  5.54654e-01
 Reference value :  5.66464e-01
 Reference value :  5.78528e-01
 Reference value :  5.90370e-01
 Reference value :  6.02422e-01
 Reference value :  6.14372e-01
 Reference value :  6.25368e-01
 Reference value :  6.37528e-01
 Reference value :  6.49602e-01
 Reference value :  6.60186e-01
 Reference value :  6.72384e-01
 Reference value :  6.84274e-01
 Reference value :  6.96260e-01
 Reference value :  7.06402e-01
 Reference value :  7.16924e-01
 Reference value :  7.26792e-01
 Reference value :  7.37028e-01
 Reference value :  7.48584e-01
 Reference value :  7.58732e-01
 Reference value :  7.67858e-01
 Reference value :  7.78168e-01
 Reference value :  7.87715e-01
 Reference value :  7.95954e-01
 Reference value :  8.04042e-01
 Reference value :  8.14108e-01
 Reference value :  8.21287e-01
 Reference value :  8.29213e-01
 Reference value :  8.36429e-01
 Reference value :  8.43133e-01
No. of Data Rows : 427219
I32_FINISHED
ngspice-42 done
