Using SPARSE 1.3 as Direct Linear Solver
Note: Starting dynamic gmin stepping
Warning: Dynamic gmin stepping failed
Note: Starting true gmin stepping
Warning: True gmin stepping failed
Note: Starting source stepping
Warning: singular matrix:  check node snsfiltered

Warning: singular matrix:  check node snsfiltered

Warning: source stepping failed
Note: Transient op started
Note: Transient op finished successfully

Note: No compatibility mode selected!


Circuit: i32 exploratory network alternative; not manufacturer u151 model

Doing analysis at TEMP = 27.000000 and TNOM = 27.000000


Initial Transient Solution
--------------------------

Node                                   Voltage
----                                   -------
bat                                          0
cable_r                           -2.10084e-54
raw_12v                             1.3058e-51
fused_12v                          1.30475e-51
rev_blocked_12v                    3.33936e-42
protect_ctrl_vin                  -3.78237e-42
protected_12v                      4.54178e-42
input_uv                           2.21488e-43
input_ov                           8.34841e-44
input_shdn                        -3.78236e-42
one                                          1
uv_ok                                    1e-09
ov_bad                                   1e-09
pvalid                                       0
ptimer                                       0
allow                                        0
allow_d                                      0
input_gate_drive                  -2.53713e-35
input_gate                        -2.53713e-35
input_gate_slew                   -2.53714e-35
qsrc                               4.54211e-42
buck_feed                          4.54128e-42
vin5                               4.49368e-42
en5                                9.30095e-43
on5                                      1e-09
xu121.age                                    0
xu121.active                                 0
xu121.ref                                    0
xu121.neg                                    0
xu121.req                         -7.63381e-41
fb5                                2.38556e-42
xu121.integral                               0
xu121.cmd                                    0
xu121.command                                0
xu121.drive                                  0
source5                           -3.75406e-43
xu121.active_f                               0
xu121.sense                       -1.42756e-39
sw5                               -1.42756e-39
winding5                           1.02925e-42
c127r                              1.86881e-44
c128r                              1.86881e-44
ripple5                            2.10025e-42
rail5                              -3.9411e-43
feediso                            -3.9411e-43
good5                                    1e-09
iso_en_pin                        -6.91421e-44
gooddelay                           6.6967e-11
ageiso                                       0
switchon                                     0
slewiso                                      0
feedpass                           -3.9411e-43
vin                               -3.05539e-79
snsiso                            -4.16266e-80
localgood                                1e-09
snsfiltered                        7.50022e-10
snsprev                            7.09797e-10
snsevent                                     0
restartage                               1e-05
pgwant                                       0
pgdelay                                      0
en151                             -3.55076e-43
enable_ctrl                              1e-09
c151_esr                           -5.3542e-87
enable                                   1e-09
xu151.age                                    0
xu151.active                                 0
xu151.ref                                    0
xu151.neg                                    0
xu151.req                         -1.73318e-81
fb                                  1.2036e-82
xu151.integral                               0
xu151.cmd                                    0
xu151.command                                0
xu151.drive                                  0
source                             3.92918e-82
xu151.active_f                               0
xu151.sense                        3.16093e-82
sw                                 3.16093e-82
winding                            3.92996e-82
c155_esr                          -2.80138e-87
c156_esr                          -2.80138e-87
c157_esr                          -2.80138e-87
c158_esr                          -2.61596e-89
main                               3.92899e-82
c201_esr                          -4.72499e-87
c204_esr                          -4.72499e-87
c202_esr                          -2.12307e-89
c205_esr                          -2.12307e-89
c301_esr                          -2.12307e-89
c302_esr                          -1.83351e-88
c404_esr                          -2.12307e-89
c531_esr                          -2.12307e-89
branch_sense                       3.92899e-82
branch_l                           3.92931e-82
branch_r                           3.92932e-82
damped                             3.93178e-82
c206_esr                          -1.30965e-86
requested                                 0.45
ready                                        0
valid                                    1e-09
timer                                        0
reset_ctl                                    1
reset_raw                           1.3786e-83
en                                 4.82508e-83
disg                              -3.05539e-79
disfeed                            3.92918e-82
disdrain                           3.92918e-82
hold_l                            -3.05539e-79
hold_bus                          -3.05539e-79
c162                              -3.05539e-79
c163                              -3.05539e-79
breset#branch                                0
bready#branch                                0
v.xu151.vsense#branch             -6.32143e-94
b.xu151.bdrive#branch              3.16093e-94
b.xu151.bcmd#branch                          0
b.xu151.breq#branch                          0
b.xu151.bneg#branch                          0
b.xu151.bref#branch                          0
b.xu151.bactive#branch                       0
bpgwant#branch                               0
bswitchon#branch                             0
bsnsevent#branch                             0
bvslew#branch                                0
v.xu121.vsense#branch              2.85512e-51
b.xu121.bdrive#branch             -1.42756e-51
b.xu121.bcmd#branch                          0
b.xu121.breq#branch                          0
b.xu121.bneg#branch                          0
b.xu121.bref#branch                          0
b.xu121.bactive#branch                       0
ballow#branch                                0
bpvalid#branch                               0
lhold#branch                       3.75703e-85
lbranch#branch                    -5.23859e-85
l151#branch                        1.02101e-84
l121#branch                        7.51152e-42
lcable#branch                      2.10084e-53
vr165#branch                      -4.19887e-90
vload#branch                                 0
vr158#branch                      -5.23859e-85
vpass#branch                                 0
vlogic#branch                           -8e-12
vbat#branch                       -2.10084e-53

 Reference value :  7.31514e-03 Reference value :  1.81531e-02 Reference value :  3.02191e-02 Reference value :  4.05031e-02 Reference value :  4.79064e-02 Reference value :  5.76843e-02 Reference value :  6.65930e-02 Reference value :  7.59350e-02 Reference value :  8.51238e-02 Reference value :  9.42358e-02 Reference value :  1.04054e-01 Reference value :  1.13900e-01
No. of Data Rows : 60520
I32_FINISHED
ngspice-42 done
