Using SPARSE 1.3 as Direct Linear Solver
Note: Starting dynamic gmin stepping
Warning: Dynamic gmin stepping failed
Note: Starting true gmin stepping
Warning: True gmin stepping failed
Note: Starting source stepping
Warning: singular matrix:  check node snsprev

Warning: singular matrix:  check node snsprev

Warning: source stepping failed
Note: Transient op started
Note: Transient op finished successfully

Note: No compatibility mode selected!


Circuit: i32 exploratory network alternative; not manufacturer u151 model

Doing analysis at TEMP = 27.000000 and TNOM = 27.000000


Initial Transient Solution
--------------------------

Node                                   Voltage
----                                   -------
bat                                          0
cable_r                             2.0375e-55
raw_12v                            2.92857e-52
fused_12v                          2.92959e-52
rev_blocked_12v                    5.59809e-42
protect_ctrl_vin                  -4.19785e-42
protected_12v                      4.95866e-42
input_uv                           3.71302e-43
input_ov                           1.39952e-43
input_shdn                        -4.19785e-42
one                                          1
uv_ok                                    1e-09
ov_bad                                   1e-09
pvalid                                       0
ptimer                                       0
allow                                        0
allow_d                                      0
input_gate_drive                  -2.77405e-35
input_gate                        -2.77405e-35
input_gate_slew                   -2.77406e-35
qsrc                               4.95902e-42
buck_feed                          4.95851e-42
vin5                               4.94405e-42
en5                                1.02331e-42
on5                                      1e-09
xu121.age                                    0
xu121.active                                 0
xu121.ref                                    0
xu121.neg                                    0
xu121.req                         -3.15543e-41
fb5                                9.86073e-43
xu121.integral                               0
xu121.cmd                                    0
xu121.command                                0
xu121.drive                                  0
source5                            2.15801e-45
xu121.active_f                               0
xu121.sense                       -6.19529e-40
sw5                               -6.19529e-40
winding5                           8.34565e-43
c127r                              7.40959e-45
c128r                              7.40959e-45
ripple5                            9.86029e-43
rail5                             -5.28551e-45
feediso                           -5.31919e-45
good5                                    1e-09
iso_en_pin                        -9.29425e-46
gooddelay                           6.6967e-11
ageiso                                       0
switchon                                     0
slewiso                                      0
feedpass                          -5.31919e-45
vin                               -4.09478e-92
snsiso                            -5.59222e-93
localgood                                1e-09
snsfiltered                        7.50022e-10
snsprev                            7.09797e-10
snsevent                                     0
restartage                               1e-05
pgwant                                       0
pgdelay                                      0
en151                             -7.11435e-45
actual_en151                      -3.44007e-45
enable_ctrl                              1e-09
c151_esr                          -8.21558e-98
enable                                   1e-09
xu151.age                                    0
xu151.active                                 0
xu151.ref                                    0
xu151.neg                                    0
xu151.req                         -2.25883e-92
fb                                 1.56863e-93
xu151.integral                               0
xu151.cmd                                    0
xu151.command                                0
xu151.drive                                  0
source                             5.23395e-93
xu151.active_f                               0
xu151.sense                        1.80956e-93
sw                                 1.80956e-93
winding                            5.23578e-93
c155_esr                           4.16007e-98
c156_esr                           4.16007e-98
c157_esr                           4.16007e-98
c158_esr                         -5.71476e-100
main                               5.23364e-93
c201_esr                          -1.95593e-98
c204_esr                          -1.95593e-98
c202_esr                         -6.95614e-101
c205_esr                         -6.95614e-101
c301_esr                         -6.95614e-101
c302_esr                         -6.95742e-100
c404_esr                         -6.95614e-101
c531_esr                         -6.95614e-101
branch_sense                       5.23364e-93
branch_l                           5.23364e-93
branch_r                           5.23364e-93
bulksw_out                                   0
damped                                       0
c206_esr                                     0
main_feed                          5.23392e-93
main_l                             5.23368e-93
requested                                 0.45
ready                                        0
valid                                    1e-09
timer                                        0
reset_ctl                                    1
reset_raw                          1.83636e-94
en                                 6.42727e-94
disg                               -4.0948e-92
disfeed                            5.23395e-93
disdrain                           5.23395e-93
hold_l                            -4.09481e-92
hold_bus                          -4.09479e-92
c162                              -4.09484e-92
bulk_en_in                         5.23363e-93
bulk_en_pin                        1.30799e-93
bulk_want                                1e-09
bulk_enabled                        6.6967e-11
bulk_age                                     0
bulk_slew                                    0
bulk_feed                          5.23364e-93
bulk_localcap                      5.23364e-93
bbulk_slew#branch                            0
breset#branch                                0
bready#branch                                0
v.xu151.vsense#branch            -3.61912e-105
b.xu151.bdrive#branch             1.80956e-105
b.xu151.bcmd#branch                          0
b.xu151.breq#branch                          0
b.xu151.bneg#branch                          0
b.xu151.bref#branch                          0
b.xu151.bactive#branch                       0
bpgwant#branch                               0
bswitchon#branch                             0
bsnsevent#branch                             0
bvslew#branch                                0
v.xu121.vsense#branch              1.23906e-51
b.xu121.bdrive#branch             -6.19529e-52
b.xu121.bcmd#branch                          0
b.xu121.breq#branch                          0
b.xu121.bneg#branch                          0
b.xu121.bref#branch                          0
b.xu121.bactive#branch                       0
ballow#branch                                0
bpvalid#branch                               0
lhold#branch                       5.36665e-96
lmainfeed#branch                   3.17268e-96
lbranch#branch                    -7.15489e-98
l151#branch                        1.59062e-95
l121#branch                        2.98499e-42
lcable#branch                      -2.0375e-54
vbulkpass#branch                             0
vr165#branch                     -1.28836e-100
vload#branch                                 0
vr158#branch                      -7.15489e-98
vpass#branch                                 0
vlogic#branch                           -9e-12
vbat#branch                         2.0375e-54

 Reference value :  8.38817e-03
 Reference value :  1.49462e-02
 Reference value :  2.55602e-02
 Reference value :  3.65871e-02
 Reference value :  4.53326e-02
 Reference value :  5.43806e-02
 Reference value :  6.39246e-02
 Reference value :  7.33906e-02
 Reference value :  8.21606e-02
 Reference value :  8.99583e-02
 Reference value :  9.86864e-02
 Reference value :  1.06622e-01
 Reference value :  1.15686e-01
 Reference value :  1.24802e-01
 Reference value :  1.33184e-01
 Reference value :  1.41988e-01
 Reference value :  1.49788e-01
 Reference value :  1.57212e-01
 Reference value :  1.65886e-01
 Reference value :  1.74004e-01
 Reference value :  1.82530e-01
 Reference value :  1.91148e-01
 Reference value :  1.99354e-01
 Reference value :  2.06782e-01
 Reference value :  2.15060e-01
 Reference value :  2.23292e-01
 Reference value :  2.31480e-01
 Reference value :  2.39770e-01
 Reference value :  2.48082e-01
 Reference value :  2.56492e-01
 Reference value :  2.64762e-01
 Reference value :  2.73060e-01
 Reference value :  2.81230e-01
 Reference value :  2.89432e-01
 Reference value :  2.97804e-01
 Reference value :  3.04936e-01
 Reference value :  3.13048e-01
 Reference value :  3.21126e-01
 Reference value :  3.29306e-01
 Reference value :  3.37400e-01
 Reference value :  3.45608e-01
 Reference value :  3.53152e-01
 Reference value :  3.61650e-01
 Reference value :  3.70436e-01
 Reference value :  3.79078e-01
 Reference value :  3.87714e-01
 Reference value :  3.96230e-01
 Reference value :  4.04240e-01
 Reference value :  4.12584e-01
 Reference value :  4.20698e-01
 Reference value :  4.28848e-01
 Reference value :  4.36838e-01
 Reference value :  4.44806e-01
 Reference value :  4.51247e-01
 Reference value :  4.59468e-01
 Reference value :  4.70254e-01
 Reference value :  4.80736e-01
 Reference value :  4.91306e-01
 Reference value :  5.01762e-01
 Reference value :  5.12356e-01
 Reference value :  5.23266e-01
 Reference value :  5.33814e-01
 Reference value :  5.44438e-01
 Reference value :  5.55164e-01
 Reference value :  5.66206e-01
 Reference value :  5.77158e-01
 Reference value :  5.88112e-01
 Reference value :  5.99152e-01
 Reference value :  6.10042e-01
 Reference value :  6.20934e-01
 Reference value :  6.31902e-01
 Reference value :  6.42882e-01
 Reference value :  6.54038e-01
 Reference value :  6.64846e-01
 Reference value :  6.75586e-01
 Reference value :  6.86410e-01
 Reference value :  6.97620e-01
 Reference value :  7.08714e-01
 Reference value :  7.19610e-01
 Reference value :  7.29302e-01
 Reference value :  7.39630e-01
 Reference value :  7.50242e-01
 Reference value :  7.60530e-01
 Reference value :  7.71132e-01
 Reference value :  7.81926e-01
 Reference value :  7.92486e-01
 Reference value :  8.02824e-01
 Reference value :  8.13428e-01
 Reference value :  8.24300e-01
 Reference value :  8.34950e-01
 Reference value :  8.45282e-01
 Reference value :  8.55891e-01
 Reference value :  8.66773e-01
 Reference value :  8.77669e-01
 Reference value :  8.87680e-01
 Reference value :  8.97152e-01
 Reference value :  9.06550e-01
 Reference value :  9.16292e-01
 Reference value :  9.25678e-01
 Reference value :  9.35180e-01
 Reference value :  9.44410e-01
 Reference value :  9.54172e-01
 Reference value :  9.63508e-01
 Reference value :  9.73020e-01
 Reference value :  9.81327e-01
 Reference value :  9.90185e-01
 Reference value :  9.98897e-01
 Reference value :  1.00752e+00
 Reference value :  1.01634e+00
 Reference value :  1.02527e+00
 Reference value :  1.03392e+00
 Reference value :  1.04254e+00
 Reference value :  1.05146e+00
 Reference value :  1.06041e+00
 Reference value :  1.06935e+00
 Reference value :  1.07802e+00
 Reference value :  1.08697e+00
 Reference value :  1.09586e+00
 Reference value :  1.10474e+00
 Reference value :  1.11326e+00
 Reference value :  1.12226e+00
 Reference value :  1.13102e+00
 Reference value :  1.13953e+00
 Reference value :  1.14842e+00
 Reference value :  1.15669e+00
 Reference value :  1.16485e+00
 Reference value :  1.17308e+00
 Reference value :  1.18144e+00
 Reference value :  1.19038e+00
 Reference value :  1.19909e+00
 Reference value :  1.20755e+00
 Reference value :  1.21589e+00
 Reference value :  1.22460e+00
 Reference value :  1.23358e+00
 Reference value :  1.24214e+00
 Reference value :  1.25099e+00
 Reference value :  1.26002e+00
 Reference value :  1.26892e+00
 Reference value :  1.27760e+00
 Reference value :  1.28649e+00
 Reference value :  1.29547e+00
No. of Data Rows : 652315
I32_FINISHED
ngspice-42 done
