Using SPARSE 1.3 as Direct Linear Solver
Note: Starting dynamic gmin stepping
Warning: Dynamic gmin stepping failed
Note: Starting true gmin stepping
Warning: True gmin stepping failed
Note: Starting source stepping
Warning: singular matrix:  check node bulk_enabled

Warning: singular matrix:  check node bulk_enabled

Warning: source stepping failed
Note: Transient op started
Note: Transient op finished successfully

Note: No compatibility mode selected!


Circuit: i32 exploratory network alternative; not manufacturer u151 model

Doing analysis at TEMP = 27.000000 and TNOM = 27.000000


Initial Transient Solution
--------------------------

Node                                   Voltage
----                                   -------
bat                                          0
cable_r                            1.96146e-55
raw_12v                            2.97988e-52
fused_12v                          2.98086e-52
rev_blocked_12v                    5.59132e-42
protect_ctrl_vin                  -4.19297e-42
protected_12v                      4.95277e-42
input_uv                           3.70853e-43
input_ov                           1.39783e-43
input_shdn                        -4.19297e-42
one                                          1
uv_ok                                    1e-09
ov_bad                                   1e-09
pvalid                                       0
ptimer                                       0
allow                                        0
allow_d                                      0
input_gate_drive                  -2.77075e-35
input_gate                        -2.77075e-35
input_gate_slew                   -2.77076e-35
qsrc                               4.95312e-42
buck_feed                          4.95261e-42
vin5                               4.93798e-42
en5                                1.02206e-42
on5                                      1e-09
xu121.age                                    0
xu121.active                                 0
xu121.ref                                    0
xu121.neg                                    0
xu121.req                          -3.1653e-41
fb5                                9.89157e-43
xu121.integral                               0
xu121.cmd                                    0
xu121.command                                0
xu121.drive                                  0
source5                             2.2164e-45
xu121.active_f                               0
xu121.sense                       -6.28602e-40
sw5                               -6.28602e-40
winding5                           4.54706e-43
c127r                              7.43356e-45
c128r                              7.43356e-45
ripple5                            9.89205e-43
rail5                             -5.25129e-45
feediso                           -5.28508e-45
good5                                    1e-09
iso_en_pin                        -9.17486e-46
gooddelay                           6.6967e-11
ageiso                                       0
switchon                                     0
slewiso                                      0
feedpass                          -5.28508e-45
vin                               -1.03236e-92
snsiso                            -1.39945e-93
localgood                                1e-09
snsfiltered                        7.50022e-10
snsprev                            7.09797e-10
snsevent                                     0
restartage                               1e-05
pgwant                                       0
pgdelay                                      0
en151                             -6.23515e-45
actual_en151                      -3.55485e-45
enable_ctrl                              1e-09
c151_esr                          -2.08815e-98
enable                                   1e-09
xu151.age                                    0
xu151.active                                 0
xu151.ref                                    0
xu151.neg                                    0
xu151.req                         -5.58229e-93
fb                                 3.87659e-94
xu151.integral                               0
xu151.cmd                                    0
xu151.command                                0
xu151.drive                                  0
source                             1.29792e-93
xu151.active_f                               0
xu151.sense                        4.37798e-94
sw                                 4.37798e-94
winding                            1.29839e-93
c155_esr                          -7.96998e-97
c156_esr                          -7.96998e-97
c157_esr                          -7.96998e-97
c158_esr                          -3.06116e-99
main                               1.27575e-93
c201_esr                          -5.38411e-97
c204_esr                          -5.38411e-97
c202_esr                          -1.91022e-99
c205_esr                          -1.91022e-99
c301_esr                          -1.91022e-99
c302_esr                          -1.91076e-98
c404_esr                          -1.91022e-99
c531_esr                          -1.91022e-99
branch_sense                       1.27575e-93
branch_l                           1.27599e-93
branch_r                           1.27589e-93
bulksw_out                                   0
damped                                       0
c206_esr                                     0
main_feed                          1.29549e-93
main_l                             1.27723e-93
requested                                 0.45
valid                                    1e-09
timer                                        0
ready                                        0
reset_ctl                                    1
reset_raw                          4.47648e-95
en                                 1.56677e-94
disg                              -1.03236e-92
disfeed                            1.29792e-93
disdrain                           1.29792e-93
hold_l                            -1.03236e-92
hold_bus                          -1.03236e-92
c162                              -1.03237e-92
bulk_en_in                         1.27575e-93
bulk_en_pin                        3.16807e-94
bulk_want                                1e-09
bulk_enabled                        6.6967e-11
bulk_age                                     0
bulk_slew                                    0
bulk_feed                          1.27589e-93
bulk_localcap                      1.27591e-93
bbulk_slew#branch                            0
breset#branch                                0
bready#branch                                0
v.xu151.vsense#branch            -8.75593e-106
b.xu151.bdrive#branch             4.37798e-106
b.xu151.bcmd#branch                          0
b.xu151.breq#branch                          0
b.xu151.bneg#branch                          0
b.xu151.bref#branch                          0
b.xu151.bactive#branch                       0
bpgwant#branch                               0
bswitchon#branch                             0
bsnsevent#branch                             0
bvslew#branch                                0
v.xu121.vsense#branch               1.2572e-51
b.xu121.bdrive#branch             -6.28602e-52
b.xu121.bcmd#branch                          0
b.xu121.breq#branch                          0
b.xu121.bneg#branch                          0
b.xu121.bref#branch                          0
b.xu121.bactive#branch                       0
ballow#branch                                0
bpvalid#branch                               0
lhold#branch                       1.34825e-96
lmainfeed#branch                   2.43381e-94
lbranch#branch                    -2.21494e-96
l151#branch                        4.05199e-96
l121#branch                        2.99483e-42
lcable#branch                     -1.96146e-54
vbulkpass#branch                             0
vr165#branch                     -3.29905e-101
vload#branch                                 0
vr158#branch                      -2.21494e-96
vpass#branch                                 0
vlogic#branch                           -9e-12
vbat#branch                        1.96146e-54

 Reference value :  1.00500e-03
 Reference value :  5.71817e-03
 Reference value :  1.06842e-02
 Reference value :  1.57542e-02
 Reference value :  2.36582e-02
 Reference value :  3.04942e-02
 Reference value :  3.76220e-02
 Reference value :  4.16320e-02
 Reference value :  4.39860e-02
 Reference value :  4.78660e-02
 Reference value :  5.13480e-02
 Reference value :  5.79900e-02
 Reference value :  6.39880e-02
 Reference value :  7.06520e-02
 Reference value :  7.69315e-02
 Reference value :  8.36963e-02
 Reference value :  8.88821e-02
 Reference value :  9.47821e-02
 Reference value :  9.99601e-02
 Reference value :  1.04380e-01
 Reference value :  1.09374e-01
 Reference value :  1.14892e-01
 Reference value :  1.20626e-01
 Reference value :  1.26182e-01
 Reference value :  1.31924e-01
 Reference value :  1.37504e-01
 Reference value :  1.43534e-01
 Reference value :  1.49652e-01
 Reference value :  1.55422e-01
 Reference value :  1.61092e-01
 Reference value :  1.67024e-01
 Reference value :  1.72748e-01
 Reference value :  1.78678e-01
 Reference value :  1.84472e-01
 Reference value :  1.90494e-01
 Reference value :  1.96714e-01
 Reference value :  2.02780e-01
 Reference value :  2.08518e-01
 Reference value :  2.14406e-01
 Reference value :  2.20422e-01
 Reference value :  2.26448e-01
 Reference value :  2.32172e-01
 Reference value :  2.38234e-01
 Reference value :  2.44332e-01
 Reference value :  2.50380e-01
 Reference value :  2.55768e-01
 Reference value :  2.61834e-01
 Reference value :  2.67937e-01
 Reference value :  2.74005e-01
 Reference value :  2.79827e-01
 Reference value :  2.85873e-01
 Reference value :  2.92007e-01
 Reference value :  2.98111e-01
 Reference value :  3.03411e-01
 Reference value :  3.07155e-01
 Reference value :  3.10939e-01
 Reference value :  3.14727e-01
 Reference value :  3.18331e-01
 Reference value :  3.22047e-01
 Reference value :  3.25803e-01
 Reference value :  3.29645e-01
 Reference value :  3.32959e-01
 Reference value :  3.36771e-01
 Reference value :  3.40347e-01
 Reference value :  3.44021e-01
 Reference value :  3.47655e-01
 Reference value :  3.51433e-01
 Reference value :  3.55149e-01
 Reference value :  3.58951e-01
 Reference value :  3.62613e-01
 Reference value :  3.67461e-01
 Reference value :  3.72149e-01
 Reference value :  3.77921e-01
 Reference value :  3.83005e-01
 Reference value :  3.88887e-01
 Reference value :  3.94415e-01
 Reference value :  4.00309e-01
 Reference value :  4.05717e-01
 Reference value :  4.10977e-01
 Reference value :  4.14593e-01
 Reference value :  4.19475e-01
 Reference value :  4.24109e-01
 Reference value :  4.29829e-01
 Reference value :  4.34879e-01
 Reference value :  4.38607e-01
 Reference value :  4.42083e-01
 Reference value :  4.47609e-01
 Reference value :  4.52993e-01
 Reference value :  4.58465e-01
 Reference value :  4.63971e-01
 Reference value :  4.69745e-01
 Reference value :  4.75445e-01
 Reference value :  4.81431e-01
 Reference value :  4.85827e-01
 Reference value :  4.88823e-01
 Reference value :  4.92003e-01
 Reference value :  4.95249e-01
 Reference value :  4.98437e-01
 Reference value :  5.01563e-01
 Reference value :  5.04709e-01
 Reference value :  5.07991e-01
 Reference value :  5.11303e-01
 Reference value :  5.13805e-01
 Reference value :  5.16401e-01
 Reference value :  5.19539e-01
 Reference value :  5.22463e-01
 Reference value :  5.25501e-01
 Reference value :  5.28699e-01
 Reference value :  5.31933e-01
 Reference value :  5.35119e-01
 Reference value :  5.38159e-01
 Reference value :  5.43465e-01
 Reference value :  5.49403e-01
 Reference value :  5.54531e-01
 Reference value :  5.58875e-01
 Reference value :  5.64487e-01
 Reference value :  5.70331e-01
 Reference value :  5.76185e-01
 Reference value :  5.81559e-01
 Reference value :  5.87197e-01
 Reference value :  5.92979e-01
 Reference value :  5.98639e-01
No. of Data Rows : 300332
I32_FINISHED
ngspice-42 done
