Using SPARSE 1.3 as Direct Linear Solver
Note: Starting dynamic gmin stepping
Warning: Dynamic gmin stepping failed
Note: Starting true gmin stepping
Warning: True gmin stepping failed
Note: Starting source stepping
Warning: singular matrix:  check node snsprev

Warning: singular matrix:  check node snsprev

Warning: source stepping failed
Note: Transient op started
Note: Transient op finished successfully

Note: No compatibility mode selected!


Circuit: i32 exploratory network alternative; not manufacturer u151 model

Doing analysis at TEMP = 27.000000 and TNOM = 27.000000


Initial Transient Solution
--------------------------

Node                                   Voltage
----                                   -------
bat                                          0
cable_r                            1.59009e-54
raw_12v                           -3.95099e-52
fused_12v                         -3.94304e-52
rev_blocked_12v                    5.57105e-42
protect_ctrl_vin                  -4.17828e-42
protected_12v                       4.9348e-42
input_uv                           3.69509e-43
input_ov                           1.39276e-43
input_shdn                        -4.17827e-42
one                                          1
uv_ok                                    1e-09
ov_bad                                   1e-09
pvalid                                       0
ptimer                                       0
allow                                        0
allow_d                                      0
input_gate_drive                  -2.76097e-35
input_gate                        -2.76097e-35
input_gate_slew                   -2.76098e-35
qsrc                               4.93516e-42
buck_feed                          4.93488e-42
vin5                               4.94186e-42
en5                                1.02286e-42
on5                                      1e-09
xu121.age                                    0
xu121.active                                 0
xu121.ref                                    0
xu121.neg                                    0
xu121.req                         -4.80954e-43
fb5                                1.50298e-44
xu121.integral                               0
xu121.cmd                                    0
xu121.command                                0
xu121.drive                                  0
source5                           -8.06037e-45
xu121.active_f                               0
xu121.sense                       -4.77534e-41
sw5                               -4.77534e-41
winding5                          -2.53251e-45
c127r                              1.98537e-46
c128r                              1.98537e-46
ripple5                            8.93903e-45
rail5                             -8.25945e-45
feediso                            -8.2599e-45
good5                                    1e-09
iso_en_pin                        -1.44903e-45
gooddelay                           6.6967e-11
ageiso                                       0
switchon                                     0
slewiso                                      0
feedpass                           -8.2599e-45
vin                                8.87551e-93
snsiso                             1.20909e-93
localgood                                1e-09
snsfiltered                        7.50022e-10
snsprev                            7.09797e-10
snsevent                                     0
restartage                               1e-05
pgwant                                       0
pgdelay                                      0
en151                             -6.94785e-45
actual_en151                      -3.60185e-45
enable_ctrl                              1e-09
c151_esr                           1.35435e-97
enable                                   1e-09
xu151.age                                    0
xu151.active                                 0
xu151.ref                                    0
xu151.neg                                    0
xu151.req                          2.43932e-93
fb                                -3.38794e-94
xu151.integral                               0
xu151.cmd                                    0
xu151.command                                0
xu151.drive                                  0
source                            -1.13432e-93
xu151.active_f                               0
xu151.sense                       -1.13264e-93
sw                                -1.13264e-93
winding                           -1.13432e-93
c155_esr                           2.97564e-99
c156_esr                           2.97564e-99
c157_esr                           2.97564e-99
c158_esr                          2.78078e-101
main                              -1.13423e-93
c201_esr                           3.15102e-99
c204_esr                           3.15102e-99
c202_esr                          2.83771e-101
c205_esr                          2.83771e-101
c301_esr                          2.83771e-101
c302_esr                          2.83988e-100
c404_esr                          2.83771e-101
c531_esr                          2.83771e-101
branch_sense                      -1.13423e-93
branch_l                          -1.13423e-93
branch_r                          -1.13423e-93
bulksw_out                                   0
damped                                       0
c206_esr                                     0
main_feed                         -1.13431e-93
main_l                            -1.13425e-93
requested                                 0.45
ready                                        0
valid                                    1e-09
timer                                        0
reset_ctl                                    1
reset_raw                         -3.97975e-95
en                                -1.39291e-94
disg                               8.35324e-93
disfeed                           -1.13432e-93
disdrain                          -1.13432e-93
hold_l                             8.88147e-93
hold_bus                           8.88032e-93
c162                               8.88281e-93
bulk_en_in                        -1.13423e-93
bulk_en_pin                        -2.8285e-94
bulk_want                                1e-09
bulk_enabled                        6.6967e-11
bulk_age                                     0
bulk_slew                                    0
bulk_feed                         -1.13423e-93
bulk_localcap                     -1.13423e-93
bbulk_slew#branch                            0
breset#branch                                0
bready#branch                                0
v.xu151.vsense#branch             2.26529e-105
b.xu151.bdrive#branch            -1.13264e-105
b.xu151.bcmd#branch                          0
b.xu151.breq#branch                          0
b.xu151.bneg#branch                          0
b.xu151.bref#branch                          0
b.xu151.bactive#branch                       0
bpgwant#branch                               0
bswitchon#branch                             0
bsnsevent#branch                             0
bvslew#branch                                0
v.xu121.vsense#branch              9.55067e-53
b.xu121.bdrive#branch             -4.77534e-53
b.xu121.bcmd#branch                          0
b.xu121.breq#branch                          0
b.xu121.bneg#branch                          0
b.xu121.bref#branch                          0
b.xu121.bactive#branch                       0
ballow#branch                                0
bpvalid#branch                               0
lhold#branch                      -9.93962e-95
lmainfeed#branch                  -8.29629e-97
lbranch#branch                     1.41517e-98
l151#branch                       -1.35029e-99
l121#branch                        8.06281e-44
lcable#branch                     -1.59009e-53
vbulkpass#branch                             0
vr165#branch                      8.93831e-104
vload#branch                                 0
vr158#branch                       1.41517e-98
vpass#branch                      -8.87551e-97
vlogic#branch                           -9e-12
vbat#branch                        1.59009e-53

 Reference value :  0.00000e+00
 Reference value :  2.47575e-03
 Reference value :  4.68975e-03
 Reference value :  6.94275e-03
 Reference value :  9.37375e-03
 Reference value :  1.19358e-02
 Reference value :  1.44298e-02
 Reference value :  1.60208e-02
 Reference value :  1.86618e-02
 Reference value :  2.10708e-02
 Reference value :  2.36878e-02
 Reference value :  2.58488e-02
 Reference value :  2.83068e-02
 Reference value :  3.06588e-02
 Reference value :  3.27958e-02
 Reference value :  3.52790e-02
 Reference value :  3.77444e-02
 Reference value :  3.97533e-02
 Reference value :  4.17804e-02
 Reference value :  4.36634e-02
 Reference value :  4.54814e-02
 Reference value :  4.72254e-02
 Reference value :  4.86134e-02
 Reference value :  5.03814e-02
 Reference value :  5.20024e-02
 Reference value :  5.36184e-02
 Reference value :  5.53124e-02
 Reference value :  5.70714e-02
 Reference value :  5.88974e-02
 Reference value :  6.06824e-02
 Reference value :  6.39314e-02
 Reference value :  6.71854e-02
 Reference value :  7.03054e-02
 Reference value :  7.35414e-02
 Reference value :  7.67794e-02
 Reference value :  7.98244e-02
 Reference value :  8.30354e-02
 Reference value :  8.62109e-02
 Reference value :  8.94649e-02
 Reference value :  9.25369e-02
 Reference value :  9.55655e-02
 Reference value :  9.86806e-02
 Reference value :  1.01272e-01
 Reference value :  1.04201e-01
 Reference value :  1.07219e-01
 Reference value :  1.10070e-01
 Reference value :  1.13023e-01
 Reference value :  1.16008e-01
 Reference value :  1.18847e-01
 Reference value :  1.21750e-01
 Reference value :  1.24663e-01
 Reference value :  1.27516e-01
 Reference value :  1.30344e-01
 Reference value :  1.33050e-01
 Reference value :  1.35736e-01
 Reference value :  1.38210e-01
 Reference value :  1.40674e-01
 Reference value :  1.42671e-01
 Reference value :  1.44056e-01
 Reference value :  1.46607e-01
 Reference value :  1.49223e-01
 Reference value :  1.51813e-01
 Reference value :  1.54282e-01
 Reference value :  1.56666e-01
 Reference value :  1.59009e-01
 Reference value :  1.61496e-01
 Reference value :  1.63845e-01
 Reference value :  1.66038e-01
 Reference value :  1.68679e-01
 Reference value :  1.71239e-01
 Reference value :  1.73793e-01
 Reference value :  1.76721e-01
 Reference value :  1.79297e-01
 Reference value :  1.81879e-01
 Reference value :  1.84310e-01
 Reference value :  1.86998e-01
 Reference value :  1.89931e-01
 Reference value :  1.92596e-01
 Reference value :  1.95582e-01
 Reference value :  1.98572e-01
 Reference value :  2.01412e-01
 Reference value :  2.04217e-01
 Reference value :  2.07099e-01
 Reference value :  2.10067e-01
 Reference value :  2.12836e-01
 Reference value :  2.15809e-01
 Reference value :  2.18811e-01
 Reference value :  2.21770e-01
 Reference value :  2.24573e-01
 Reference value :  2.27578e-01
 Reference value :  2.30522e-01
 Reference value :  2.33316e-01
 Reference value :  2.36136e-01
 Reference value :  2.39139e-01
 Reference value :  2.42090e-01
 Reference value :  2.44895e-01
 Reference value :  2.47778e-01
 Reference value :  2.50766e-01
 Reference value :  2.53783e-01
 Reference value :  2.56669e-01
 Reference value :  2.59596e-01
 Reference value :  2.62579e-01
 Reference value :  2.65322e-01
 Reference value :  2.68113e-01
 Reference value :  2.71085e-01
 Reference value :  2.73973e-01
 Reference value :  2.76834e-01
 Reference value :  2.79719e-01
 Reference value :  2.82680e-01
 Reference value :  2.85647e-01
 Reference value :  2.88323e-01
 Reference value :  2.91294e-01
 Reference value :  2.94287e-01
 Reference value :  2.97060e-01
 Reference value :  2.98991e-01
 Reference value :  3.01619e-01
 Reference value :  3.04540e-01
 Reference value :  3.07369e-01
 Reference value :  3.10358e-01
 Reference value :  3.13358e-01
 Reference value :  3.16111e-01
 Reference value :  3.18616e-01
 Reference value :  3.21484e-01
 Reference value :  3.24473e-01
 Reference value :  3.27339e-01
 Reference value :  3.30297e-01
 Reference value :  3.33237e-01
 Reference value :  3.36229e-01
 Reference value :  3.39091e-01
 Reference value :  3.42100e-01
 Reference value :  3.45068e-01
 Reference value :  3.47908e-01
 Reference value :  3.50769e-01
 Reference value :  3.53734e-01
 Reference value :  3.56620e-01
 Reference value :  3.59413e-01
 Reference value :  3.62384e-01
 Reference value :  3.65230e-01
 Reference value :  3.68037e-01
 Reference value :  3.70840e-01
 Reference value :  3.73725e-01
 Reference value :  3.76220e-01
 Reference value :  3.78905e-01
 Reference value :  3.81473e-01
 Reference value :  3.84009e-01
 Reference value :  3.86506e-01
 Reference value :  3.89033e-01
 Reference value :  3.91766e-01
 Reference value :  3.94267e-01
 Reference value :  3.96732e-01
 Reference value :  3.98214e-01
 Reference value :  4.00467e-01
 Reference value :  4.02922e-01
 Reference value :  4.05262e-01
 Reference value :  4.08114e-01
 Reference value :  4.10896e-01
 Reference value :  4.13362e-01
 Reference value :  4.16015e-01
 Reference value :  4.18887e-01
 Reference value :  4.21799e-01
 Reference value :  4.24518e-01
 Reference value :  4.27423e-01
 Reference value :  4.30288e-01
 Reference value :  4.33106e-01
 Reference value :  4.35968e-01
 Reference value :  4.38917e-01
 Reference value :  4.41823e-01
 Reference value :  4.44672e-01
 Reference value :  4.47663e-01
 Reference value :  4.50587e-01
 Reference value :  4.53576e-01
 Reference value :  4.56283e-01
 Reference value :  4.59299e-01
 Reference value :  4.62077e-01
 Reference value :  4.64961e-01
 Reference value :  4.67629e-01
 Reference value :  4.70325e-01
 Reference value :  4.73243e-01
 Reference value :  4.75995e-01
 Reference value :  4.78761e-01
 Reference value :  4.81668e-01
 Reference value :  4.84565e-01
 Reference value :  4.87432e-01
 Reference value :  4.90277e-01
 Reference value :  4.93137e-01
 Reference value :  4.95882e-01
 Reference value :  4.98704e-01
 Reference value :  5.01578e-01
 Reference value :  5.04471e-01
 Reference value :  5.07202e-01
 Reference value :  5.10137e-01
 Reference value :  5.13014e-01
 Reference value :  5.15968e-01
 Reference value :  5.18812e-01
 Reference value :  5.21735e-01
 Reference value :  5.24662e-01
 Reference value :  5.27476e-01
 Reference value :  5.30351e-01
 Reference value :  5.33078e-01
 Reference value :  5.35996e-01
 Reference value :  5.38850e-01
 Reference value :  5.41752e-01
 Reference value :  5.44709e-01
 Reference value :  5.47643e-01
 Reference value :  5.50436e-01
 Reference value :  5.52726e-01
 Reference value :  5.54248e-01
 Reference value :  5.55946e-01
 Reference value :  5.57686e-01
 Reference value :  5.59346e-01
 Reference value :  5.61083e-01
 Reference value :  5.62873e-01
 Reference value :  5.64144e-01
 Reference value :  5.65538e-01
 Reference value :  5.66961e-01
 Reference value :  5.68456e-01
 Reference value :  5.70033e-01
 Reference value :  5.71533e-01
 Reference value :  5.73096e-01
 Reference value :  5.74675e-01
 Reference value :  5.76245e-01
 Reference value :  5.77785e-01
 Reference value :  5.79354e-01
 Reference value :  5.80995e-01
 Reference value :  5.82530e-01
 Reference value :  5.84012e-01
 Reference value :  5.85575e-01
 Reference value :  5.87205e-01
 Reference value :  5.88713e-01
 Reference value :  5.90311e-01
 Reference value :  5.91815e-01
 Reference value :  5.93339e-01
 Reference value :  5.94926e-01
 Reference value :  5.96571e-01
 Reference value :  5.98085e-01
 Reference value :  5.99592e-01
No. of Data Rows : 600426
I32_FINISHED
ngspice-42 done
