Using SPARSE 1.3 as Direct Linear Solver
Note: Starting dynamic gmin stepping
Warning: Dynamic gmin stepping failed
Note: Starting true gmin stepping
Warning: True gmin stepping failed
Note: Starting source stepping
Warning: singular matrix:  check node snsfiltered

Warning: singular matrix:  check node snsfiltered

Warning: source stepping failed
Note: Transient op started
Note: Transient op finished successfully

Note: No compatibility mode selected!


Circuit: i32 exploratory network alternative; not manufacturer u151 model

Doing analysis at TEMP = 27.000000 and TNOM = 27.000000


Initial Transient Solution
--------------------------

Node                                   Voltage
----                                   -------
bat                                          0
cable_r                            7.01143e-55
raw_12v                            6.37227e-53
fused_12v                          6.40733e-53
rev_blocked_12v                    5.72697e-42
protect_ctrl_vin                  -4.28024e-42
protected_12v                      5.07473e-42
input_uv                            3.7985e-43
input_ov                           1.43174e-43
input_shdn                        -4.28024e-42
one                                          1
uv_ok                                    1e-09
ov_bad                                   1e-09
pvalid                                       0
ptimer                                       0
allow                                        0
allow_d                                      0
input_gate_drive                  -2.83399e-35
input_gate                        -2.83399e-35
input_gate_slew                     -2.834e-35
qsrc                                5.0751e-42
buck_feed                          5.07466e-42
vin5                               5.06776e-42
en5                                1.04892e-42
on5                                      1e-09
xu121.age                                    0
xu121.active                                 0
xu121.ref                                    0
xu121.neg                                    0
xu121.req                         -1.36509e-41
fb5                                4.26591e-43
xu121.integral                               0
xu121.cmd                                    0
xu121.command                                0
xu121.drive                                  0
source5                           -4.39132e-43
xu121.active_f                               0
xu121.sense                       -4.82173e-40
sw5                               -4.82173e-40
winding5                          -6.10392e-44
c127r                              5.02243e-45
c128r                              5.02243e-45
ripple5                            9.39662e-44
rail5                             -4.44163e-43
feediso                           -4.44175e-43
good5                                    1e-09
iso_en_pin                        -7.79234e-44
gooddelay                           6.6967e-11
ageiso                                       0
switchon                                     0
slewiso                                      0
feedpass                          -4.44175e-43
vin                                2.12232e-79
snsiso                             2.86668e-80
localgood                                1e-09
snsfiltered                        7.50022e-10
snsprev                            7.09797e-10
snsevent                                     0
restartage                               1e-05
pgwant                                       0
pgdelay                                      0
en151                             -3.97512e-43
enable_ctrl                              1e-09
c151_esr                           1.50794e-83
enable                                   1e-09
xu151.age                                    0
xu151.active                                 0
xu151.ref                                    0
xu151.neg                                    0
xu151.req                          6.06207e-82
fb                                -8.41955e-83
xu151.integral                               0
xu151.cmd                                    0
xu151.command                                0
xu151.drive                                  0
source                            -2.73865e-82
xu151.active_f                               0
xu151.sense                        1.08607e-80
sw                                 1.08607e-80
winding                           -2.77333e-82
c155_esr                          -1.09694e-85
c156_esr                          -1.09694e-85
c157_esr                          -1.09694e-85
c158_esr                           6.67488e-88
main                              -2.73743e-82
c201_esr                           -5.6682e-86
c204_esr                           -5.6682e-86
c202_esr                          -2.18233e-88
c205_esr                          -2.18233e-88
c301_esr                          -2.18233e-88
c302_esr                          -3.84465e-87
c404_esr                          -2.18233e-88
c531_esr                          -2.18233e-88
branch_sense                      -2.73743e-82
branch_l                          -2.73743e-82
branch_r                          -2.73675e-82
damped                            -2.73672e-82
c206_esr                          -1.47955e-88
requested                                 0.45
ready                                        0
valid                                    1e-09
timer                                        0
reset_ctl                                    1
reset_raw                         -9.60455e-84
en                                -3.36159e-83
disg                               1.99728e-79
disfeed                           -2.73865e-82
disdrain                          -2.73866e-82
hold_l                             2.12682e-79
hold_bus                           2.12569e-79
c162                               2.12632e-79
c163                               2.12632e-79
c164                               2.12632e-79
breset#branch                                0
bready#branch                                0
v.xu151.vsense#branch             -2.17215e-92
b.xu151.bdrive#branch              1.08607e-92
b.xu151.bcmd#branch                          0
b.xu151.breq#branch                          0
b.xu151.bneg#branch                          0
b.xu151.bref#branch                          0
b.xu151.bactive#branch                       0
bpgwant#branch                               0
bswitchon#branch                             0
bsnsevent#branch                             0
bvslew#branch                                0
v.xu121.vsense#branch              9.64347e-52
b.xu121.bdrive#branch             -4.82173e-52
b.xu121.bcmd#branch                          0
b.xu121.breq#branch                          0
b.xu121.bneg#branch                          0
b.xu121.bref#branch                          0
b.xu121.bactive#branch                       0
ballow#branch                                0
bpvalid#branch                               0
lhold#branch                       -7.5103e-81
lbranch#branch                    -5.91819e-87
l151#branch                       -4.49916e-83
l121#branch                        2.02189e-42
lcable#branch                     -7.01143e-54
vr165#branch                       2.60024e-88
vload#branch                                 0
vr158#branch                      -5.91819e-87
vpass#branch                      -2.12232e-83
vlogic#branch                           -8e-12
vbat#branch                        7.01143e-54

 Reference value :  8.33817e-03
 Reference value :  1.76282e-02
 Reference value :  2.91142e-02
 Reference value :  3.97065e-02
 Reference value :  4.88365e-02
 Reference value :  5.82549e-02
 Reference value :  6.69819e-02
 Reference value :  7.62499e-02
 Reference value :  8.54909e-02
 Reference value :  9.55069e-02
 Reference value :  1.05565e-01
 Reference value :  1.15681e-01
 Reference value :  1.25725e-01
 Reference value :  1.35841e-01
 Reference value :  1.44371e-01
 Reference value :  1.52490e-01
 Reference value :  1.61537e-01
 Reference value :  1.71229e-01
 Reference value :  1.79273e-01
 Reference value :  1.88635e-01
 Reference value :  1.97095e-01
No. of Data Rows : 100621
I32_FINISHED
ngspice-42 done
