Using SPARSE 1.3 as Direct Linear Solver
Note: Starting dynamic gmin stepping
Warning: Dynamic gmin stepping failed
Note: Starting true gmin stepping
Warning: True gmin stepping failed
Note: Starting source stepping
Warning: singular matrix:  check node snsprev

Warning: singular matrix:  check node snsprev

Warning: source stepping failed
Note: Transient op started
Note: Transient op finished successfully

Note: No compatibility mode selected!


Circuit: i32 exploratory network alternative; not manufacturer u151 model

Doing analysis at TEMP = 27.000000 and TNOM = 27.000000


Initial Transient Solution
--------------------------

Node                                   Voltage
----                                   -------
bat                                          0
cable_r                            2.03966e-55
raw_12v                            2.93354e-52
fused_12v                          2.93456e-52
rev_blocked_12v                    5.60651e-42
protect_ctrl_vin                  -4.20557e-42
protected_12v                      4.96687e-42
input_uv                            3.7186e-43
input_ov                           1.40163e-43
input_shdn                        -4.20556e-42
one                                          1
uv_ok                                    1e-09
ov_bad                                   1e-09
pvalid                                       0
ptimer                                       0
allow                                        0
allow_d                                      0
input_gate_drive                  -2.77862e-35
input_gate                        -2.77862e-35
input_gate_slew                   -2.77863e-35
qsrc                               4.96722e-42
buck_feed                          4.96671e-42
vin5                               4.95223e-42
en5                                  1.025e-42
on5                                      1e-09
xu121.age                                    0
xu121.active                                 0
xu121.ref                                    0
xu121.neg                                    0
xu121.req                         -3.16069e-41
fb5                                9.87717e-43
xu121.integral                               0
xu121.cmd                                    0
xu121.command                                0
xu121.drive                                  0
source5                            2.16187e-45
xu121.active_f                               0
xu121.sense                        -6.2057e-40
sw5                                -6.2057e-40
winding5                           8.35956e-43
c127r                              7.42194e-45
c128r                              7.42194e-45
ripple5                            9.87673e-43
rail5                             -5.29406e-45
feediso                            -5.3278e-45
good5                                    1e-09
iso_en_pin                        -9.30929e-46
gooddelay                           6.6967e-11
ageiso                                       0
switchon                                     0
slewiso                                      0
feedpass                           -5.3278e-45
vin                                1.08933e-92
snsiso                             1.48782e-93
localgood                                1e-09
snsfiltered                        7.50022e-10
snsprev                            7.09797e-10
snsevent                                     0
restartage                               1e-05
pgwant                                       0
pgdelay                                      0
en151                             -7.15447e-45
actual_en151                      -3.45946e-45
enable_ctrl                              1e-09
c151_esr                            1.2021e-97
enable                                   1e-09
xu151.age                                    0
xu151.active                                 0
xu151.ref                                    0
xu151.neg                                    0
xu151.req                          6.02007e-93
fb                                -4.18061e-94
xu151.integral                               0
xu151.cmd                                    0
xu151.command                                0
xu151.drive                                  0
source                            -1.39492e-93
xu151.active_f                               0
xu151.sense                       -1.70264e-93
sw                                -1.70264e-93
winding                           -1.39843e-93
c155_esr                          -9.81941e-98
c156_esr                          -9.81941e-98
c157_esr                          -9.81941e-98
c158_esr                         -4.64309e-100
main                              -1.39472e-93
c201_esr                            4.1129e-99
c204_esr                            4.1129e-99
c202_esr                          1.30549e-101
c205_esr                          1.30549e-101
c301_esr                          1.30549e-101
c302_esr                          1.32317e-100
c404_esr                          1.30549e-101
c531_esr                          1.30549e-101
branch_sense                      -1.39472e-93
branch_l                          -1.39472e-93
branch_r                          -1.39472e-93
bulksw_out                                   0
damped                                       0
c206_esr                                     0
main_feed                         -1.39491e-93
main_l                            -1.39483e-93
requested                                 0.45
ready                                        0
valid                                    1e-09
timer                                        0
reset_ctl                                    1
reset_raw                         -4.89374e-95
en                                -1.71281e-94
disg                               1.02557e-92
disfeed                           -1.39492e-93
disdrain                          -1.39492e-93
hold_l                             1.08994e-92
hold_bus                           1.08981e-92
c162                               1.09084e-92
bulk_en_in                        -1.39472e-93
bulk_en_pin                       -3.48541e-94
bulk_want                                1e-09
bulk_enabled                        6.6967e-11
bulk_age                                     0
bulk_slew                                    0
bulk_feed                         -1.39472e-93
bulk_localcap                     -1.39472e-93
bbulk_slew#branch                            0
breset#branch                                0
bready#branch                                0
v.xu151.vsense#branch             3.40528e-105
b.xu151.bdrive#branch            -1.70264e-105
b.xu151.bcmd#branch                          0
b.xu151.breq#branch                          0
b.xu151.bneg#branch                          0
b.xu151.bref#branch                          0
b.xu151.bactive#branch                       0
bpgwant#branch                               0
bswitchon#branch                             0
bsnsevent#branch                             0
bvslew#branch                                0
v.xu121.vsense#branch              1.24114e-51
b.xu121.bdrive#branch              -6.2057e-52
b.xu121.bcmd#branch                          0
b.xu121.breq#branch                          0
b.xu121.bneg#branch                          0
b.xu121.bref#branch                          0
b.xu121.bactive#branch                       0
ballow#branch                                0
bpvalid#branch                               0
lhold#branch                      -1.02223e-94
lmainfeed#branch                  -1.00788e-96
lbranch#branch                     1.48906e-98
l151#branch                       -3.05952e-95
l121#branch                        2.98997e-42
lcable#branch                     -2.03966e-54
vbulkpass#branch                             0
vr165#branch                      8.42511e-101
vload#branch                                 0
vr158#branch                       1.48906e-98
vpass#branch                      -1.08933e-96
vlogic#branch                           -9e-12
vbat#branch                        2.03966e-54

 Reference value :  8.30617e-03
 Reference value :  1.85582e-02
 Reference value :  2.77042e-02
 Reference value :  3.77838e-02
 Reference value :  4.58065e-02
 Reference value :  5.28165e-02
 Reference value :  5.60445e-02
 Reference value :  6.22365e-02
 Reference value :  7.04925e-02
 Reference value :  7.95985e-02
 Reference value :  8.73505e-02
 Reference value :  9.63467e-02
 Reference value :  1.05937e-01
 Reference value :  1.14545e-01
 Reference value :  1.19721e-01
 Reference value :  1.24387e-01
 Reference value :  1.32153e-01
 Reference value :  1.39783e-01
 Reference value :  1.48001e-01
 Reference value :  1.56699e-01
 Reference value :  1.65021e-01
 Reference value :  1.73161e-01
 Reference value :  1.80389e-01
 Reference value :  1.86137e-01
 Reference value :  1.93255e-01
 Reference value :  2.01675e-01
 Reference value :  2.09543e-01
 Reference value :  2.18177e-01
 Reference value :  2.26613e-01
 Reference value :  2.35433e-01
 Reference value :  2.43919e-01
 Reference value :  2.51039e-01
 Reference value :  2.59133e-01
 Reference value :  2.67525e-01
 Reference value :  2.76303e-01
 Reference value :  2.85265e-01
 Reference value :  2.94101e-01
 Reference value :  3.02790e-01
 Reference value :  3.11764e-01
 Reference value :  3.20872e-01
 Reference value :  3.29634e-01
 Reference value :  3.38426e-01
 Reference value :  3.47382e-01
 Reference value :  3.56262e-01
 Reference value :  3.65180e-01
 Reference value :  3.73004e-01
 Reference value :  3.81270e-01
 Reference value :  3.89856e-01
 Reference value :  3.98230e-01
 Reference value :  4.06542e-01
 Reference value :  4.14930e-01
 Reference value :  4.23764e-01
 Reference value :  4.32560e-01
 Reference value :  4.40684e-01
 Reference value :  4.47908e-01
 Reference value :  4.54491e-01
 Reference value :  4.63243e-01
 Reference value :  4.74249e-01
 Reference value :  4.83333e-01
 Reference value :  4.92059e-01
 Reference value :  4.99116e-01
 Reference value :  5.07777e-01
 Reference value :  5.16617e-01
 Reference value :  5.25121e-01
 Reference value :  5.33367e-01
 Reference value :  5.42234e-01
 Reference value :  5.51151e-01
 Reference value :  5.60042e-01
 Reference value :  5.68906e-01
 Reference value :  5.77087e-01
 Reference value :  5.84451e-01
 Reference value :  5.92743e-01
 Reference value :  6.01382e-01
 Reference value :  6.10200e-01
 Reference value :  6.19212e-01
 Reference value :  6.28086e-01
 Reference value :  6.36958e-01
 Reference value :  6.45880e-01
 Reference value :  6.54836e-01
 Reference value :  6.63684e-01
 Reference value :  6.72404e-01
 Reference value :  6.80194e-01
 Reference value :  6.88684e-01
 Reference value :  6.97422e-01
 Reference value :  7.06164e-01
 Reference value :  7.13620e-01
 Reference value :  7.22420e-01
 Reference value :  7.29960e-01
 Reference value :  7.38196e-01
 Reference value :  7.45856e-01
 Reference value :  7.54580e-01
 Reference value :  7.63406e-01
 Reference value :  7.72002e-01
 Reference value :  7.80826e-01
 Reference value :  7.89730e-01
 Reference value :  7.98736e-01
 Reference value :  8.07544e-01
 Reference value :  8.15358e-01
 Reference value :  8.23880e-01
 Reference value :  8.32380e-01
 Reference value :  8.41044e-01
 Reference value :  8.49636e-01
 Reference value :  8.58210e-01
 Reference value :  8.66916e-01
 Reference value :  8.75670e-01
 Reference value :  8.84506e-01
 Reference value :  8.93066e-01
 Reference value :  9.01740e-01
 Reference value :  9.10672e-01
 Reference value :  9.19834e-01
 Reference value :  9.28506e-01
 Reference value :  9.36042e-01
 Reference value :  9.44824e-01
 Reference value :  9.53248e-01
 Reference value :  9.61932e-01
 Reference value :  9.70598e-01
 Reference value :  9.79312e-01
 Reference value :  9.88152e-01
 Reference value :  9.97056e-01
No. of Data Rows : 502238
I32_FINISHED
ngspice-42 done
