Using SPARSE 1.3 as Direct Linear Solver
Note: Starting dynamic gmin stepping
Warning: Dynamic gmin stepping failed
Note: Starting true gmin stepping
Warning: True gmin stepping failed
Note: Starting source stepping
Warning: singular matrix:  check node snsprev

Warning: singular matrix:  check node snsprev

Warning: source stepping failed
Note: Transient op started
Note: Transient op finished successfully

Note: No compatibility mode selected!


Circuit: i32 exploratory network alternative; not manufacturer u151 model

Doing analysis at TEMP = 27.000000 and TNOM = 27.000000


Initial Transient Solution
--------------------------

Node                                   Voltage
----                                   -------
bat                                          0
cable_r                            2.05089e-55
raw_12v                            2.94714e-52
fused_12v                          2.94817e-52
rev_blocked_12v                    5.63397e-42
protect_ctrl_vin                  -4.22436e-42
protected_12v                      4.99023e-42
input_uv                           3.73681e-43
input_ov                           1.40849e-43
input_shdn                        -4.22435e-42
one                                          1
uv_ok                                    1e-09
ov_bad                                   1e-09
pvalid                                       0
ptimer                                       0
allow                                        0
allow_d                                      0
input_gate_drive                  -2.79172e-35
input_gate                        -2.79172e-35
input_gate_slew                   -2.79173e-35
qsrc                               4.99059e-42
buck_feed                          4.99007e-42
vin5                               4.97552e-42
en5                                1.02983e-42
on5                                      1e-09
xu121.age                                    0
xu121.active                                 0
xu121.ref                                    0
xu121.neg                                    0
xu121.req                         -3.17547e-41
fb5                                9.92335e-43
xu121.integral                               0
xu121.cmd                                    0
xu121.command                                0
xu121.drive                                  0
source5                            2.17224e-45
xu121.active_f                               0
xu121.sense                       -6.23479e-40
sw5                               -6.23479e-40
winding5                           8.39866e-43
c127r                              7.45664e-45
c128r                              7.45664e-45
ripple5                            9.92292e-43
rail5                             -5.31855e-45
feediso                           -5.35245e-45
good5                                    1e-09
iso_en_pin                        -9.35236e-46
gooddelay                           6.6967e-11
ageiso                                       0
switchon                                     0
slewiso                                      0
feedpass                          -5.35245e-45
vin                               -8.24702e-93
snsiso                            -1.12629e-93
localgood                                1e-09
snsfiltered                        7.50022e-10
snsprev                            7.09797e-10
snsevent                                     0
restartage                               1e-05
pgwant                                       0
pgdelay                                      0
en151                             -7.21655e-45
actual_en151                      -3.93493e-45
enable_ctrl                              1e-09
c151_esr                          -1.65466e-98
enable                                   1e-09
xu151.age                                    0
xu151.active                                 0
xu151.ref                                    0
xu151.neg                                    0
xu151.req                         -4.54931e-93
fb                                 3.15925e-94
xu151.integral                               0
xu151.cmd                                    0
xu151.command                                0
xu151.drive                                  0
source                             1.05412e-93
xu151.active_f                               0
xu151.sense                        3.64452e-94
sw                                 3.64452e-94
winding                            1.05449e-93
c155_esr                           8.37862e-99
c156_esr                           8.37862e-99
c157_esr                           8.37862e-99
c158_esr                         -1.15095e-100
main                               1.05406e-93
c201_esr                          -3.93926e-99
c204_esr                          -3.93926e-99
c202_esr                         -1.40098e-101
c205_esr                         -1.40098e-101
c301_esr                         -1.40098e-101
c302_esr                         -1.40123e-100
c404_esr                         -1.40098e-101
c531_esr                         -1.40098e-101
branch_sense                       1.05406e-93
branch_l                           1.05406e-93
branch_r                           1.05406e-93
bulksw_out                                   0
damped                                       0
c206_esr                                     0
main_feed                          1.05412e-93
main_l                             1.05407e-93
requested                                 0.45
ready                                        0
valid                                    1e-09
timer                                        0
reset_ctl                                    1
reset_raw                          3.69846e-95
en                                 1.29446e-94
disg                              -8.24706e-93
disfeed                            1.05412e-93
disdrain                           1.05412e-93
hold_l                            -8.24708e-93
hold_bus                          -8.24705e-93
c162                              -8.24715e-93
bulk_en_in                         1.05406e-93
bulk_en_pin                        2.63431e-94
bulk_want                                1e-09
bulk_enabled                        6.6967e-11
bulk_age                                     0
bulk_slew                                    0
bulk_feed                          1.05406e-93
bulk_localcap                      1.05406e-93
bbulk_slew#branch                            0
breset#branch                                0
bready#branch                                0
v.xu151.vsense#branch            -7.28906e-106
b.xu151.bdrive#branch             3.64452e-106
b.xu151.bcmd#branch                          0
b.xu151.breq#branch                          0
b.xu151.bneg#branch                          0
b.xu151.bref#branch                          0
b.xu151.bactive#branch                       0
bpgwant#branch                               0
bswitchon#branch                             0
bsnsevent#branch                             0
bvslew#branch                                0
v.xu121.vsense#branch              1.24696e-51
b.xu121.bdrive#branch             -6.23479e-52
b.xu121.bcmd#branch                          0
b.xu121.breq#branch                          0
b.xu121.bneg#branch                          0
b.xu121.bref#branch                          0
b.xu121.bactive#branch                       0
ballow#branch                                0
bpvalid#branch                               0
lhold#branch                       1.08086e-96
lmainfeed#branch                   6.38983e-97
lbranch#branch                    -1.44101e-98
l151#branch                        3.20359e-96
l121#branch                        3.00395e-42
lcable#branch                     -2.05089e-54
vbulkpass#branch                             0
vr165#branch                     -2.59553e-101
vload#branch                                 0
vr158#branch                      -1.44101e-98
vpass#branch                                 0
vlogic#branch                           -9e-12
vbat#branch                        2.05089e-54

 Reference value :  8.14217e-03
 Reference value :  1.87582e-02
 Reference value :  2.80022e-02
 Reference value :  3.49291e-02
 Reference value :  4.34573e-02
 Reference value :  4.83953e-02
 Reference value :  5.43753e-02
 Reference value :  6.32933e-02
 Reference value :  7.14293e-02
 Reference value :  8.10733e-02
 Reference value :  8.92793e-02
 Reference value :  9.70144e-02
 Reference value :  1.03407e-01
 Reference value :  1.10773e-01
 Reference value :  1.16819e-01
 Reference value :  1.24819e-01
 Reference value :  1.32975e-01
 Reference value :  1.41453e-01
 Reference value :  1.48555e-01
 Reference value :  1.54751e-01
 Reference value :  1.62249e-01
 Reference value :  1.70985e-01
 Reference value :  1.79229e-01
 Reference value :  1.87671e-01
 Reference value :  1.93207e-01
 Reference value :  1.99051e-01
 Reference value :  2.07173e-01
 Reference value :  2.15857e-01
 Reference value :  2.24581e-01
 Reference value :  2.33437e-01
 Reference value :  2.42121e-01
 Reference value :  2.50619e-01
 Reference value :  2.59211e-01
 Reference value :  2.67997e-01
 Reference value :  2.75945e-01
 Reference value :  2.83977e-01
 Reference value :  2.92026e-01
 Reference value :  3.00320e-01
 Reference value :  3.08028e-01
 Reference value :  3.16388e-01
 Reference value :  3.24718e-01
 Reference value :  3.32796e-01
 Reference value :  3.39296e-01
 Reference value :  3.46132e-01
 Reference value :  3.53982e-01
 Reference value :  3.61700e-01
 Reference value :  3.69318e-01
 Reference value :  3.77312e-01
 Reference value :  3.85282e-01
 Reference value :  3.93158e-01
 Reference value :  4.01160e-01
 Reference value :  4.09230e-01
 Reference value :  4.17670e-01
 Reference value :  4.26248e-01
 Reference value :  4.32886e-01
 Reference value :  4.39644e-01
 Reference value :  4.47366e-01
 Reference value :  4.53490e-01
 Reference value :  4.62482e-01
 Reference value :  4.71744e-01
 Reference value :  4.81814e-01
 Reference value :  4.92078e-01
 Reference value :  5.01756e-01
 Reference value :  5.11464e-01
 Reference value :  5.22350e-01
 Reference value :  5.33262e-01
 Reference value :  5.43736e-01
 Reference value :  5.54598e-01
 Reference value :  5.65534e-01
 Reference value :  5.76438e-01
 Reference value :  5.86854e-01
 Reference value :  5.97716e-01
 Reference value :  6.08944e-01
 Reference value :  6.20200e-01
 Reference value :  6.30702e-01
 Reference value :  6.41680e-01
 Reference value :  6.52878e-01
 Reference value :  6.63782e-01
 Reference value :  6.74244e-01
 Reference value :  6.84892e-01
 Reference value :  6.95466e-01
 Reference value :  7.02790e-01
 Reference value :  7.10942e-01
 Reference value :  7.20982e-01
 Reference value :  7.31154e-01
 Reference value :  7.42440e-01
 Reference value :  7.53686e-01
 Reference value :  7.64334e-01
 Reference value :  7.75270e-01
 Reference value :  7.86030e-01
 Reference value :  7.94742e-01
 Reference value :  8.03946e-01
 Reference value :  8.14718e-01
 Reference value :  8.23074e-01
 Reference value :  8.32760e-01
 Reference value :  8.43854e-01
 Reference value :  8.54795e-01
 Reference value :  8.65843e-01
 Reference value :  8.76781e-01
 Reference value :  8.87352e-01
 Reference value :  8.96198e-01
 Reference value :  9.05728e-01
 Reference value :  9.14944e-01
 Reference value :  9.21686e-01
 Reference value :  9.28835e-01
 Reference value :  9.37123e-01
 Reference value :  9.45134e-01
 Reference value :  9.53966e-01
 Reference value :  9.61527e-01
 Reference value :  9.70145e-01
 Reference value :  9.77543e-01
 Reference value :  9.86305e-01
 Reference value :  9.94073e-01
 Reference value :  1.00162e+00
 Reference value :  1.00938e+00
 Reference value :  1.01682e+00
 Reference value :  1.02481e+00
 Reference value :  1.03191e+00
 Reference value :  1.04063e+00
 Reference value :  1.04710e+00
 Reference value :  1.05588e+00
 Reference value :  1.06458e+00
 Reference value :  1.07355e+00
 Reference value :  1.08033e+00
 Reference value :  1.08664e+00
 Reference value :  1.09500e+00
 Reference value :  1.10363e+00
 Reference value :  1.10999e+00
 Reference value :  1.11597e+00
 Reference value :  1.12398e+00
 Reference value :  1.13117e+00
 Reference value :  1.13846e+00
 Reference value :  1.14604e+00
 Reference value :  1.15284e+00
 Reference value :  1.15735e+00
 Reference value :  1.16191e+00
 Reference value :  1.16653e+00
 Reference value :  1.17114e+00
 Reference value :  1.17809e+00
 Reference value :  1.18528e+00
 Reference value :  1.19343e+00
 Reference value :  1.20203e+00
 Reference value :  1.21034e+00
 Reference value :  1.21869e+00
 Reference value :  1.22450e+00
 Reference value :  1.22947e+00
 Reference value :  1.23695e+00
 Reference value :  1.24242e+00
 Reference value :  1.24976e+00
 Reference value :  1.25812e+00
 Reference value :  1.26567e+00
 Reference value :  1.27214e+00
 Reference value :  1.27729e+00
 Reference value :  1.28362e+00
 Reference value :  1.28909e+00
 Reference value :  1.29379e+00
 Reference value :  1.29935e+00
No. of Data Rows : 652276
I32_FINISHED
ngspice-42 done
