Using SPARSE 1.3 as Direct Linear Solver
Note: Starting dynamic gmin stepping
Warning: Dynamic gmin stepping failed
Note: Starting true gmin stepping
Warning: True gmin stepping failed
Note: Starting source stepping
Warning: singular matrix:  check node snsfiltered

Warning: singular matrix:  check node snsfiltered

Warning: source stepping failed
Note: Transient op started
Note: Transient op finished successfully

Note: No compatibility mode selected!


Circuit: i32 exploratory network alternative; not manufacturer u151 model

Doing analysis at TEMP = 27.000000 and TNOM = 27.000000


Initial Transient Solution
--------------------------

Node                                   Voltage
----                                   -------
bat                                          0
cable_r                            8.42953e-55
raw_12v                           -1.12825e-53
fused_12v                          -1.0861e-53
rev_blocked_12v                     5.7451e-42
protect_ctrl_vin                  -4.29004e-42
protected_12v                      5.08558e-42
input_uv                           3.81052e-43
input_ov                           1.43627e-43
input_shdn                        -4.29003e-42
one                                          1
uv_ok                                    1e-09
ov_bad                                   1e-09
pvalid                                       0
ptimer                                       0
allow                                        0
allow_d                                      0
input_gate_drive                  -2.84192e-35
input_gate                        -2.84192e-35
input_gate_slew                   -2.84193e-35
qsrc                               5.08595e-42
buck_feed                          5.08553e-42
vin5                               5.08088e-42
en5                                1.05163e-42
on5                                      1e-09
xu121.age                                    0
xu121.active                                 0
xu121.ref                                    0
xu121.neg                                    0
xu121.req                         -1.23811e-41
fb5                                 3.8691e-43
xu121.integral                               0
xu121.cmd                                    0
xu121.command                                0
xu121.drive                                  0
source5                            -3.0809e-43
xu121.active_f                               0
xu121.sense                       -4.03294e-40
sw5                               -4.03294e-40
winding5                           1.78903e-43
c127r                              4.33254e-45
c128r                              4.33254e-45
ripple5                            1.52426e-43
rail5                             -3.12443e-43
feediso                           -3.12463e-43
good5                                    1e-09
iso_en_pin                        -5.48145e-44
gooddelay                           6.6967e-11
ageiso                                       0
switchon                                     0
slewiso                                      0
feedpass                          -3.12463e-43
vin                                1.99437e-79
snsiso                             2.69386e-80
localgood                                1e-09
snsfiltered                        7.50022e-10
snsprev                            7.09797e-10
snsevent                                     0
restartage                               1e-05
pgwant                                       0
pgdelay                                      0
en151                             -2.61869e-43
actual_en151                      -1.33428e-43
enable_ctrl                              1e-09
c151_esr                           3.77623e-84
enable                                   1e-09
xu151.age                                    0
xu151.active                                 0
xu151.ref                                    0
xu151.neg                                    0
xu151.req                          5.44082e-82
fb                                 -7.5567e-83
xu151.integral                               0
xu151.cmd                                    0
xu151.command                                0
xu151.drive                                  0
source                            -2.51646e-82
xu151.active_f                               0
xu151.sense                        1.20394e-80
sw                                 1.20394e-80
winding                           -2.56269e-82
c155_esr                          -1.33526e-85
c156_esr                          -1.33526e-85
c157_esr                          -1.33526e-85
c158_esr                           1.70481e-87
main                              -2.51434e-82
c201_esr                          -1.18728e-88
c204_esr                          -1.18728e-88
c202_esr                          -3.56258e-90
c205_esr                          -3.56258e-90
c301_esr                          -3.56258e-90
c302_esr                          -3.56225e-89
c404_esr                          -3.56258e-90
c531_esr                          -3.56258e-90
branch_sense                      -2.51434e-82
branch_l                          -2.51434e-82
branch_r                          -2.51434e-82
bulksw_out                                   0
damped                                       0
c206_esr                                     0
main_feed                         -2.51643e-82
main_l                            -2.51619e-82
requested                                 0.45
ready                                        0
valid                                    1e-09
timer                                        0
reset_ctl                                    1
reset_raw                         -8.82223e-84
en                                -3.08778e-83
disg                               1.87693e-79
disfeed                           -2.51646e-82
disdrain                          -2.51647e-82
hold_l                             1.99573e-79
hold_bus                           1.99549e-79
c162                               1.99605e-79
bulk_en_in                        -2.51434e-82
bulk_en_pin                       -6.27017e-83
bulk_want                                1e-09
bulk_enabled                        6.6967e-11
bulk_age                                     0
bulk_slew                                    0
bulk_feed                         -2.51434e-82
bbulk_slew#branch                            0
breset#branch                                0
bready#branch                                0
v.xu151.vsense#branch             -2.40787e-92
b.xu151.bdrive#branch              1.20394e-92
b.xu151.bcmd#branch                          0
b.xu151.breq#branch                          0
b.xu151.bneg#branch                          0
b.xu151.bref#branch                          0
b.xu151.bactive#branch                       0
bpgwant#branch                               0
bswitchon#branch                             0
bsnsevent#branch                             0
bvslew#branch                                0
v.xu121.vsense#branch              8.06588e-52
b.xu121.bdrive#branch             -4.03294e-52
b.xu121.bcmd#branch                          0
b.xu121.breq#branch                          0
b.xu121.bneg#branch                          0
b.xu121.bref#branch                          0
b.xu121.bactive#branch                       0
ballow#branch                                0
bpvalid#branch                               0
lhold#branch                      -2.25984e-81
lmainfeed#branch                  -3.08849e-85
lbranch#branch                               0
l151#branch                       -4.02107e-83
l121#branch                        1.74635e-42
lcable#branch                     -8.42953e-54
vbulkpass#branch                             0
vr165#branch                        3.2701e-88
vload#branch                                 0
vr158#branch                      -5.00916e-94
vpass#branch                      -1.99437e-83
vlogic#branch                           -9e-12
vbat#branch                        8.42953e-54

 Reference value :  7.71817e-03
 Reference value :  1.62022e-02
 Reference value :  2.67402e-02
 Reference value :  3.76406e-02
 Reference value :  4.67458e-02
 Reference value :  5.64198e-02
 Reference value :  6.51158e-02
 Reference value :  7.40458e-02
 Reference value :  8.04518e-02
 Reference value :  8.78838e-02
 Reference value :  9.73972e-02
 Reference value :  1.06057e-01
 Reference value :  1.14970e-01
 Reference value :  1.23470e-01
 Reference value :  1.32388e-01
 Reference value :  1.41426e-01
 Reference value :  1.49966e-01
 Reference value :  1.58834e-01
 Reference value :  1.67898e-01
 Reference value :  1.76506e-01
 Reference value :  1.85260e-01
 Reference value :  1.94046e-01
 Reference value :  2.02474e-01
 Reference value :  2.10398e-01
 Reference value :  2.19218e-01
 Reference value :  2.28182e-01
 Reference value :  2.36866e-01
 Reference value :  2.45638e-01
 Reference value :  2.54578e-01
 Reference value :  2.63214e-01
 Reference value :  2.71602e-01
 Reference value :  2.80304e-01
 Reference value :  2.89224e-01
 Reference value :  2.95348e-01
 Reference value :  3.03894e-01
 Reference value :  3.12170e-01
 Reference value :  3.20512e-01
 Reference value :  3.28366e-01
 Reference value :  3.36648e-01
 Reference value :  3.45226e-01
 Reference value :  3.53472e-01
 Reference value :  3.62252e-01
 Reference value :  3.70924e-01
 Reference value :  3.79220e-01
 Reference value :  3.87274e-01
 Reference value :  3.95010e-01
 Reference value :  4.03224e-01
 Reference value :  4.10316e-01
 Reference value :  4.18878e-01
 Reference value :  4.27640e-01
 Reference value :  4.35972e-01
 Reference value :  4.44500e-01
 Reference value :  4.53252e-01
 Reference value :  4.61935e-01
 Reference value :  4.70652e-01
 Reference value :  4.78671e-01
 Reference value :  4.86633e-01
 Reference value :  4.94357e-01
 Reference value :  5.03263e-01
 Reference value :  5.12199e-01
 Reference value :  5.20871e-01
 Reference value :  5.29717e-01
 Reference value :  5.38707e-01
 Reference value :  5.47297e-01
 Reference value :  5.55903e-01
 Reference value :  5.64351e-01
 Reference value :  5.72931e-01
 Reference value :  5.81767e-01
 Reference value :  5.89907e-01
 Reference value :  5.97123e-01
No. of Data Rows : 300434
I32_FINISHED
ngspice-42 done
