Using SPARSE 1.3 as Direct Linear Solver
Note: Starting dynamic gmin stepping
Warning: Dynamic gmin stepping failed
Note: Starting true gmin stepping
Warning: True gmin stepping failed
Note: Starting source stepping
Warning: singular matrix:  check node gooddelay

Warning: singular matrix:  check node gooddelay

Warning: source stepping failed
Note: Transient op started
Note: Transient op finished successfully

Note: No compatibility mode selected!


Circuit: i32 exploratory network alternative; not manufacturer u151 model

Doing analysis at TEMP = 27.000000 and TNOM = 27.000000


Initial Transient Solution
--------------------------

Node                                   Voltage
----                                   -------
bat                                          0
cable_r                           -2.11144e-54
raw_12v                            1.31174e-51
fused_12v                          1.31068e-51
rev_blocked_12v                    3.35123e-42
protect_ctrl_vin                  -3.79588e-42
protected_12v                      4.55801e-42
input_uv                           2.22276e-43
input_ov                           8.37808e-44
input_shdn                        -3.79588e-42
one                                          1
uv_ok                                    1e-09
ov_bad                                   1e-09
pvalid                                       0
ptimer                                       0
allow                                        0
allow_d                                      0
input_gate_drive                  -2.54618e-35
input_gate                        -2.54618e-35
input_gate_slew                   -2.54619e-35
qsrc                               4.55834e-42
buck_feed                           4.5575e-42
vin5                               4.50969e-42
en5                                9.33409e-43
on5                                      1e-09
xu121.age                                    0
xu121.active                                 0
xu121.ref                                    0
xu121.neg                                    0
xu121.req                         -7.67984e-41
fb5                                2.39995e-42
xu121.integral                               0
xu121.cmd                                    0
xu121.command                                0
xu121.drive                                  0
source5                           -3.74398e-43
xu121.active_f                               0
xu121.sense                       -1.43307e-39
sw5                               -1.43307e-39
winding5                           1.03652e-42
c127r                              1.87374e-44
c128r                              1.87374e-44
ripple5                             2.1123e-42
rail5                             -3.93219e-43
feediso                           -3.93305e-43
good5                                    1e-09
iso_en_pin                        -6.78555e-44
gooddelay                           6.6967e-11
ageiso                                       0
switchon                                     0
slewiso                                      0
feedpass                          -3.93305e-43
vin                               -2.47328e-79
snsiso                            -3.31181e-80
localgood                                1e-09
snsfiltered                        7.50022e-10
snsprev                            7.09797e-10
snsevent                                     0
restartage                               1e-05
pgwant                                       0
pgdelay                                      0
en151                             -3.19178e-43
enable_ctrl                              1e-09
c151_esr                          -4.25935e-87
enable                                   1e-09
xu151.age                                    0
xu151.active                                 0
xu151.ref                                    0
xu151.neg                                    0
xu151.req                         -1.36484e-81
fb                                 9.47805e-83
xu151.integral                               0
xu151.cmd                                    0
xu151.command                                0
xu151.drive                                  0
source                             3.09414e-82
xu151.active_f                               0
xu151.sense                        2.25726e-82
sw                                 2.25726e-82
winding                            3.09477e-82
c155_esr                          -1.46087e-85
c156_esr                          -1.46087e-85
c157_esr                          -1.46087e-85
c158_esr                          -6.16042e-88
main                               3.08967e-82
c201_esr                           -1.4601e-85
c204_esr                           -1.4601e-85
c202_esr                          -6.02372e-88
c205_esr                          -6.02372e-88
c301_esr                          -6.02372e-88
c302_esr                          -5.99927e-87
c404_esr                          -6.02372e-88
c531_esr                          -6.02372e-88
branch_sense                       3.08967e-82
branch_l                           3.10104e-82
branch_r                             3.102e-82
damped                             3.15544e-82
c206_esr                          -2.84265e-85
requested                                 0.45
valid                                    1e-09
timer                                        0
ready                                        0
reset_ctl                                    1
reset_raw                          1.08415e-83
en                                 3.79451e-83
disg                              -2.47328e-79
disfeed                            3.09414e-82
disdrain                           3.09414e-82
hold_l                            -2.47328e-79
hold_bus                          -2.47328e-79
c162                              -2.47328e-79
c163                              -2.47328e-79
c164                              -2.47328e-79
breset#branch                                0
bready#branch                                0
v.xu151.vsense#branch             -4.51314e-94
b.xu151.bdrive#branch              2.25726e-94
b.xu151.bcmd#branch                          0
b.xu151.breq#branch                          0
b.xu151.bneg#branch                          0
b.xu151.bref#branch                          0
b.xu151.bactive#branch                       0
bpgwant#branch                               0
bswitchon#branch                             0
bsnsevent#branch                             0
bvslew#branch                                0
v.xu121.vsense#branch              2.86613e-51
b.xu121.bdrive#branch             -1.43307e-51
b.xu121.bcmd#branch                          0
b.xu121.breq#branch                          0
b.xu121.bneg#branch                          0
b.xu121.bref#branch                          0
b.xu121.bactive#branch                       0
ballow#branch                                0
bpvalid#branch                               0
lhold#branch                       3.07325e-85
lbranch#branch                    -1.13706e-83
l151#branch                        8.17642e-85
l121#branch                        7.54499e-42
lcable#branch                      2.11144e-53
vr165#branch                      -3.69824e-90
vload#branch                                 0
vr158#branch                      -1.13706e-83
vpass#branch                                 0
vlogic#branch                           -8e-12
vbat#branch                       -2.11144e-53

 Reference value :  8.93714e-03
 Reference value :  2.13951e-02
 Reference value :  3.24571e-02
 Reference value :  4.21139e-02
 Reference value :  5.09227e-02
 Reference value :  6.11861e-02
 Reference value :  7.03021e-02
 Reference value :  7.82961e-02
 Reference value :  8.80959e-02
 Reference value :  9.81799e-02
 Reference value :  1.08174e-01
 Reference value :  1.17594e-01
No. of Data Rows : 60393
I32_FINISHED
ngspice-42 done
