Using SPARSE 1.3 as Direct Linear Solver
Note: Starting dynamic gmin stepping
Warning: Dynamic gmin stepping failed
Note: Starting true gmin stepping
Warning: True gmin stepping failed
Note: Starting source stepping
Warning: singular matrix:  check node snsprev

Warning: singular matrix:  check node snsprev

Warning: source stepping failed
Note: Transient op started
Note: Transient op finished successfully

Note: No compatibility mode selected!


Circuit: i32 exploratory network alternative; not manufacturer u151 model

Doing analysis at TEMP = 27.000000 and TNOM = 27.000000


Initial Transient Solution
--------------------------

Node                                   Voltage
----                                   -------
bat                                          0
cable_r                            1.59936e-54
raw_12v                           -3.97809e-52
fused_12v                         -3.97009e-52
rev_blocked_12v                    5.60235e-42
protect_ctrl_vin                  -4.20197e-42
protected_12v                      4.96264e-42
input_uv                           3.71584e-43
input_ov                           1.40059e-43
input_shdn                        -4.20196e-42
one                                          1
uv_ok                                    1e-09
ov_bad                                   1e-09
pvalid                                       0
ptimer                                       0
allow                                        0
allow_d                                      0
input_gate_drive                  -2.77654e-35
input_gate                        -2.77654e-35
input_gate_slew                   -2.77655e-35
qsrc                                 4.963e-42
buck_feed                          4.96271e-42
vin5                               4.96975e-42
en5                                1.02863e-42
on5                                      1e-09
xu121.age                                    0
xu121.active                                 0
xu121.ref                                    0
xu121.neg                                    0
xu121.req                         -4.85479e-43
fb5                                1.51712e-44
xu121.integral                               0
xu121.cmd                                    0
xu121.command                                0
xu121.drive                                  0
source5                           -8.10764e-45
xu121.active_f                               0
xu121.sense                       -4.68823e-41
sw5                               -4.68823e-41
winding5                           1.45579e-44
c127r                              2.00216e-46
c128r                              2.00216e-46
ripple5                            9.03893e-45
rail5                             -8.30839e-45
feediso                           -8.30884e-45
good5                                    1e-09
iso_en_pin                        -1.45761e-45
gooddelay                           6.6967e-11
ageiso                                       0
switchon                                     0
slewiso                                      0
feedpass                          -8.30884e-45
vin                               -1.01273e-92
snsiso                            -1.37974e-93
localgood                                1e-09
snsfiltered                        7.50022e-10
snsprev                            7.09797e-10
snsevent                                     0
restartage                               1e-05
pgwant                                       0
pgdelay                                      0
en151                             -6.98706e-45
actual_en151                      -3.62217e-45
enable_ctrl                              1e-09
c151_esr                          -2.07883e-99
enable                                   1e-09
xu151.age                                    0
xu151.active                                 0
xu151.ref                                    0
xu151.neg                                    0
xu151.req                         -2.78098e-93
fb                                 3.86248e-94
xu151.integral                               0
xu151.cmd                                    0
xu151.command                                0
xu151.drive                                  0
source                              1.2913e-93
xu151.active_f                               0
xu151.sense                        1.29114e-93
sw                                 1.29114e-93
winding                            1.29124e-93
c155_esr                          -2.42239e-98
c156_esr                          -2.42239e-98
c157_esr                          -2.42239e-98
c158_esr                         -2.18539e-100
main                               1.29088e-93
c201_esr                          -2.13655e-98
c204_esr                          -2.13655e-98
c202_esr                         -1.96625e-100
c205_esr                         -1.96625e-100
c301_esr                         -1.96625e-100
c302_esr                          -1.96434e-99
c404_esr                         -1.96625e-100
c531_esr                         -1.96625e-100
branch_sense                       1.29088e-93
branch_l                           1.29089e-93
branch_r                            1.2909e-93
bulksw_out                                   0
damped                                       0
c206_esr                                     0
main_feed                          1.29123e-93
main_l                             1.29073e-93
requested                                 0.45
ready                                        0
valid                                    1e-09
timer                                        0
reset_ctl                                    1
reset_raw                          4.52944e-95
en                                  1.5853e-94
disg                              -1.01273e-92
disfeed                             1.2913e-93
disdrain                            1.2913e-93
hold_l                            -1.01274e-92
hold_bus                          -1.01274e-92
c162                              -1.01274e-92
bulk_en_in                         1.29088e-93
bulk_en_pin                        3.21892e-94
bulk_want                                1e-09
bulk_enabled                        6.6967e-11
bulk_age                                     0
bulk_slew                                    0
bulk_feed                           1.2909e-93
bulk_localcap                       1.2909e-93
bbulk_slew#branch                            0
breset#branch                                0
bready#branch                                0
v.xu151.vsense#branch            -2.58229e-105
b.xu151.bdrive#branch             1.29114e-105
b.xu151.bcmd#branch                          0
b.xu151.breq#branch                          0
b.xu151.bneg#branch                          0
b.xu151.bref#branch                          0
b.xu151.bactive#branch                       0
bpgwant#branch                               0
bswitchon#branch                             0
bsnsevent#branch                             0
bvslew#branch                                0
v.xu121.vsense#branch              9.37645e-53
b.xu121.bdrive#branch             -4.68823e-53
b.xu121.bcmd#branch                          0
b.xu121.breq#branch                          0
b.xu121.bneg#branch                          0
b.xu121.bref#branch                          0
b.xu121.bactive#branch                       0
ballow#branch                                0
bpvalid#branch                               0
lhold#branch                       1.58918e-96
lmainfeed#branch                    6.6967e-96
lbranch#branch                    -8.81464e-98
l151#branch                       -5.15737e-97
l121#branch                        8.12783e-44
lcable#branch                     -1.59936e-53
vbulkpass#branch                             0
vr165#branch                      1.52006e-103
vload#branch                                 0
vr158#branch                      -8.81463e-98
vpass#branch                                 0
vlogic#branch                           -9e-12
vbat#branch                        1.59936e-53

 Reference value :  8.50617e-03
 Reference value :  1.98082e-02
 Reference value :  2.90622e-02
 Reference value :  3.86485e-02
 Reference value :  4.56759e-02
 Reference value :  5.49679e-02
 Reference value :  6.08899e-02
 Reference value :  6.76999e-02
 Reference value :  7.41999e-02
 Reference value :  8.31119e-02
 Reference value :  9.26173e-02
 Reference value :  1.01599e-01
 Reference value :  1.10300e-01
 Reference value :  1.19006e-01
 Reference value :  1.26906e-01
 Reference value :  1.35122e-01
 Reference value :  1.43536e-01
 Reference value :  1.52452e-01
 Reference value :  1.61068e-01
 Reference value :  1.70010e-01
 Reference value :  1.78904e-01
 Reference value :  1.87584e-01
 Reference value :  1.96574e-01
 Reference value :  2.05628e-01
 Reference value :  2.14022e-01
 Reference value :  2.22792e-01
 Reference value :  2.31604e-01
 Reference value :  2.40516e-01
 Reference value :  2.49122e-01
 Reference value :  2.57948e-01
 Reference value :  2.66722e-01
 Reference value :  2.75750e-01
 Reference value :  2.84252e-01
 Reference value :  2.92616e-01
 Reference value :  3.01348e-01
 Reference value :  3.10152e-01
 Reference value :  3.16978e-01
 Reference value :  3.24466e-01
 Reference value :  3.33250e-01
 Reference value :  3.41912e-01
 Reference value :  3.50942e-01
 Reference value :  3.59766e-01
 Reference value :  3.68764e-01
 Reference value :  3.75300e-01
 Reference value :  3.84322e-01
 Reference value :  3.93342e-01
 Reference value :  4.02560e-01
 Reference value :  4.11364e-01
 Reference value :  4.19414e-01
 Reference value :  4.27948e-01
 Reference value :  4.36460e-01
 Reference value :  4.44568e-01
 Reference value :  4.53353e-01
 Reference value :  4.62033e-01
 Reference value :  4.70897e-01
 Reference value :  4.79121e-01
 Reference value :  4.87963e-01
 Reference value :  4.96803e-01
 Reference value :  5.05383e-01
 Reference value :  5.14413e-01
 Reference value :  5.22859e-01
 Reference value :  5.31713e-01
 Reference value :  5.40767e-01
 Reference value :  5.49655e-01
 Reference value :  5.57843e-01
 Reference value :  5.66131e-01
 Reference value :  5.73451e-01
 Reference value :  5.81267e-01
 Reference value :  5.89109e-01
 Reference value :  5.97071e-01
No. of Data Rows : 300622
I32_FINISHED
ngspice-42 done
