Using SPARSE 1.3 as Direct Linear Solver
Note: Starting dynamic gmin stepping
Warning: Dynamic gmin stepping failed
Note: Starting true gmin stepping
Warning: True gmin stepping failed
Note: Starting source stepping
Warning: singular matrix:  check node snsfiltered

Warning: singular matrix:  check node snsfiltered

Warning: source stepping failed
Note: Transient op started
Note: Transient op finished successfully

Note: No compatibility mode selected!


Circuit: i32 exploratory network alternative; not manufacturer u151 model

Doing analysis at TEMP = 27.000000 and TNOM = 27.000000


Initial Transient Solution
--------------------------

Node                                   Voltage
----                                   -------
bat                                          0
cable_r                           -1.76557e-54
raw_12v                            1.20782e-51
fused_12v                          1.20694e-51
rev_blocked_12v                    5.75814e-42
protect_ctrl_vin                  -4.29741e-42
protected_12v                      5.09658e-42
input_uv                           3.81917e-43
input_ov                           1.43953e-43
input_shdn                        -4.29741e-42
one                                          1
uv_ok                                    1e-09
ov_bad                                   1e-09
pvalid                                       0
ptimer                                       0
allow                                        0
allow_d                                      0
input_gate_drive                  -2.84738e-35
input_gate                        -2.84738e-35
input_gate_slew                    -2.8474e-35
qsrc                               5.09695e-42
buck_feed                          5.09613e-42
vin5                               5.05352e-42
en5                                1.04597e-42
on5                                      1e-09
xu121.age                                    0
xu121.active                                 0
xu121.ref                                    0
xu121.neg                                    0
xu121.req                         -7.41779e-41
fb5                                2.31806e-42
xu121.integral                               0
xu121.cmd                                    0
xu121.command                                0
xu121.drive                                  0
source5                           -2.91314e-43
xu121.active_f                               0
xu121.sense                        -1.2076e-39
sw5                                -1.2076e-39
winding5                           1.72535e-42
c127r                              1.79701e-44
c128r                              1.79701e-44
ripple5                             2.0924e-42
rail5                             -3.09362e-43
feediso                           -3.09444e-43
good5                                    1e-09
iso_en_pin                        -5.33848e-44
gooddelay                           6.6967e-11
ageiso                                       0
switchon                                     0
slewiso                                      0
feedpass                          -3.09444e-43
vin                                2.41733e-80
snsiso                              3.3467e-81
localgood                                1e-09
snsfiltered                        7.50022e-10
snsprev                            7.09797e-10
snsevent                                     0
restartage                               1e-05
pgwant                                       0
pgdelay                                      0
en151                              -2.3478e-43
actual_en151                      -1.21941e-43
enable_ctrl                              1e-09
c151_esr                           -1.2437e-84
enable                                   1e-09
xu151.age                                    0
xu151.active                                 0
xu151.ref                                    0
xu151.neg                                    0
xu151.req                          1.39997e-82
fb                                -9.72198e-84
xu151.integral                               0
xu151.cmd                                    0
xu151.command                                0
xu151.drive                                  0
source                            -3.23254e-83
xu151.active_f                               0
xu151.sense                        -7.8252e-83
sw                                 -7.8252e-83
winding                           -3.23958e-83
c155_esr                          -1.97548e-87
c156_esr                          -1.97548e-87
c157_esr                          -1.97548e-87
c158_esr                          -1.90538e-89
mainpos                           -3.23222e-83
c201_esr                          -1.71004e-88
loadground                        -2.31851e-88
c204_esr                          -1.71004e-88
c202_esr                          -2.31632e-88
c205_esr                          -2.31632e-88
c301_esr                          -2.31632e-88
c302_esr                          -2.29617e-88
c404_esr                          -2.31632e-88
c531_esr                          -2.31632e-88
branch_sense                      -3.23222e-83
branch_l                          -3.23225e-83
branch_r                          -3.23225e-83
damped                             -3.2324e-83
c206_esr                          -1.22781e-88
main_feed                         -3.23253e-83
main_l                            -3.23242e-83
requested                                 0.45
main                               -3.2322e-83
valid                                    1e-09
timer                                        0
ready                                        0
reset_ctl                                    1
reset_raw                          -1.1341e-84
en                                -3.96936e-84
disg                               2.27236e-80
disfeed                           -3.23254e-83
disdrain                          -3.23254e-83
hold_l                             2.42476e-80
hold_bus                           2.42048e-80
c162                               2.42254e-80
c163                               2.42254e-80
c164                               2.42254e-80
cextra3                            2.42254e-80
cextra4                            2.42254e-80
cextra5                            2.42254e-80
bmainmeas#branch                   2.83526e-87
breset#branch                                0
bready#branch                                0
v.xu151.vsense#branch              1.56501e-94
b.xu151.bdrive#branch              -7.8252e-95
b.xu151.bcmd#branch                          0
b.xu151.breq#branch                          0
b.xu151.bneg#branch                          0
b.xu151.bref#branch                          0
b.xu151.bactive#branch                       0
bpgwant#branch                               0
bswitchon#branch                             0
bsnsevent#branch                             0
bvslew#branch                                0
v.xu121.vsense#branch              2.41519e-51
b.xu121.bdrive#branch              -1.2076e-51
b.xu121.bcmd#branch                          0
b.xu121.breq#branch                          0
b.xu121.bneg#branch                          0
b.xu121.bref#branch                          0
b.xu121.bactive#branch                       0
ballow#branch                                0
bpvalid#branch                               0
lhold#branch                      -1.23891e-81
lmainfeed#branch                   -1.7405e-86
lbranch#branch                     4.36281e-87
l151#branch                       -6.11953e-85
l121#branch                        7.23173e-42
lcable#branch                      1.76557e-53
vr165#branch                       7.18993e-91
vload#branch                                 0
vr158#branch                       4.36281e-87
vpass#branch                      -2.41733e-84
vlogic#branch                           -8e-12
vbat#branch                       -1.76557e-53

 Reference value :  9.60417e-03
 Reference value :  2.06962e-02
 Reference value :  3.17002e-02
 Reference value :  4.01518e-02
 Reference value :  5.03768e-02
 Reference value :  6.08548e-02
 Reference value :  7.08941e-02
 Reference value :  7.67481e-02
 Reference value :  8.64454e-02
 Reference value :  9.55802e-02
 Reference value :  1.02768e-01
 Reference value :  1.12571e-01
 Reference value :  1.21225e-01
 Reference value :  1.31709e-01
 Reference value :  1.41383e-01
 Reference value :  1.50320e-01
 Reference value :  1.57994e-01
 Reference value :  1.65760e-01
 Reference value :  1.75498e-01
 Reference value :  1.84766e-01
 Reference value :  1.90621e-01
 Reference value :  1.99320e-01
No. of Data Rows : 103268
I32_FINISHED
ngspice-42 done
