Using SPARSE 1.3 as Direct Linear Solver
Note: Starting dynamic gmin stepping
Warning: Dynamic gmin stepping failed
Note: Starting true gmin stepping
Warning: True gmin stepping failed
Note: Starting source stepping
Warning: singular matrix:  check node snsprev

Warning: singular matrix:  check node snsprev

Warning: source stepping failed
Note: Transient op started
Note: Transient op finished successfully

Note: No compatibility mode selected!


Circuit: i32 exploratory network alternative; not manufacturer u151 model

Doing analysis at TEMP = 27.000000 and TNOM = 27.000000


Initial Transient Solution
--------------------------

Node                                   Voltage
----                                   -------
bat                                          0
cable_r                            2.03966e-55
raw_12v                            2.93354e-52
fused_12v                          2.93456e-52
rev_blocked_12v                    5.60651e-42
protect_ctrl_vin                  -4.20557e-42
protected_12v                      4.96687e-42
input_uv                            3.7186e-43
input_ov                           1.40163e-43
input_shdn                        -4.20556e-42
one                                          1
uv_ok                                    1e-09
ov_bad                                   1e-09
pvalid                                       0
ptimer                                       0
allow                                        0
allow_d                                      0
input_gate_drive                  -2.77862e-35
input_gate                        -2.77862e-35
input_gate_slew                   -2.77863e-35
qsrc                               4.96722e-42
buck_feed                          4.96671e-42
vin5                               4.95223e-42
en5                                  1.025e-42
on5                                      1e-09
xu121.age                                    0
xu121.active                                 0
xu121.ref                                    0
xu121.neg                                    0
xu121.req                         -3.16069e-41
fb5                                9.87717e-43
xu121.integral                               0
xu121.cmd                                    0
xu121.command                                0
xu121.drive                                  0
source5                            2.16187e-45
xu121.active_f                               0
xu121.sense                        -6.2057e-40
sw5                                -6.2057e-40
winding5                           8.35956e-43
c127r                              7.42194e-45
c128r                              7.42194e-45
ripple5                            9.87673e-43
rail5                             -5.29406e-45
feediso                            -5.3278e-45
good5                                    1e-09
iso_en_pin                        -9.30929e-46
gooddelay                           6.6967e-11
ageiso                                       0
switchon                                     0
slewiso                                      0
feedpass                           -5.3278e-45
vin                               -1.73103e-92
snsiso                            -2.36406e-93
localgood                                1e-09
snsfiltered                        7.50022e-10
snsprev                            7.09797e-10
snsevent                                     0
restartage                               1e-05
pgwant                                       0
pgdelay                                      0
en151                             -7.15447e-45
actual_en151                      -3.41277e-45
enable_ctrl                              1e-09
c151_esr                          -3.47307e-98
enable                                   1e-09
xu151.age                                    0
xu151.active                                 0
xu151.ref                                    0
xu151.neg                                    0
xu151.req                         -9.54893e-93
fb                                  6.6312e-94
xu151.integral                               0
xu151.cmd                                    0
xu151.command                                0
xu151.drive                                  0
source                             2.21259e-93
xu151.active_f                               0
xu151.sense                        7.64974e-94
sw                                 7.64974e-94
winding                            2.21336e-93
c155_esr                           1.75866e-98
c156_esr                           1.75866e-98
c157_esr                           1.75866e-98
c158_esr                         -2.41582e-100
main                               2.21246e-93
c201_esr                          -8.27062e-99
c204_esr                          -8.27062e-99
c202_esr                         -2.94134e-101
c205_esr                         -2.94134e-101
c301_esr                         -2.94134e-101
c302_esr                         -2.94188e-100
c404_esr                         -2.94134e-101
c531_esr                         -2.94134e-101
branch_sense                       2.21246e-93
branch_l                           2.21246e-93
branch_r                           2.21246e-93
bulksw_out                                   0
damped                                       0
c206_esr                                     0
main_feed                          2.21257e-93
main_l                             2.21247e-93
requested                                 0.45
ready                                        0
valid                                    1e-09
timer                                        0
reset_ctl                                    1
reset_raw                          7.76301e-95
en                                 2.71705e-94
disg                              -1.73104e-92
disfeed                            2.21259e-93
disdrain                           2.21259e-93
hold_l                            -1.73104e-92
hold_bus                          -1.73103e-92
c162                              -1.73106e-92
bulk_en_in                         2.21246e-93
bulk_en_pin                        5.52936e-94
bulk_want                                1e-09
bulk_enabled                        6.6967e-11
bulk_age                                     0
bulk_slew                                    0
bulk_feed                          2.21246e-93
bulk_localcap                      2.21246e-93
bbulk_slew#branch                            0
breset#branch                                0
bready#branch                                0
v.xu151.vsense#branch            -1.52995e-105
b.xu151.bdrive#branch             7.64974e-106
b.xu151.bcmd#branch                          0
b.xu151.breq#branch                          0
b.xu151.bneg#branch                          0
b.xu151.bref#branch                          0
b.xu151.bactive#branch                       0
bpgwant#branch                               0
bswitchon#branch                             0
bsnsevent#branch                             0
bvslew#branch                                0
v.xu121.vsense#branch              1.24114e-51
b.xu121.bdrive#branch              -6.2057e-52
b.xu121.bcmd#branch                          0
b.xu121.breq#branch                          0
b.xu121.bneg#branch                          0
b.xu121.bref#branch                          0
b.xu121.bactive#branch                       0
ballow#branch                                0
bpvalid#branch                               0
lhold#branch                        2.2687e-96
lmainfeed#branch                   1.34115e-96
lbranch#branch                    -2.98573e-98
l151#branch                        6.72424e-96
l121#branch                        2.98997e-42
lcable#branch                     -2.03966e-54
vbulkpass#branch                             0
vr165#branch                     -5.44727e-101
vload#branch                                 0
vr158#branch                      -2.98573e-98
vpass#branch                                 0
vlogic#branch                           -9e-12
vbat#branch                        2.03966e-54

 Reference value :  8.50417e-03
 Reference value :  1.92602e-02
 Reference value :  3.00822e-02
 Reference value :  3.97314e-02
 Reference value :  4.75265e-02
 Reference value :  5.47685e-02
 Reference value :  6.05605e-02
 Reference value :  6.76705e-02
 Reference value :  7.65005e-02
 Reference value :  8.33965e-02
 Reference value :  9.24046e-02
 Reference value :  1.01571e-01
 Reference value :  1.10418e-01
 Reference value :  1.18954e-01
 Reference value :  1.25986e-01
 Reference value :  1.33042e-01
 Reference value :  1.40742e-01
 Reference value :  1.48040e-01
 Reference value :  1.56806e-01
 Reference value :  1.65686e-01
 Reference value :  1.74266e-01
 Reference value :  1.82758e-01
 Reference value :  1.91422e-01
 Reference value :  2.00142e-01
 Reference value :  2.08502e-01
 Reference value :  2.17590e-01
 Reference value :  2.26310e-01
 Reference value :  2.34986e-01
 Reference value :  2.43700e-01
 Reference value :  2.52372e-01
 Reference value :  2.60946e-01
 Reference value :  2.69566e-01
 Reference value :  2.78294e-01
 Reference value :  2.87432e-01
 Reference value :  2.95674e-01
 Reference value :  3.04069e-01
 Reference value :  3.12425e-01
 Reference value :  3.20961e-01
 Reference value :  3.29633e-01
 Reference value :  3.38157e-01
 Reference value :  3.46777e-01
 Reference value :  3.55655e-01
 Reference value :  3.63475e-01
 Reference value :  3.71483e-01
 Reference value :  3.79013e-01
 Reference value :  3.87565e-01
 Reference value :  3.93923e-01
 Reference value :  4.02437e-01
 Reference value :  4.08895e-01
 Reference value :  4.15861e-01
 Reference value :  4.24931e-01
 Reference value :  4.34113e-01
 Reference value :  4.42007e-01
 Reference value :  4.50735e-01
 Reference value :  4.56798e-01
 Reference value :  4.65318e-01
 Reference value :  4.75936e-01
 Reference value :  4.86958e-01
 Reference value :  4.98320e-01
 Reference value :  5.08828e-01
 Reference value :  5.19436e-01
 Reference value :  5.29972e-01
 Reference value :  5.40918e-01
 Reference value :  5.51838e-01
 Reference value :  5.60572e-01
 Reference value :  5.68092e-01
 Reference value :  5.76198e-01
 Reference value :  5.85170e-01
 Reference value :  5.91430e-01
 Reference value :  6.00020e-01
 Reference value :  6.06274e-01
 Reference value :  6.15094e-01
 Reference value :  6.22636e-01
 Reference value :  6.33748e-01
 Reference value :  6.41390e-01
 Reference value :  6.52215e-01
 Reference value :  6.63407e-01
 Reference value :  6.74233e-01
 Reference value :  6.85333e-01
 Reference value :  6.94595e-01
 Reference value :  7.04149e-01
 Reference value :  7.13699e-01
 Reference value :  7.23319e-01
 Reference value :  7.32412e-01
 Reference value :  7.42090e-01
 Reference value :  7.51580e-01
 Reference value :  7.61054e-01
 Reference value :  7.68392e-01
 Reference value :  7.74484e-01
 Reference value :  7.82317e-01
 Reference value :  7.90533e-01
 Reference value :  7.97533e-01
 Reference value :  8.04193e-01
 Reference value :  8.12279e-01
 Reference value :  8.17857e-01
 Reference value :  8.26509e-01
 Reference value :  8.32833e-01
 Reference value :  8.41865e-01
 Reference value :  8.50661e-01
 Reference value :  8.58223e-01
 Reference value :  8.67115e-01
 Reference value :  8.76073e-01
 Reference value :  8.82607e-01
 Reference value :  8.91201e-01
 Reference value :  8.99723e-01
 Reference value :  9.08687e-01
 Reference value :  9.17381e-01
 Reference value :  9.26235e-01
 Reference value :  9.35015e-01
 Reference value :  9.41951e-01
 Reference value :  9.50989e-01
 Reference value :  9.59987e-01
 Reference value :  9.68883e-01
 Reference value :  9.78109e-01
 Reference value :  9.87145e-01
 Reference value :  9.96167e-01
 Reference value :  1.00349e+00
 Reference value :  1.01220e+00
 Reference value :  1.01847e+00
 Reference value :  1.02536e+00
 Reference value :  1.03348e+00
 Reference value :  1.04194e+00
 Reference value :  1.05044e+00
 Reference value :  1.05894e+00
 Reference value :  1.06733e+00
 Reference value :  1.07598e+00
 Reference value :  1.08456e+00
 Reference value :  1.09328e+00
 Reference value :  1.10090e+00
 Reference value :  1.10958e+00
 Reference value :  1.11751e+00
 Reference value :  1.12658e+00
 Reference value :  1.13564e+00
 Reference value :  1.14475e+00
 Reference value :  1.15393e+00
 Reference value :  1.16300e+00
 Reference value :  1.17132e+00
 Reference value :  1.18043e+00
 Reference value :  1.18966e+00
 Reference value :  1.19878e+00
 Reference value :  1.20794e+00
 Reference value :  1.21719e+00
 Reference value :  1.22642e+00
 Reference value :  1.23555e+00
 Reference value :  1.24457e+00
 Reference value :  1.25378e+00
 Reference value :  1.26311e+00
 Reference value :  1.27235e+00
 Reference value :  1.28143e+00
 Reference value :  1.29073e+00
 Reference value :  1.29996e+00
No. of Data Rows : 652391
I32_FINISHED
ngspice-42 done
