Using SPARSE 1.3 as Direct Linear Solver
Note: Starting dynamic gmin stepping
Warning: Dynamic gmin stepping failed
Note: Starting true gmin stepping
Warning: True gmin stepping failed
Note: Starting source stepping
Warning: singular matrix:  check node pgdelay

Warning: singular matrix:  check node pgdelay

Warning: source stepping failed
Note: Transient op started
Note: Transient op finished successfully

Note: No compatibility mode selected!


Circuit: i32 exploratory network alternative; not manufacturer u151 model

Doing analysis at TEMP = 27.000000 and TNOM = 27.000000


Initial Transient Solution
--------------------------

Node                                   Voltage
----                                   -------
bat                                          0
cable_r                           -1.38753e-53
raw_12v                            7.78114e-51
fused_12v                          7.77421e-51
rev_blocked_12v                    2.02376e-41
protect_ctrl_vin                  -1.50999e-41
protected_12v                       1.7984e-41
input_uv                           1.34229e-42
input_ov                            5.0594e-43
input_shdn                        -1.50999e-41
one                                          1
uv_ok                                    1e-09
ov_bad                                   1e-09
pvalid                                       0
ptimer                                       0
allow                                        0
allow_d                                      0
input_gate_drive                  -1.00054e-34
input_gate                        -1.00054e-34
input_gate_slew                   -1.00055e-34
qsrc                               1.79853e-41
buck_feed                          1.79813e-41
vin5                               1.77232e-41
en5                                3.66832e-42
on5                                      1e-09
xu121.age                                    0
xu121.active                                 0
xu121.ref                                    0
xu121.neg                                    0
xu121.req                          -4.1623e-40
fb5                                1.30072e-41
xu121.integral                               0
xu121.cmd                                    0
xu121.command                                0
xu121.drive                                  0
source5                           -3.31121e-42
xu121.active_f                               0
xu121.sense                       -6.52002e-39
sw5                               -6.52002e-39
winding5                           2.97122e-42
c127r                              2.07147e-43
c128r                              2.07147e-43
ripple5                            1.03934e-41
rail5                                        0
feediso                            1.29143e-98
good5                                    1e-09
iso_en_pin                                   0
gooddelay                           6.6967e-11
ageiso                                       0
switchon                                     0
slewiso                                      0
feedpass                           1.29143e-98
vin                                2.58286e-92
snsiso                             3.51858e-93
localgood                                1e-09
snsfiltered                        7.50022e-10
snsprev                            7.09797e-10
snsevent                                     0
restartage                               1e-05
pgwant                                       0
pgdelay                                      0
en151                                        0
actual_en151                                 0
enable_ctrl                              1e-09
c151_esr                           7.51194e-97
enable                                   1e-09
xu151.age                                    0
xu151.active                                 0
xu151.ref                                    0
xu151.neg                                    0
xu151.req                          1.42474e-92
fb                                  -9.894e-94
xu151.integral                               0
xu151.cmd                                    0
xu151.command                                0
xu151.drive                                  0
source                            -3.30127e-93
xu151.active_f                               0
xu151.sense                       -4.02983e-93
sw                                -4.02983e-93
winding                           -3.30959e-93
c155_esr                           -2.3253e-97
c156_esr                           -2.3253e-97
c157_esr                           -2.3253e-97
c158_esr                          -1.32021e-99
main                              -3.30078e-93
c201_esr                           9.90524e-99
c204_esr                           9.90524e-99
c202_esr                          4.06185e-101
c205_esr                          4.06185e-101
c301_esr                          4.06185e-101
c302_esr                          4.11087e-100
c404_esr                          4.06185e-101
c531_esr                          4.06185e-101
branch_sense                      -3.30078e-93
branch_l                          -3.30078e-93
branch_r                          -3.30078e-93
bulksw_out                                   0
damped                                       0
c206_esr                                     0
main_feed                         -3.30124e-93
main_l                            -3.30107e-93
requested                                 0.45
ready                                        0
valid                                    1e-09
timer                                        0
reset_ctl                                    1
reset_raw                         -1.15817e-94
en                                -4.05359e-94
disg                               2.43084e-92
disfeed                           -3.30127e-93
disdrain                          -3.30127e-93
hold_l                             2.58459e-92
hold_bus                           2.58422e-92
c162                               2.58494e-92
bulk_en_in                        -3.30078e-93
bulk_en_pin                       -8.23136e-94
bulk_want                                1e-09
bulk_enabled                        6.6967e-11
bulk_age                                     0
bulk_slew                                    0
bulk_feed                         -3.30078e-93
bulk_localcap                     -3.30078e-93
bbulk_slew#branch                            0
breset#branch                                0
bready#branch                                0
v.xu151.vsense#branch             8.05968e-105
b.xu151.bdrive#branch            -4.02983e-105
b.xu151.bcmd#branch                          0
b.xu151.breq#branch                          0
b.xu151.bneg#branch                          0
b.xu151.bref#branch                          0
b.xu151.bactive#branch                       0
bpgwant#branch                               0
bswitchon#branch                             0
bsnsevent#branch                             0
bvslew#branch                                0
v.xu121.vsense#branch                1.304e-50
b.xu121.bdrive#branch             -6.52002e-51
b.xu121.bcmd#branch                          0
b.xu121.breq#branch                          0
b.xu121.bneg#branch                          0
b.xu121.bref#branch                          0
b.xu121.bactive#branch                       0
ballow#branch                                0
bpvalid#branch                               0
lhold#branch                      -2.89233e-94
lmainfeed#branch                  -2.32582e-96
lbranch#branch                     4.51705e-98
l151#branch                       -7.24124e-95
l121#branch                        4.15807e-41
lcable#branch                      1.38753e-52
vbulkpass#branch                             0
vr165#branch                      1.85658e-100
vload#branch                                 0
vr158#branch                       4.51705e-98
vpass#branch                      -2.58286e-96
vservice#branch                   -3.31121e-54
vlogic#branch                           -9e-12
vbat#branch                       -1.38753e-52

 Reference value :  2.13100e-03
 Reference value :  6.15470e-03
 Reference value :  1.07347e-02
 Reference value :  1.51227e-02
 Reference value :  1.93627e-02
 Reference value :  2.34427e-02
 Reference value :  2.77807e-02
 Reference value :  3.14687e-02
 Reference value :  3.56127e-02
 Reference value :  3.99387e-02
 Reference value :  4.42347e-02
 Reference value :  4.81832e-02
 Reference value :  5.21252e-02
 Reference value :  5.64412e-02
 Reference value :  6.05012e-02
 Reference value :  6.40864e-02
 Reference value :  6.71031e-02
 Reference value :  7.06331e-02
 Reference value :  7.41071e-02
 Reference value :  7.75291e-02
 Reference value :  8.11991e-02
 Reference value :  8.48691e-02
 Reference value :  8.84491e-02
 Reference value :  9.18731e-02
 Reference value :  9.55351e-02
 Reference value :  9.93251e-02
 Reference value :  1.03265e-01
 Reference value :  1.06939e-01
 Reference value :  1.10981e-01
 Reference value :  1.14367e-01
 Reference value :  1.17807e-01
 Reference value :  1.21493e-01
 Reference value :  1.25181e-01
 Reference value :  1.28491e-01
 Reference value :  1.32115e-01
 Reference value :  1.35769e-01
 Reference value :  1.39233e-01
 Reference value :  1.42717e-01
 Reference value :  1.46403e-01
 Reference value :  1.50071e-01
 Reference value :  1.53683e-01
 Reference value :  1.57281e-01
 Reference value :  1.60965e-01
 Reference value :  1.64301e-01
 Reference value :  1.67847e-01
 Reference value :  1.71559e-01
 Reference value :  1.75341e-01
 Reference value :  1.78783e-01
 Reference value :  1.82029e-01
 Reference value :  1.85713e-01
 Reference value :  1.89403e-01
 Reference value :  1.93191e-01
 Reference value :  1.96897e-01
 Reference value :  2.00809e-01
 Reference value :  2.04397e-01
 Reference value :  2.08271e-01
 Reference value :  2.12329e-01
 Reference value :  2.16439e-01
 Reference value :  2.20279e-01
 Reference value :  2.23873e-01
 Reference value :  2.27815e-01
 Reference value :  2.32077e-01
 Reference value :  2.36757e-01
 Reference value :  2.41349e-01
 Reference value :  2.45610e-01
 Reference value :  2.49884e-01
 Reference value :  2.54350e-01
 Reference value :  2.58526e-01
 Reference value :  2.62328e-01
 Reference value :  2.66054e-01
 Reference value :  2.69712e-01
 Reference value :  2.73324e-01
 Reference value :  2.77066e-01
 Reference value :  2.80940e-01
 Reference value :  2.84666e-01
 Reference value :  2.88342e-01
 Reference value :  2.92030e-01
 Reference value :  2.95602e-01
 Reference value :  2.99432e-01
 Reference value :  3.02438e-01
 Reference value :  3.04456e-01
 Reference value :  3.07076e-01
 Reference value :  3.10778e-01
 Reference value :  3.15294e-01
 Reference value :  3.19716e-01
 Reference value :  3.24100e-01
 Reference value :  3.28308e-01
 Reference value :  3.31240e-01
 Reference value :  3.35248e-01
 Reference value :  3.38986e-01
 Reference value :  3.43844e-01
 Reference value :  3.47954e-01
 Reference value :  3.52102e-01
 Reference value :  3.56482e-01
 Reference value :  3.61076e-01
 Reference value :  3.65132e-01
 Reference value :  3.69746e-01
 Reference value :  3.74060e-01
 Reference value :  3.78286e-01
 Reference value :  3.82390e-01
 Reference value :  3.86148e-01
 Reference value :  3.89468e-01
 Reference value :  3.93096e-01
 Reference value :  3.97758e-01
 Reference value :  4.02198e-01
 Reference value :  4.06744e-01
 Reference value :  4.11284e-01
 Reference value :  4.16004e-01
 Reference value :  4.20708e-01
 Reference value :  4.25394e-01
 Reference value :  4.29848e-01
 Reference value :  4.35060e-01
 Reference value :  4.40600e-01
 Reference value :  4.45214e-01
 Reference value :  4.49898e-01
 Reference value :  4.53480e-01
 Reference value :  4.58122e-01
 Reference value :  4.62742e-01
 Reference value :  4.67386e-01
 Reference value :  4.71962e-01
 Reference value :  4.76456e-01
 Reference value :  4.80944e-01
 Reference value :  4.85464e-01
 Reference value :  4.89984e-01
 Reference value :  4.93722e-01
 Reference value :  4.97380e-01
 Reference value :  5.01070e-01
 Reference value :  5.04942e-01
 Reference value :  5.08590e-01
 Reference value :  5.12420e-01
 Reference value :  5.14918e-01
 Reference value :  5.19104e-01
 Reference value :  5.23314e-01
 Reference value :  5.27558e-01
 Reference value :  5.32016e-01
 Reference value :  5.36328e-01
 Reference value :  5.40594e-01
 Reference value :  5.44762e-01
 Reference value :  5.49120e-01
 Reference value :  5.53360e-01
 Reference value :  5.57210e-01
 Reference value :  5.60076e-01
 Reference value :  5.63508e-01
 Reference value :  5.67330e-01
 Reference value :  5.70874e-01
 Reference value :  5.74580e-01
 Reference value :  5.78362e-01
 Reference value :  5.82242e-01
 Reference value :  5.86506e-01
 Reference value :  5.90916e-01
 Reference value :  5.95010e-01
 Reference value :  5.99332e-01
No. of Data Rows : 300478
I32_FINISHED
ngspice-42 done
