Using SPARSE 1.3 as Direct Linear Solver
Note: Starting dynamic gmin stepping
Warning: Dynamic gmin stepping failed
Note: Starting true gmin stepping
Warning: True gmin stepping failed
Note: Starting source stepping
Warning: singular matrix:  check node snsprev

Warning: singular matrix:  check node snsprev

Warning: source stepping failed
Note: Transient op started
Note: Transient op finished successfully

Note: No compatibility mode selected!


Circuit: i32 exploratory network alternative; not manufacturer u151 model

Doing analysis at TEMP = 27.000000 and TNOM = 27.000000


Initial Transient Solution
--------------------------

Node                                   Voltage
----                                   -------
bat                                          0
cable_r                            2.03617e-55
raw_12v                            2.93171e-52
fused_12v                          2.93273e-52
rev_blocked_12v                    5.60278e-42
protect_ctrl_vin                  -4.20197e-42
protected_12v                      4.96313e-42
input_uv                           3.71613e-43
input_ov                           1.40069e-43
input_shdn                        -4.20196e-42
one                                          1
uv_ok                                    1e-09
ov_bad                                   1e-09
pvalid                                       0
ptimer                                       0
allow                                        0
allow_d                                      0
input_gate_drive                  -2.77654e-35
input_gate                        -2.77654e-35
input_gate_slew                   -2.77655e-35
qsrc                               4.96349e-42
buck_feed                          4.96298e-42
vin5                                4.9485e-42
en5                                1.02423e-42
on5                                      1e-09
xu121.age                                    0
xu121.active                                 0
xu121.ref                                    0
xu121.neg                                    0
xu121.req                         -3.15358e-41
fb5                                9.85492e-43
xu121.integral                               0
xu121.cmd                                    0
xu121.command                                0
xu121.drive                                  0
source5                            6.03481e-46
xu121.active_f                               0
xu121.sense                       -6.19929e-40
sw5                               -6.19929e-40
winding5                           8.33936e-43
c127r                              7.42841e-45
c128r                              7.42841e-45
ripple5                            9.85565e-43
rail5                             -6.83777e-45
feediso                           -6.85464e-45
good5                                    1e-09
iso_en_pin                        -1.19961e-45
gooddelay                           6.6967e-11
ageiso                                       0
switchon                                     0
slewiso                                      0
feedpass                          -6.85464e-45
vin                               -6.29766e-94
snsiso                            -8.57992e-95
localgood                                1e-09
snsfiltered                        7.50022e-10
snsprev                            7.09797e-10
snsevent                                     0
restartage                               1e-05
pgwant                                       0
pgdelay                                      0
en151                             -6.98718e-45
actual_en151                      -3.56006e-45
enable_ctrl                              1e-09
c151_esr                          -1.43309e-99
enable                                   1e-09
xu151.age                                    0
xu151.active                                 0
xu151.ref                                    0
xu151.neg                                    0
xu151.req                         -3.46848e-94
fb                                 2.40867e-95
xu151.integral                               0
xu151.cmd                                    0
xu151.command                                0
xu151.drive                                  0
source                             8.03684e-95
xu151.active_f                               0
xu151.sense                         2.7771e-95
sw                                  2.7771e-95
winding                            8.03965e-95
c155_esr                         -7.61309e-100
c156_esr                         -7.61309e-100
c157_esr                         -7.61309e-100
c158_esr                         -1.45189e-101
main                                8.0328e-95
c201_esr                          -1.12246e-99
c204_esr                          -1.12246e-99
c202_esr                          -5.0924e-102
c205_esr                          -5.0924e-102
c301_esr                          -5.0924e-102
c302_esr                         -5.09256e-101
c404_esr                          -5.0924e-102
c531_esr                          -5.0924e-102
branch_sense                        8.0328e-95
branch_l                           8.03283e-95
branch_r                           8.03283e-95
bulksw_out                                   0
damped                                       0
c206_esr                                     0
main_feed                          8.03637e-95
main_l                             8.03285e-95
requested                                 0.45
ready                                        0
valid                                    1e-09
timer                                        0
reset_ctl                                    1
reset_raw                          2.81853e-96
en                                 9.86485e-96
disg                              -6.29767e-94
disfeed                            8.03684e-95
disdrain                           8.03684e-95
hold_l                            -6.29772e-94
hold_bus                          -6.29769e-94
c162                              -6.29771e-94
bulk_en_in                         8.03279e-95
bulk_en_pin                        2.00304e-95
bulk_want                                1e-09
bulk_enabled                        6.6967e-11
bulk_age                                     0
bulk_slew                                    0
bulk_feed                          8.03283e-95
bulk_localcap                      8.03283e-95
bbulk_slew#branch                            0
breset#branch                                0
bready#branch                                0
v.xu151.vsense#branch            -5.55421e-107
b.xu151.bdrive#branch              2.7771e-107
b.xu151.bcmd#branch                          0
b.xu151.breq#branch                          0
b.xu151.bneg#branch                          0
b.xu151.bref#branch                          0
b.xu151.bactive#branch                       0
bpgwant#branch                               0
bswitchon#branch                             0
bsnsevent#branch                             0
bvslew#branch                                0
v.xu121.vsense#branch              1.23986e-51
b.xu121.bdrive#branch             -6.19929e-52
b.xu121.bcmd#branch                          0
b.xu121.breq#branch                          0
b.xu121.bneg#branch                          0
b.xu121.bref#branch                          0
b.xu121.bactive#branch                       0
ballow#branch                                0
bpvalid#branch                               0
lhold#branch                       9.83698e-98
lmainfeed#branch                   4.69549e-97
lbranch#branch                    -4.76503e-99
l151#branch                        2.44472e-97
l121#branch                        2.98831e-42
lcable#branch                     -2.03617e-54
vbulkpass#branch                             0
vr165#branch                      -1.9668e-102
vload#branch                                 0
vr158#branch                      -4.76503e-99
vpass#branch                                 0
vlogic#branch                           -9e-12
vbat#branch                        2.03617e-54

 Reference value :  9.20817e-03
 Reference value :  2.08462e-02
 Reference value :  3.22022e-02
 Reference value :  3.82542e-02
 Reference value :  4.48640e-02
 Reference value :  5.32700e-02
 Reference value :  6.27880e-02
 Reference value :  7.10300e-02
 Reference value :  8.05920e-02
 Reference value :  8.91187e-02
 Reference value :  9.88993e-02
 Reference value :  1.04344e-01
 Reference value :  1.10904e-01
 Reference value :  1.19342e-01
 Reference value :  1.28140e-01
 Reference value :  1.36646e-01
 Reference value :  1.45262e-01
 Reference value :  1.52492e-01
 Reference value :  1.60328e-01
 Reference value :  1.68580e-01
 Reference value :  1.76274e-01
 Reference value :  1.84254e-01
 Reference value :  1.91260e-01
 Reference value :  1.98316e-01
 Reference value :  2.07070e-01
 Reference value :  2.15402e-01
 Reference value :  2.24266e-01
 Reference value :  2.30196e-01
 Reference value :  2.37078e-01
 Reference value :  2.44946e-01
 Reference value :  2.53778e-01
 Reference value :  2.62908e-01
 Reference value :  2.71656e-01
 Reference value :  2.80446e-01
 Reference value :  2.89277e-01
 Reference value :  2.98075e-01
 Reference value :  3.06527e-01
 Reference value :  3.15095e-01
 Reference value :  3.23257e-01
 Reference value :  3.31591e-01
 Reference value :  3.40271e-01
 Reference value :  3.49037e-01
 Reference value :  3.57819e-01
 Reference value :  3.66179e-01
 Reference value :  3.73383e-01
 Reference value :  3.82567e-01
 Reference value :  3.91765e-01
 Reference value :  4.01133e-01
 Reference value :  4.10491e-01
 Reference value :  4.19707e-01
 Reference value :  4.27723e-01
 Reference value :  4.36375e-01
 Reference value :  4.44879e-01
 Reference value :  4.53023e-01
 Reference value :  4.60043e-01
 Reference value :  4.67953e-01
 Reference value :  4.76391e-01
 Reference value :  4.85287e-01
 Reference value :  4.94317e-01
 Reference value :  5.01529e-01
 Reference value :  5.09901e-01
 Reference value :  5.18085e-01
 Reference value :  5.26749e-01
 Reference value :  5.35531e-01
 Reference value :  5.43497e-01
 Reference value :  5.50841e-01
 Reference value :  5.59147e-01
 Reference value :  5.67287e-01
 Reference value :  5.75759e-01
 Reference value :  5.84213e-01
 Reference value :  5.92737e-01
No. of Data Rows : 300516
I32_FINISHED
ngspice-42 done
