Using SPARSE 1.3 as Direct Linear Solver
Note: Starting dynamic gmin stepping
Warning: Dynamic gmin stepping failed
Note: Starting true gmin stepping
Warning: True gmin stepping failed
Note: Starting source stepping
Warning: singular matrix:  check node bulk_enabled

Warning: singular matrix:  check node bulk_enabled

Warning: source stepping failed
Note: Transient op started
Note: Transient op finished successfully

Note: No compatibility mode selected!


Circuit: i32 exploratory network alternative; not manufacturer u151 model

Doing analysis at TEMP = 27.000000 and TNOM = 27.000000


Initial Transient Solution
--------------------------

Node                                   Voltage
----                                   -------
bat                                          0
cable_r                            2.03966e-55
raw_12v                            2.93354e-52
fused_12v                          2.93456e-52
rev_blocked_12v                    5.60651e-42
protect_ctrl_vin                  -4.20557e-42
protected_12v                      4.96687e-42
input_uv                            3.7186e-43
input_ov                           1.40163e-43
input_shdn                        -4.20556e-42
one                                          1
uv_ok                                    1e-09
ov_bad                                   1e-09
pvalid                                       0
ptimer                                       0
allow                                        0
allow_d                                      0
input_gate_drive                  -2.77862e-35
input_gate                        -2.77862e-35
input_gate_slew                   -2.77863e-35
qsrc                               4.96722e-42
buck_feed                          4.96671e-42
vin5                               4.95223e-42
en5                                  1.025e-42
on5                                      1e-09
xu121.age                                    0
xu121.active                                 0
xu121.ref                                    0
xu121.neg                                    0
xu121.req                         -3.16069e-41
fb5                                9.87717e-43
xu121.integral                               0
xu121.cmd                                    0
xu121.command                                0
xu121.drive                                  0
source5                            2.16187e-45
xu121.active_f                               0
xu121.sense                        -6.2057e-40
sw5                                -6.2057e-40
winding5                           8.35956e-43
c127r                              7.42194e-45
c128r                              7.42194e-45
ripple5                            9.87673e-43
rail5                             -5.29406e-45
feediso                            -5.3278e-45
good5                                    1e-09
iso_en_pin                        -9.30929e-46
gooddelay                           6.6967e-11
ageiso                                       0
switchon                                     0
slewiso                                      0
feedpass                           -5.3278e-45
vin                               -1.73102e-92
snsiso                            -2.36405e-93
snsbase                                      0
localgood                                1e-09
snsfiltered                        7.50022e-10
snsprev                            7.09797e-10
snsevent                                     0
restartage                               1e-05
pgwant                                       0
pgdelay                                      0
en151                             -7.15447e-45
actual_en151                      -3.41277e-45
enable_ctrl                              1e-09
c151_esr                          -3.47306e-98
enable                                   1e-09
xu151.age                                    0
xu151.active                                 0
xu151.ref                                    0
xu151.neg                                    0
xu151.req                         -9.54888e-93
fb                                 6.63117e-94
xu151.integral                               0
xu151.cmd                                    0
xu151.command                                0
xu151.drive                                  0
source                             2.21258e-93
xu151.active_f                               0
xu151.sense                        7.64971e-94
sw                                 7.64971e-94
winding                            2.21335e-93
c155_esr                           1.75865e-98
c156_esr                           1.75865e-98
c157_esr                           1.75865e-98
c158_esr                         -2.41581e-100
main                               2.21245e-93
c201_esr                          -8.27058e-99
c204_esr                          -8.27058e-99
c202_esr                         -2.94132e-101
c205_esr                         -2.94132e-101
c301_esr                         -2.94132e-101
c302_esr                         -2.94186e-100
c404_esr                         -2.94132e-101
c531_esr                         -2.94132e-101
branch_sense                       2.21245e-93
branch_l                           2.21245e-93
branch_r                           2.21245e-93
bulksw_out                                   0
damped                                       0
c206_esr                                     0
main_feed                          2.21256e-93
main_l                             2.21246e-93
requested                                 0.45
ready                                        0
valid                                    1e-09
timer                                        0
reset_ctl                                    1
reset_raw                          7.76297e-95
en                                 2.71704e-94
disg                              -1.73103e-92
disfeed                            2.21258e-93
disdrain                           2.21258e-93
hold_l                            -1.73103e-92
hold_bus                          -1.73102e-92
c162                              -1.73105e-92
bulk_en_in                         2.21245e-93
bulk_en_pin                        5.52934e-94
bulk_want                                1e-09
bulk_enabled                        6.6967e-11
bulk_age                                     0
bulk_slew                                    0
bulk_feed                          2.21245e-93
bulk_localcap                      2.21245e-93
bbulk_slew#branch                            0
breset#branch                                0
bready#branch                                0
v.xu151.vsense#branch            -1.52994e-105
b.xu151.bdrive#branch             7.64971e-106
b.xu151.bcmd#branch                          0
b.xu151.breq#branch                          0
b.xu151.bneg#branch                          0
b.xu151.bref#branch                          0
b.xu151.bactive#branch                       0
bpgwant#branch                               0
bswitchon#branch                             0
bsnsevent#branch                             0
bvslew#branch                                0
v.xu121.vsense#branch              1.24114e-51
b.xu121.bdrive#branch              -6.2057e-52
b.xu121.bcmd#branch                          0
b.xu121.breq#branch                          0
b.xu121.bneg#branch                          0
b.xu121.bref#branch                          0
b.xu121.bactive#branch                       0
ballow#branch                                0
bpvalid#branch                               0
lhold#branch                       2.26869e-96
lmainfeed#branch                   1.34115e-96
lbranch#branch                    -2.98571e-98
l151#branch                        6.72421e-96
l121#branch                        2.98997e-42
lcable#branch                     -2.03966e-54
vbulkpass#branch                             0
vr165#branch                      -5.4473e-101
vsnsbase#branch                   -2.36074e-96
vload#branch                                 0
vr158#branch                      -2.98571e-98
vpass#branch                                 0
vlogic#branch                           -9e-12
vbat#branch                        2.03966e-54

 Reference value :  8.80417e-03
 Reference value :  1.51522e-02
 Reference value :  2.40122e-02
 Reference value :  3.36022e-02
 Reference value :  4.16045e-02
 Reference value :  4.82065e-02
 Reference value :  5.72565e-02
 Reference value :  6.61885e-02
 Reference value :  7.43505e-02
 Reference value :  7.92845e-02
 Reference value :  8.85925e-02
 Reference value :  9.66058e-02
 Reference value :  1.03977e-01
 Reference value :  1.13443e-01
 Reference value :  1.21939e-01
 Reference value :  1.30773e-01
 Reference value :  1.39473e-01
 Reference value :  1.48333e-01
 Reference value :  1.55505e-01
 Reference value :  1.64013e-01
 Reference value :  1.70767e-01
 Reference value :  1.79525e-01
 Reference value :  1.86453e-01
 Reference value :  1.95237e-01
 Reference value :  2.00701e-01
 Reference value :  2.08555e-01
 Reference value :  2.14689e-01
 Reference value :  2.22253e-01
 Reference value :  2.31275e-01
 Reference value :  2.40417e-01
 Reference value :  2.47215e-01
 Reference value :  2.54967e-01
 Reference value :  2.63227e-01
 Reference value :  2.71013e-01
 Reference value :  2.78465e-01
 Reference value :  2.86411e-01
 Reference value :  2.95071e-01
 Reference value :  3.03231e-01
 Reference value :  3.12067e-01
 Reference value :  3.19685e-01
 Reference value :  3.26375e-01
 Reference value :  3.34451e-01
 Reference value :  3.40619e-01
 Reference value :  3.47151e-01
 Reference value :  3.53601e-01
 Reference value :  3.61005e-01
 Reference value :  3.69873e-01
 Reference value :  3.78453e-01
 Reference value :  3.87101e-01
 Reference value :  3.95675e-01
 Reference value :  4.04543e-01
 Reference value :  4.13249e-01
 Reference value :  4.21001e-01
 Reference value :  4.26701e-01
 Reference value :  4.35783e-01
 Reference value :  4.44625e-01
 Reference value :  4.50079e-01
 Reference value :  4.56123e-01
 Reference value :  4.65205e-01
 Reference value :  4.74238e-01
 Reference value :  4.80923e-01
 Reference value :  4.89637e-01
 Reference value :  4.98943e-01
 Reference value :  5.08555e-01
 Reference value :  5.16451e-01
 Reference value :  5.25287e-01
 Reference value :  5.34310e-01
 Reference value :  5.43334e-01
 Reference value :  5.52301e-01
 Reference value :  5.61042e-01
 Reference value :  5.69115e-01
 Reference value :  5.77667e-01
 Reference value :  5.86015e-01
 Reference value :  5.94923e-01
 Reference value :  6.03589e-01
 Reference value :  6.12311e-01
 Reference value :  6.20393e-01
 Reference value :  6.28837e-01
 Reference value :  6.37561e-01
 Reference value :  6.46373e-01
 Reference value :  6.55119e-01
 Reference value :  6.63969e-01
 Reference value :  6.72787e-01
 Reference value :  6.81107e-01
 Reference value :  6.89697e-01
 Reference value :  6.98439e-01
 Reference value :  7.07281e-01
 Reference value :  7.16247e-01
 Reference value :  7.25027e-01
 Reference value :  7.33791e-01
 Reference value :  7.42589e-01
 Reference value :  7.51509e-01
 Reference value :  7.60231e-01
 Reference value :  7.68939e-01
 Reference value :  7.78009e-01
 Reference value :  7.86071e-01
 Reference value :  7.94867e-01
 Reference value :  8.01427e-01
 Reference value :  8.10381e-01
 Reference value :  8.18725e-01
 Reference value :  8.27225e-01
 Reference value :  8.35627e-01
 Reference value :  8.44489e-01
 Reference value :  8.53417e-01
 Reference value :  8.61973e-01
 Reference value :  8.70763e-01
 Reference value :  8.78911e-01
 Reference value :  8.87223e-01
 Reference value :  8.95567e-01
No. of Data Rows : 452424
I32_FINISHED
ngspice-42 done
