Using SPARSE 1.3 as Direct Linear Solver
Note: Starting dynamic gmin stepping
Warning: Dynamic gmin stepping failed
Note: Starting true gmin stepping
Warning: True gmin stepping failed
Note: Starting source stepping
Warning: singular matrix:  check node bulk_enabled

Warning: singular matrix:  check node bulk_enabled

Warning: source stepping failed
Note: Transient op started
Note: Transient op finished successfully

Note: No compatibility mode selected!


Circuit: i32 exploratory network alternative; not manufacturer u151 model

Doing analysis at TEMP = 27.000000 and TNOM = 27.000000


Initial Transient Solution
--------------------------

Node                                   Voltage
----                                   -------
bat                                          0
cable_r                             1.9707e-55
raw_12v                            2.98166e-52
fused_12v                          2.98264e-52
rev_blocked_12v                    5.59763e-42
protect_ctrl_vin                  -4.19625e-42
protected_12v                      4.95758e-42
input_uv                           3.71272e-43
input_ov                           1.39941e-43
input_shdn                        -4.19625e-42
one                                          1
uv_ok                                    1e-09
ov_bad                                   1e-09
pvalid                                       0
ptimer                                       0
allow                                        0
allow_d                                      0
input_gate_drive                  -2.77348e-35
input_gate                        -2.77348e-35
input_gate_slew                   -2.77349e-35
qsrc                               4.95794e-42
buck_feed                          4.95743e-42
vin5                               4.94279e-42
en5                                1.02305e-42
on5                                      1e-09
xu121.age                                    0
xu121.active                                 0
xu121.ref                                    0
xu121.neg                                    0
xu121.req                         -3.16674e-41
fb5                                9.89607e-43
xu121.integral                               0
xu121.cmd                                    0
xu121.command                                0
xu121.drive                                  0
source5                            2.24374e-45
xu121.active_f                               0
xu121.sense                       -6.29681e-40
sw5                               -6.29681e-40
winding5                           4.54938e-43
c127r                              7.43687e-45
c128r                              7.43687e-45
ripple5                            9.89679e-43
rail5                              -5.2273e-45
feediso                            -5.2611e-45
good5                                    1e-09
iso_en_pin                        -9.20857e-46
gooddelay                           6.6967e-11
ageiso                                       0
switchon                                     0
slewiso                                      0
feedpass                           -5.2611e-45
vin                               -2.48061e-92
snsiso                            -3.39656e-93
snsbase                                      0
localgood                                1e-09
snsfiltered                        7.50022e-10
snsprev                            7.09797e-10
snsevent                                     0
restartage                               1e-05
pgwant                                       0
pgdelay                                      0
en151                             -7.13586e-45
actual_en151                      -3.45046e-45
enable_ctrl                              1e-09
c151_esr                          -4.98542e-98
enable                                   1e-09
xu151.age                                    0
xu151.active                                 0
xu151.ref                                    0
xu151.neg                                    0
xu151.req                         -1.37055e-92
fb                                 9.51769e-94
xu151.integral                               0
xu151.cmd                                    0
xu151.command                                0
xu151.drive                                  0
source                              3.1757e-93
xu151.active_f                               0
xu151.sense                        1.09803e-93
sw                                 1.09803e-93
winding                            3.17681e-93
c155_esr                            2.5244e-98
c156_esr                            2.5244e-98
c157_esr                            2.5244e-98
c158_esr                         -3.46714e-100
main                               3.17551e-93
c201_esr                          -1.18693e-98
c204_esr                          -1.18693e-98
c202_esr                         -4.22125e-101
c205_esr                         -4.22125e-101
c301_esr                         -4.22125e-101
c302_esr                         -4.22203e-100
c404_esr                         -4.22125e-101
c531_esr                         -4.22125e-101
branch_sense                       3.17551e-93
branch_l                           3.17552e-93
branch_r                           3.17552e-93
bulksw_out                                   0
damped                                       0
c206_esr                                     0
main_feed                          3.17568e-93
main_l                             3.17554e-93
requested                                 0.45
ready                                        0
valid                                    1e-09
timer                                        0
reset_ctl                                    1
reset_raw                          1.11422e-94
en                                 3.89976e-94
disg                              -2.48063e-92
disfeed                             3.1757e-93
disdrain                            3.1757e-93
hold_l                            -2.48063e-92
hold_bus                          -2.48062e-92
c162                              -2.48065e-92
bulk_en_in                         3.17551e-93
bulk_en_pin                        7.95233e-94
bulk_want                                1e-09
bulk_enabled                        6.6967e-11
bulk_age                                     0
bulk_slew                                    0
bulk_feed                          3.17552e-93
bulk_localcap                      3.17552e-93
bbulk_slew#branch                            0
breset#branch                                0
bready#branch                                0
v.xu151.vsense#branch            -2.19607e-105
b.xu151.bdrive#branch             1.09803e-105
b.xu151.bcmd#branch                          0
b.xu151.breq#branch                          0
b.xu151.bneg#branch                          0
b.xu151.bref#branch                          0
b.xu151.bactive#branch                       0
bpgwant#branch                               0
bswitchon#branch                             0
bsnsevent#branch                             0
bvslew#branch                                0
v.xu121.vsense#branch              1.25936e-51
b.xu121.bdrive#branch             -6.29681e-52
b.xu121.bcmd#branch                          0
b.xu121.breq#branch                          0
b.xu121.bneg#branch                          0
b.xu121.bref#branch                          0
b.xu121.bactive#branch                       0
ballow#branch                                0
bpvalid#branch                               0
lhold#branch                       3.25597e-96
lmainfeed#branch                   1.92541e-96
lbranch#branch                    -4.34185e-98
l151#branch                        9.65232e-96
l121#branch                        2.99619e-42
lcable#branch                      -1.9707e-54
vbulkpass#branch                             0
vr165#branch                     -7.81862e-101
vsnsbase#branch                   -3.38809e-96
vload#branch                                 0
vr158#branch                      -4.34185e-98
vpass#branch                                 0
vlogic#branch                           -9e-12
vbat#branch                         1.9707e-54

 Reference value :  2.63817e-03
 Reference value :  7.11217e-03
 Reference value :  1.04822e-02
 Reference value :  1.43922e-02
 Reference value :  1.94862e-02
 Reference value :  2.43502e-02
 Reference value :  2.75282e-02
 Reference value :  3.25542e-02
 Reference value :  3.69960e-02
 Reference value :  4.00143e-02
 Reference value :  4.41323e-02
 Reference value :  4.83523e-02
 Reference value :  5.18743e-02
 Reference value :  5.57203e-02
 Reference value :  5.99383e-02
 Reference value :  6.37883e-02
 Reference value :  6.80623e-02
 Reference value :  7.22883e-02
 Reference value :  7.62023e-02
 Reference value :  7.99963e-02
 Reference value :  8.43063e-02
 Reference value :  8.85643e-02
 Reference value :  9.25935e-02
 Reference value :  9.68755e-02
 Reference value :  1.01273e-01
 Reference value :  1.05312e-01
 Reference value :  1.09446e-01
 Reference value :  1.13830e-01
 Reference value :  1.18014e-01
 Reference value :  1.22112e-01
 Reference value :  1.25284e-01
 Reference value :  1.29082e-01
 Reference value :  1.32580e-01
 Reference value :  1.35484e-01
 Reference value :  1.39060e-01
 Reference value :  1.42304e-01
 Reference value :  1.45708e-01
 Reference value :  1.48884e-01
 Reference value :  1.52652e-01
 Reference value :  1.56370e-01
 Reference value :  1.59498e-01
 Reference value :  1.62692e-01
 Reference value :  1.65906e-01
 Reference value :  1.69108e-01
 Reference value :  1.70376e-01
 Reference value :  1.73000e-01
 Reference value :  1.76700e-01
 Reference value :  1.80006e-01
 Reference value :  1.83056e-01
 Reference value :  1.86380e-01
 Reference value :  1.89966e-01
 Reference value :  1.93522e-01
 Reference value :  1.97302e-01
 Reference value :  2.01094e-01
 Reference value :  2.04930e-01
 Reference value :  2.08930e-01
 Reference value :  2.12696e-01
 Reference value :  2.16554e-01
 Reference value :  2.20316e-01
 Reference value :  2.24170e-01
 Reference value :  2.28012e-01
 Reference value :  2.31980e-01
 Reference value :  2.35740e-01
 Reference value :  2.39732e-01
 Reference value :  2.43620e-01
 Reference value :  2.47476e-01
 Reference value :  2.51286e-01
 Reference value :  2.55196e-01
 Reference value :  2.58808e-01
 Reference value :  2.62132e-01
 Reference value :  2.65620e-01
 Reference value :  2.69488e-01
 Reference value :  2.73304e-01
 Reference value :  2.77194e-01
 Reference value :  2.81010e-01
 Reference value :  2.84894e-01
 Reference value :  2.88362e-01
 Reference value :  2.92064e-01
 Reference value :  2.95988e-01
 Reference value :  2.99880e-01
 Reference value :  3.03852e-01
 Reference value :  3.07366e-01
 Reference value :  3.11238e-01
 Reference value :  3.14864e-01
 Reference value :  3.18648e-01
 Reference value :  3.22576e-01
 Reference value :  3.26250e-01
 Reference value :  3.30048e-01
 Reference value :  3.33932e-01
 Reference value :  3.37618e-01
 Reference value :  3.41258e-01
 Reference value :  3.44940e-01
 Reference value :  3.48728e-01
 Reference value :  3.52386e-01
 Reference value :  3.55910e-01
 Reference value :  3.59692e-01
 Reference value :  3.63552e-01
 Reference value :  3.67398e-01
 Reference value :  3.71182e-01
 Reference value :  3.75054e-01
 Reference value :  3.78690e-01
 Reference value :  3.82668e-01
 Reference value :  3.86494e-01
 Reference value :  3.90522e-01
 Reference value :  3.94282e-01
 Reference value :  3.97816e-01
 Reference value :  4.01708e-01
 Reference value :  4.05562e-01
 Reference value :  4.09492e-01
 Reference value :  4.13478e-01
 Reference value :  4.17312e-01
 Reference value :  4.21332e-01
 Reference value :  4.25186e-01
 Reference value :  4.29340e-01
 Reference value :  4.33012e-01
 Reference value :  4.36560e-01
 Reference value :  4.40166e-01
 Reference value :  4.43832e-01
 Reference value :  4.47258e-01
 Reference value :  4.50046e-01
 Reference value :  4.52596e-01
 Reference value :  4.55980e-01
 Reference value :  4.59724e-01
 Reference value :  4.63844e-01
 Reference value :  4.67696e-01
 Reference value :  4.71240e-01
 Reference value :  4.74790e-01
 Reference value :  4.78522e-01
 Reference value :  4.82042e-01
 Reference value :  4.84948e-01
 Reference value :  4.88579e-01
 Reference value :  4.91391e-01
 Reference value :  4.94737e-01
 Reference value :  4.98417e-01
 Reference value :  5.02003e-01
 Reference value :  5.05477e-01
 Reference value :  5.08905e-01
 Reference value :  5.12310e-01
 Reference value :  5.15782e-01
 Reference value :  5.19300e-01
 Reference value :  5.22606e-01
 Reference value :  5.26083e-01
 Reference value :  5.29507e-01
 Reference value :  5.32987e-01
 Reference value :  5.36272e-01
 Reference value :  5.39932e-01
 Reference value :  5.43442e-01
 Reference value :  5.46870e-01
 Reference value :  5.50504e-01
 Reference value :  5.53902e-01
 Reference value :  5.57350e-01
 Reference value :  5.60890e-01
 Reference value :  5.64326e-01
 Reference value :  5.68000e-01
 Reference value :  5.71121e-01
 Reference value :  5.74020e-01
 Reference value :  5.77126e-01
 Reference value :  5.80348e-01
 Reference value :  5.83320e-01
 Reference value :  5.86370e-01
 Reference value :  5.89624e-01
 Reference value :  5.92850e-01
 Reference value :  5.95968e-01
 Reference value :  5.99096e-01
 Reference value :  6.02308e-01
 Reference value :  6.05270e-01
 Reference value :  6.08328e-01
 Reference value :  6.11368e-01
 Reference value :  6.14678e-01
 Reference value :  6.17712e-01
 Reference value :  6.20436e-01
 Reference value :  6.23684e-01
 Reference value :  6.26802e-01
 Reference value :  6.29848e-01
 Reference value :  6.33574e-01
 Reference value :  6.37718e-01
 Reference value :  6.41384e-01
 Reference value :  6.45094e-01
 Reference value :  6.48726e-01
 Reference value :  6.52552e-01
 Reference value :  6.56224e-01
 Reference value :  6.60024e-01
 Reference value :  6.63838e-01
 Reference value :  6.67668e-01
 Reference value :  6.71254e-01
 Reference value :  6.74976e-01
 Reference value :  6.78874e-01
 Reference value :  6.82600e-01
 Reference value :  6.86262e-01
 Reference value :  6.90098e-01
 Reference value :  6.94144e-01
 Reference value :  6.97930e-01
 Reference value :  7.01746e-01
 Reference value :  7.05460e-01
 Reference value :  7.09396e-01
 Reference value :  7.12946e-01
 Reference value :  7.16758e-01
 Reference value :  7.20450e-01
 Reference value :  7.24044e-01
 Reference value :  7.27714e-01
 Reference value :  7.31522e-01
 Reference value :  7.35180e-01
 Reference value :  7.38904e-01
 Reference value :  7.42916e-01
 Reference value :  7.46894e-01
 Reference value :  7.50212e-01
 Reference value :  7.53173e-01
 Reference value :  7.55659e-01
 Reference value :  7.58983e-01
 Reference value :  7.61981e-01
 Reference value :  7.65321e-01
 Reference value :  7.68927e-01
 Reference value :  7.72189e-01
 Reference value :  7.75099e-01
 Reference value :  7.78689e-01
 Reference value :  7.82055e-01
 Reference value :  7.84853e-01
 Reference value :  7.88465e-01
 Reference value :  7.91685e-01
 Reference value :  7.95019e-01
 Reference value :  7.98327e-01
 Reference value :  8.00365e-01
 Reference value :  8.03189e-01
 Reference value :  8.06851e-01
 Reference value :  8.10681e-01
 Reference value :  8.14593e-01
 Reference value :  8.18419e-01
 Reference value :  8.22263e-01
 Reference value :  8.26085e-01
 Reference value :  8.30047e-01
 Reference value :  8.33895e-01
 Reference value :  8.37565e-01
 Reference value :  8.42549e-01
 Reference value :  8.46583e-01
 Reference value :  8.50455e-01
 Reference value :  8.53813e-01
 Reference value :  8.57647e-01
 Reference value :  8.61583e-01
 Reference value :  8.65205e-01
 Reference value :  8.69135e-01
 Reference value :  8.72939e-01
 Reference value :  8.76429e-01
 Reference value :  8.80109e-01
 Reference value :  8.83377e-01
 Reference value :  8.86615e-01
 Reference value :  8.89871e-01
 Reference value :  8.93261e-01
 Reference value :  8.96483e-01
 Reference value :  8.99841e-01
No. of Data Rows : 452024
I32_FINISHED
ngspice-42 done
