Using SPARSE 1.3 as Direct Linear Solver
Note: Starting dynamic gmin stepping
Warning: Dynamic gmin stepping failed
Note: Starting true gmin stepping
Warning: True gmin stepping failed
Note: Starting source stepping
Warning: singular matrix:  check node snsprev

Warning: singular matrix:  check node snsprev

Warning: source stepping failed
Note: Transient op started
Note: Transient op finished successfully

Note: No compatibility mode selected!


Circuit: i32 exploratory network alternative; not manufacturer u151 model

Doing analysis at TEMP = 27.000000 and TNOM = 27.000000


Initial Transient Solution
--------------------------

Node                                   Voltage
----                                   -------
bat                                          0
cable_r                             1.9707e-55
raw_12v                            2.98166e-52
fused_12v                          2.98264e-52
rev_blocked_12v                    5.59763e-42
protect_ctrl_vin                  -4.19625e-42
protected_12v                      4.95758e-42
input_uv                           3.71272e-43
input_ov                           1.39941e-43
input_shdn                        -4.19625e-42
one                                          1
uv_ok                                    1e-09
ov_bad                                   1e-09
pvalid                                       0
ptimer                                       0
allow                                        0
allow_d                                      0
input_gate_drive                  -2.77348e-35
input_gate                        -2.77348e-35
input_gate_slew                   -2.77349e-35
qsrc                               4.95794e-42
buck_feed                          4.95743e-42
vin5                               4.94279e-42
en5                                1.02305e-42
on5                                      1e-09
xu121.age                                    0
xu121.active                                 0
xu121.ref                                    0
xu121.neg                                    0
xu121.req                         -3.16674e-41
fb5                                9.89607e-43
xu121.integral                               0
xu121.cmd                                    0
xu121.command                                0
xu121.drive                                  0
source5                            2.24374e-45
xu121.active_f                               0
xu121.sense                       -6.29681e-40
sw5                               -6.29681e-40
winding5                           4.54938e-43
c127r                              7.43687e-45
c128r                              7.43687e-45
ripple5                            9.89679e-43
rail5                              -5.2273e-45
feediso                            -5.2611e-45
good5                                    1e-09
iso_en_pin                        -9.20857e-46
gooddelay                           6.6967e-11
ageiso                                       0
switchon                                     0
slewiso                                      0
feedpass                           -5.2611e-45
vin                               -2.48062e-92
snsiso                            -3.39656e-93
localgood                                1e-09
snsfiltered                        7.50022e-10
snsprev                            7.09797e-10
snsevent                                     0
restartage                               1e-05
pgwant                                       0
pgdelay                                      0
en151                             -7.13586e-45
actual_en151                      -3.45046e-45
enable_ctrl                              1e-09
c151_esr                          -4.98543e-98
enable                                   1e-09
xu151.age                                    0
xu151.active                                 0
xu151.ref                                    0
xu151.neg                                    0
xu151.req                         -1.37055e-92
fb                                 9.51771e-94
xu151.integral                               0
xu151.cmd                                    0
xu151.command                                0
xu151.drive                                  0
source                             3.17571e-93
xu151.active_f                               0
xu151.sense                        1.09804e-93
sw                                 1.09804e-93
winding                            3.17682e-93
c155_esr                            2.5244e-98
c156_esr                            2.5244e-98
c157_esr                            2.5244e-98
c158_esr                         -3.46715e-100
main                               3.17552e-93
c201_esr                          -1.18693e-98
c204_esr                          -1.18693e-98
c202_esr                         -4.22126e-101
c205_esr                         -4.22126e-101
c301_esr                         -4.22126e-101
c302_esr                         -4.22204e-100
c404_esr                         -4.22126e-101
c531_esr                         -4.22126e-101
branch_sense                       3.17552e-93
branch_l                           3.17553e-93
branch_r                           3.17553e-93
bulksw_out                                   0
damped                                       0
c206_esr                                     0
main_feed                          3.17569e-93
main_l                             3.17555e-93
requested                                 0.45
ready                                        0
valid                                    1e-09
timer                                        0
reset_ctl                                    1
reset_raw                          1.11422e-94
en                                 3.89976e-94
disg                              -2.48063e-92
disfeed                            3.17571e-93
disdrain                           3.17571e-93
hold_l                            -2.48064e-92
hold_bus                          -2.48063e-92
c162                              -2.48066e-92
bulk_en_in                         3.17552e-93
bulk_en_pin                        7.95235e-94
bulk_want                                1e-09
bulk_enabled                        6.6967e-11
bulk_age                                     0
bulk_slew                                    0
bulk_feed                          3.17553e-93
bulk_localcap                      3.17553e-93
bbulk_slew#branch                            0
breset#branch                                0
bready#branch                                0
v.xu151.vsense#branch            -2.19607e-105
b.xu151.bdrive#branch             1.09804e-105
b.xu151.bcmd#branch                          0
b.xu151.breq#branch                          0
b.xu151.bneg#branch                          0
b.xu151.bref#branch                          0
b.xu151.bactive#branch                       0
bpgwant#branch                               0
bswitchon#branch                             0
bsnsevent#branch                             0
bvslew#branch                                0
v.xu121.vsense#branch              1.25936e-51
b.xu121.bdrive#branch             -6.29681e-52
b.xu121.bcmd#branch                          0
b.xu121.breq#branch                          0
b.xu121.bneg#branch                          0
b.xu121.bref#branch                          0
b.xu121.bactive#branch                       0
ballow#branch                                0
bpvalid#branch                               0
lhold#branch                       3.25598e-96
lmainfeed#branch                   1.92541e-96
lbranch#branch                    -4.34186e-98
l151#branch                        9.65234e-96
l121#branch                        2.99619e-42
lcable#branch                      -1.9707e-54
vbulkpass#branch                             0
vr165#branch                     -7.81866e-101
vload#branch                                 0
vr158#branch                      -4.34186e-98
vpass#branch                                 0
vlogic#branch                           -9e-12
vbat#branch                         1.9707e-54

 Reference value :  2.94017e-03
 Reference value :  7.92217e-03
 Reference value :  1.30742e-02
 Reference value :  1.82442e-02
 Reference value :  2.33602e-02
 Reference value :  2.86262e-02
 Reference value :  3.38605e-02
 Reference value :  3.87140e-02
 Reference value :  4.09063e-02
 Reference value :  4.49943e-02
 Reference value :  4.87483e-02
 Reference value :  5.29323e-02
 Reference value :  5.72603e-02
 Reference value :  6.15963e-02
 Reference value :  6.59543e-02
 Reference value :  6.98543e-02
 Reference value :  7.38723e-02
 Reference value :  7.81423e-02
 Reference value :  8.24183e-02
 Reference value :  8.66723e-02
 Reference value :  9.05155e-02
 Reference value :  9.47235e-02
 Reference value :  9.90995e-02
 Reference value :  1.03607e-01
 Reference value :  1.08134e-01
 Reference value :  1.12128e-01
 Reference value :  1.16170e-01
 Reference value :  1.20328e-01
 Reference value :  1.23967e-01
 Reference value :  1.27228e-01
 Reference value :  1.31040e-01
 Reference value :  1.34786e-01
 Reference value :  1.38500e-01
 Reference value :  1.42504e-01
 Reference value :  1.46468e-01
 Reference value :  1.50350e-01
 Reference value :  1.55428e-01
 Reference value :  1.59534e-01
 Reference value :  1.63588e-01
 Reference value :  1.67626e-01
 Reference value :  1.69222e-01
 Reference value :  1.73156e-01
 Reference value :  1.77212e-01
 Reference value :  1.81292e-01
 Reference value :  1.85344e-01
 Reference value :  1.89376e-01
 Reference value :  1.93550e-01
 Reference value :  1.97608e-01
 Reference value :  2.00840e-01
 Reference value :  2.04946e-01
 Reference value :  2.08982e-01
 Reference value :  2.13064e-01
 Reference value :  2.17240e-01
 Reference value :  2.21822e-01
 Reference value :  2.26240e-01
 Reference value :  2.30120e-01
 Reference value :  2.34310e-01
 Reference value :  2.38562e-01
 Reference value :  2.42444e-01
 Reference value :  2.46446e-01
 Reference value :  2.50420e-01
 Reference value :  2.54352e-01
 Reference value :  2.58274e-01
 Reference value :  2.62200e-01
 Reference value :  2.66206e-01
 Reference value :  2.70186e-01
 Reference value :  2.74208e-01
 Reference value :  2.78358e-01
 Reference value :  2.82480e-01
 Reference value :  2.86494e-01
 Reference value :  2.90498e-01
 Reference value :  2.94596e-01
 Reference value :  2.98524e-01
 Reference value :  3.02484e-01
 Reference value :  3.06306e-01
 Reference value :  3.10378e-01
 Reference value :  3.13950e-01
 Reference value :  3.18024e-01
 Reference value :  3.22060e-01
 Reference value :  3.26092e-01
 Reference value :  3.30166e-01
 Reference value :  3.34294e-01
 Reference value :  3.38458e-01
 Reference value :  3.42302e-01
 Reference value :  3.46340e-01
 Reference value :  3.50488e-01
 Reference value :  3.54692e-01
 Reference value :  3.58432e-01
 Reference value :  3.61736e-01
 Reference value :  3.65744e-01
 Reference value :  3.69478e-01
 Reference value :  3.73344e-01
 Reference value :  3.77460e-01
 Reference value :  3.81160e-01
 Reference value :  3.85096e-01
 Reference value :  3.87940e-01
 Reference value :  3.92080e-01
 Reference value :  3.96210e-01
 Reference value :  4.00006e-01
 Reference value :  4.04628e-01
 Reference value :  4.10380e-01
 Reference value :  4.16262e-01
 Reference value :  4.20390e-01
 Reference value :  4.25134e-01
 Reference value :  4.28666e-01
 Reference value :  4.32240e-01
 Reference value :  4.35698e-01
 Reference value :  4.39212e-01
 Reference value :  4.42848e-01
 Reference value :  4.46470e-01
 Reference value :  4.49138e-01
 Reference value :  4.51255e-01
 Reference value :  4.54916e-01
 Reference value :  4.59312e-01
 Reference value :  4.63776e-01
 Reference value :  4.67400e-01
 Reference value :  4.70970e-01
 Reference value :  4.73252e-01
 Reference value :  4.78076e-01
 Reference value :  4.83060e-01
 Reference value :  4.87812e-01
 Reference value :  4.92824e-01
 Reference value :  4.97634e-01
 Reference value :  5.02726e-01
 Reference value :  5.07740e-01
 Reference value :  5.10722e-01
 Reference value :  5.15596e-01
 Reference value :  5.20494e-01
 Reference value :  5.25318e-01
 Reference value :  5.30288e-01
 Reference value :  5.35186e-01
 Reference value :  5.40076e-01
 Reference value :  5.42508e-01
 Reference value :  5.47422e-01
 Reference value :  5.52071e-01
 Reference value :  5.56767e-01
 Reference value :  5.61167e-01
 Reference value :  5.65779e-01
 Reference value :  5.70535e-01
 Reference value :  5.74661e-01
 Reference value :  5.78569e-01
 Reference value :  5.83094e-01
 Reference value :  5.86771e-01
 Reference value :  5.90143e-01
 Reference value :  5.94347e-01
 Reference value :  5.98559e-01
 Reference value :  6.02567e-01
 Reference value :  6.06353e-01
 Reference value :  6.10399e-01
 Reference value :  6.14529e-01
 Reference value :  6.18505e-01
 Reference value :  6.22697e-01
 Reference value :  6.26815e-01
 Reference value :  6.30919e-01
 Reference value :  6.35143e-01
 Reference value :  6.38954e-01
 Reference value :  6.43004e-01
 Reference value :  6.46952e-01
 Reference value :  6.51054e-01
 Reference value :  6.55036e-01
 Reference value :  6.58982e-01
 Reference value :  6.62876e-01
 Reference value :  6.67108e-01
 Reference value :  6.70887e-01
 Reference value :  6.74417e-01
 Reference value :  6.78679e-01
 Reference value :  6.82085e-01
 Reference value :  6.85969e-01
 Reference value :  6.89679e-01
 Reference value :  6.93603e-01
 Reference value :  6.97227e-01
 Reference value :  7.00825e-01
 Reference value :  7.04397e-01
 Reference value :  7.07887e-01
 Reference value :  7.11069e-01
 Reference value :  7.14295e-01
 Reference value :  7.17263e-01
 Reference value :  7.18617e-01
 Reference value :  7.22097e-01
 Reference value :  7.25481e-01
 Reference value :  7.28345e-01
 Reference value :  7.31937e-01
 Reference value :  7.35303e-01
 Reference value :  7.38661e-01
 Reference value :  7.41733e-01
 Reference value :  7.45073e-01
 Reference value :  7.48019e-01
 Reference value :  7.50971e-01
 Reference value :  7.54723e-01
 Reference value :  7.58247e-01
 Reference value :  7.61905e-01
 Reference value :  7.64897e-01
 Reference value :  7.68071e-01
 Reference value :  7.71497e-01
 Reference value :  7.75033e-01
 Reference value :  7.78845e-01
 Reference value :  7.82217e-01
 Reference value :  7.85943e-01
 Reference value :  7.89735e-01
 Reference value :  7.93623e-01
 Reference value :  7.97029e-01
 Reference value :  8.00367e-01
 Reference value :  8.03855e-01
 Reference value :  8.07367e-01
 Reference value :  8.11239e-01
 Reference value :  8.14689e-01
 Reference value :  8.18593e-01
 Reference value :  8.22131e-01
 Reference value :  8.25847e-01
 Reference value :  8.29567e-01
 Reference value :  8.33319e-01
 Reference value :  8.36933e-01
 Reference value :  8.40159e-01
 Reference value :  8.43653e-01
 Reference value :  8.46983e-01
 Reference value :  8.50375e-01
 Reference value :  8.53868e-01
 Reference value :  8.57772e-01
 Reference value :  8.61546e-01
 Reference value :  8.65364e-01
 Reference value :  8.68960e-01
 Reference value :  8.72498e-01
 Reference value :  8.76222e-01
 Reference value :  8.79860e-01
 Reference value :  8.83804e-01
 Reference value :  8.87372e-01
 Reference value :  8.91072e-01
 Reference value :  8.94806e-01
 Reference value :  8.98646e-01
 Reference value :  9.02378e-01
 Reference value :  9.06148e-01
 Reference value :  9.09932e-01
 Reference value :  9.13448e-01
 Reference value :  9.16692e-01
 Reference value :  9.20566e-01
 Reference value :  9.24168e-01
 Reference value :  9.27938e-01
 Reference value :  9.31730e-01
 Reference value :  9.35710e-01
 Reference value :  9.39424e-01
 Reference value :  9.43186e-01
 Reference value :  9.46772e-01
 Reference value :  9.50696e-01
 Reference value :  9.54388e-01
 Reference value :  9.58220e-01
 Reference value :  9.62236e-01
 Reference value :  9.65952e-01
 Reference value :  9.69820e-01
 Reference value :  9.73564e-01
 Reference value :  9.77614e-01
 Reference value :  9.81270e-01
 Reference value :  9.85104e-01
 Reference value :  9.89022e-01
 Reference value :  9.92850e-01
 Reference value :  9.96662e-01
 Reference value :  1.00062e+00
 Reference value :  1.00455e+00
 Reference value :  1.00828e+00
 Reference value :  1.01218e+00
 Reference value :  1.01542e+00
 Reference value :  1.01859e+00
 Reference value :  1.02228e+00
 Reference value :  1.02515e+00
 Reference value :  1.02897e+00
 Reference value :  1.03233e+00
 Reference value :  1.03551e+00
 Reference value :  1.03909e+00
 Reference value :  1.04226e+00
 Reference value :  1.04433e+00
 Reference value :  1.04697e+00
 Reference value :  1.05013e+00
 Reference value :  1.05365e+00
 Reference value :  1.05753e+00
 Reference value :  1.06101e+00
 Reference value :  1.06482e+00
 Reference value :  1.06840e+00
 Reference value :  1.07213e+00
 Reference value :  1.07556e+00
 Reference value :  1.07895e+00
 Reference value :  1.08243e+00
 Reference value :  1.08576e+00
 Reference value :  1.08900e+00
 Reference value :  1.09245e+00
 Reference value :  1.09597e+00
 Reference value :  1.09923e+00
No. of Data Rows : 552415
I32_FINISHED
ngspice-42 done
