Using SPARSE 1.3 as Direct Linear Solver
Note: Starting dynamic gmin stepping
Warning: Dynamic gmin stepping failed
Note: Starting true gmin stepping
Warning: True gmin stepping failed
Note: Starting source stepping
Warning: singular matrix:  check node snsfiltered

Warning: singular matrix:  check node snsfiltered

Warning: source stepping failed
Note: Transient op started
Note: Transient op finished successfully

Note: No compatibility mode selected!


Circuit: i32 exploratory network alternative; not manufacturer u151 model

Doing analysis at TEMP = 27.000000 and TNOM = 27.000000


Initial Transient Solution
--------------------------

Node                                   Voltage
----                                   -------
bat                                          0
cable_r                           -1.76559e-54
raw_12v                            1.20782e-51
fused_12v                          1.20694e-51
rev_blocked_12v                    5.75816e-42
protect_ctrl_vin                  -4.29743e-42
protected_12v                      5.09661e-42
input_uv                           3.81919e-43
input_ov                           1.43954e-43
input_shdn                        -4.29743e-42
one                                          1
uv_ok                                    1e-09
ov_bad                                   1e-09
pvalid                                       0
ptimer                                       0
allow                                        0
allow_d                                      0
input_gate_drive                   -2.8474e-35
input_gate                         -2.8474e-35
input_gate_slew                   -2.84741e-35
qsrc                               5.09697e-42
buck_feed                          5.09615e-42
vin5                               5.05354e-42
en5                                1.04597e-42
on5                                      1e-09
xu121.age                                    0
xu121.active                                 0
xu121.ref                                    0
xu121.neg                                    0
xu121.req                         -7.41782e-41
fb5                                2.31807e-42
xu121.integral                               0
xu121.cmd                                    0
xu121.command                                0
xu121.drive                                  0
source5                           -2.91315e-43
xu121.active_f                               0
xu121.sense                        -1.2076e-39
sw5                                -1.2076e-39
winding5                           1.72536e-42
c127r                              1.79702e-44
c128r                              1.79702e-44
ripple5                            2.09241e-42
rail5                             -3.09363e-43
feediso                           -3.09445e-43
good5                                    1e-09
iso_en_pin                         -5.3385e-44
gooddelay                           6.6967e-11
ageiso                                       0
switchon                                     0
slewiso                                      0
feedpass                          -3.09445e-43
vin                               -1.03316e-79
snsiso                            -1.38343e-80
localgood                                1e-09
snsfiltered                        7.50022e-10
snsprev                            7.09797e-10
snsevent                                     0
restartage                               1e-05
pgwant                                       0
pgdelay                                      0
en151                             -2.34781e-43
actual_en151                      -1.21942e-43
enable_ctrl                              1e-09
c151_esr                          -1.86563e-87
enable                                   1e-09
xu151.age                                    0
xu151.active                                 0
xu151.ref                                    0
xu151.neg                                    0
xu151.req                         -5.65862e-82
fb                                  3.9296e-83
xu151.integral                               0
xu151.cmd                                    0
xu151.command                                0
xu151.drive                                  0
source                             1.31116e-82
xu151.active_f                               0
xu151.sense                        1.05798e-82
sw                                 1.05798e-82
winding                            1.31156e-82
c155_esr                          -4.13973e-86
c156_esr                          -4.13973e-86
c157_esr                          -4.13973e-86
c158_esr                          -1.75302e-88
main                               1.30093e-82
c201_esr                          -1.95421e-86
c204_esr                          -1.95421e-86
c202_esr                          -8.08028e-89
c205_esr                          -8.08028e-89
c301_esr                          -8.08028e-89
c302_esr                          -8.07911e-88
c404_esr                          -8.08028e-89
c531_esr                          -8.08028e-89
branch_sense                       1.30093e-82
branch_l                            1.3042e-82
branch_r                           1.30438e-82
damped                             1.32095e-82
c206_esr                          -1.25575e-85
main_feed                          1.30989e-82
main_l                             1.30031e-82
requested                                 0.45
valid                                    1e-09
timer                                        0
ready                                        0
reset_ctl                                    1
reset_raw                          4.56474e-84
en                                 1.59766e-83
disg                              -1.03316e-79
disfeed                            1.31116e-82
disdrain                           1.31116e-82
hold_l                            -1.03316e-79
hold_bus                          -1.03316e-79
c162                              -1.03316e-79
c163                              -1.03316e-79
c164                              -1.03316e-79
cextra3                           -1.03316e-79
breset#branch                                0
bready#branch                                0
v.xu151.vsense#branch             -2.11617e-94
b.xu151.bdrive#branch              1.05798e-94
b.xu151.bcmd#branch                          0
b.xu151.breq#branch                          0
b.xu151.bneg#branch                          0
b.xu151.bref#branch                          0
b.xu151.bactive#branch                       0
bpgwant#branch                               0
bswitchon#branch                             0
bsnsevent#branch                             0
bvslew#branch                                0
v.xu121.vsense#branch              2.41521e-51
b.xu121.bdrive#branch              -1.2076e-51
b.xu121.bcmd#branch                          0
b.xu121.breq#branch                          0
b.xu121.bneg#branch                          0
b.xu121.bref#branch                          0
b.xu121.bactive#branch                       0
ballow#branch                                0
bpvalid#branch                               0
lhold#branch                       1.35311e-85
lmainfeed#branch                   1.27711e-83
lbranch#branch                    -5.02299e-84
l151#branch                        3.42148e-85
l121#branch                        7.23176e-42
lcable#branch                      1.76559e-53
vr165#branch                      -1.68173e-90
vload#branch                                 0
vr158#branch                      -5.02299e-84
vpass#branch                                 0
vlogic#branch                           -8e-12
vbat#branch                       -1.76559e-53

 Reference value :  9.87817e-03
 Reference value :  2.19722e-02
 Reference value :  3.29502e-02
 Reference value :  4.31720e-02
 Reference value :  5.33640e-02
 Reference value :  6.28740e-02
 Reference value :  6.80240e-02
 Reference value :  7.47125e-02
 Reference value :  8.13267e-02
 Reference value :  9.08787e-02
 Reference value :  1.01042e-01
 Reference value :  1.10859e-01
 Reference value :  1.19159e-01
 Reference value :  1.28153e-01
 Reference value :  1.38462e-01
 Reference value :  1.48665e-01
 Reference value :  1.55480e-01
 Reference value :  1.65664e-01
 Reference value :  1.73894e-01
 Reference value :  1.83536e-01
 Reference value :  1.91477e-01
No. of Data Rows : 102909
I32_FINISHED
ngspice-42 done
