Using SPARSE 1.3 as Direct Linear Solver
Note: Starting dynamic gmin stepping
Warning: Dynamic gmin stepping failed
Note: Starting true gmin stepping
Warning: True gmin stepping failed
Note: Starting source stepping
Warning: singular matrix:  check node snsprev

Warning: singular matrix:  check node snsprev

Warning: source stepping failed
Note: Transient op started
Note: Transient op finished successfully

Note: No compatibility mode selected!


Circuit: i32 exploratory network alternative; not manufacturer u151 model

Doing analysis at TEMP = 27.000000 and TNOM = 27.000000


Initial Transient Solution
--------------------------

Node                                   Voltage
----                                   -------
bat                                          0
cable_r                            2.03966e-55
raw_12v                            2.93354e-52
fused_12v                          2.93456e-52
rev_blocked_12v                    5.60651e-42
protect_ctrl_vin                  -4.20557e-42
protected_12v                      4.96687e-42
input_uv                            3.7186e-43
input_ov                           1.40163e-43
input_shdn                        -4.20556e-42
one                                          1
uv_ok                                    1e-09
ov_bad                                   1e-09
pvalid                                       0
ptimer                                       0
allow                                        0
allow_d                                      0
input_gate_drive                  -2.77862e-35
input_gate                        -2.77862e-35
input_gate_slew                   -2.77863e-35
qsrc                               4.96722e-42
buck_feed                          4.96671e-42
vin5                               4.95223e-42
en5                                  1.025e-42
on5                                      1e-09
xu121.age                                    0
xu121.active                                 0
xu121.ref                                    0
xu121.neg                                    0
xu121.req                         -3.16069e-41
fb5                                9.87717e-43
xu121.integral                               0
xu121.cmd                                    0
xu121.command                                0
xu121.drive                                  0
source5                            2.16187e-45
xu121.active_f                               0
xu121.sense                        -6.2057e-40
sw5                                -6.2057e-40
winding5                           8.35956e-43
c127r                              7.42194e-45
c128r                              7.42194e-45
ripple5                            9.87673e-43
rail5                             -5.29406e-45
feediso                            -5.3278e-45
good5                                    1e-09
iso_en_pin                        -9.30929e-46
gooddelay                           6.6967e-11
ageiso                                       0
switchon                                     0
slewiso                                      0
feedpass                           -5.3278e-45
vin                               -8.24702e-93
snsiso                            -1.12629e-93
localgood                                1e-09
snsfiltered                        7.50022e-10
snsprev                            7.09797e-10
snsevent                                     0
restartage                               1e-05
pgwant                                       0
pgdelay                                      0
en151                             -7.15447e-45
actual_en151                      -3.45946e-45
enable_ctrl                              1e-09
c151_esr                          -1.65466e-98
enable                                   1e-09
xu151.age                                    0
xu151.active                                 0
xu151.ref                                    0
xu151.neg                                    0
xu151.req                         -4.54931e-93
fb                                 3.15925e-94
xu151.integral                               0
xu151.cmd                                    0
xu151.command                                0
xu151.drive                                  0
source                             1.05412e-93
xu151.active_f                               0
xu151.sense                        3.64452e-94
sw                                 3.64452e-94
winding                            1.05449e-93
c155_esr                           8.37862e-99
c156_esr                           8.37862e-99
c157_esr                           8.37862e-99
c158_esr                         -1.15095e-100
main                               1.05406e-93
c201_esr                          -3.93926e-99
c204_esr                          -3.93926e-99
c202_esr                         -1.40098e-101
c205_esr                         -1.40098e-101
c301_esr                         -1.40098e-101
c302_esr                         -1.40123e-100
c404_esr                         -1.40098e-101
c531_esr                         -1.40098e-101
branch_sense                       1.05406e-93
branch_l                           1.05406e-93
branch_r                           1.05406e-93
bulksw_out                                   0
damped                                       0
c206_esr                                     0
main_feed                          1.05412e-93
main_l                             1.05407e-93
requested                                 0.45
ready                                        0
valid                                    1e-09
timer                                        0
reset_ctl                                    1
reset_raw                          3.69846e-95
en                                 1.29446e-94
disg                              -8.24706e-93
disfeed                            1.05412e-93
disdrain                           1.05412e-93
hold_l                            -8.24708e-93
hold_bus                          -8.24705e-93
c162                              -8.24715e-93
bulk_en_in                         1.05406e-93
bulk_en_pin                        2.63431e-94
bulk_want                                1e-09
bulk_enabled                        6.6967e-11
bulk_age                                     0
bulk_slew                                    0
bulk_feed                          1.05406e-93
bulk_localcap                      1.05406e-93
bbulk_slew#branch                            0
breset#branch                                0
bready#branch                                0
v.xu151.vsense#branch            -7.28906e-106
b.xu151.bdrive#branch             3.64452e-106
b.xu151.bcmd#branch                          0
b.xu151.breq#branch                          0
b.xu151.bneg#branch                          0
b.xu151.bref#branch                          0
b.xu151.bactive#branch                       0
bpgwant#branch                               0
bswitchon#branch                             0
bsnsevent#branch                             0
bvslew#branch                                0
v.xu121.vsense#branch              1.24114e-51
b.xu121.bdrive#branch              -6.2057e-52
b.xu121.bcmd#branch                          0
b.xu121.breq#branch                          0
b.xu121.bneg#branch                          0
b.xu121.bref#branch                          0
b.xu121.bactive#branch                       0
ballow#branch                                0
bpvalid#branch                               0
lhold#branch                       1.08086e-96
lmainfeed#branch                   6.38983e-97
lbranch#branch                    -1.44101e-98
l151#branch                        3.20359e-96
l121#branch                        2.98997e-42
lcable#branch                     -2.03966e-54
vbulkpass#branch                             0
vr165#branch                     -2.59553e-101
vload#branch                                 0
vr158#branch                      -1.44101e-98
vpass#branch                                 0
vlogic#branch                           -9e-12
vbat#branch                        2.03966e-54

 Reference value :  5.84617e-03
 Reference value :  1.35102e-02
 Reference value :  2.26942e-02
 Reference value :  3.30542e-02
 Reference value :  4.25838e-02
 Reference value :  5.22238e-02
 Reference value :  6.18378e-02
 Reference value :  6.58058e-02
 Reference value :  7.46398e-02
 Reference value :  8.26018e-02
 Reference value :  9.17068e-02
 Reference value :  1.01018e-01
 Reference value :  1.09968e-01
 Reference value :  1.16255e-01
 Reference value :  1.23613e-01
 Reference value :  1.30201e-01
 Reference value :  1.37933e-01
 Reference value :  1.44665e-01
 Reference value :  1.52581e-01
 Reference value :  1.60787e-01
 Reference value :  1.69541e-01
 Reference value :  1.77761e-01
 Reference value :  1.86375e-01
 Reference value :  1.94657e-01
 Reference value :  2.02733e-01
 Reference value :  2.10307e-01
 Reference value :  2.18799e-01
 Reference value :  2.27227e-01
 Reference value :  2.35813e-01
 Reference value :  2.44253e-01
 Reference value :  2.52681e-01
 Reference value :  2.60719e-01
 Reference value :  2.68901e-01
 Reference value :  2.77085e-01
 Reference value :  2.85465e-01
 Reference value :  2.93548e-01
 Reference value :  3.01114e-01
 Reference value :  3.08726e-01
 Reference value :  3.16402e-01
 Reference value :  3.24774e-01
 Reference value :  3.33144e-01
 Reference value :  3.41336e-01
 Reference value :  3.48990e-01
 Reference value :  3.57666e-01
 Reference value :  3.66182e-01
 Reference value :  3.74074e-01
 Reference value :  3.82282e-01
 Reference value :  3.90418e-01
 Reference value :  3.98936e-01
 Reference value :  4.07148e-01
 Reference value :  4.15388e-01
 Reference value :  4.23958e-01
 Reference value :  4.32368e-01
 Reference value :  4.40592e-01
 Reference value :  4.48868e-01
 Reference value :  4.54456e-01
 Reference value :  4.63020e-01
 Reference value :  4.72336e-01
 Reference value :  4.82008e-01
 Reference value :  4.92660e-01
 Reference value :  5.03200e-01
 Reference value :  5.14058e-01
 Reference value :  5.24946e-01
 Reference value :  5.35744e-01
 Reference value :  5.46600e-01
 Reference value :  5.57482e-01
 Reference value :  5.68646e-01
 Reference value :  5.79636e-01
 Reference value :  5.90602e-01
 Reference value :  6.01666e-01
 Reference value :  6.12680e-01
 Reference value :  6.23746e-01
 Reference value :  6.34726e-01
 Reference value :  6.46042e-01
 Reference value :  6.57246e-01
 Reference value :  6.68516e-01
 Reference value :  6.79544e-01
 Reference value :  6.90846e-01
 Reference value :  7.02058e-01
 Reference value :  7.13306e-01
 Reference value :  7.24258e-01
 Reference value :  7.35504e-01
 Reference value :  7.46600e-01
 Reference value :  7.57974e-01
 Reference value :  7.69120e-01
 Reference value :  7.80528e-01
 Reference value :  7.91836e-01
 Reference value :  8.03216e-01
 Reference value :  8.14152e-01
 Reference value :  8.25532e-01
 Reference value :  8.34494e-01
 Reference value :  8.45574e-01
 Reference value :  8.56549e-01
 Reference value :  8.67747e-01
 Reference value :  8.78583e-01
 Reference value :  8.87352e-01
 Reference value :  8.90643e-01
 Reference value :  8.92243e-01
 Reference value :  8.95773e-01
 Reference value :  8.97889e-01
 Reference value :  8.99955e-01
 Reference value :  9.05157e-01
 Reference value :  9.08067e-01
 Reference value :  9.14165e-01
 Reference value :  9.20097e-01
 Reference value :  9.24931e-01
 Reference value :  9.27783e-01
 Reference value :  9.36497e-01
 Reference value :  9.43245e-01
 Reference value :  9.52232e-01
 Reference value :  9.60924e-01
 Reference value :  9.69381e-01
 Reference value :  9.78115e-01
 Reference value :  9.85681e-01
 Reference value :  9.93603e-01
 Reference value :  1.00195e+00
 Reference value :  1.01022e+00
 Reference value :  1.01863e+00
 Reference value :  1.02729e+00
 Reference value :  1.03635e+00
 Reference value :  1.04541e+00
 Reference value :  1.05251e+00
 Reference value :  1.06060e+00
 Reference value :  1.06783e+00
 Reference value :  1.07654e+00
 Reference value :  1.08407e+00
 Reference value :  1.09252e+00
 Reference value :  1.10093e+00
 Reference value :  1.10936e+00
 Reference value :  1.11800e+00
 Reference value :  1.12538e+00
 Reference value :  1.13347e+00
 Reference value :  1.14212e+00
 Reference value :  1.15081e+00
 Reference value :  1.15978e+00
 Reference value :  1.16857e+00
 Reference value :  1.17645e+00
 Reference value :  1.18521e+00
 Reference value :  1.19235e+00
 Reference value :  1.20096e+00
 Reference value :  1.20981e+00
 Reference value :  1.21859e+00
 Reference value :  1.22663e+00
 Reference value :  1.23538e+00
 Reference value :  1.24337e+00
 Reference value :  1.25223e+00
 Reference value :  1.26009e+00
 Reference value :  1.26877e+00
 Reference value :  1.27773e+00
 Reference value :  1.28668e+00
 Reference value :  1.29533e+00
No. of Data Rows : 652284
I32_FINISHED
ngspice-42 done
