Using SPARSE 1.3 as Direct Linear Solver
Note: Starting dynamic gmin stepping
Warning: Dynamic gmin stepping failed
Note: Starting true gmin stepping
Warning: True gmin stepping failed
Note: Starting source stepping
Warning: singular matrix:  check node snsfiltered

Warning: singular matrix:  check node snsfiltered

Warning: source stepping failed
Note: Transient op started
Note: Transient op finished successfully

Note: No compatibility mode selected!


Circuit: i32 exploratory network alternative; not manufacturer u151 model

Doing analysis at TEMP = 27.000000 and TNOM = 27.000000


Initial Transient Solution
--------------------------

Node                                   Voltage
----                                   -------
bat                                          0
cable_r                           -1.75013e-54
raw_12v                            1.19886e-51
fused_12v                          1.19798e-51
rev_blocked_12v                    5.72135e-42
protect_ctrl_vin                  -4.27091e-42
protected_12v                      5.06449e-42
input_uv                           3.79477e-43
input_ov                           1.43034e-43
input_shdn                         -4.2709e-42
one                                          1
uv_ok                                    1e-09
ov_bad                                   1e-09
pvalid                                       0
ptimer                                       0
allow                                        0
allow_d                                      0
input_gate_drive                  -2.82946e-35
input_gate                        -2.82946e-35
input_gate_slew                   -2.82947e-35
qsrc                               5.06486e-42
buck_feed                          5.06404e-42
vin5                               5.02174e-42
en5                                1.03939e-42
on5                                      1e-09
xu121.age                                    0
xu121.active                                 0
xu121.ref                                    0
xu121.neg                                    0
xu121.req                         -7.36165e-41
fb5                                2.30051e-42
xu121.integral                               0
xu121.cmd                                    0
xu121.command                                0
xu121.drive                                  0
source5                           -2.88026e-43
xu121.active_f                               0
xu121.sense                       -1.20098e-39
sw5                               -1.20098e-39
winding5                           1.71317e-42
c127r                              1.78321e-44
c128r                              1.78321e-44
ripple5                             2.0774e-42
rail5                             -3.05936e-43
feediso                           -3.06017e-43
good5                                    1e-09
iso_en_pin                        -5.45639e-44
gooddelay                           6.6967e-11
ageiso                                       0
switchon                                     0
slewiso                                      0
feedpass                          -3.06017e-43
vin                               -1.02545e-78
snsiso                            -1.42138e-79
localgood                                1e-09
snsfiltered                        7.50022e-10
snsprev                            7.09797e-10
snsevent                                     0
restartage                               1e-05
pgwant                                       0
pgdelay                                      0
en151                             -2.65067e-43
actual_en151                       -1.3463e-43
enable_ctrl                              1e-09
c151_esr                          -1.93144e-86
enable                                   1e-09
xu151.age                                    0
xu151.active                                 0
xu151.ref                                    0
xu151.neg                                    0
xu151.req                         -5.61542e-81
fb                                 3.89959e-82
xu151.integral                               0
xu151.cmd                                    0
xu151.command                                0
xu151.drive                                  0
source                             1.30115e-81
xu151.active_f                               0
xu151.sense                        8.66703e-82
sw                                 8.66703e-82
winding                            1.30157e-81
c155_esr                           9.78224e-87
c156_esr                           9.78224e-87
c157_esr                           9.78224e-87
c158_esr                          -5.35375e-89
main                               1.30109e-81
c201_esr                          -4.38082e-87
c204_esr                          -4.38082e-87
c202_esr                          -1.56031e-89
c205_esr                          -1.56031e-89
c301_esr                          -1.56031e-89
c302_esr                          -1.56135e-88
c404_esr                          -1.56031e-89
c531_esr                          -1.56031e-89
branch_sense                       1.30109e-81
branch_l                           1.30109e-81
branch_r                           1.30109e-81
bulksw_out                                   0
damped                                       0
c206_esr                                     0
main_feed                          1.30115e-81
main_l                              1.3011e-81
requested                                 0.45
ready                                        0
valid                                    1e-09
timer                                        0
reset_ctl                                    1
reset_raw                          4.56523e-83
en                                 1.59783e-82
disg                              -1.02545e-78
disfeed                            1.30115e-81
disdrain                           1.30115e-81
hold_l                            -1.02545e-78
hold_bus                          -1.02545e-78
c162                              -1.02545e-78
bulk_en_in                         1.30109e-81
bulk_en_pin                        3.24218e-82
bulk_want                                1e-09
bulk_enabled                        6.6967e-11
bulk_age                                     0
bulk_slew                                    0
bulk_feed                          1.30109e-81
bbulk_slew#branch                            0
breset#branch                                0
bready#branch                                0
v.xu151.vsense#branch             -1.73341e-93
b.xu151.bdrive#branch              8.66703e-94
b.xu151.bcmd#branch                          0
b.xu151.breq#branch                          0
b.xu151.bneg#branch                          0
b.xu151.bref#branch                          0
b.xu151.bactive#branch                       0
bpgwant#branch                               0
bswitchon#branch                             0
bsnsevent#branch                             0
bvslew#branch                                0
v.xu121.vsense#branch              2.40195e-51
b.xu121.bdrive#branch             -1.20098e-51
b.xu121.bcmd#branch                          0
b.xu121.breq#branch                          0
b.xu121.bneg#branch                          0
b.xu121.bref#branch                          0
b.xu121.bactive#branch                       0
ballow#branch                                0
bpvalid#branch                               0
lhold#branch                       1.35555e-84
lmainfeed#branch                   6.13152e-85
lbranch#branch                               0
l151#branch                        3.61967e-84
l121#branch                        7.17624e-42
lcable#branch                      1.75013e-53
vbulkpass#branch                             0
vr165#branch                      -2.19864e-89
vload#branch                                 0
vr158#branch                       2.62323e-93
vpass#branch                                 0
vlogic#branch                           -9e-12
vbat#branch                       -1.75013e-53

 Reference value :  8.87017e-03
 Reference value :  1.99242e-02
 Reference value :  2.99122e-02
 Reference value :  3.45825e-02
 Reference value :  4.29948e-02
 Reference value :  5.11008e-02
 Reference value :  5.75068e-02
 Reference value :  6.51188e-02
 Reference value :  7.23968e-02
 Reference value :  8.08868e-02
 Reference value :  8.97050e-02
 Reference value :  9.53575e-02
 Reference value :  1.03743e-01
 Reference value :  1.11467e-01
 Reference value :  1.19795e-01
 Reference value :  1.28055e-01
 Reference value :  1.36127e-01
 Reference value :  1.43885e-01
 Reference value :  1.52615e-01
 Reference value :  1.60699e-01
 Reference value :  1.68513e-01
 Reference value :  1.76711e-01
 Reference value :  1.84507e-01
 Reference value :  1.91995e-01
 Reference value :  2.00161e-01
 Reference value :  2.08143e-01
 Reference value :  2.16829e-01
 Reference value :  2.25025e-01
 Reference value :  2.33633e-01
 Reference value :  2.42457e-01
 Reference value :  2.51287e-01
 Reference value :  2.60125e-01
 Reference value :  2.68883e-01
 Reference value :  2.77527e-01
 Reference value :  2.86349e-01
 Reference value :  2.93951e-01
 Reference value :  3.02223e-01
 Reference value :  3.10247e-01
 Reference value :  3.18435e-01
 Reference value :  3.26849e-01
 Reference value :  3.35311e-01
 Reference value :  3.43573e-01
 Reference value :  3.52011e-01
 Reference value :  3.60581e-01
 Reference value :  3.69115e-01
 Reference value :  3.77671e-01
 Reference value :  3.86451e-01
 Reference value :  3.94497e-01
 Reference value :  4.02429e-01
 Reference value :  4.10701e-01
 Reference value :  4.19119e-01
 Reference value :  4.27311e-01
 Reference value :  4.35959e-01
 Reference value :  4.44587e-01
 Reference value :  4.51708e-01
 Reference value :  4.60078e-01
 Reference value :  4.71042e-01
 Reference value :  4.81544e-01
 Reference value :  4.92452e-01
 Reference value :  5.02916e-01
 Reference value :  5.13326e-01
 Reference value :  5.23574e-01
 Reference value :  5.34334e-01
 Reference value :  5.43958e-01
 Reference value :  5.54832e-01
 Reference value :  5.65694e-01
 Reference value :  5.76324e-01
 Reference value :  5.86302e-01
 Reference value :  5.96332e-01
 Reference value :  6.06372e-01
 Reference value :  6.16448e-01
 Reference value :  6.26888e-01
 Reference value :  6.37314e-01
 Reference value :  6.47810e-01
 Reference value :  6.58118e-01
 Reference value :  6.68734e-01
 Reference value :  6.79166e-01
 Reference value :  6.89712e-01
 Reference value :  7.00318e-01
 Reference value :  7.10812e-01
 Reference value :  7.20174e-01
 Reference value :  7.30140e-01
 Reference value :  7.40482e-01
 Reference value :  7.50894e-01
 Reference value :  7.61252e-01
 Reference value :  7.71642e-01
 Reference value :  7.82486e-01
 Reference value :  7.92992e-01
 Reference value :  8.03524e-01
 Reference value :  8.13718e-01
 Reference value :  8.24018e-01
 Reference value :  8.34464e-01
 Reference value :  8.44456e-01
 Reference value :  8.54663e-01
 Reference value :  8.63689e-01
 Reference value :  8.73021e-01
 Reference value :  8.82189e-01
 Reference value :  8.90422e-01
 Reference value :  9.00102e-01
 Reference value :  9.08480e-01
 Reference value :  9.16854e-01
 Reference value :  9.26805e-01
 Reference value :  9.36494e-01
 Reference value :  9.45715e-01
 Reference value :  9.54793e-01
 Reference value :  9.62026e-01
 Reference value :  9.71038e-01
 Reference value :  9.79980e-01
 Reference value :  9.87986e-01
 Reference value :  9.96318e-01
 Reference value :  1.00535e+00
 Reference value :  1.01437e+00
 Reference value :  1.02328e+00
 Reference value :  1.03217e+00
 Reference value :  1.04125e+00
 Reference value :  1.05043e+00
 Reference value :  1.05873e+00
 Reference value :  1.06714e+00
 Reference value :  1.07534e+00
 Reference value :  1.08354e+00
 Reference value :  1.09186e+00
 Reference value :  1.10048e+00
 Reference value :  1.10877e+00
 Reference value :  1.11709e+00
 Reference value :  1.12493e+00
 Reference value :  1.13342e+00
 Reference value :  1.14116e+00
 Reference value :  1.14968e+00
 Reference value :  1.15809e+00
 Reference value :  1.16615e+00
 Reference value :  1.17355e+00
 Reference value :  1.18131e+00
 Reference value :  1.18911e+00
 Reference value :  1.19752e+00
 Reference value :  1.20595e+00
 Reference value :  1.21452e+00
 Reference value :  1.22275e+00
 Reference value :  1.23130e+00
 Reference value :  1.23972e+00
 Reference value :  1.24836e+00
 Reference value :  1.25692e+00
 Reference value :  1.26577e+00
 Reference value :  1.27442e+00
 Reference value :  1.28307e+00
 Reference value :  1.29171e+00
No. of Data Rows : 652335
I32_FINISHED
ngspice-42 done
