Using SPARSE 1.3 as Direct Linear Solver
Note: Starting dynamic gmin stepping
Warning: Dynamic gmin stepping failed
Note: Starting true gmin stepping
Warning: True gmin stepping failed
Note: Starting source stepping
Warning: singular matrix:  check node pgdelay

Warning: singular matrix:  check node pgdelay

Warning: source stepping failed
Note: Transient op started
Note: Transient op finished successfully

Note: No compatibility mode selected!


Circuit: i32 exploratory network alternative; not manufacturer u151 model

Doing analysis at TEMP = 27.000000 and TNOM = 27.000000


Initial Transient Solution
--------------------------

Node                                   Voltage
----                                   -------
bat                                          0
cable_r                           -1.37999e-53
raw_12v                            7.72223e-51
fused_12v                          7.71533e-51
rev_blocked_12v                    2.02777e-41
protect_ctrl_vin                  -1.51282e-41
protected_12v                      1.80188e-41
input_uv                           1.34495e-42
input_ov                           5.06941e-43
input_shdn                        -1.51282e-41
one                                          1
uv_ok                                    1e-09
ov_bad                                   1e-09
pvalid                                       0
ptimer                                       0
allow                                        0
allow_d                                      0
input_gate_drive                  -1.00248e-34
input_gate                        -1.00248e-34
input_gate_slew                   -1.00248e-34
qsrc                               1.80201e-41
buck_feed                          1.80161e-41
vin5                               1.77599e-41
en5                                3.67593e-42
on5                                      1e-09
xu121.age                                    0
xu121.active                                 0
xu121.ref                                    0
xu121.neg                                    0
xu121.req                         -4.15087e-40
fb5                                1.29715e-41
xu121.integral                               0
xu121.cmd                                    0
xu121.command                                0
xu121.drive                                  0
source5                           -3.31913e-42
xu121.active_f                               0
xu121.sense                       -6.40409e-39
sw5                               -6.40409e-39
winding5                           8.24611e-42
c127r                              2.06621e-43
c128r                              2.06621e-43
ripple5                            1.03512e-41
rail5                                        0
feediso                                      0
good5                                    1e-09
iso_en_pin                                   0
gooddelay                           6.6967e-11
ageiso                                       0
switchon                                     0
slewiso                                      0
feedpass                                     0
vin                               -6.29754e-94
snsiso                            -8.57975e-95
localgood                                1e-09
snsfiltered                        7.50022e-10
snsprev                            7.09797e-10
snsevent                                     0
restartage                               1e-05
pgwant                                       0
pgdelay                                      0
en151                                        0
actual_en151                                 0
enable_ctrl                              1e-09
c151_esr                          -1.43306e-99
enable                                   1e-09
xu151.age                                    0
xu151.active                                 0
xu151.ref                                    0
xu151.neg                                    0
xu151.req                         -3.46841e-94
fb                                 2.40862e-95
xu151.integral                               0
xu151.cmd                                    0
xu151.command                                0
xu151.drive                                  0
source                             8.03668e-95
xu151.active_f                               0
xu151.sense                        2.77704e-95
sw                                 2.77704e-95
winding                            8.03949e-95
c155_esr                         -7.61294e-100
c156_esr                         -7.61294e-100
c157_esr                         -7.61294e-100
c158_esr                         -1.45186e-101
main                               8.03264e-95
c201_esr                          -1.12244e-99
c204_esr                          -1.12244e-99
c202_esr                          -5.0923e-102
c205_esr                          -5.0923e-102
c301_esr                          -5.0923e-102
c302_esr                         -5.09246e-101
c404_esr                          -5.0923e-102
c531_esr                          -5.0923e-102
branch_sense                       8.03264e-95
branch_l                           8.03267e-95
branch_r                           8.03267e-95
bulksw_out                                   0
damped                                       0
c206_esr                                     0
main_feed                          8.03621e-95
main_l                             8.03269e-95
requested                                 0.45
ready                                        0
valid                                    1e-09
timer                                        0
reset_ctl                                    1
reset_raw                          2.81847e-96
en                                 9.86466e-96
disg                              -6.29754e-94
disfeed                            8.03668e-95
disdrain                           8.03668e-95
hold_l                             -6.2976e-94
hold_bus                          -6.29757e-94
c162                              -6.29759e-94
bulk_en_in                         8.03263e-95
bulk_en_pin                          2.003e-95
bulk_want                                1e-09
bulk_enabled                        6.6967e-11
bulk_age                                     0
bulk_slew                                    0
bulk_feed                          8.03267e-95
bulk_localcap                      8.03267e-95
bbulk_slew#branch                            0
breset#branch                                0
bready#branch                                0
v.xu151.vsense#branch            -5.55408e-107
b.xu151.bdrive#branch             2.77704e-107
b.xu151.bcmd#branch                          0
b.xu151.breq#branch                          0
b.xu151.bneg#branch                          0
b.xu151.bref#branch                          0
b.xu151.bactive#branch                       0
bpgwant#branch                               0
bswitchon#branch                             0
bsnsevent#branch                             0
bvslew#branch                                0
v.xu121.vsense#branch              1.28082e-50
b.xu121.bdrive#branch             -6.40409e-51
b.xu121.bcmd#branch                          0
b.xu121.breq#branch                          0
b.xu121.bneg#branch                          0
b.xu121.bref#branch                          0
b.xu121.bactive#branch                       0
ballow#branch                                0
bpvalid#branch                               0
lhold#branch                       9.83679e-98
lmainfeed#branch                    4.6954e-97
lbranch#branch                    -4.76494e-99
l151#branch                        2.44467e-97
l121#branch                        4.14727e-41
lcable#branch                      1.37999e-52
vbulkpass#branch                             0
vr165#branch                     -1.96676e-102
vload#branch                                 0
vr158#branch                      -4.76494e-99
vpass#branch                                 0
vservice#branch                   -3.31913e-54
vlogic#branch                           -9e-12
vbat#branch                       -1.37999e-52

 Reference value :  7.40136e-03
 Reference value :  1.71594e-02
 Reference value :  2.78274e-02
 Reference value :  3.30534e-02
 Reference value :  4.33614e-02
 Reference value :  5.23965e-02
 Reference value :  6.16976e-02
 Reference value :  7.00525e-02
 Reference value :  7.82245e-02
 Reference value :  8.48085e-02
 Reference value :  9.32285e-02
 Reference value :  1.00488e-01
 Reference value :  1.08178e-01
 Reference value :  1.14714e-01
 Reference value :  1.23438e-01
 Reference value :  1.31426e-01
 Reference value :  1.36796e-01
 Reference value :  1.43558e-01
 Reference value :  1.51034e-01
 Reference value :  1.57358e-01
 Reference value :  1.65838e-01
 Reference value :  1.73900e-01
 Reference value :  1.82404e-01
 Reference value :  1.89982e-01
 Reference value :  1.96898e-01
 Reference value :  2.06110e-01
 Reference value :  2.15290e-01
 Reference value :  2.24652e-01
 Reference value :  2.33176e-01
 Reference value :  2.42910e-01
 Reference value :  2.51535e-01
 Reference value :  2.61015e-01
 Reference value :  2.68585e-01
 Reference value :  2.77399e-01
 Reference value :  2.84499e-01
 Reference value :  2.92459e-01
 Reference value :  2.99335e-01
 Reference value :  3.08405e-01
 Reference value :  3.13693e-01
 Reference value :  3.23137e-01
 Reference value :  3.31107e-01
 Reference value :  3.38383e-01
 Reference value :  3.47677e-01
 Reference value :  3.56943e-01
 Reference value :  3.66345e-01
 Reference value :  3.75511e-01
 Reference value :  3.84803e-01
 Reference value :  3.94013e-01
 Reference value :  4.03077e-01
 Reference value :  4.12375e-01
 Reference value :  4.21253e-01
 Reference value :  4.30081e-01
 Reference value :  4.37691e-01
 Reference value :  4.46987e-01
 Reference value :  4.55695e-01
 Reference value :  4.64833e-01
 Reference value :  4.74589e-01
 Reference value :  4.83231e-01
 Reference value :  4.92027e-01
 Reference value :  5.01315e-01
 Reference value :  5.10595e-01
 Reference value :  5.19731e-01
 Reference value :  5.29137e-01
 Reference value :  5.37735e-01
 Reference value :  5.47035e-01
 Reference value :  5.56265e-01
 Reference value :  5.65595e-01
 Reference value :  5.75285e-01
 Reference value :  5.84609e-01
 Reference value :  5.94211e-01
No. of Data Rows : 300366
I32_FINISHED
ngspice-42 done
