Using SPARSE 1.3 as Direct Linear Solver
Note: Starting dynamic gmin stepping
Warning: Dynamic gmin stepping failed
Note: Starting true gmin stepping
Warning: True gmin stepping failed
Note: Starting source stepping
Warning: singular matrix:  check node snsprev

Warning: singular matrix:  check node snsprev

Warning: source stepping failed
Note: Transient op started
Note: Transient op finished successfully

Note: No compatibility mode selected!


Circuit: i32 exploratory network alternative; not manufacturer u151 model

Doing analysis at TEMP = 27.000000 and TNOM = 27.000000


Initial Transient Solution
--------------------------

Node                                   Voltage
----                                   -------
bat                                          0
cable_r                            2.03617e-55
raw_12v                            2.93171e-52
fused_12v                          2.93273e-52
rev_blocked_12v                    5.60278e-42
protect_ctrl_vin                  -4.20197e-42
protected_12v                      4.96313e-42
input_uv                           3.71613e-43
input_ov                           1.40069e-43
input_shdn                        -4.20196e-42
one                                          1
uv_ok                                    1e-09
ov_bad                                   1e-09
pvalid                                       0
ptimer                                       0
allow                                        0
allow_d                                      0
input_gate_drive                  -2.77654e-35
input_gate                        -2.77654e-35
input_gate_slew                   -2.77655e-35
qsrc                               4.96349e-42
buck_feed                          4.96298e-42
vin5                                4.9485e-42
en5                                1.02423e-42
on5                                      1e-09
xu121.age                                    0
xu121.active                                 0
xu121.ref                                    0
xu121.neg                                    0
xu121.req                         -3.15358e-41
fb5                                9.85492e-43
xu121.integral                               0
xu121.cmd                                    0
xu121.command                                0
xu121.drive                                  0
source5                            6.03481e-46
xu121.active_f                               0
xu121.sense                       -6.19929e-40
sw5                               -6.19929e-40
winding5                           8.33936e-43
c127r                              7.42841e-45
c128r                              7.42841e-45
ripple5                            9.85565e-43
rail5                             -6.83777e-45
feediso                           -6.85464e-45
good5                                    1e-09
iso_en_pin                        -1.19961e-45
gooddelay                           6.6967e-11
ageiso                                       0
switchon                                     0
slewiso                                      0
feedpass                          -6.85464e-45
vin                               -6.29766e-94
snsiso                            -8.57992e-95
localgood                                1e-09
snsfiltered                        7.50022e-10
snsprev                            7.09797e-10
snsevent                                     0
restartage                               1e-05
pgwant                                       0
pgdelay                                      0
en151                             -6.98718e-45
actual_en151                      -3.56006e-45
enable_ctrl                              1e-09
c151_esr                          -1.43309e-99
enable                                   1e-09
xu151.age                                    0
xu151.active                                 0
xu151.ref                                    0
xu151.neg                                    0
xu151.req                         -3.46848e-94
fb                                 2.40867e-95
xu151.integral                               0
xu151.cmd                                    0
xu151.command                                0
xu151.drive                                  0
source                             8.03684e-95
xu151.active_f                               0
xu151.sense                         2.7771e-95
sw                                  2.7771e-95
winding                            8.03965e-95
c155_esr                         -7.61309e-100
c156_esr                         -7.61309e-100
c157_esr                         -7.61309e-100
c158_esr                         -1.45189e-101
main                                8.0328e-95
c201_esr                          -1.12246e-99
c204_esr                          -1.12246e-99
c202_esr                          -5.0924e-102
c205_esr                          -5.0924e-102
c301_esr                          -5.0924e-102
c302_esr                         -5.09256e-101
c404_esr                          -5.0924e-102
c531_esr                          -5.0924e-102
branch_sense                        8.0328e-95
branch_l                           8.03283e-95
branch_r                           8.03283e-95
bulksw_out                                   0
damped                                       0
c206_esr                                     0
main_feed                          8.03637e-95
main_l                             8.03285e-95
requested                                 0.45
ready                                        0
valid                                    1e-09
timer                                        0
reset_ctl                                    1
reset_raw                          2.81853e-96
en                                 9.86485e-96
disg                              -6.29767e-94
disfeed                            8.03684e-95
disdrain                           8.03684e-95
hold_l                            -6.29772e-94
hold_bus                          -6.29769e-94
c162                              -6.29771e-94
bulk_en_in                         8.03279e-95
bulk_en_pin                        2.00304e-95
bulk_want                                1e-09
bulk_enabled                        6.6967e-11
bulk_age                                     0
bulk_slew                                    0
bulk_feed                          8.03283e-95
bulk_localcap                      8.03283e-95
bbulk_slew#branch                            0
breset#branch                                0
bready#branch                                0
v.xu151.vsense#branch            -5.55421e-107
b.xu151.bdrive#branch              2.7771e-107
b.xu151.bcmd#branch                          0
b.xu151.breq#branch                          0
b.xu151.bneg#branch                          0
b.xu151.bref#branch                          0
b.xu151.bactive#branch                       0
bpgwant#branch                               0
bswitchon#branch                             0
bsnsevent#branch                             0
bvslew#branch                                0
v.xu121.vsense#branch              1.23986e-51
b.xu121.bdrive#branch             -6.19929e-52
b.xu121.bcmd#branch                          0
b.xu121.breq#branch                          0
b.xu121.bneg#branch                          0
b.xu121.bref#branch                          0
b.xu121.bactive#branch                       0
ballow#branch                                0
bpvalid#branch                               0
lhold#branch                       9.83698e-98
lmainfeed#branch                   4.69549e-97
lbranch#branch                    -4.76503e-99
l151#branch                        2.44472e-97
l121#branch                        2.98831e-42
lcable#branch                     -2.03617e-54
vbulkpass#branch                             0
vr165#branch                      -1.9668e-102
vload#branch                                 0
vr158#branch                      -4.76503e-99
vpass#branch                                 0
vlogic#branch                           -9e-12
vbat#branch                        2.03617e-54

 Reference value :  8.79017e-03
 Reference value :  1.88122e-02
 Reference value :  3.02062e-02
 Reference value :  3.73262e-02
 Reference value :  4.58880e-02
 Reference value :  5.30220e-02
 Reference value :  6.23880e-02
 Reference value :  7.13560e-02
 Reference value :  8.02820e-02
 Reference value :  8.78207e-02
 Reference value :  9.75913e-02
 Reference value :  1.03307e-01
 Reference value :  1.11961e-01
 Reference value :  1.20769e-01
 Reference value :  1.29807e-01
 Reference value :  1.38831e-01
 Reference value :  1.47917e-01
 Reference value :  1.56967e-01
 Reference value :  1.66261e-01
 Reference value :  1.75333e-01
 Reference value :  1.84377e-01
 Reference value :  1.92663e-01
 Reference value :  2.01811e-01
 Reference value :  2.10663e-01
 Reference value :  2.19747e-01
 Reference value :  2.28651e-01
 Reference value :  2.37745e-01
 Reference value :  2.46849e-01
 Reference value :  2.55539e-01
 Reference value :  2.62207e-01
 Reference value :  2.70573e-01
 Reference value :  2.78987e-01
 Reference value :  2.87108e-01
 Reference value :  2.94922e-01
 Reference value :  3.03510e-01
 Reference value :  3.12662e-01
 Reference value :  3.21766e-01
 Reference value :  3.30194e-01
 Reference value :  3.38068e-01
 Reference value :  3.46020e-01
 Reference value :  3.54824e-01
 Reference value :  3.62120e-01
 Reference value :  3.69450e-01
 Reference value :  3.78724e-01
 Reference value :  3.87544e-01
 Reference value :  3.95648e-01
 Reference value :  4.04832e-01
 Reference value :  4.13442e-01
 Reference value :  4.22242e-01
 Reference value :  4.29938e-01
 Reference value :  4.38870e-01
 Reference value :  4.47814e-01
 Reference value :  4.56372e-01
 Reference value :  4.64255e-01
 Reference value :  4.72792e-01
 Reference value :  4.81772e-01
 Reference value :  4.90544e-01
 Reference value :  4.97286e-01
 Reference value :  5.06138e-01
 Reference value :  5.14716e-01
 Reference value :  5.23424e-01
 Reference value :  5.31796e-01
 Reference value :  5.40694e-01
 Reference value :  5.49222e-01
 Reference value :  5.57428e-01
 Reference value :  5.66420e-01
 Reference value :  5.74382e-01
 Reference value :  5.83564e-01
 Reference value :  5.92860e-01
No. of Data Rows : 300533
I32_FINISHED
ngspice-42 done
