Using SPARSE 1.3 as Direct Linear Solver
Note: Starting dynamic gmin stepping
Warning: Dynamic gmin stepping failed
Note: Starting true gmin stepping
Warning: True gmin stepping failed
Note: Starting source stepping
Warning: singular matrix:  check node bulk_enabled

Warning: singular matrix:  check node bulk_enabled

Warning: source stepping failed
Note: Transient op started
Note: Transient op finished successfully

Note: No compatibility mode selected!


Circuit: i32 exploratory network alternative; not manufacturer u151 model

Doing analysis at TEMP = 27.000000 and TNOM = 27.000000


Initial Transient Solution
--------------------------

Node                                   Voltage
----                                   -------
bat                                          0
cable_r                             2.0375e-55
raw_12v                            2.92857e-52
fused_12v                          2.92959e-52
rev_blocked_12v                    5.59809e-42
protect_ctrl_vin                  -4.19785e-42
protected_12v                      4.95866e-42
input_uv                           3.71302e-43
input_ov                           1.39952e-43
input_shdn                        -4.19785e-42
one                                          1
uv_ok                                    1e-09
ov_bad                                   1e-09
pvalid                                       0
ptimer                                       0
allow                                        0
allow_d                                      0
input_gate_drive                  -2.77405e-35
input_gate                        -2.77405e-35
input_gate_slew                   -2.77406e-35
qsrc                               4.95902e-42
buck_feed                          4.95851e-42
vin5                               4.94405e-42
en5                                1.02331e-42
on5                                      1e-09
xu121.age                                    0
xu121.active                                 0
xu121.ref                                    0
xu121.neg                                    0
xu121.req                         -3.15543e-41
fb5                                9.86073e-43
xu121.integral                               0
xu121.cmd                                    0
xu121.command                                0
xu121.drive                                  0
source5                            2.15801e-45
xu121.active_f                               0
xu121.sense                       -6.19529e-40
sw5                               -6.19529e-40
winding5                           8.34565e-43
c127r                              7.40959e-45
c128r                              7.40959e-45
ripple5                            9.86029e-43
rail5                             -5.28551e-45
feediso                           -5.31919e-45
good5                                    1e-09
iso_en_pin                        -9.29425e-46
gooddelay                           6.6967e-11
ageiso                                       0
switchon                                     0
slewiso                                      0
feedpass                          -5.31919e-45
vin                               -8.08856e-93
snsiso                            -1.10465e-93
localgood                                1e-09
snsfiltered                        7.50022e-10
snsprev                            7.09797e-10
snsevent                                     0
restartage                               1e-05
pgwant                                       0
pgdelay                                      0
en151                             -7.11435e-45
actual_en151                      -3.44007e-45
enable_ctrl                              1e-09
c151_esr                          -1.59868e-98
enable                                   1e-09
xu151.age                                    0
xu151.active                                 0
xu151.ref                                    0
xu151.neg                                    0
xu151.req                         -4.46191e-93
fb                                 3.09855e-94
xu151.integral                               0
xu151.cmd                                    0
xu151.command                                0
xu151.drive                                  0
source                             1.03387e-93
xu151.active_f                               0
xu151.sense                        3.57446e-94
sw                                 3.57446e-94
winding                            1.03423e-93
c155_esr                           8.21746e-99
c156_esr                           8.21746e-99
c157_esr                           8.21746e-99
c158_esr                         -1.12885e-100
main                               1.03381e-93
c201_esr                          -3.86357e-99
c204_esr                          -3.86357e-99
c202_esr                         -1.37406e-101
c205_esr                         -1.37406e-101
c301_esr                         -1.37406e-101
c302_esr                         -1.37431e-100
c404_esr                         -1.37406e-101
c531_esr                         -1.37406e-101
branch_sense                       1.03381e-93
branch_l                           1.03381e-93
branch_r                           1.03381e-93
bulksw_out                                   0
damped                                       0
c206_esr                                     0
main_feed                          1.03386e-93
main_l                             1.03382e-93
requested                                 0.45
ready                                        0
valid                                    1e-09
timer                                        0
reset_ctl                                    1
reset_raw                           3.6274e-95
en                                 1.26959e-94
disg                              -8.08856e-93
disfeed                            1.03387e-93
disdrain                           1.03387e-93
hold_l                            -8.08863e-93
hold_bus                          -8.08858e-93
c162                              -8.08863e-93
c163                              -8.08863e-93
bulk_en_in                         1.03381e-93
bulk_en_pin                        2.58369e-94
bulk_want                                1e-09
bulk_enabled                        6.6967e-11
bulk_age                                     0
bulk_slew                                    0
bulk_feed                          1.03381e-93
bulk_localcap                      1.03381e-93
bbulk_slew#branch                            0
breset#branch                                0
bready#branch                                0
v.xu151.vsense#branch            -7.14895e-106
b.xu151.bdrive#branch             3.57446e-106
b.xu151.bcmd#branch                          0
b.xu151.breq#branch                          0
b.xu151.bneg#branch                          0
b.xu151.bref#branch                          0
b.xu151.bactive#branch                       0
bpgwant#branch                               0
bswitchon#branch                             0
bsnsevent#branch                             0
bvslew#branch                                0
v.xu121.vsense#branch              1.23906e-51
b.xu121.bdrive#branch             -6.19529e-52
b.xu121.bcmd#branch                          0
b.xu121.breq#branch                          0
b.xu121.bneg#branch                          0
b.xu121.bref#branch                          0
b.xu121.bactive#branch                       0
ballow#branch                                0
bpvalid#branch                               0
lhold#branch                        1.0354e-96
lmainfeed#branch                   6.26706e-97
lbranch#branch                    -1.41332e-98
l151#branch                        3.14199e-96
l121#branch                        2.98499e-42
lcable#branch                      -2.0375e-54
vbulkpass#branch                             0
vr165#branch                     -2.54491e-101
vload#branch                                 0
vr158#branch                      -1.41332e-98
vpass#branch                                 0
vlogic#branch                           -9e-12
vbat#branch                         2.0375e-54

 Reference value :  7.20217e-03
 Reference value :  1.73842e-02
 Reference value :  2.82362e-02
 Reference value :  3.92075e-02
 Reference value :  4.85633e-02
 Reference value :  5.81673e-02
 Reference value :  6.70713e-02
 Reference value :  7.70393e-02
 Reference value :  8.64953e-02
 Reference value :  9.41213e-02
 Reference value :  1.02761e-01
 Reference value :  1.12375e-01
 Reference value :  1.21933e-01
 Reference value :  1.31719e-01
 Reference value :  1.40772e-01
 Reference value :  1.50240e-01
 Reference value :  1.59522e-01
 Reference value :  1.67614e-01
 Reference value :  1.75676e-01
 Reference value :  1.81884e-01
 Reference value :  1.88284e-01
 Reference value :  1.95768e-01
 Reference value :  2.00706e-01
 Reference value :  2.08340e-01
 Reference value :  2.16634e-01
 Reference value :  2.23788e-01
 Reference value :  2.32208e-01
 Reference value :  2.40848e-01
 Reference value :  2.49524e-01
 Reference value :  2.57862e-01
 Reference value :  2.66126e-01
 Reference value :  2.74830e-01
 Reference value :  2.83476e-01
 Reference value :  2.91314e-01
 Reference value :  2.99062e-01
 Reference value :  3.07228e-01
 Reference value :  3.14738e-01
 Reference value :  3.20760e-01
 Reference value :  3.27702e-01
 Reference value :  3.35028e-01
 Reference value :  3.43962e-01
 Reference value :  3.52744e-01
 Reference value :  3.61415e-01
 Reference value :  3.69871e-01
 Reference value :  3.77855e-01
 Reference value :  3.86345e-01
 Reference value :  3.95491e-01
 Reference value :  4.03791e-01
 Reference value :  4.12855e-01
 Reference value :  4.21807e-01
 Reference value :  4.30953e-01
 Reference value :  4.40013e-01
 Reference value :  4.49221e-01
 Reference value :  4.55260e-01
 Reference value :  4.65502e-01
 Reference value :  4.74886e-01
 Reference value :  4.85560e-01
 Reference value :  4.95954e-01
 Reference value :  5.06758e-01
 Reference value :  5.16928e-01
 Reference value :  5.27688e-01
 Reference value :  5.36632e-01
 Reference value :  5.47006e-01
 Reference value :  5.56928e-01
 Reference value :  5.66840e-01
 Reference value :  5.76886e-01
 Reference value :  5.87482e-01
 Reference value :  5.97308e-01
 Reference value :  6.07388e-01
 Reference value :  6.18088e-01
 Reference value :  6.29454e-01
 Reference value :  6.40640e-01
 Reference value :  6.50648e-01
 Reference value :  6.61742e-01
 Reference value :  6.72948e-01
 Reference value :  6.80838e-01
 Reference value :  6.90620e-01
 Reference value :  6.98300e-01
 Reference value :  7.08984e-01
 Reference value :  7.18160e-01
 Reference value :  7.29302e-01
 Reference value :  7.40628e-01
 Reference value :  7.51782e-01
 Reference value :  7.62852e-01
 Reference value :  7.73744e-01
 Reference value :  7.83304e-01
 Reference value :  7.94168e-01
 Reference value :  8.05232e-01
 Reference value :  8.14696e-01
 Reference value :  8.25746e-01
 Reference value :  8.36764e-01
 Reference value :  8.47392e-01
 Reference value :  8.57903e-01
 Reference value :  8.69177e-01
 Reference value :  8.80301e-01
 Reference value :  8.89837e-01
 Reference value :  8.99629e-01
 Reference value :  9.04531e-01
 Reference value :  9.13601e-01
 Reference value :  9.22611e-01
 Reference value :  9.32099e-01
 Reference value :  9.41523e-01
 Reference value :  9.50779e-01
 Reference value :  9.59625e-01
 Reference value :  9.69067e-01
 Reference value :  9.78635e-01
 Reference value :  9.87658e-01
 Reference value :  9.94938e-01
 Reference value :  1.00423e+00
 Reference value :  1.01402e+00
 Reference value :  1.02366e+00
 Reference value :  1.03069e+00
 Reference value :  1.03907e+00
 Reference value :  1.04794e+00
 Reference value :  1.05534e+00
 Reference value :  1.06266e+00
 Reference value :  1.07125e+00
 Reference value :  1.08010e+00
 Reference value :  1.08821e+00
 Reference value :  1.09656e+00
 Reference value :  1.10423e+00
 Reference value :  1.11310e+00
 Reference value :  1.12182e+00
 Reference value :  1.13064e+00
 Reference value :  1.13938e+00
 Reference value :  1.14842e+00
 Reference value :  1.15709e+00
 Reference value :  1.16589e+00
 Reference value :  1.17304e+00
 Reference value :  1.18145e+00
 Reference value :  1.19023e+00
 Reference value :  1.19875e+00
 Reference value :  1.20625e+00
 Reference value :  1.21519e+00
 Reference value :  1.22412e+00
 Reference value :  1.23289e+00
 Reference value :  1.24183e+00
 Reference value :  1.24984e+00
 Reference value :  1.25750e+00
 Reference value :  1.26625e+00
 Reference value :  1.27450e+00
 Reference value :  1.28295e+00
 Reference value :  1.28955e+00
 Reference value :  1.29723e+00
No. of Data Rows : 652261
I32_FINISHED
ngspice-42 done
