Using SPARSE 1.3 as Direct Linear Solver
Note: Starting dynamic gmin stepping
Warning: Dynamic gmin stepping failed
Note: Starting true gmin stepping
Warning: True gmin stepping failed
Note: Starting source stepping
Warning: singular matrix:  check node snsprev

Warning: singular matrix:  check node snsprev

Warning: source stepping failed
Note: Transient op started
Note: Transient op finished successfully

Note: No compatibility mode selected!


Circuit: i32 exploratory network alternative; not manufacturer u151 model

Doing analysis at TEMP = 27.000000 and TNOM = 27.000000


Initial Transient Solution
--------------------------

Node                                   Voltage
----                                   -------
bat                                          0
cable_r                            2.03966e-55
raw_12v                            2.93354e-52
fused_12v                          2.93456e-52
rev_blocked_12v                    5.60651e-42
protect_ctrl_vin                  -4.20557e-42
protected_12v                      4.96687e-42
input_uv                            3.7186e-43
input_ov                           1.40163e-43
input_shdn                        -4.20556e-42
one                                          1
uv_ok                                    1e-09
ov_bad                                   1e-09
pvalid                                       0
ptimer                                       0
allow                                        0
allow_d                                      0
input_gate_drive                  -2.77862e-35
input_gate                        -2.77862e-35
input_gate_slew                   -2.77863e-35
qsrc                               4.96722e-42
buck_feed                          4.96671e-42
vin5                               4.95223e-42
en5                                  1.025e-42
on5                                      1e-09
xu121.age                                    0
xu121.active                                 0
xu121.ref                                    0
xu121.neg                                    0
xu121.req                         -3.16069e-41
fb5                                9.87717e-43
xu121.integral                               0
xu121.cmd                                    0
xu121.command                                0
xu121.drive                                  0
source5                            2.16187e-45
xu121.active_f                               0
xu121.sense                        -6.2057e-40
sw5                                -6.2057e-40
winding5                           8.35956e-43
c127r                              7.42194e-45
c128r                              7.42194e-45
ripple5                            9.87673e-43
rail5                             -5.29406e-45
feediso                            -5.3278e-45
good5                                    1e-09
iso_en_pin                        -9.30929e-46
gooddelay                           6.6967e-11
ageiso                                       0
switchon                                     0
slewiso                                      0
feedpass                           -5.3278e-45
vin                                1.08933e-92
snsiso                             1.48782e-93
localgood                                1e-09
snsfiltered                        7.50022e-10
snsprev                            7.09797e-10
snsevent                                     0
restartage                               1e-05
pgwant                                       0
pgdelay                                      0
en151                             -7.15447e-45
actual_en151                      -3.45946e-45
enable_ctrl                              1e-09
c151_esr                            1.2021e-97
enable                                   1e-09
xu151.age                                    0
xu151.active                                 0
xu151.ref                                    0
xu151.neg                                    0
xu151.req                          6.02007e-93
fb                                -4.18061e-94
xu151.integral                               0
xu151.cmd                                    0
xu151.command                                0
xu151.drive                                  0
source                            -1.39492e-93
xu151.active_f                               0
xu151.sense                       -1.70264e-93
sw                                -1.70264e-93
winding                           -1.39843e-93
c155_esr                          -9.81941e-98
c156_esr                          -9.81941e-98
c157_esr                          -9.81941e-98
c158_esr                         -4.64309e-100
main                              -1.39472e-93
c201_esr                            4.1129e-99
c204_esr                            4.1129e-99
c202_esr                          1.30549e-101
c205_esr                          1.30549e-101
c301_esr                          1.30549e-101
c302_esr                          1.32317e-100
c404_esr                          1.30549e-101
c531_esr                          1.30549e-101
branch_sense                      -1.39472e-93
branch_l                          -1.39472e-93
branch_r                          -1.39472e-93
bulksw_out                                   0
damped                                       0
c206_esr                                     0
main_feed                         -1.39491e-93
main_l                            -1.39483e-93
requested                                 0.45
ready                                        0
valid                                    1e-09
timer                                        0
reset_ctl                                    1
reset_raw                         -4.89374e-95
en                                -1.71281e-94
disg                               1.02557e-92
disfeed                           -1.39492e-93
disdrain                          -1.39492e-93
hold_l                             1.08994e-92
hold_bus                           1.08981e-92
c162                               1.09084e-92
bulk_en_in                        -1.39472e-93
bulk_en_pin                       -3.48541e-94
bulk_want                                1e-09
bulk_enabled                        6.6967e-11
bulk_age                                     0
bulk_slew                                    0
bulk_feed                         -1.39472e-93
bulk_localcap                     -1.39472e-93
bbulk_slew#branch                            0
breset#branch                                0
bready#branch                                0
v.xu151.vsense#branch             3.40528e-105
b.xu151.bdrive#branch            -1.70264e-105
b.xu151.bcmd#branch                          0
b.xu151.breq#branch                          0
b.xu151.bneg#branch                          0
b.xu151.bref#branch                          0
b.xu151.bactive#branch                       0
bpgwant#branch                               0
bswitchon#branch                             0
bsnsevent#branch                             0
bvslew#branch                                0
v.xu121.vsense#branch              1.24114e-51
b.xu121.bdrive#branch              -6.2057e-52
b.xu121.bcmd#branch                          0
b.xu121.breq#branch                          0
b.xu121.bneg#branch                          0
b.xu121.bref#branch                          0
b.xu121.bactive#branch                       0
ballow#branch                                0
bpvalid#branch                               0
lhold#branch                      -1.02223e-94
lmainfeed#branch                  -1.00788e-96
lbranch#branch                     1.48906e-98
l151#branch                       -3.05952e-95
l121#branch                        2.98997e-42
lcable#branch                     -2.03966e-54
vbulkpass#branch                             0
vr165#branch                      8.42511e-101
vload#branch                                 0
vr158#branch                       1.48906e-98
vpass#branch                      -1.08933e-96
vlogic#branch                           -9e-12
vbat#branch                        2.03966e-54

 Reference value :  6.34217e-03
 Reference value :  1.69562e-02
 Reference value :  2.76862e-02
 Reference value :  3.65691e-02
 Reference value :  4.48501e-02
 Reference value :  5.32201e-02
 Reference value :  6.23801e-02
 Reference value :  7.01381e-02
 Reference value :  7.84461e-02
 Reference value :  8.58281e-02
 Reference value :  9.55512e-02
 Reference value :  1.02353e-01
 Reference value :  1.11555e-01
 Reference value :  1.21117e-01
 Reference value :  1.29208e-01
 Reference value :  1.37476e-01
 Reference value :  1.43956e-01
 Reference value :  1.51338e-01
 Reference value :  1.58456e-01
 Reference value :  1.66618e-01
 Reference value :  1.75002e-01
 Reference value :  1.83424e-01
 Reference value :  1.91074e-01
 Reference value :  1.97916e-01
 Reference value :  2.05724e-01
 Reference value :  2.14218e-01
 Reference value :  2.22442e-01
 Reference value :  2.29410e-01
 Reference value :  2.37868e-01
 Reference value :  2.45230e-01
 Reference value :  2.51412e-01
 Reference value :  2.60014e-01
 Reference value :  2.68758e-01
 Reference value :  2.77340e-01
 Reference value :  2.86096e-01
 Reference value :  2.94784e-01
 Reference value :  3.03348e-01
 Reference value :  3.11360e-01
 Reference value :  3.20018e-01
 Reference value :  3.28426e-01
 Reference value :  3.36800e-01
 Reference value :  3.45150e-01
 Reference value :  3.52238e-01
 Reference value :  3.59960e-01
 Reference value :  3.68600e-01
 Reference value :  3.77468e-01
 Reference value :  3.85868e-01
 Reference value :  3.94554e-01
 Reference value :  4.03442e-01
 Reference value :  4.11968e-01
 Reference value :  4.21134e-01
 Reference value :  4.30050e-01
 Reference value :  4.39114e-01
 Reference value :  4.48198e-01
 Reference value :  4.56559e-01
 Reference value :  4.65406e-01
 Reference value :  4.76716e-01
 Reference value :  4.88040e-01
 Reference value :  4.99302e-01
 Reference value :  5.10368e-01
 Reference value :  5.21172e-01
 Reference value :  5.31890e-01
 Reference value :  5.42842e-01
 Reference value :  5.53812e-01
 Reference value :  5.64808e-01
 Reference value :  5.75808e-01
 Reference value :  5.86688e-01
 Reference value :  5.97544e-01
 Reference value :  6.08632e-01
 Reference value :  6.19738e-01
 Reference value :  6.30676e-01
 Reference value :  6.41548e-01
 Reference value :  6.52664e-01
 Reference value :  6.63486e-01
 Reference value :  6.73894e-01
 Reference value :  6.84092e-01
 Reference value :  6.94048e-01
 Reference value :  7.05108e-01
 Reference value :  7.16040e-01
 Reference value :  7.27096e-01
 Reference value :  7.38190e-01
 Reference value :  7.49226e-01
 Reference value :  7.57524e-01
 Reference value :  7.66506e-01
 Reference value :  7.77570e-01
 Reference value :  7.88356e-01
 Reference value :  7.99182e-01
 Reference value :  8.09880e-01
 Reference value :  8.20770e-01
 Reference value :  8.31092e-01
 Reference value :  8.41590e-01
 Reference value :  8.51801e-01
 Reference value :  8.62583e-01
 Reference value :  8.72743e-01
 Reference value :  8.82617e-01
 Reference value :  8.91029e-01
 Reference value :  8.99263e-01
 Reference value :  9.07273e-01
 Reference value :  9.15527e-01
 Reference value :  9.24395e-01
 Reference value :  9.33421e-01
 Reference value :  9.42500e-01
 Reference value :  9.51598e-01
 Reference value :  9.60712e-01
 Reference value :  9.70012e-01
 Reference value :  9.77589e-01
 Reference value :  9.85931e-01
 Reference value :  9.94563e-01
 Reference value :  1.00294e+00
 Reference value :  1.01153e+00
 Reference value :  1.02000e+00
 Reference value :  1.02859e+00
 Reference value :  1.03711e+00
 Reference value :  1.04589e+00
 Reference value :  1.05435e+00
 Reference value :  1.06305e+00
 Reference value :  1.07122e+00
 Reference value :  1.07949e+00
 Reference value :  1.08772e+00
 Reference value :  1.09623e+00
 Reference value :  1.10538e+00
 Reference value :  1.11448e+00
 Reference value :  1.12369e+00
 Reference value :  1.13256e+00
 Reference value :  1.14171e+00
 Reference value :  1.15076e+00
 Reference value :  1.15981e+00
 Reference value :  1.16872e+00
 Reference value :  1.17790e+00
 Reference value :  1.18684e+00
 Reference value :  1.19583e+00
 Reference value :  1.20445e+00
 Reference value :  1.21245e+00
 Reference value :  1.22057e+00
 Reference value :  1.22899e+00
 Reference value :  1.23778e+00
 Reference value :  1.24652e+00
 Reference value :  1.25482e+00
 Reference value :  1.26320e+00
 Reference value :  1.27217e+00
 Reference value :  1.27984e+00
 Reference value :  1.28841e+00
 Reference value :  1.29724e+00
 Reference value :  1.30589e+00
 Reference value :  1.31455e+00
 Reference value :  1.32362e+00
 Reference value :  1.33272e+00
 Reference value :  1.34172e+00
 Reference value :  1.34958e+00
 Reference value :  1.35842e+00
 Reference value :  1.36653e+00
 Reference value :  1.37458e+00
 Reference value :  1.38233e+00
 Reference value :  1.39059e+00
 Reference value :  1.39895e+00
 Reference value :  1.40775e+00
 Reference value :  1.41635e+00
 Reference value :  1.42527e+00
 Reference value :  1.43393e+00
 Reference value :  1.44272e+00
 Reference value :  1.45151e+00
 Reference value :  1.46008e+00
 Reference value :  1.46879e+00
 Reference value :  1.47752e+00
 Reference value :  1.48637e+00
 Reference value :  1.49472e+00
 Reference value :  1.50226e+00
 Reference value :  1.51118e+00
 Reference value :  1.51988e+00
 Reference value :  1.52846e+00
 Reference value :  1.53729e+00
 Reference value :  1.54608e+00
 Reference value :  1.55494e+00
 Reference value :  1.56362e+00
 Reference value :  1.57247e+00
 Reference value :  1.58134e+00
 Reference value :  1.59014e+00
 Reference value :  1.59894e+00
No. of Data Rows : 802173
I32_FINISHED
ngspice-42 done
