Using SPARSE 1.3 as Direct Linear Solver
Note: Starting dynamic gmin stepping
Warning: Dynamic gmin stepping failed
Note: Starting true gmin stepping
Warning: True gmin stepping failed
Note: Starting source stepping
Warning: singular matrix:  check node snsprev

Warning: singular matrix:  check node snsprev

Warning: source stepping failed
Note: Transient op started
Note: Transient op finished successfully

Note: No compatibility mode selected!


Circuit: i32 exploratory network alternative; not manufacturer u151 model

Doing analysis at TEMP = 27.000000 and TNOM = 27.000000


Initial Transient Solution
--------------------------

Node                                   Voltage
----                                   -------
bat                                          0
cable_r                             1.9707e-55
raw_12v                            2.98166e-52
fused_12v                          2.98264e-52
rev_blocked_12v                    5.59763e-42
protect_ctrl_vin                  -4.19625e-42
protected_12v                      4.95758e-42
input_uv                           3.71272e-43
input_ov                           1.39941e-43
input_shdn                        -4.19625e-42
one                                          1
uv_ok                                    1e-09
ov_bad                                   1e-09
pvalid                                       0
ptimer                                       0
allow                                        0
allow_d                                      0
input_gate_drive                  -2.77348e-35
input_gate                        -2.77348e-35
input_gate_slew                   -2.77349e-35
qsrc                               4.95794e-42
buck_feed                          4.95743e-42
vin5                               4.94279e-42
en5                                1.02305e-42
on5                                      1e-09
xu121.age                                    0
xu121.active                                 0
xu121.ref                                    0
xu121.neg                                    0
xu121.req                         -3.16674e-41
fb5                                9.89607e-43
xu121.integral                               0
xu121.cmd                                    0
xu121.command                                0
xu121.drive                                  0
source5                            2.24374e-45
xu121.active_f                               0
xu121.sense                       -6.29681e-40
sw5                               -6.29681e-40
winding5                           4.54938e-43
c127r                              7.43687e-45
c128r                              7.43687e-45
ripple5                            9.89679e-43
rail5                              -5.2273e-45
feediso                            -5.2611e-45
good5                                    1e-09
iso_en_pin                        -9.20857e-46
gooddelay                           6.6967e-11
ageiso                                       0
switchon                                     0
slewiso                                      0
feedpass                           -5.2611e-45
vin                               -2.48062e-92
snsiso                            -3.39656e-93
localgood                                1e-09
snsfiltered                        7.50022e-10
snsprev                            7.09797e-10
snsevent                                     0
restartage                               1e-05
pgwant                                       0
pgdelay                                      0
en151                             -7.13586e-45
actual_en151                      -3.45046e-45
enable_ctrl                              1e-09
c151_esr                          -4.98543e-98
enable                                   1e-09
xu151.age                                    0
xu151.active                                 0
xu151.ref                                    0
xu151.neg                                    0
xu151.req                         -1.37055e-92
fb                                 9.51771e-94
xu151.integral                               0
xu151.cmd                                    0
xu151.command                                0
xu151.drive                                  0
source                             3.17571e-93
xu151.active_f                               0
xu151.sense                        1.09804e-93
sw                                 1.09804e-93
winding                            3.17682e-93
c155_esr                            2.5244e-98
c156_esr                            2.5244e-98
c157_esr                            2.5244e-98
c158_esr                         -3.46715e-100
main                               3.17552e-93
c201_esr                          -1.18693e-98
c204_esr                          -1.18693e-98
c202_esr                         -4.22126e-101
c205_esr                         -4.22126e-101
c301_esr                         -4.22126e-101
c302_esr                         -4.22204e-100
c404_esr                         -4.22126e-101
c531_esr                         -4.22126e-101
branch_sense                       3.17552e-93
branch_l                           3.17553e-93
branch_r                           3.17553e-93
bulksw_out                                   0
damped                                       0
c206_esr                                     0
main_feed                          3.17569e-93
main_l                             3.17555e-93
requested                                 0.45
ready                                        0
valid                                    1e-09
timer                                        0
reset_ctl                                    1
reset_raw                          1.11422e-94
en                                 3.89976e-94
disg                              -2.48063e-92
disfeed                            3.17571e-93
disdrain                           3.17571e-93
hold_l                            -2.48064e-92
hold_bus                          -2.48063e-92
c162                              -2.48066e-92
bulk_en_in                         3.17552e-93
bulk_en_pin                        7.95235e-94
bulk_want                                1e-09
bulk_enabled                        6.6967e-11
bulk_age                                     0
bulk_slew                                    0
bulk_feed                          3.17553e-93
bulk_localcap                      3.17553e-93
bbulk_slew#branch                            0
breset#branch                                0
bready#branch                                0
v.xu151.vsense#branch            -2.19607e-105
b.xu151.bdrive#branch             1.09804e-105
b.xu151.bcmd#branch                          0
b.xu151.breq#branch                          0
b.xu151.bneg#branch                          0
b.xu151.bref#branch                          0
b.xu151.bactive#branch                       0
bpgwant#branch                               0
bswitchon#branch                             0
bsnsevent#branch                             0
bvslew#branch                                0
v.xu121.vsense#branch              1.25936e-51
b.xu121.bdrive#branch             -6.29681e-52
b.xu121.bcmd#branch                          0
b.xu121.breq#branch                          0
b.xu121.bneg#branch                          0
b.xu121.bref#branch                          0
b.xu121.bactive#branch                       0
ballow#branch                                0
bpvalid#branch                               0
lhold#branch                       3.25598e-96
lmainfeed#branch                   1.92541e-96
lbranch#branch                    -4.34186e-98
l151#branch                        9.65234e-96
l121#branch                        2.99619e-42
lcable#branch                      -1.9707e-54
vbulkpass#branch                             0
vr165#branch                     -7.81866e-101
vload#branch                                 0
vr158#branch                      -4.34186e-98
vpass#branch                                 0
vlogic#branch                           -9e-12
vbat#branch                         1.9707e-54

 Reference value :  3.15417e-03
 Reference value :  7.15817e-03
 Reference value :  1.13002e-02
 Reference value :  1.65722e-02
 Reference value :  2.21182e-02
 Reference value :  2.75802e-02
 Reference value :  3.29942e-02
 Reference value :  3.61971e-02
 Reference value :  3.94922e-02
 Reference value :  4.26863e-02
 Reference value :  4.63283e-02
 Reference value :  4.98683e-02
 Reference value :  5.33923e-02
 Reference value :  5.71363e-02
 Reference value :  6.06143e-02
 Reference value :  6.41823e-02
 Reference value :  6.77723e-02
 Reference value :  7.14203e-02
 Reference value :  7.52403e-02
 Reference value :  7.89423e-02
 Reference value :  8.26183e-02
 Reference value :  8.60823e-02
 Reference value :  8.95435e-02
 Reference value :  9.31595e-02
 Reference value :  9.68215e-02
 Reference value :  1.00151e-01
 Reference value :  1.03621e-01
 Reference value :  1.07104e-01
 Reference value :  1.10696e-01
 Reference value :  1.14132e-01
 Reference value :  1.17732e-01
 Reference value :  1.21392e-01
 Reference value :  1.24298e-01
 Reference value :  1.27534e-01
 Reference value :  1.30720e-01
 Reference value :  1.33696e-01
 Reference value :  1.36720e-01
 Reference value :  1.39968e-01
 Reference value :  1.43012e-01
 Reference value :  1.46144e-01
 Reference value :  1.49292e-01
 Reference value :  1.52448e-01
 Reference value :  1.55616e-01
 Reference value :  1.58730e-01
 Reference value :  1.62340e-01
 Reference value :  1.66392e-01
 Reference value :  1.70384e-01
 Reference value :  1.74422e-01
 Reference value :  1.78560e-01
 Reference value :  1.82586e-01
 Reference value :  1.86608e-01
 Reference value :  1.90642e-01
 Reference value :  1.94680e-01
 Reference value :  1.98762e-01
 Reference value :  2.02576e-01
 Reference value :  2.06242e-01
 Reference value :  2.10274e-01
 Reference value :  2.14344e-01
 Reference value :  2.18310e-01
 Reference value :  2.22530e-01
 Reference value :  2.26402e-01
 Reference value :  2.30298e-01
 Reference value :  2.33914e-01
 Reference value :  2.37298e-01
 Reference value :  2.40314e-01
 Reference value :  2.43734e-01
 Reference value :  2.47508e-01
 Reference value :  2.51354e-01
 Reference value :  2.55206e-01
 Reference value :  2.58878e-01
 Reference value :  2.62304e-01
 Reference value :  2.66096e-01
 Reference value :  2.70000e-01
 Reference value :  2.74048e-01
 Reference value :  2.78250e-01
 Reference value :  2.82356e-01
 Reference value :  2.86236e-01
 Reference value :  2.90306e-01
 Reference value :  2.94344e-01
 Reference value :  2.98172e-01
 Reference value :  3.01868e-01
 Reference value :  3.05668e-01
 Reference value :  3.09764e-01
 Reference value :  3.13664e-01
 Reference value :  3.17798e-01
 Reference value :  3.21856e-01
 Reference value :  3.25748e-01
 Reference value :  3.29800e-01
 Reference value :  3.33972e-01
 Reference value :  3.38174e-01
 Reference value :  3.42098e-01
 Reference value :  3.46276e-01
 Reference value :  3.50406e-01
 Reference value :  3.54488e-01
 Reference value :  3.58172e-01
 Reference value :  3.62146e-01
 Reference value :  3.66144e-01
 Reference value :  3.70100e-01
 Reference value :  3.74158e-01
 Reference value :  3.78266e-01
 Reference value :  3.82354e-01
 Reference value :  3.86296e-01
 Reference value :  3.90492e-01
 Reference value :  3.94500e-01
 Reference value :  3.98416e-01
 Reference value :  4.02404e-01
 Reference value :  4.06482e-01
 Reference value :  4.10538e-01
 Reference value :  4.14468e-01
 Reference value :  4.18520e-01
 Reference value :  4.22602e-01
 Reference value :  4.26502e-01
 Reference value :  4.30300e-01
 Reference value :  4.34378e-01
 Reference value :  4.38174e-01
 Reference value :  4.42180e-01
 Reference value :  4.46218e-01
 Reference value :  4.50098e-01
 Reference value :  4.52514e-01
 Reference value :  4.56718e-01
 Reference value :  4.61801e-01
 Reference value :  4.67055e-01
 Reference value :  4.72285e-01
 Reference value :  4.77379e-01
 Reference value :  4.82771e-01
 Reference value :  4.88051e-01
 Reference value :  4.93071e-01
 Reference value :  4.97454e-01
 Reference value :  5.01922e-01
 Reference value :  5.06228e-01
 Reference value :  5.10395e-01
 Reference value :  5.14867e-01
 Reference value :  5.19349e-01
 Reference value :  5.23639e-01
 Reference value :  5.27901e-01
 Reference value :  5.32299e-01
 Reference value :  5.36620e-01
 Reference value :  5.40180e-01
 Reference value :  5.44368e-01
 Reference value :  5.46481e-01
 Reference value :  5.49599e-01
 Reference value :  5.53461e-01
 Reference value :  5.57833e-01
 Reference value :  5.62177e-01
 Reference value :  5.65837e-01
 Reference value :  5.69773e-01
 Reference value :  5.73347e-01
 Reference value :  5.76951e-01
 Reference value :  5.80301e-01
 Reference value :  5.83836e-01
 Reference value :  5.87786e-01
 Reference value :  5.91780e-01
 Reference value :  5.95816e-01
 Reference value :  5.99974e-01
 Reference value :  6.04062e-01
 Reference value :  6.07872e-01
 Reference value :  6.12074e-01
 Reference value :  6.16094e-01
 Reference value :  6.19970e-01
 Reference value :  6.23840e-01
 Reference value :  6.27950e-01
 Reference value :  6.32002e-01
 Reference value :  6.35938e-01
 Reference value :  6.40062e-01
 Reference value :  6.43582e-01
 Reference value :  6.46896e-01
 Reference value :  6.50158e-01
 Reference value :  6.53510e-01
 Reference value :  6.56806e-01
 Reference value :  6.59948e-01
 Reference value :  6.63176e-01
 Reference value :  6.66374e-01
 Reference value :  6.69666e-01
 Reference value :  6.72702e-01
 Reference value :  6.76012e-01
 Reference value :  6.79134e-01
 Reference value :  6.82458e-01
 Reference value :  6.85576e-01
 Reference value :  6.88898e-01
 Reference value :  6.92040e-01
 Reference value :  6.95060e-01
 Reference value :  6.98336e-01
 Reference value :  7.01592e-01
 Reference value :  7.04974e-01
 Reference value :  7.07976e-01
 Reference value :  7.11304e-01
 Reference value :  7.14398e-01
 Reference value :  7.17522e-01
 Reference value :  7.20886e-01
 Reference value :  7.24316e-01
 Reference value :  7.27530e-01
 Reference value :  7.30636e-01
 Reference value :  7.33966e-01
 Reference value :  7.37198e-01
 Reference value :  7.40446e-01
 Reference value :  7.43670e-01
 Reference value :  7.47098e-01
 Reference value :  7.50334e-01
 Reference value :  7.53436e-01
 Reference value :  7.56720e-01
 Reference value :  7.59860e-01
 Reference value :  7.63155e-01
 Reference value :  7.67467e-01
 Reference value :  7.71573e-01
 Reference value :  7.74841e-01
 Reference value :  7.77885e-01
 Reference value :  7.79433e-01
 Reference value :  7.81425e-01
 Reference value :  7.85249e-01
 Reference value :  7.88603e-01
 Reference value :  7.92345e-01
 Reference value :  7.95421e-01
 Reference value :  7.98647e-01
 Reference value :  8.02313e-01
 Reference value :  8.06297e-01
 Reference value :  8.10083e-01
 Reference value :  8.14069e-01
 Reference value :  8.17969e-01
 Reference value :  8.21783e-01
 Reference value :  8.25451e-01
 Reference value :  8.29115e-01
 Reference value :  8.32443e-01
 Reference value :  8.35649e-01
 Reference value :  8.38725e-01
 Reference value :  8.42089e-01
 Reference value :  8.45349e-01
 Reference value :  8.48619e-01
 Reference value :  8.51893e-01
 Reference value :  8.55203e-01
 Reference value :  8.58399e-01
 Reference value :  8.61579e-01
 Reference value :  8.64937e-01
 Reference value :  8.68207e-01
 Reference value :  8.71475e-01
 Reference value :  8.74657e-01
 Reference value :  8.78011e-01
 Reference value :  8.81039e-01
 Reference value :  8.83525e-01
 Reference value :  8.86865e-01
 Reference value :  8.90061e-01
 Reference value :  8.93377e-01
 Reference value :  8.96611e-01
 Reference value :  8.99947e-01
 Reference value :  9.03187e-01
 Reference value :  9.06301e-01
 Reference value :  9.09629e-01
 Reference value :  9.13063e-01
 Reference value :  9.16543e-01
 Reference value :  9.19589e-01
 Reference value :  9.22963e-01
 Reference value :  9.26141e-01
 Reference value :  9.29515e-01
 Reference value :  9.32681e-01
 Reference value :  9.36181e-01
 Reference value :  9.39485e-01
 Reference value :  9.42769e-01
 Reference value :  9.46205e-01
 Reference value :  9.49631e-01
 Reference value :  9.52939e-01
 Reference value :  9.56255e-01
 Reference value :  9.59679e-01
 Reference value :  9.63119e-01
 Reference value :  9.66461e-01
 Reference value :  9.69747e-01
 Reference value :  9.73065e-01
 Reference value :  9.76325e-01
 Reference value :  9.79485e-01
 Reference value :  9.82955e-01
 Reference value :  9.86249e-01
 Reference value :  9.89677e-01
 Reference value :  9.92953e-01
 Reference value :  9.96325e-01
 Reference value :  9.99623e-01
No. of Data Rows : 502337
I32_FINISHED
ngspice-42 done
