Using SPARSE 1.3 as Direct Linear Solver
Note: Starting dynamic gmin stepping
Warning: Dynamic gmin stepping failed
Note: Starting true gmin stepping
Warning: True gmin stepping failed
Note: Starting source stepping
Warning: singular matrix:  check node bulk_enabled

Warning: singular matrix:  check node bulk_enabled

Warning: source stepping failed
Note: Transient op started
Note: Transient op finished successfully

Note: No compatibility mode selected!


Circuit: i32 exploratory network alternative; not manufacturer u151 model

Doing analysis at TEMP = 27.000000 and TNOM = 27.000000


Initial Transient Solution
--------------------------

Node                                   Voltage
----                                   -------
bat                                          0
cable_r                            2.03966e-55
raw_12v                            2.93354e-52
fused_12v                          2.93456e-52
rev_blocked_12v                    5.60651e-42
protect_ctrl_vin                  -4.20557e-42
protected_12v                      4.96687e-42
input_uv                            3.7186e-43
input_ov                           1.40163e-43
input_shdn                        -4.20556e-42
one                                          1
uv_ok                                    1e-09
ov_bad                                   1e-09
pvalid                                       0
ptimer                                       0
allow                                        0
allow_d                                      0
input_gate_drive                  -2.77862e-35
input_gate                        -2.77862e-35
input_gate_slew                   -2.77863e-35
qsrc                               4.96722e-42
buck_feed                          4.96671e-42
vin5                               4.95223e-42
en5                                  1.025e-42
on5                                      1e-09
xu121.age                                    0
xu121.active                                 0
xu121.ref                                    0
xu121.neg                                    0
xu121.req                         -3.16069e-41
fb5                                9.87717e-43
xu121.integral                               0
xu121.cmd                                    0
xu121.command                                0
xu121.drive                                  0
source5                            2.16187e-45
xu121.active_f                               0
xu121.sense                        -6.2057e-40
sw5                                -6.2057e-40
winding5                           8.35956e-43
c127r                              7.42194e-45
c128r                              7.42194e-45
ripple5                            9.87673e-43
rail5                             -5.29406e-45
feediso                            -5.3278e-45
good5                                    1e-09
iso_en_pin                        -9.30929e-46
gooddelay                           6.6967e-11
ageiso                                       0
switchon                                     0
slewiso                                      0
feedpass                           -5.3278e-45
vin                                1.08933e-92
snsiso                             1.48782e-93
snsbase                                      0
localgood                                1e-09
snsfiltered                        7.50022e-10
snsprev                            7.09797e-10
snsevent                                     0
restartage                               1e-05
pgwant                                       0
pgdelay                                      0
en151                             -7.15447e-45
actual_en151                      -3.45946e-45
enable_ctrl                              1e-09
c151_esr                            1.2021e-97
enable                                   1e-09
xu151.age                                    0
xu151.active                                 0
xu151.ref                                    0
xu151.neg                                    0
xu151.req                          6.02007e-93
fb                                 -4.1806e-94
xu151.integral                               0
xu151.cmd                                    0
xu151.command                                0
xu151.drive                                  0
source                            -1.39491e-93
xu151.active_f                               0
xu151.sense                       -1.70264e-93
sw                                -1.70264e-93
winding                           -1.39843e-93
c155_esr                           -9.8194e-98
c156_esr                           -9.8194e-98
c157_esr                           -9.8194e-98
c158_esr                         -4.64309e-100
main                              -1.39472e-93
c201_esr                           4.11289e-99
c204_esr                           4.11289e-99
c202_esr                          1.30549e-101
c205_esr                          1.30549e-101
c301_esr                          1.30549e-101
c302_esr                          1.32317e-100
c404_esr                          1.30549e-101
c531_esr                          1.30549e-101
branch_sense                      -1.39472e-93
branch_l                          -1.39472e-93
branch_r                          -1.39472e-93
bulksw_out                                   0
damped                                       0
c206_esr                                     0
main_feed                          -1.3949e-93
main_l                            -1.39483e-93
requested                                 0.45
ready                                        0
valid                                    1e-09
timer                                        0
reset_ctl                                    1
reset_raw                         -4.89374e-95
en                                -1.71281e-94
disg                               1.02557e-92
disfeed                           -1.39491e-93
disdrain                          -1.39491e-93
hold_l                             1.08994e-92
hold_bus                           1.08981e-92
c162                               1.09084e-92
bulk_en_in                        -1.39472e-93
bulk_en_pin                       -3.48541e-94
bulk_want                                1e-09
bulk_enabled                        6.6967e-11
bulk_age                                     0
bulk_slew                                    0
bulk_feed                         -1.39472e-93
bulk_localcap                     -1.39472e-93
bbulk_slew#branch                            0
breset#branch                                0
bready#branch                                0
v.xu151.vsense#branch             3.40527e-105
b.xu151.bdrive#branch            -1.70264e-105
b.xu151.bcmd#branch                          0
b.xu151.breq#branch                          0
b.xu151.bneg#branch                          0
b.xu151.bref#branch                          0
b.xu151.bactive#branch                       0
bpgwant#branch                               0
bswitchon#branch                             0
bsnsevent#branch                             0
bvslew#branch                                0
v.xu121.vsense#branch              1.24114e-51
b.xu121.bdrive#branch              -6.2057e-52
b.xu121.bcmd#branch                          0
b.xu121.breq#branch                          0
b.xu121.bneg#branch                          0
b.xu121.bref#branch                          0
b.xu121.bactive#branch                       0
ballow#branch                                0
bpvalid#branch                               0
lhold#branch                      -1.02222e-94
lmainfeed#branch                  -1.00788e-96
lbranch#branch                     1.48906e-98
l151#branch                       -3.05952e-95
l121#branch                        2.98997e-42
lcable#branch                     -2.03966e-54
vbulkpass#branch                             0
vr165#branch                       8.4251e-101
vsnsbase#branch                    1.48574e-96
vload#branch                                 0
vr158#branch                       1.48906e-98
vpass#branch                      -1.08933e-96
vlogic#branch                           -9e-12
vbat#branch                        2.03966e-54

 Reference value :  8.96017e-03
 Reference value :  2.05642e-02
 Reference value :  3.22762e-02
 Reference value :  4.19661e-02
 Reference value :  5.17981e-02
 Reference value :  6.19121e-02
 Reference value :  7.20281e-02
 Reference value :  8.03821e-02
 Reference value :  8.88681e-02
 Reference value :  9.73307e-02
 Reference value :  1.05263e-01
 Reference value :  1.14565e-01
 Reference value :  1.22837e-01
 Reference value :  1.30039e-01
 Reference value :  1.38423e-01
 Reference value :  1.46909e-01
 Reference value :  1.55307e-01
 Reference value :  1.63165e-01
 Reference value :  1.71419e-01
 Reference value :  1.79819e-01
 Reference value :  1.88285e-01
 Reference value :  1.97011e-01
 Reference value :  2.04997e-01
 Reference value :  2.13885e-01
 Reference value :  2.22289e-01
 Reference value :  2.30999e-01
 Reference value :  2.39473e-01
 Reference value :  2.47893e-01
 Reference value :  2.56359e-01
 Reference value :  2.65295e-01
 Reference value :  2.74137e-01
 Reference value :  2.82843e-01
 Reference value :  2.91279e-01
 Reference value :  2.99939e-01
 Reference value :  3.08498e-01
 Reference value :  3.17178e-01
 Reference value :  3.25224e-01
 Reference value :  3.33584e-01
 Reference value :  3.42156e-01
 Reference value :  3.50786e-01
 Reference value :  3.59312e-01
 Reference value :  3.67944e-01
 Reference value :  3.76572e-01
 Reference value :  3.85358e-01
 Reference value :  3.93844e-01
 Reference value :  4.02594e-01
 Reference value :  4.11328e-01
 Reference value :  4.19950e-01
 Reference value :  4.28786e-01
 Reference value :  4.37554e-01
 Reference value :  4.46466e-01
 Reference value :  4.52857e-01
 Reference value :  4.61519e-01
 Reference value :  4.70583e-01
 Reference value :  4.80063e-01
 Reference value :  4.88617e-01
 Reference value :  4.97161e-01
 Reference value :  5.06281e-01
 Reference value :  5.15657e-01
 Reference value :  5.25274e-01
 Reference value :  5.34670e-01
 Reference value :  5.44013e-01
 Reference value :  5.53517e-01
 Reference value :  5.63045e-01
 Reference value :  5.71450e-01
 Reference value :  5.79464e-01
 Reference value :  5.87584e-01
 Reference value :  5.95814e-01
 Reference value :  6.04062e-01
 Reference value :  6.12111e-01
 Reference value :  6.20669e-01
 Reference value :  6.28923e-01
 Reference value :  6.37161e-01
 Reference value :  6.44949e-01
 Reference value :  6.53459e-01
 Reference value :  6.61845e-01
 Reference value :  6.70275e-01
 Reference value :  6.78397e-01
 Reference value :  6.87049e-01
 Reference value :  6.95643e-01
 Reference value :  7.04107e-01
 Reference value :  7.12545e-01
 Reference value :  7.21357e-01
 Reference value :  7.30181e-01
 Reference value :  7.38723e-01
 Reference value :  7.46941e-01
 Reference value :  7.55543e-01
 Reference value :  7.64175e-01
 Reference value :  7.72661e-01
 Reference value :  7.80541e-01
 Reference value :  7.89449e-01
 Reference value :  7.98173e-01
 Reference value :  8.06731e-01
 Reference value :  8.15389e-01
 Reference value :  8.24187e-01
 Reference value :  8.32995e-01
 Reference value :  8.42001e-01
 Reference value :  8.50681e-01
 Reference value :  8.59519e-01
 Reference value :  8.68407e-01
 Reference value :  8.77459e-01
 Reference value :  8.85465e-01
 Reference value :  8.93751e-01
No. of Data Rows : 451992
I32_FINISHED
ngspice-42 done
