Using SPARSE 1.3 as Direct Linear Solver
Note: Starting dynamic gmin stepping
Warning: Dynamic gmin stepping failed
Note: Starting true gmin stepping
Warning: True gmin stepping failed
Note: Starting source stepping
Warning: singular matrix:  check node snsfiltered

Warning: singular matrix:  check node snsfiltered

Warning: source stepping failed
Note: Transient op started
Note: Transient op finished successfully

Note: No compatibility mode selected!


Circuit: i32 exploratory network alternative; not manufacturer u151 model

Doing analysis at TEMP = 27.000000 and TNOM = 27.000000


Initial Transient Solution
--------------------------

Node                                   Voltage
----                                   -------
bat                                          0
cable_r                            -2.3541e-54
raw_12v                            1.53854e-51
fused_12v                          1.53736e-51
rev_blocked_12v                    5.71176e-42
protect_ctrl_vin                  -4.26782e-42
protected_12v                      5.06138e-42
input_uv                           3.78841e-43
input_ov                           1.42794e-43
input_shdn                        -4.26781e-42
one                                          1
uv_ok                                    1e-09
ov_bad                                   1e-09
pvalid                                       0
ptimer                                       0
allow                                        0
allow_d                                      0
input_gate_drive                  -2.82585e-35
input_gate                        -2.82585e-35
input_gate_slew                   -2.82586e-35
qsrc                               5.06174e-42
buck_feed                          5.06081e-42
vin5                               5.00772e-42
en5                                1.03649e-42
on5                                      1e-09
xu121.age                                    0
xu121.active                                 0
xu121.ref                                    0
xu121.neg                                    0
xu121.req                         -8.52788e-41
fb5                                2.66496e-42
xu121.integral                               0
xu121.cmd                                    0
xu121.command                                0
xu121.drive                                  0
source5                           -4.13455e-43
xu121.active_f                               0
xu121.sense                       -1.59327e-39
sw5                               -1.59327e-39
winding5                           1.15295e-42
c127r                              2.08022e-44
c128r                              2.08022e-44
ripple5                            2.34729e-42
rail5                              -4.3435e-43
feediso                           -4.34445e-43
good5                                    1e-09
iso_en_pin                        -7.74666e-44
gooddelay                           6.6967e-11
ageiso                                       0
switchon                                     0
slewiso                                      0
feedpass                          -4.34445e-43
vin                                2.37099e-79
snsiso                             3.31529e-80
localgood                                1e-09
snsfiltered                        7.50022e-10
snsprev                            7.09797e-10
snsevent                                     0
restartage                               1e-05
pgwant                                       0
pgdelay                                      0
en151                             -4.02555e-43
enable_ctrl                              1e-09
c151_esr                          -4.10541e-84
enable                                   1e-09
xu151.age                                    0
xu151.active                                 0
xu151.ref                                    0
xu151.neg                                    0
xu151.req                          1.35611e-81
fb                                -9.41745e-83
xu151.integral                               0
xu151.cmd                                    0
xu151.command                                0
xu151.drive                                  0
source                            -3.08033e-82
xu151.active_f                               0
xu151.sense                       -6.85992e-82
sw                                -6.85992e-82
winding                           -3.08466e-82
c155_esr                          -1.44589e-86
c156_esr                          -1.44589e-86
c157_esr                          -1.44589e-86
c158_esr                          -1.27298e-88
main                              -3.08021e-82
c201_esr                          -4.31139e-87
c204_esr                          -4.31139e-87
c202_esr                          -5.84028e-89
c205_esr                          -5.84028e-89
c301_esr                          -5.84028e-89
c302_esr                          -6.53227e-88
c404_esr                          -5.84028e-89
c531_esr                          -5.84028e-89
branch_sense                      -3.08021e-82
branch_l                          -3.08025e-82
branch_r                          -3.08021e-82
damped                            -3.08042e-82
c206_esr                           1.10288e-87
requested                                 0.45
ready                                        0
valid                                    1e-09
timer                                        0
reset_ctl                                    1
reset_raw                         -1.08077e-83
en                                -3.78269e-83
disg                               2.23094e-79
disfeed                           -3.08033e-82
disdrain                          -3.08033e-82
hold_l                             2.37477e-79
hold_bus                           2.37307e-79
c162                               2.37517e-79
c163                               2.37517e-79
c164                               2.37517e-79
breset#branch                                0
bready#branch                                0
v.xu151.vsense#branch              1.37208e-93
b.xu151.bdrive#branch             -6.85992e-94
b.xu151.bcmd#branch                          0
b.xu151.breq#branch                          0
b.xu151.bneg#branch                          0
b.xu151.bref#branch                          0
b.xu151.bactive#branch                       0
bpgwant#branch                               0
bswitchon#branch                             0
bsnsevent#branch                             0
bvslew#branch                                0
v.xu121.vsense#branch              3.18654e-51
b.xu121.bdrive#branch             -1.59327e-51
b.xu121.bcmd#branch                          0
b.xu121.breq#branch                          0
b.xu121.bneg#branch                          0
b.xu121.bref#branch                          0
b.xu121.bactive#branch                       0
ballow#branch                                0
bpvalid#branch                               0
lhold#branch                      -6.29283e-81
lbranch#branch                     4.41152e-86
l151#branch                       -5.61702e-84
l121#branch                        8.37649e-42
lcable#branch                       2.3541e-53
vr165#branch                       6.61677e-90
vload#branch                                 0
vr158#branch                       4.41152e-86
vpass#branch                      -2.37099e-83
vlogic#branch                           -8e-12
vbat#branch                        -2.3541e-53

 Reference value :  8.77417e-03
 Reference value :  1.96102e-02
 Reference value :  3.02602e-02
 Reference value :  4.08437e-02
 Reference value :  4.97324e-02
 Reference value :  5.69654e-02
 Reference value :  6.72055e-02
 Reference value :  7.72526e-02
 Reference value :  8.71764e-02
 Reference value :  9.67904e-02
 Reference value :  1.06884e-01
 Reference value :  1.16536e-01
 Reference value :  1.25216e-01
 Reference value :  1.34976e-01
 Reference value :  1.44622e-01
 Reference value :  1.52955e-01
 Reference value :  1.61455e-01
 Reference value :  1.70931e-01
 Reference value :  1.81863e-01
 Reference value :  1.93317e-01
 Reference value :  2.04535e-01
 Reference value :  2.16361e-01
 Reference value :  2.27103e-01
 Reference value :  2.39037e-01
 Reference value :  2.50985e-01
 Reference value :  2.62515e-01
 Reference value :  2.73879e-01
 Reference value :  2.86091e-01
 Reference value :  2.97779e-01
 Reference value :  3.09481e-01
 Reference value :  3.21549e-01
 Reference value :  3.33577e-01
 Reference value :  3.45315e-01
 Reference value :  3.57495e-01
 Reference value :  3.68825e-01
 Reference value :  3.80381e-01
 Reference value :  3.91903e-01
 Reference value :  4.02383e-01
 Reference value :  4.14309e-01
 Reference value :  4.25673e-01
 Reference value :  4.37675e-01
 Reference value :  4.49999e-01
 Reference value :  4.62359e-01
 Reference value :  4.74915e-01
 Reference value :  4.87229e-01
 Reference value :  4.98597e-01
 Reference value :  5.10453e-01
 Reference value :  5.22623e-01
 Reference value :  5.34143e-01
 Reference value :  5.44363e-01
 Reference value :  5.55913e-01
 Reference value :  5.67637e-01
 Reference value :  5.79543e-01
 Reference value :  5.91493e-01
 Reference value :  6.03503e-01
 Reference value :  6.15691e-01
 Reference value :  6.26441e-01
 Reference value :  6.36817e-01
 Reference value :  6.48219e-01
 Reference value :  6.60591e-01
 Reference value :  6.71247e-01
 Reference value :  6.82947e-01
 Reference value :  6.94073e-01
 Reference value :  7.04841e-01
 Reference value :  7.14449e-01
 Reference value :  7.24275e-01
 Reference value :  7.34681e-01
 Reference value :  7.45931e-01
 Reference value :  7.57564e-01
 Reference value :  7.64846e-01
 Reference value :  7.73810e-01
 Reference value :  7.83840e-01
 Reference value :  7.94211e-01
 Reference value :  8.04451e-01
 Reference value :  8.14054e-01
 Reference value :  8.23369e-01
 Reference value :  8.29527e-01
 Reference value :  8.35621e-01
 Reference value :  8.41843e-01
 Reference value :  8.47339e-01
No. of Data Rows : 427260
I32_FINISHED
ngspice-42 done
