Using SPARSE 1.3 as Direct Linear Solver
Note: Starting dynamic gmin stepping
Warning: Dynamic gmin stepping failed
Note: Starting true gmin stepping
Warning: True gmin stepping failed
Note: Starting source stepping
Warning: singular matrix:  check node snsprev

Warning: singular matrix:  check node snsprev

Warning: source stepping failed
Note: Transient op started
Note: Transient op finished successfully

Note: No compatibility mode selected!


Circuit: i32 exploratory network alternative; not manufacturer u151 model

Doing analysis at TEMP = 27.000000 and TNOM = 27.000000


Initial Transient Solution
--------------------------

Node                                   Voltage
----                                   -------
bat                                          0
cable_r                            1.59936e-54
raw_12v                           -3.97809e-52
fused_12v                         -3.97009e-52
rev_blocked_12v                    5.60235e-42
protect_ctrl_vin                  -4.20197e-42
protected_12v                      4.96264e-42
input_uv                           3.71584e-43
input_ov                           1.40059e-43
input_shdn                        -4.20196e-42
one                                          1
uv_ok                                    1e-09
ov_bad                                   1e-09
pvalid                                       0
ptimer                                       0
allow                                        0
allow_d                                      0
input_gate_drive                  -2.77654e-35
input_gate                        -2.77654e-35
input_gate_slew                   -2.77655e-35
qsrc                                 4.963e-42
buck_feed                          4.96271e-42
vin5                               4.96975e-42
en5                                1.02863e-42
on5                                      1e-09
xu121.age                                    0
xu121.active                                 0
xu121.ref                                    0
xu121.neg                                    0
xu121.req                         -4.85479e-43
fb5                                1.51712e-44
xu121.integral                               0
xu121.cmd                                    0
xu121.command                                0
xu121.drive                                  0
source5                           -8.10764e-45
xu121.active_f                               0
xu121.sense                       -4.68823e-41
sw5                               -4.68823e-41
winding5                           1.45579e-44
c127r                              2.00216e-46
c128r                              2.00216e-46
ripple5                            9.03893e-45
rail5                             -8.30839e-45
feediso                           -8.30884e-45
good5                                    1e-09
iso_en_pin                        -1.45761e-45
gooddelay                           6.6967e-11
ageiso                                       0
switchon                                     0
slewiso                                      0
feedpass                          -8.30884e-45
vin                                 1.3382e-92
snsiso                               1.823e-93
localgood                                1e-09
snsfiltered                        7.50022e-10
snsprev                            7.09797e-10
snsevent                                     0
restartage                               1e-05
pgwant                                       0
pgdelay                                      0
en151                             -6.98705e-45
actual_en151                      -3.56004e-45
enable_ctrl                              1e-09
c151_esr                           2.04202e-97
enable                                   1e-09
xu151.age                                    0
xu151.active                                 0
xu151.ref                                    0
xu151.neg                                    0
xu151.req                          3.68302e-93
fb                                -5.11531e-94
xu151.integral                               0
xu151.cmd                                    0
xu151.command                                0
xu151.drive                                  0
source                            -1.71014e-93
xu151.active_f                               0
xu151.sense                       -1.70762e-93
sw                                -1.70762e-93
winding                           -1.71014e-93
c155_esr                           4.48674e-99
c156_esr                           4.48674e-99
c157_esr                           4.48674e-99
c158_esr                          4.19292e-101
main                              -1.71001e-93
c201_esr                           4.75004e-99
c204_esr                           4.75004e-99
c202_esr                          4.27774e-101
c205_esr                          4.27774e-101
c301_esr                          4.27774e-101
c302_esr                            4.281e-100
c404_esr                          4.27774e-101
c531_esr                          4.27774e-101
branch_sense                      -1.71001e-93
branch_l                          -1.71001e-93
branch_r                          -1.71001e-93
bulksw_out                                   0
damped                                       0
c206_esr                                     0
main_feed                         -1.71013e-93
main_l                            -1.71004e-93
requested                                 0.45
ready                                        0
valid                                    1e-09
timer                                        0
reset_ctl                                    1
reset_raw                         -6.00003e-95
en                                -2.10001e-94
disg                               1.25945e-92
disfeed                           -1.71014e-93
disdrain                          -1.71014e-93
hold_l                              1.3391e-92
hold_bus                           1.33893e-92
c162                                1.3393e-92
bulk_en_in                        -1.71001e-93
bulk_en_pin                       -4.26436e-94
bulk_want                                1e-09
bulk_enabled                        6.6967e-11
bulk_age                                     0
bulk_slew                                    0
bulk_feed                         -1.71001e-93
bulk_localcap                     -1.71001e-93
bbulk_slew#branch                            0
breset#branch                                0
bready#branch                                0
v.xu151.vsense#branch             3.41523e-105
b.xu151.bdrive#branch            -1.70762e-105
b.xu151.bcmd#branch                          0
b.xu151.breq#branch                          0
b.xu151.bneg#branch                          0
b.xu151.bref#branch                          0
b.xu151.bactive#branch                       0
bpgwant#branch                               0
bswitchon#branch                             0
bsnsevent#branch                             0
bvslew#branch                                0
v.xu121.vsense#branch              9.37646e-53
b.xu121.bdrive#branch             -4.68823e-53
b.xu121.bcmd#branch                          0
b.xu121.breq#branch                          0
b.xu121.bneg#branch                          0
b.xu121.bref#branch                          0
b.xu121.bactive#branch                       0
ballow#branch                                0
bpvalid#branch                               0
lhold#branch                      -1.49864e-94
lmainfeed#branch                  -1.25082e-96
lbranch#branch                     2.14225e-98
l151#branch                        -2.0358e-99
l121#branch                        8.12783e-44
lcable#branch                     -1.59936e-53
vbulkpass#branch                             0
vr165#branch                      1.34674e-103
vload#branch                                 0
vr158#branch                       2.14225e-98
vpass#branch                       -1.3382e-96
vlogic#branch                           -9e-12
vbat#branch                        1.59936e-53

 Reference value :  8.84817e-03
 Reference value :  1.83662e-02
 Reference value :  2.39962e-02
 Reference value :  3.13482e-02
 Reference value :  4.04560e-02
 Reference value :  4.92180e-02
 Reference value :  5.66080e-02
 Reference value :  6.50120e-02
 Reference value :  7.38560e-02
 Reference value :  8.27040e-02
 Reference value :  8.93467e-02
 Reference value :  9.65213e-02
 Reference value :  1.03619e-01
 Reference value :  1.12113e-01
 Reference value :  1.20307e-01
 Reference value :  1.28695e-01
 Reference value :  1.36771e-01
 Reference value :  1.45375e-01
 Reference value :  1.53009e-01
 Reference value :  1.61425e-01
 Reference value :  1.68299e-01
 Reference value :  1.74893e-01
 Reference value :  1.81873e-01
 Reference value :  1.90979e-01
 Reference value :  1.99285e-01
 Reference value :  2.06493e-01
 Reference value :  2.12169e-01
 Reference value :  2.18705e-01
 Reference value :  2.26477e-01
 Reference value :  2.34629e-01
 Reference value :  2.43151e-01
 Reference value :  2.51501e-01
 Reference value :  2.60303e-01
 Reference value :  2.68987e-01
 Reference value :  2.78005e-01
 Reference value :  2.87053e-01
 Reference value :  2.96135e-01
 Reference value :  3.04469e-01
 Reference value :  3.13463e-01
 Reference value :  3.22485e-01
 Reference value :  3.31685e-01
 Reference value :  3.40703e-01
 Reference value :  3.49705e-01
 Reference value :  3.56737e-01
 Reference value :  3.65811e-01
 Reference value :  3.75071e-01
 Reference value :  3.84107e-01
 Reference value :  3.93073e-01
 Reference value :  4.01885e-01
 Reference value :  4.09829e-01
 Reference value :  4.18787e-01
 Reference value :  4.28167e-01
 Reference value :  4.37547e-01
 Reference value :  4.44725e-01
 Reference value :  4.52148e-01
 Reference value :  4.59932e-01
 Reference value :  4.68460e-01
 Reference value :  4.76648e-01
 Reference value :  4.84870e-01
 Reference value :  4.93352e-01
 Reference value :  5.02132e-01
 Reference value :  5.08704e-01
 Reference value :  5.16496e-01
 Reference value :  5.23164e-01
 Reference value :  5.29150e-01
 Reference value :  5.37746e-01
 Reference value :  5.46314e-01
 Reference value :  5.54944e-01
 Reference value :  5.63722e-01
 Reference value :  5.71630e-01
 Reference value :  5.79604e-01
 Reference value :  5.87958e-01
 Reference value :  5.96542e-01
No. of Data Rows : 300544
I32_FINISHED
ngspice-42 done
