Using SPARSE 1.3 as Direct Linear Solver
Note: Starting dynamic gmin stepping
Warning: Dynamic gmin stepping failed
Note: Starting true gmin stepping
Warning: True gmin stepping failed
Note: Starting source stepping
Warning: singular matrix:  check node snsfiltered

Warning: singular matrix:  check node snsfiltered

Warning: source stepping failed
Note: Transient op started
Note: Transient op finished successfully

Note: No compatibility mode selected!


Circuit: i32 exploratory network alternative; not manufacturer u151 model

Doing analysis at TEMP = 27.000000 and TNOM = 27.000000


Initial Transient Solution
--------------------------

Node                                   Voltage
----                                   -------
bat                                          0
cable_r                             8.3356e-55
raw_12v                           -8.34001e-54
fused_12v                         -7.92323e-54
rev_blocked_12v                    5.70344e-42
protect_ctrl_vin                  -4.25884e-42
protected_12v                      5.04866e-42
input_uv                           3.78289e-43
input_ov                           1.42586e-43
input_shdn                        -4.25884e-42
one                                          1
uv_ok                                    1e-09
ov_bad                                   1e-09
pvalid                                       0
ptimer                                       0
allow                                        0
allow_d                                      0
input_gate_drive                  -2.82128e-35
input_gate                        -2.82128e-35
input_gate_slew                    -2.8213e-35
qsrc                               5.04902e-42
buck_feed                          5.04861e-42
vin5                                5.0439e-42
en5                                1.04398e-42
on5                                      1e-09
xu121.age                                    0
xu121.active                                 0
xu121.ref                                    0
xu121.neg                                    0
xu121.req                          -1.2301e-41
fb5                                3.84406e-43
xu121.integral                               0
xu121.cmd                                    0
xu121.command                                0
xu121.drive                                  0
source5                           -3.06732e-43
xu121.active_f                               0
xu121.sense                       -4.05605e-40
sw5                               -4.05605e-40
winding5                           1.84255e-44
c127r                              4.31981e-45
c128r                              4.31981e-45
ripple5                            1.51741e-43
rail5                             -3.11059e-43
feediso                           -3.11069e-43
good5                                    1e-09
iso_en_pin                        -5.45718e-44
gooddelay                           6.6967e-11
ageiso                                       0
switchon                                     0
slewiso                                      0
feedpass                          -3.11069e-43
vin                               -1.16165e-80
snsiso                            -1.58262e-81
localgood                                1e-09
snsfiltered                        7.50022e-10
snsprev                            7.09797e-10
snsevent                                     0
restartage                               1e-05
pgwant                                       0
pgdelay                                      0
en151                             -2.59967e-43
actual_en151                      -1.32459e-43
enable_ctrl                              1e-09
c151_esr                          -5.68029e-87
enable                                   1e-09
xu151.age                                    0
xu151.active                                 0
xu151.ref                                    0
xu151.neg                                    0
xu151.req                         -3.23598e-83
fb                                 4.49442e-84
xu151.integral                               0
xu151.cmd                                    0
xu151.command                                0
xu151.drive                                  0
source                             1.49669e-83
xu151.active_f                               0
xu151.sense                       -4.86118e-82
sw                                -4.86118e-82
winding                            1.50507e-83
c155_esr                           3.49079e-87
c156_esr                           3.49079e-87
c157_esr                           3.49079e-87
c158_esr                          -5.73318e-89
main                               1.49577e-83
c201_esr                           -1.7626e-88
c204_esr                           -1.7626e-88
c202_esr                          -1.49966e-90
c205_esr                          -1.49966e-90
c301_esr                          -1.49966e-90
c302_esr                          -1.50595e-89
c404_esr                          -1.49966e-90
c531_esr                          -1.49966e-90
branch_sense                       1.49577e-83
branch_l                           1.49606e-83
branch_r                           1.49609e-83
damped                             1.49756e-83
c206_esr                          -1.11309e-87
main_feed                          1.49664e-83
main_l                              1.4963e-83
requested                                 0.45
ready                                        0
valid                                    1e-09
timer                                        0
reset_ctl                                    1
reset_raw                          5.24832e-85
en                                 1.83691e-84
disg                              -1.16165e-80
disfeed                            1.49669e-83
disdrain                           1.49669e-83
hold_l                            -1.16165e-80
hold_bus                          -1.16165e-80
c162                              -1.16165e-80
c163                              -1.16165e-80
c164                              -1.16165e-80
cextra3                           -1.16165e-80
cextra4                           -1.16165e-80
cextra5                           -1.16165e-80
breset#branch                                0
bready#branch                                0
v.xu151.vsense#branch              9.72238e-94
b.xu151.bdrive#branch             -4.86118e-94
b.xu151.bcmd#branch                          0
b.xu151.breq#branch                          0
b.xu151.bneg#branch                          0
b.xu151.bref#branch                          0
b.xu151.bactive#branch                       0
bpgwant#branch                               0
bswitchon#branch                             0
bsnsevent#branch                             0
bvslew#branch                                0
v.xu121.vsense#branch               8.1121e-52
b.xu121.bdrive#branch             -4.05605e-52
b.xu121.bcmd#branch                          0
b.xu121.breq#branch                          0
b.xu121.bneg#branch                          0
b.xu121.bref#branch                          0
b.xu121.bactive#branch                       0
ballow#branch                                0
bpvalid#branch                               0
lhold#branch                        1.7524e-86
lmainfeed#branch                   4.50361e-86
lbranch#branch                    -4.45234e-86
l151#branch                        1.08742e-84
l121#branch                        1.73881e-42
lcable#branch                      -8.3356e-54
vr165#branch                       -1.2687e-89
vload#branch                                 0
vr158#branch                      -4.45234e-86
vpass#branch                                 0
vlogic#branch                           -8e-12
vbat#branch                         8.3356e-54

 Reference value :  8.08417e-03
 Reference value :  1.82022e-02
 Reference value :  2.63442e-02
 Reference value :  3.59851e-02
 Reference value :  4.39432e-02
 Reference value :  5.34592e-02
 Reference value :  6.36921e-02
 Reference value :  7.40463e-02
 Reference value :  8.30513e-02
 Reference value :  9.01333e-02
 Reference value :  9.68213e-02
 Reference value :  1.04539e-01
 Reference value :  1.14197e-01
 Reference value :  1.23971e-01
 Reference value :  1.33697e-01
 Reference value :  1.43521e-01
 Reference value :  1.51099e-01
 Reference value :  1.57755e-01
 Reference value :  1.64288e-01
 Reference value :  1.72045e-01
 Reference value :  1.81229e-01
 Reference value :  1.90329e-01
 Reference value :  1.99245e-01
No. of Data Rows : 100626
I32_FINISHED
ngspice-42 done
