Using SPARSE 1.3 as Direct Linear Solver
Note: Starting dynamic gmin stepping
Warning: Dynamic gmin stepping failed
Note: Starting true gmin stepping
Warning: True gmin stepping failed
Note: Starting source stepping
Warning: singular matrix:  check node gooddelay

Warning: singular matrix:  check node gooddelay

Warning: source stepping failed
Note: Transient op started
Note: Transient op finished successfully

Note: No compatibility mode selected!


Circuit: i32 exploratory network alternative; not manufacturer u151 model

Doing analysis at TEMP = 27.000000 and TNOM = 27.000000


Initial Transient Solution
--------------------------

Node                                   Voltage
----                                   -------
bat                                          0
cable_r                           -2.11143e-54
raw_12v                            1.31174e-51
fused_12v                          1.31069e-51
rev_blocked_12v                    3.35123e-42
protect_ctrl_vin                  -3.79588e-42
protected_12v                      4.55801e-42
input_uv                           2.22276e-43
input_ov                           8.37808e-44
input_shdn                        -3.79588e-42
one                                          1
uv_ok                                    1e-09
ov_bad                                   1e-09
pvalid                                       0
ptimer                                       0
allow                                        0
allow_d                                      0
input_gate_drive                  -2.54618e-35
input_gate                        -2.54618e-35
input_gate_slew                   -2.54619e-35
qsrc                               4.55834e-42
buck_feed                           4.5575e-42
vin5                               4.50969e-42
en5                                9.33409e-43
on5                                      1e-09
xu121.age                                    0
xu121.active                                 0
xu121.ref                                    0
xu121.neg                                    0
xu121.req                         -7.67989e-41
fb5                                2.39997e-42
xu121.integral                               0
xu121.cmd                                    0
xu121.command                                0
xu121.drive                                  0
source5                           -3.74382e-43
xu121.active_f                               0
xu121.sense                       -1.43307e-39
sw5                               -1.43307e-39
winding5                           1.03653e-42
c127r                              1.87653e-44
c128r                              1.87653e-44
ripple5                            2.11232e-42
rail5                             -3.93175e-43
feediso                           -3.93175e-43
good5                                    1e-09
iso_en_pin                        -6.78479e-44
gooddelay                           6.6967e-11
ageiso                                       0
switchon                                     0
slewiso                                      0
feedpass                          -3.93175e-43
vin                                1.39572e-78
snsiso                             1.85303e-79
localgood                                1e-09
snsfiltered                        7.50022e-10
snsprev                            7.09797e-10
snsevent                                     0
restartage                               1e-05
pgwant                                       0
pgdelay                                      0
en151                             -3.19178e-43
enable_ctrl                              1e-09
c151_esr                          -5.90997e-84
enable                                   1e-09
xu151.age                                    0
xu151.active                                 0
xu151.ref                                    0
xu151.neg                                    0
xu151.req                          7.88029e-81
fb                                -5.47243e-82
xu151.integral                               0
xu151.cmd                                    0
xu151.command                                0
xu151.drive                                  0
source                            -1.78649e-81
xu151.active_f                               0
xu151.sense                       -3.05125e-81
sw                                -3.05125e-81
winding                           -1.78922e-81
c155_esr                           -9.1275e-86
c156_esr                           -9.1275e-86
c157_esr                           -9.1275e-86
c158_esr                          -6.05657e-88
main                              -1.78641e-81
c201_esr                          -2.82864e-86
c204_esr                          -2.82864e-86
c202_esr                          -3.10855e-88
c205_esr                          -3.10855e-88
c301_esr                          -3.10855e-88
c302_esr                          -3.64941e-87
c404_esr                          -3.10855e-88
c531_esr                          -3.10855e-88
branch_sense                      -1.78641e-81
branch_l                          -1.78643e-81
branch_r                           -1.7864e-81
damped                            -1.78652e-81
c206_esr                           6.51774e-87
requested                                 0.45
valid                                    1e-09
timer                                        0
ready                                        0
reset_ctl                                    1
reset_raw                         -6.26807e-83
en                                -2.19383e-82
disg                               1.31421e-78
disfeed                           -1.78649e-81
disdrain                          -1.78649e-81
hold_l                              1.3965e-78
hold_bus                           1.39652e-78
c162                               1.39781e-78
c163                               1.39781e-78
breset#branch                                0
bready#branch                                0
v.xu151.vsense#branch               6.1021e-93
b.xu151.bdrive#branch             -3.05125e-93
b.xu151.bcmd#branch                          0
b.xu151.breq#branch                          0
b.xu151.bneg#branch                          0
b.xu151.bref#branch                          0
b.xu151.bactive#branch                       0
bpgwant#branch                               0
bswitchon#branch                             0
bsnsevent#branch                             0
bvslew#branch                                0
v.xu121.vsense#branch              2.86613e-51
b.xu121.bdrive#branch             -1.43307e-51
b.xu121.bcmd#branch                          0
b.xu121.breq#branch                          0
b.xu121.bneg#branch                          0
b.xu121.bref#branch                          0
b.xu121.bactive#branch                       0
ballow#branch                                0
bpvalid#branch                               0
lhold#branch                      -2.57925e-80
lbranch#branch                      2.6071e-85
l151#branch                       -3.54127e-83
l121#branch                        7.54499e-42
lcable#branch                      2.11143e-53
vr165#branch                       6.22175e-89
vload#branch                                 0
vr158#branch                        2.6071e-85
vpass#branch                      -1.39572e-82
vlogic#branch                           -8e-12
vbat#branch                       -2.11143e-53

 Reference value :  7.09514e-03 Reference value :  1.78491e-02 Reference value :  2.99891e-02 Reference value :  4.09775e-02 Reference value :  5.02354e-02 Reference value :  5.73323e-02 Reference value :  6.71286e-02 Reference value :  7.51686e-02 Reference value :  8.28348e-02 Reference value :  9.27693e-02 Reference value :  1.01811e-01 Reference value :  1.11869e-01
No. of Data Rows : 62942
I32_FINISHED
ngspice-42 done
