Using SPARSE 1.3 as Direct Linear Solver
Note: Starting dynamic gmin stepping
Warning: Dynamic gmin stepping failed
Note: Starting true gmin stepping
Warning: True gmin stepping failed
Note: Starting source stepping
Warning: singular matrix:  check node snsprev

Warning: singular matrix:  check node snsprev

Warning: source stepping failed
Note: Transient op started
Note: Transient op finished successfully

Note: No compatibility mode selected!


Circuit: i32 exploratory network alternative; not manufacturer u151 model

Doing analysis at TEMP = 27.000000 and TNOM = 27.000000


Initial Transient Solution
--------------------------

Node                                   Voltage
----                                   -------
bat                                          0
cable_r                            2.03617e-55
raw_12v                            2.93171e-52
fused_12v                          2.93273e-52
rev_blocked_12v                    5.60278e-42
protect_ctrl_vin                  -4.20197e-42
protected_12v                      4.96313e-42
input_uv                           3.71613e-43
input_ov                           1.40069e-43
input_shdn                        -4.20196e-42
one                                          1
uv_ok                                    1e-09
ov_bad                                   1e-09
pvalid                                       0
ptimer                                       0
allow                                        0
allow_d                                      0
input_gate_drive                  -2.77654e-35
input_gate                        -2.77654e-35
input_gate_slew                   -2.77655e-35
qsrc                               4.96349e-42
buck_feed                          4.96298e-42
vin5                                4.9485e-42
en5                                1.02423e-42
on5                                      1e-09
xu121.age                                    0
xu121.active                                 0
xu121.ref                                    0
xu121.neg                                    0
xu121.req                         -3.15358e-41
fb5                                9.85492e-43
xu121.integral                               0
xu121.cmd                                    0
xu121.command                                0
xu121.drive                                  0
source5                            6.03481e-46
xu121.active_f                               0
xu121.sense                       -6.19929e-40
sw5                               -6.19929e-40
winding5                           8.33936e-43
c127r                              7.42841e-45
c128r                              7.42841e-45
ripple5                            9.85565e-43
rail5                             -6.83777e-45
feediso                           -6.85464e-45
good5                                    1e-09
iso_en_pin                        -1.19961e-45
gooddelay                           6.6967e-11
ageiso                                       0
switchon                                     0
slewiso                                      0
feedpass                          -6.85464e-45
vin                                2.58286e-92
snsiso                             3.51858e-93
localgood                                1e-09
snsfiltered                        7.50022e-10
snsprev                            7.09797e-10
snsevent                                     0
restartage                               1e-05
pgwant                                       0
pgdelay                                      0
en151                             -6.98718e-45
actual_en151                      -3.62218e-45
enable_ctrl                              1e-09
c151_esr                           7.51194e-97
enable                                   1e-09
xu151.age                                    0
xu151.active                                 0
xu151.ref                                    0
xu151.neg                                    0
xu151.req                          1.42474e-92
fb                                -9.89401e-94
xu151.integral                               0
xu151.cmd                                    0
xu151.command                                0
xu151.drive                                  0
source                            -3.30127e-93
xu151.active_f                               0
xu151.sense                       -4.02983e-93
sw                                -4.02983e-93
winding                           -3.30959e-93
c155_esr                           -2.3253e-97
c156_esr                           -2.3253e-97
c157_esr                           -2.3253e-97
c158_esr                          -1.32021e-99
main                              -3.30078e-93
c201_esr                           9.90525e-99
c204_esr                           9.90525e-99
c202_esr                          4.06185e-101
c205_esr                          4.06185e-101
c301_esr                          4.06185e-101
c302_esr                          4.11087e-100
c404_esr                          4.06185e-101
c531_esr                          4.06185e-101
branch_sense                      -3.30078e-93
branch_l                          -3.30078e-93
branch_r                          -3.30078e-93
bulksw_out                                   0
damped                                       0
c206_esr                                     0
main_feed                         -3.30124e-93
main_l                            -3.30107e-93
requested                                 0.45
ready                                        0
valid                                    1e-09
timer                                        0
reset_ctl                                    1
reset_raw                         -1.15817e-94
en                                -4.05359e-94
disg                               2.43084e-92
disfeed                           -3.30127e-93
disdrain                          -3.30127e-93
hold_l                              2.5846e-92
hold_bus                           2.58422e-92
c162                               2.58494e-92
bulk_en_in                        -3.30078e-93
bulk_en_pin                       -8.23137e-94
bulk_want                                1e-09
bulk_enabled                        6.6967e-11
bulk_age                                     0
bulk_slew                                    0
bulk_feed                         -3.30078e-93
bulk_localcap                     -3.30078e-93
bbulk_slew#branch                            0
breset#branch                                0
bready#branch                                0
v.xu151.vsense#branch             8.05967e-105
b.xu151.bdrive#branch            -4.02983e-105
b.xu151.bcmd#branch                          0
b.xu151.breq#branch                          0
b.xu151.bneg#branch                          0
b.xu151.bref#branch                          0
b.xu151.bactive#branch                       0
bpgwant#branch                               0
bswitchon#branch                             0
bsnsevent#branch                             0
bvslew#branch                                0
v.xu121.vsense#branch              1.23986e-51
b.xu121.bdrive#branch             -6.19929e-52
b.xu121.bcmd#branch                          0
b.xu121.breq#branch                          0
b.xu121.bneg#branch                          0
b.xu121.bref#branch                          0
b.xu121.bactive#branch                       0
ballow#branch                                0
bpvalid#branch                               0
lhold#branch                      -2.89233e-94
lmainfeed#branch                  -2.32582e-96
lbranch#branch                     4.51705e-98
l151#branch                       -7.24125e-95
l121#branch                        2.98831e-42
lcable#branch                     -2.03617e-54
vbulkpass#branch                             0
vr165#branch                      1.85658e-100
vload#branch                                 0
vr158#branch                       4.51705e-98
vpass#branch                      -2.58286e-96
vlogic#branch                           -9e-12
vbat#branch                        2.03617e-54

 Reference value :  6.85817e-03
 Reference value :  1.75482e-02
 Reference value :  2.85362e-02
 Reference value :  3.83362e-02
 Reference value :  4.62170e-02
 Reference value :  5.46930e-02
 Reference value :  6.50390e-02
 Reference value :  7.49250e-02
 Reference value :  8.46926e-02
 Reference value :  9.46747e-02
 Reference value :  1.04047e-01
 Reference value :  1.13167e-01
 Reference value :  1.22029e-01
 Reference value :  1.31005e-01
 Reference value :  1.40125e-01
 Reference value :  1.49149e-01
 Reference value :  1.57967e-01
 Reference value :  1.66895e-01
 Reference value :  1.75943e-01
 Reference value :  1.85031e-01
 Reference value :  1.94095e-01
 Reference value :  2.02917e-01
 Reference value :  2.11367e-01
 Reference value :  2.17925e-01
 Reference value :  2.24205e-01
 Reference value :  2.32169e-01
 Reference value :  2.41213e-01
 Reference value :  2.50319e-01
 Reference value :  2.59103e-01
 Reference value :  2.68241e-01
 Reference value :  2.76673e-01
 Reference value :  2.85214e-01
 Reference value :  2.94018e-01
 Reference value :  3.03012e-01
 Reference value :  3.12176e-01
 Reference value :  3.21128e-01
 Reference value :  3.30134e-01
 Reference value :  3.39194e-01
 Reference value :  3.48186e-01
 Reference value :  3.56904e-01
 Reference value :  3.65794e-01
 Reference value :  3.74930e-01
 Reference value :  3.84086e-01
 Reference value :  3.93210e-01
 Reference value :  4.02164e-01
 Reference value :  4.11438e-01
 Reference value :  4.20668e-01
 Reference value :  4.29320e-01
 Reference value :  4.38106e-01
 Reference value :  4.45996e-01
 Reference value :  4.53746e-01
 Reference value :  4.62704e-01
 Reference value :  4.70686e-01
 Reference value :  4.78212e-01
 Reference value :  4.87230e-01
 Reference value :  4.95996e-01
 Reference value :  5.04858e-01
 Reference value :  5.13996e-01
 Reference value :  5.23102e-01
 Reference value :  5.32156e-01
 Reference value :  5.40202e-01
 Reference value :  5.48562e-01
 Reference value :  5.56478e-01
 Reference value :  5.65708e-01
 Reference value :  5.74720e-01
 Reference value :  5.83868e-01
 Reference value :  5.93082e-01
No. of Data Rows : 300437
I32_FINISHED
ngspice-42 done
