Using SPARSE 1.3 as Direct Linear Solver
Note: Starting dynamic gmin stepping
Warning: Dynamic gmin stepping failed
Note: Starting true gmin stepping
Warning: True gmin stepping failed
Note: Starting source stepping
Warning: singular matrix:  check node snsprev

Warning: singular matrix:  check node snsprev

Warning: source stepping failed
Note: Transient op started
Note: Transient op finished successfully

Note: No compatibility mode selected!


Circuit: i32 exploratory network alternative; not manufacturer u151 model

Doing analysis at TEMP = 27.000000 and TNOM = 27.000000


Initial Transient Solution
--------------------------

Node                                   Voltage
----                                   -------
bat                                          0
cable_r                            1.28698e-54
raw_12v                           -2.40775e-52
fused_12v                         -2.40131e-52
rev_blocked_12v                    5.60242e-42
protect_ctrl_vin                  -4.20197e-42
protected_12v                      4.96273e-42
input_uv                           3.71589e-43
input_ov                           1.40061e-43
input_shdn                        -4.20196e-42
one                                          1
uv_ok                                    1e-09
ov_bad                                   1e-09
pvalid                                       0
ptimer                                       0
allow                                        0
allow_d                                      0
input_gate_drive                  -2.77654e-35
input_gate                        -2.77654e-35
input_gate_slew                   -2.77655e-35
qsrc                               4.96308e-42
buck_feed                          4.96275e-42
vin5                               4.96509e-42
en5                                1.02767e-42
on5                                      1e-09
xu121.age                                    0
xu121.active                                 0
xu121.ref                                    0
xu121.neg                                    0
xu121.req                         -6.22552e-42
fb5                                1.94548e-43
xu121.integral                               0
xu121.cmd                                    0
xu121.command                                0
xu121.drive                                  0
source5                            -6.1214e-45
xu121.active_f                               0
xu121.sense                       -1.87447e-40
sw5                               -1.87447e-40
winding5                           2.00849e-43
c127r                              1.84297e-45
c128r                              1.84297e-45
ripple5                            1.89593e-43
rail5                             -7.96766e-45
feediso                           -7.97185e-45
good5                                    1e-09
iso_en_pin                        -1.39783e-45
gooddelay                           6.6967e-11
ageiso                                       0
switchon                                     0
slewiso                                      0
feedpass                          -7.97185e-45
vin                                 1.3384e-92
snsiso                             1.82328e-93
localgood                                1e-09
snsfiltered                        7.50022e-10
snsprev                            7.09797e-10
snsevent                                     0
restartage                               1e-05
pgwant                                       0
pgdelay                                      0
en151                             -6.98708e-45
actual_en151                      -3.56005e-45
enable_ctrl                              1e-09
c151_esr                           1.62972e-96
enable                                   1e-09
xu151.age                                    0
xu151.active                                 0
xu151.ref                                    0
xu151.neg                                    0
xu151.req                          3.68763e-93
fb                                -5.12171e-94
xu151.integral                               0
xu151.cmd                                    0
xu151.command                                0
xu151.drive                                  0
source                            -1.71228e-93
xu151.active_f                               0
xu151.sense                        8.53202e-92
sw                                 8.53202e-92
winding                           -1.74436e-93
c155_esr                          -9.21628e-97
c156_esr                          -9.21628e-97
c157_esr                          -9.21628e-97
c158_esr                           6.99145e-99
main                              -1.71017e-93
c201_esr                            -3.458e-99
c204_esr                            -3.458e-99
c202_esr                         -6.02949e-101
c205_esr                         -6.02949e-101
c301_esr                         -6.02949e-101
c302_esr                         -5.78737e-100
c404_esr                         -6.02949e-101
c531_esr                         -6.02949e-101
branch_sense                      -1.71017e-93
branch_l                          -1.71016e-93
branch_r                          -1.71016e-93
bulksw_out                                   0
damped                                       0
c206_esr                                     0
main_feed                         -1.71225e-93
main_l                            -1.71202e-93
requested                                 0.45
ready                                        0
valid                                    1e-09
timer                                        0
reset_ctl                                    1
reset_raw                         -6.00057e-95
en                                 -2.1002e-94
disg                               1.25946e-92
disfeed                           -1.71228e-93
disdrain                          -1.71229e-93
hold_l                              1.3393e-92
hold_bus                           1.33893e-92
c162                                1.3393e-92
bulk_en_in                        -1.71016e-93
bulk_en_pin                       -4.26475e-94
bulk_want                                1e-09
bulk_enabled                        6.6967e-11
bulk_age                                     0
bulk_slew                                    0
bulk_feed                         -1.71016e-93
bulk_localcap                     -1.71016e-93
bbulk_slew#branch                            0
breset#branch                                0
bready#branch                                0
v.xu151.vsense#branch             -1.7064e-103
b.xu151.bdrive#branch             8.53202e-104
b.xu151.bcmd#branch                          0
b.xu151.breq#branch                          0
b.xu151.bneg#branch                          0
b.xu151.bref#branch                          0
b.xu151.bactive#branch                       0
bpgwant#branch                               0
bswitchon#branch                             0
bsnsevent#branch                             0
bvslew#branch                                0
v.xu121.vsense#branch              3.74893e-52
b.xu121.bdrive#branch             -1.87447e-52
b.xu121.bcmd#branch                          0
b.xu121.breq#branch                          0
b.xu121.bneg#branch                          0
b.xu121.bref#branch                          0
b.xu121.bactive#branch                       0
ballow#branch                                0
bpvalid#branch                               0
lhold#branch                      -1.49421e-94
lmainfeed#branch                  -3.07602e-96
lbranch#branch                    -9.74736e-99
l151#branch                       -2.78964e-94
l121#branch                        7.42192e-43
lcable#branch                     -1.28698e-53
vbulkpass#branch                             0
vr165#branch                       2.34862e-99
vload#branch                                 0
vr158#branch                      -9.74737e-99
vpass#branch                       -1.3384e-96
vlogic#branch                           -9e-12
vbat#branch                        1.28698e-53

 Reference value :  3.61475e-03
 Reference value :  7.77275e-03
 Reference value :  1.19558e-02
 Reference value :  1.73248e-02
 Reference value :  2.30008e-02
 Reference value :  2.81208e-02
 Reference value :  3.18988e-02
 Reference value :  3.70273e-02
 Reference value :  4.10725e-02
 Reference value :  4.51045e-02
 Reference value :  4.85975e-02
 Reference value :  5.23545e-02
 Reference value :  5.66765e-02
 Reference value :  6.10725e-02
 Reference value :  6.48685e-02
 Reference value :  6.86835e-02
 Reference value :  7.21555e-02
 Reference value :  7.62865e-02
 Reference value :  8.11845e-02
 Reference value :  8.52647e-02
 Reference value :  9.00687e-02
 Reference value :  9.48422e-02
 Reference value :  9.95422e-02
 Reference value :  1.03207e-01
 Reference value :  1.07651e-01
 Reference value :  1.11837e-01
 Reference value :  1.16101e-01
 Reference value :  1.19861e-01
 Reference value :  1.24051e-01
 Reference value :  1.28326e-01
 Reference value :  1.32823e-01
 Reference value :  1.36722e-01
 Reference value :  1.40287e-01
 Reference value :  1.44391e-01
 Reference value :  1.48821e-01
 Reference value :  1.53188e-01
 Reference value :  1.57375e-01
 Reference value :  1.61538e-01
 Reference value :  1.65291e-01
 Reference value :  1.69026e-01
 Reference value :  1.73167e-01
 Reference value :  1.77302e-01
 Reference value :  1.80188e-01
 Reference value :  1.82757e-01
 Reference value :  1.85938e-01
 Reference value :  1.89099e-01
 Reference value :  1.92039e-01
 Reference value :  1.94991e-01
 Reference value :  1.97757e-01
 Reference value :  2.00362e-01
 Reference value :  2.03216e-01
 Reference value :  2.06091e-01
 Reference value :  2.09474e-01
 Reference value :  2.12013e-01
 Reference value :  2.14676e-01
 Reference value :  2.17515e-01
 Reference value :  2.21144e-01
 Reference value :  2.25149e-01
 Reference value :  2.28724e-01
 Reference value :  2.32366e-01
 Reference value :  2.36525e-01
 Reference value :  2.38848e-01
 Reference value :  2.41292e-01
 Reference value :  2.44594e-01
 Reference value :  2.48636e-01
 Reference value :  2.52322e-01
 Reference value :  2.55745e-01
 Reference value :  2.59717e-01
 Reference value :  2.62238e-01
 Reference value :  2.65164e-01
 Reference value :  2.68509e-01
 Reference value :  2.71647e-01
 Reference value :  2.75445e-01
 Reference value :  2.78891e-01
 Reference value :  2.82422e-01
 Reference value :  2.86324e-01
 Reference value :  2.88936e-01
 Reference value :  2.92096e-01
 Reference value :  2.95081e-01
 Reference value :  2.99282e-01
 Reference value :  3.03708e-01
 Reference value :  3.08034e-01
 Reference value :  3.12477e-01
 Reference value :  3.16909e-01
 Reference value :  3.21293e-01
 Reference value :  3.25459e-01
 Reference value :  3.29130e-01
 Reference value :  3.33338e-01
 Reference value :  3.37644e-01
 Reference value :  3.41998e-01
 Reference value :  3.45826e-01
 Reference value :  3.50070e-01
 Reference value :  3.53604e-01
 Reference value :  3.57607e-01
 Reference value :  3.60491e-01
 Reference value :  3.63254e-01
 Reference value :  3.67251e-01
 Reference value :  3.71253e-01
 Reference value :  3.75593e-01
 Reference value :  3.79715e-01
 Reference value :  3.84179e-01
 Reference value :  3.88440e-01
 Reference value :  3.92794e-01
 Reference value :  3.97220e-01
 Reference value :  4.01547e-01
 Reference value :  4.05013e-01
 Reference value :  4.08305e-01
 Reference value :  4.12034e-01
 Reference value :  4.16288e-01
 Reference value :  4.19589e-01
 Reference value :  4.23410e-01
 Reference value :  4.26380e-01
 Reference value :  4.29236e-01
 Reference value :  4.31531e-01
 Reference value :  4.35483e-01
 Reference value :  4.38846e-01
 Reference value :  4.42623e-01
 Reference value :  4.46924e-01
 Reference value :  4.50492e-01
 Reference value :  4.55043e-01
 Reference value :  4.59475e-01
 Reference value :  4.63876e-01
 Reference value :  4.68334e-01
 Reference value :  4.72565e-01
 Reference value :  4.76630e-01
 Reference value :  4.80737e-01
 Reference value :  4.84944e-01
 Reference value :  4.89472e-01
 Reference value :  4.94011e-01
 Reference value :  4.98475e-01
 Reference value :  5.02829e-01
 Reference value :  5.07374e-01
 Reference value :  5.11893e-01
 Reference value :  5.16135e-01
 Reference value :  5.20184e-01
 Reference value :  5.24488e-01
 Reference value :  5.28932e-01
 Reference value :  5.32630e-01
 Reference value :  5.36560e-01
 Reference value :  5.40675e-01
 Reference value :  5.44783e-01
 Reference value :  5.49273e-01
 Reference value :  5.53426e-01
 Reference value :  5.57395e-01
 Reference value :  5.61823e-01
 Reference value :  5.65916e-01
 Reference value :  5.69978e-01
 Reference value :  5.74185e-01
 Reference value :  5.78168e-01
 Reference value :  5.82113e-01
 Reference value :  5.86173e-01
 Reference value :  5.90351e-01
 Reference value :  5.94194e-01
 Reference value :  5.98644e-01
No. of Data Rows : 600413
I32_FINISHED
ngspice-42 done
