Using SPARSE 1.3 as Direct Linear Solver
Note: Starting dynamic gmin stepping
Warning: Dynamic gmin stepping failed
Note: Starting true gmin stepping
Warning: True gmin stepping failed
Note: Starting source stepping
Warning: singular matrix:  check node snsprev

Warning: singular matrix:  check node snsprev

Warning: source stepping failed
Note: Transient op started
Note: Transient op finished successfully

Note: No compatibility mode selected!


Circuit: i32 exploratory network alternative; not manufacturer u151 model

Doing analysis at TEMP = 27.000000 and TNOM = 27.000000


Initial Transient Solution
--------------------------

Node                                   Voltage
----                                   -------
bat                                          0
cable_r                            2.03966e-55
raw_12v                            2.93354e-52
fused_12v                          2.93456e-52
rev_blocked_12v                    5.60651e-42
protect_ctrl_vin                  -4.20557e-42
protected_12v                      4.96687e-42
input_uv                            3.7186e-43
input_ov                           1.40163e-43
input_shdn                        -4.20556e-42
one                                          1
uv_ok                                    1e-09
ov_bad                                   1e-09
pvalid                                       0
ptimer                                       0
allow                                        0
allow_d                                      0
input_gate_drive                  -2.77862e-35
input_gate                        -2.77862e-35
input_gate_slew                   -2.77863e-35
qsrc                               4.96722e-42
buck_feed                          4.96671e-42
vin5                               4.95223e-42
en5                                  1.025e-42
on5                                      1e-09
xu121.age                                    0
xu121.active                                 0
xu121.ref                                    0
xu121.neg                                    0
xu121.req                         -3.16069e-41
fb5                                9.87717e-43
xu121.integral                               0
xu121.cmd                                    0
xu121.command                                0
xu121.drive                                  0
source5                            2.16187e-45
xu121.active_f                               0
xu121.sense                        -6.2057e-40
sw5                                -6.2057e-40
winding5                           8.35956e-43
c127r                              7.42194e-45
c128r                              7.42194e-45
ripple5                            9.87673e-43
rail5                             -5.29406e-45
feediso                            -5.3278e-45
good5                                    1e-09
iso_en_pin                        -9.30929e-46
gooddelay                           6.6967e-11
ageiso                                       0
switchon                                     0
slewiso                                      0
feedpass                           -5.3278e-45
vin                               -8.24702e-93
snsiso                            -1.12629e-93
localgood                                1e-09
snsfiltered                        7.50022e-10
snsprev                            7.09797e-10
snsevent                                     0
restartage                               1e-05
pgwant                                       0
pgdelay                                      0
en151                             -7.15447e-45
actual_en151                      -3.45946e-45
enable_ctrl                              1e-09
c151_esr                          -1.65466e-98
enable                                   1e-09
xu151.age                                    0
xu151.active                                 0
xu151.ref                                    0
xu151.neg                                    0
xu151.req                         -4.54931e-93
fb                                 3.15925e-94
xu151.integral                               0
xu151.cmd                                    0
xu151.command                                0
xu151.drive                                  0
source                             1.05412e-93
xu151.active_f                               0
xu151.sense                        3.64452e-94
sw                                 3.64452e-94
winding                            1.05449e-93
c155_esr                           8.37862e-99
c156_esr                           8.37862e-99
c157_esr                           8.37862e-99
c158_esr                         -1.15095e-100
main                               1.05406e-93
c201_esr                          -3.93926e-99
c204_esr                          -3.93926e-99
c202_esr                         -1.40098e-101
c205_esr                         -1.40098e-101
c301_esr                         -1.40098e-101
c302_esr                         -1.40123e-100
c404_esr                         -1.40098e-101
c531_esr                         -1.40098e-101
branch_sense                       1.05406e-93
branch_l                           1.05406e-93
branch_r                           1.05406e-93
bulksw_out                                   0
damped                                       0
c206_esr                                     0
main_feed                          1.05412e-93
main_l                             1.05407e-93
requested                                 0.45
ready                                        0
valid                                    1e-09
timer                                        0
reset_ctl                                    1
reset_raw                          3.69846e-95
en                                 1.29446e-94
disg                              -8.24706e-93
disfeed                            1.05412e-93
disdrain                           1.05412e-93
hold_l                            -8.24708e-93
hold_bus                          -8.24705e-93
c162                              -8.24715e-93
bulk_en_in                         1.05406e-93
bulk_en_pin                        2.63431e-94
bulk_want                                1e-09
bulk_enabled                        6.6967e-11
bulk_age                                     0
bulk_slew                                    0
bulk_feed                          1.05406e-93
bulk_localcap                      1.05406e-93
bbulk_slew#branch                            0
breset#branch                                0
bready#branch                                0
v.xu151.vsense#branch            -7.28906e-106
b.xu151.bdrive#branch             3.64452e-106
b.xu151.bcmd#branch                          0
b.xu151.breq#branch                          0
b.xu151.bneg#branch                          0
b.xu151.bref#branch                          0
b.xu151.bactive#branch                       0
bpgwant#branch                               0
bswitchon#branch                             0
bsnsevent#branch                             0
bvslew#branch                                0
v.xu121.vsense#branch              1.24114e-51
b.xu121.bdrive#branch              -6.2057e-52
b.xu121.bcmd#branch                          0
b.xu121.breq#branch                          0
b.xu121.bneg#branch                          0
b.xu121.bref#branch                          0
b.xu121.bactive#branch                       0
ballow#branch                                0
bpvalid#branch                               0
lhold#branch                       1.08086e-96
lmainfeed#branch                   6.38983e-97
lbranch#branch                    -1.44101e-98
l151#branch                        3.20359e-96
l121#branch                        2.98997e-42
lcable#branch                     -2.03966e-54
vbulkpass#branch                             0
vr165#branch                     -2.59553e-101
vload#branch                                 0
vr158#branch                      -1.44101e-98
vpass#branch                                 0
vlogic#branch                           -9e-12
vbat#branch                        2.03966e-54

 Reference value :  7.87017e-03
 Reference value :  1.66742e-02
 Reference value :  2.64022e-02
 Reference value :  3.69118e-02
 Reference value :  4.38040e-02
 Reference value :  5.24980e-02
 Reference value :  6.05940e-02
 Reference value :  6.67600e-02
 Reference value :  7.51457e-02
 Reference value :  8.36057e-02
 Reference value :  9.26207e-02
 Reference value :  1.01687e-01
 Reference value :  1.10194e-01
 Reference value :  1.18912e-01
 Reference value :  1.26677e-01
 Reference value :  1.35329e-01
 Reference value :  1.43999e-01
 Reference value :  1.52753e-01
 Reference value :  1.61293e-01
 Reference value :  1.69919e-01
 Reference value :  1.76787e-01
 Reference value :  1.84883e-01
 Reference value :  1.92079e-01
 Reference value :  2.00227e-01
 Reference value :  2.08577e-01
 Reference value :  2.17485e-01
 Reference value :  2.25499e-01
 Reference value :  2.32563e-01
 Reference value :  2.40671e-01
 Reference value :  2.48971e-01
 Reference value :  2.55955e-01
 Reference value :  2.64293e-01
 Reference value :  2.72657e-01
 Reference value :  2.81735e-01
 Reference value :  2.89511e-01
 Reference value :  2.97673e-01
 Reference value :  3.06052e-01
 Reference value :  3.14588e-01
 Reference value :  3.23092e-01
 Reference value :  3.29802e-01
 Reference value :  3.36660e-01
 Reference value :  3.45220e-01
 Reference value :  3.53976e-01
 Reference value :  3.62358e-01
 Reference value :  3.71168e-01
 Reference value :  3.80030e-01
 Reference value :  3.87606e-01
 Reference value :  3.95984e-01
 Reference value :  4.04782e-01
 Reference value :  4.13562e-01
 Reference value :  4.22500e-01
 Reference value :  4.31222e-01
 Reference value :  4.40050e-01
 Reference value :  4.47394e-01
 Reference value :  4.53584e-01
 Reference value :  4.63433e-01
 Reference value :  4.74215e-01
 Reference value :  4.84847e-01
 Reference value :  4.95443e-01
 Reference value :  5.05483e-01
 Reference value :  5.16271e-01
 Reference value :  5.26155e-01
 Reference value :  5.36939e-01
 Reference value :  5.47121e-01
 Reference value :  5.57887e-01
 Reference value :  5.68825e-01
 Reference value :  5.79945e-01
 Reference value :  5.90887e-01
 Reference value :  6.01805e-01
 Reference value :  6.12851e-01
 Reference value :  6.23271e-01
 Reference value :  6.33573e-01
 Reference value :  6.43497e-01
 Reference value :  6.53123e-01
 Reference value :  6.63365e-01
 Reference value :  6.73539e-01
 Reference value :  6.83643e-01
 Reference value :  6.93535e-01
 Reference value :  7.02839e-01
 Reference value :  7.11361e-01
 Reference value :  7.20473e-01
 Reference value :  7.29305e-01
 Reference value :  7.39923e-01
 Reference value :  7.50763e-01
 Reference value :  7.60577e-01
 Reference value :  7.71043e-01
 Reference value :  7.81685e-01
 Reference value :  7.91439e-01
 Reference value :  8.02011e-01
 Reference value :  8.12643e-01
 Reference value :  8.23189e-01
 Reference value :  8.33943e-01
 Reference value :  8.43849e-01
 Reference value :  8.54523e-01
 Reference value :  8.65221e-01
 Reference value :  8.76073e-01
 Reference value :  8.86594e-01
 Reference value :  8.95886e-01
 Reference value :  9.05224e-01
 Reference value :  9.14790e-01
 Reference value :  9.24444e-01
 Reference value :  9.33869e-01
 Reference value :  9.41762e-01
 Reference value :  9.50462e-01
 Reference value :  9.59261e-01
 Reference value :  9.67503e-01
 Reference value :  9.75110e-01
 Reference value :  9.82926e-01
 Reference value :  9.91562e-01
 Reference value :  9.99216e-01
 Reference value :  1.00780e+00
 Reference value :  1.01636e+00
 Reference value :  1.02508e+00
 Reference value :  1.03390e+00
 Reference value :  1.04287e+00
 Reference value :  1.05193e+00
 Reference value :  1.06050e+00
 Reference value :  1.06924e+00
 Reference value :  1.07801e+00
 Reference value :  1.08677e+00
 Reference value :  1.09536e+00
 Reference value :  1.10396e+00
 Reference value :  1.11089e+00
 Reference value :  1.11740e+00
 Reference value :  1.12502e+00
 Reference value :  1.13266e+00
 Reference value :  1.14029e+00
 Reference value :  1.14740e+00
 Reference value :  1.15305e+00
 Reference value :  1.16131e+00
 Reference value :  1.16980e+00
 Reference value :  1.17813e+00
 Reference value :  1.18659e+00
 Reference value :  1.19536e+00
 Reference value :  1.20400e+00
 Reference value :  1.21258e+00
 Reference value :  1.22029e+00
 Reference value :  1.22822e+00
 Reference value :  1.23611e+00
 Reference value :  1.24331e+00
 Reference value :  1.25165e+00
 Reference value :  1.25996e+00
 Reference value :  1.26821e+00
 Reference value :  1.27682e+00
 Reference value :  1.28542e+00
 Reference value :  1.29406e+00
No. of Data Rows : 652296
I32_FINISHED
ngspice-42 done
