Using SPARSE 1.3 as Direct Linear Solver
Note: Starting dynamic gmin stepping
Warning: Dynamic gmin stepping failed
Note: Starting true gmin stepping
Warning: True gmin stepping failed
Note: Starting source stepping
Warning: singular matrix:  check node snsprev

Warning: singular matrix:  check node snsprev

Warning: source stepping failed
Note: Transient op started
Note: Transient op finished successfully

Note: No compatibility mode selected!


Circuit: i32 exploratory network alternative; not manufacturer u151 model

Doing analysis at TEMP = 27.000000 and TNOM = 27.000000


Initial Transient Solution
--------------------------

Node                                   Voltage
----                                   -------
bat                                          0
cable_r                             2.0375e-55
raw_12v                            2.92857e-52
fused_12v                          2.92959e-52
rev_blocked_12v                    5.59809e-42
protect_ctrl_vin                  -4.19785e-42
protected_12v                      4.95866e-42
input_uv                           3.71302e-43
input_ov                           1.39952e-43
input_shdn                        -4.19785e-42
one                                          1
uv_ok                                    1e-09
ov_bad                                   1e-09
pvalid                                       0
ptimer                                       0
allow                                        0
allow_d                                      0
input_gate_drive                  -2.77405e-35
input_gate                        -2.77405e-35
input_gate_slew                   -2.77406e-35
qsrc                               4.95902e-42
buck_feed                          4.95851e-42
vin5                               4.94405e-42
en5                                1.02331e-42
on5                                      1e-09
xu121.age                                    0
xu121.active                                 0
xu121.ref                                    0
xu121.neg                                    0
xu121.req                         -3.15543e-41
fb5                                9.86073e-43
xu121.integral                               0
xu121.cmd                                    0
xu121.command                                0
xu121.drive                                  0
source5                            2.15801e-45
xu121.active_f                               0
xu121.sense                       -6.19529e-40
sw5                               -6.19529e-40
winding5                           8.34565e-43
c127r                              7.40959e-45
c128r                              7.40959e-45
ripple5                            9.86029e-43
rail5                             -5.28551e-45
feediso                           -5.31919e-45
good5                                    1e-09
iso_en_pin                        -9.29425e-46
gooddelay                           6.6967e-11
ageiso                                       0
switchon                                     0
slewiso                                      0
feedpass                          -5.31919e-45
vin                               -4.09478e-92
snsiso                            -5.59222e-93
localgood                                1e-09
snsfiltered                        7.50022e-10
snsprev                            7.09797e-10
snsevent                                     0
restartage                               1e-05
pgwant                                       0
pgdelay                                      0
en151                             -7.11435e-45
actual_en151                      -3.44007e-45
enable_ctrl                              1e-09
c151_esr                          -8.21558e-98
enable                                   1e-09
xu151.age                                    0
xu151.active                                 0
xu151.ref                                    0
xu151.neg                                    0
xu151.req                         -2.25883e-92
fb                                 1.56863e-93
xu151.integral                               0
xu151.cmd                                    0
xu151.command                                0
xu151.drive                                  0
source                             5.23395e-93
xu151.active_f                               0
xu151.sense                        1.80956e-93
sw                                 1.80956e-93
winding                            5.23578e-93
c155_esr                           4.16007e-98
c156_esr                           4.16007e-98
c157_esr                           4.16007e-98
c158_esr                         -5.71476e-100
main                               5.23364e-93
c201_esr                          -1.95593e-98
c204_esr                          -1.95593e-98
c202_esr                         -6.95614e-101
c205_esr                         -6.95614e-101
c301_esr                         -6.95614e-101
c302_esr                         -6.95742e-100
c404_esr                         -6.95614e-101
c531_esr                         -6.95614e-101
branch_sense                       5.23364e-93
branch_l                           5.23364e-93
branch_r                           5.23364e-93
bulksw_out                                   0
damped                                       0
c206_esr                                     0
main_feed                          5.23392e-93
main_l                             5.23368e-93
requested                                 0.45
ready                                        0
valid                                    1e-09
timer                                        0
reset_ctl                                    1
reset_raw                          1.83636e-94
en                                 6.42727e-94
disg                               -4.0948e-92
disfeed                            5.23395e-93
disdrain                           5.23395e-93
hold_l                            -4.09481e-92
hold_bus                          -4.09479e-92
c162                              -4.09484e-92
bulk_en_in                         5.23363e-93
bulk_en_pin                        1.30799e-93
bulk_want                                1e-09
bulk_enabled                        6.6967e-11
bulk_age                                     0
bulk_slew                                    0
bulk_feed                          5.23364e-93
bulk_localcap                      5.23364e-93
bbulk_slew#branch                            0
breset#branch                                0
bready#branch                                0
v.xu151.vsense#branch            -3.61912e-105
b.xu151.bdrive#branch             1.80956e-105
b.xu151.bcmd#branch                          0
b.xu151.breq#branch                          0
b.xu151.bneg#branch                          0
b.xu151.bref#branch                          0
b.xu151.bactive#branch                       0
bpgwant#branch                               0
bswitchon#branch                             0
bsnsevent#branch                             0
bvslew#branch                                0
v.xu121.vsense#branch              1.23906e-51
b.xu121.bdrive#branch             -6.19529e-52
b.xu121.bcmd#branch                          0
b.xu121.breq#branch                          0
b.xu121.bneg#branch                          0
b.xu121.bref#branch                          0
b.xu121.bactive#branch                       0
ballow#branch                                0
bpvalid#branch                               0
lhold#branch                       5.36665e-96
lmainfeed#branch                   3.17268e-96
lbranch#branch                    -7.15489e-98
l151#branch                        1.59062e-95
l121#branch                        2.98499e-42
lcable#branch                      -2.0375e-54
vbulkpass#branch                             0
vr165#branch                     -1.28836e-100
vload#branch                                 0
vr158#branch                      -7.15489e-98
vpass#branch                                 0
vlogic#branch                           -9e-12
vbat#branch                         2.0375e-54

 Reference value :  7.33817e-03
 Reference value :  1.61282e-02
 Reference value :  2.50182e-02
 Reference value :  3.48511e-02
 Reference value :  4.33686e-02
 Reference value :  5.05746e-02
 Reference value :  5.73986e-02
 Reference value :  6.58666e-02
 Reference value :  7.25846e-02
 Reference value :  8.16246e-02
 Reference value :  8.99923e-02
 Reference value :  9.77524e-02
 Reference value :  1.05378e-01
 Reference value :  1.13568e-01
 Reference value :  1.20704e-01
 Reference value :  1.27802e-01
 Reference value :  1.33465e-01
 Reference value :  1.39529e-01
 Reference value :  1.44419e-01
 Reference value :  1.47267e-01
 Reference value :  1.47859e-01
 Reference value :  1.54583e-01
 Reference value :  1.61799e-01
 Reference value :  1.66433e-01
 Reference value :  1.73315e-01
 Reference value :  1.79975e-01
 Reference value :  1.88055e-01
 Reference value :  1.96713e-01
 Reference value :  2.04709e-01
 Reference value :  2.13081e-01
 Reference value :  2.21639e-01
 Reference value :  2.29467e-01
 Reference value :  2.36219e-01
 Reference value :  2.42563e-01
 Reference value :  2.49405e-01
 Reference value :  2.57975e-01
 Reference value :  2.66937e-01
 Reference value :  2.76157e-01
 Reference value :  2.84551e-01
 Reference value :  2.93347e-01
 Reference value :  3.02493e-01
 Reference value :  3.11605e-01
 Reference value :  3.20761e-01
 Reference value :  3.29871e-01
 Reference value :  3.39015e-01
 Reference value :  3.48049e-01
 Reference value :  3.55505e-01
 Reference value :  3.63489e-01
 Reference value :  3.71865e-01
 Reference value :  3.79899e-01
 Reference value :  3.86479e-01
 Reference value :  3.94265e-01
 Reference value :  4.02943e-01
 Reference value :  4.09453e-01
 Reference value :  4.17829e-01
 Reference value :  4.26613e-01
 Reference value :  4.35131e-01
 Reference value :  4.43911e-01
 Reference value :  4.51245e-01
 Reference value :  4.59892e-01
 Reference value :  4.70384e-01
 Reference value :  4.81166e-01
 Reference value :  4.92020e-01
 Reference value :  5.02800e-01
 Reference value :  5.13332e-01
 Reference value :  5.24032e-01
 Reference value :  5.34926e-01
 Reference value :  5.45828e-01
 Reference value :  5.56678e-01
 Reference value :  5.67590e-01
 Reference value :  5.78426e-01
 Reference value :  5.88338e-01
 Reference value :  5.97028e-01
 Reference value :  6.05266e-01
 Reference value :  6.13524e-01
 Reference value :  6.21470e-01
 Reference value :  6.31228e-01
 Reference value :  6.41222e-01
 Reference value :  6.51380e-01
 Reference value :  6.61220e-01
 Reference value :  6.71016e-01
 Reference value :  6.81326e-01
 Reference value :  6.91482e-01
 Reference value :  7.01204e-01
 Reference value :  7.10842e-01
 Reference value :  7.20672e-01
 Reference value :  7.30404e-01
 Reference value :  7.38690e-01
 Reference value :  7.48456e-01
 Reference value :  7.59080e-01
 Reference value :  7.69300e-01
 Reference value :  7.78914e-01
 Reference value :  7.89178e-01
 Reference value :  7.99722e-01
 Reference value :  8.09186e-01
 Reference value :  8.19226e-01
 Reference value :  8.28566e-01
 Reference value :  8.38010e-01
 Reference value :  8.47580e-01
 Reference value :  8.57537e-01
 Reference value :  8.65745e-01
 Reference value :  8.75739e-01
 Reference value :  8.84318e-01
 Reference value :  8.92192e-01
 Reference value :  8.99570e-01
 Reference value :  9.08336e-01
 Reference value :  9.16608e-01
 Reference value :  9.25150e-01
 Reference value :  9.34598e-01
 Reference value :  9.41249e-01
 Reference value :  9.49630e-01
 Reference value :  9.58566e-01
 Reference value :  9.67948e-01
 Reference value :  9.77247e-01
 Reference value :  9.85124e-01
 Reference value :  9.93490e-01
 Reference value :  1.00206e+00
 Reference value :  1.01078e+00
 Reference value :  1.01906e+00
 Reference value :  1.02745e+00
 Reference value :  1.03613e+00
 Reference value :  1.04491e+00
 Reference value :  1.05323e+00
 Reference value :  1.06088e+00
 Reference value :  1.06849e+00
 Reference value :  1.07656e+00
 Reference value :  1.08461e+00
 Reference value :  1.09207e+00
 Reference value :  1.09943e+00
 Reference value :  1.10702e+00
 Reference value :  1.11486e+00
 Reference value :  1.12327e+00
 Reference value :  1.13134e+00
 Reference value :  1.13917e+00
 Reference value :  1.14711e+00
 Reference value :  1.15545e+00
 Reference value :  1.16300e+00
 Reference value :  1.17135e+00
 Reference value :  1.17955e+00
 Reference value :  1.18742e+00
 Reference value :  1.19622e+00
 Reference value :  1.20477e+00
 Reference value :  1.21346e+00
 Reference value :  1.22127e+00
 Reference value :  1.22938e+00
 Reference value :  1.23834e+00
 Reference value :  1.24673e+00
 Reference value :  1.25219e+00
 Reference value :  1.26116e+00
 Reference value :  1.26962e+00
 Reference value :  1.27675e+00
 Reference value :  1.28392e+00
 Reference value :  1.29095e+00
 Reference value :  1.29853e+00
No. of Data Rows : 652314
I32_FINISHED
ngspice-42 done
