Using SPARSE 1.3 as Direct Linear Solver
Note: Starting dynamic gmin stepping
Warning: Dynamic gmin stepping failed
Note: Starting true gmin stepping
Warning: True gmin stepping failed
Note: Starting source stepping
Warning: singular matrix:  check node snsprev

Warning: singular matrix:  check node snsprev

Warning: source stepping failed
Note: Transient op started
Note: Transient op finished successfully

Note: No compatibility mode selected!


Circuit: i32 exploratory network alternative; not manufacturer u151 model

Doing analysis at TEMP = 27.000000 and TNOM = 27.000000


Initial Transient Solution
--------------------------

Node                                   Voltage
----                                   -------
bat                                          0
cable_r                            2.03966e-55
raw_12v                            2.93354e-52
fused_12v                          2.93456e-52
rev_blocked_12v                    5.60651e-42
protect_ctrl_vin                  -4.20557e-42
protected_12v                      4.96687e-42
input_uv                            3.7186e-43
input_ov                           1.40163e-43
input_shdn                        -4.20556e-42
one                                          1
uv_ok                                    1e-09
ov_bad                                   1e-09
pvalid                                       0
ptimer                                       0
allow                                        0
allow_d                                      0
input_gate_drive                  -2.77862e-35
input_gate                        -2.77862e-35
input_gate_slew                   -2.77863e-35
qsrc                               4.96722e-42
buck_feed                          4.96671e-42
vin5                               4.95223e-42
en5                                  1.025e-42
on5                                      1e-09
xu121.age                                    0
xu121.active                                 0
xu121.ref                                    0
xu121.neg                                    0
xu121.req                         -3.16069e-41
fb5                                9.87717e-43
xu121.integral                               0
xu121.cmd                                    0
xu121.command                                0
xu121.drive                                  0
source5                            2.16187e-45
xu121.active_f                               0
xu121.sense                        -6.2057e-40
sw5                                -6.2057e-40
winding5                           8.35956e-43
c127r                              7.42194e-45
c128r                              7.42194e-45
ripple5                            9.87673e-43
rail5                             -5.29406e-45
feediso                            -5.3278e-45
good5                                    1e-09
iso_en_pin                        -9.30929e-46
gooddelay                           6.6967e-11
ageiso                                       0
switchon                                     0
slewiso                                      0
feedpass                           -5.3278e-45
vin                                1.08933e-92
snsiso                             1.48782e-93
localgood                                1e-09
snsfiltered                        7.50022e-10
snsprev                            7.09797e-10
snsevent                                     0
restartage                               1e-05
pgwant                                       0
pgdelay                                      0
en151                             -7.15447e-45
actual_en151                      -3.45946e-45
enable_ctrl                              1e-09
c151_esr                            1.2021e-97
enable                                   1e-09
xu151.age                                    0
xu151.active                                 0
xu151.ref                                    0
xu151.neg                                    0
xu151.req                          6.02007e-93
fb                                -4.18061e-94
xu151.integral                               0
xu151.cmd                                    0
xu151.command                                0
xu151.drive                                  0
source                            -1.39492e-93
xu151.active_f                               0
xu151.sense                       -1.70264e-93
sw                                -1.70264e-93
winding                           -1.39843e-93
c155_esr                          -9.81941e-98
c156_esr                          -9.81941e-98
c157_esr                          -9.81941e-98
c158_esr                         -4.64309e-100
main                              -1.39472e-93
c201_esr                            4.1129e-99
c204_esr                            4.1129e-99
c202_esr                          1.30549e-101
c205_esr                          1.30549e-101
c301_esr                          1.30549e-101
c302_esr                          1.32317e-100
c404_esr                          1.30549e-101
c531_esr                          1.30549e-101
branch_sense                      -1.39472e-93
branch_l                          -1.39472e-93
branch_r                          -1.39472e-93
bulksw_out                                   0
damped                                       0
c206_esr                                     0
main_feed                         -1.39491e-93
main_l                            -1.39483e-93
requested                                 0.45
ready                                        0
valid                                    1e-09
timer                                        0
reset_ctl                                    1
reset_raw                         -4.89374e-95
en                                -1.71281e-94
disg                               1.02557e-92
disfeed                           -1.39492e-93
disdrain                          -1.39492e-93
hold_l                             1.08994e-92
hold_bus                           1.08981e-92
c162                               1.09084e-92
bulk_en_in                        -1.39472e-93
bulk_en_pin                       -3.48541e-94
bulk_want                                1e-09
bulk_enabled                        6.6967e-11
bulk_age                                     0
bulk_slew                                    0
bulk_feed                         -1.39472e-93
bulk_localcap                     -1.39472e-93
bbulk_slew#branch                            0
breset#branch                                0
bready#branch                                0
v.xu151.vsense#branch             3.40528e-105
b.xu151.bdrive#branch            -1.70264e-105
b.xu151.bcmd#branch                          0
b.xu151.breq#branch                          0
b.xu151.bneg#branch                          0
b.xu151.bref#branch                          0
b.xu151.bactive#branch                       0
bpgwant#branch                               0
bswitchon#branch                             0
bsnsevent#branch                             0
bvslew#branch                                0
v.xu121.vsense#branch              1.24114e-51
b.xu121.bdrive#branch              -6.2057e-52
b.xu121.bcmd#branch                          0
b.xu121.breq#branch                          0
b.xu121.bneg#branch                          0
b.xu121.bref#branch                          0
b.xu121.bactive#branch                       0
ballow#branch                                0
bpvalid#branch                               0
lhold#branch                      -1.02223e-94
lmainfeed#branch                  -1.00788e-96
lbranch#branch                     1.48906e-98
l151#branch                       -3.05952e-95
l121#branch                        2.98997e-42
lcable#branch                     -2.03966e-54
vbulkpass#branch                             0
vr165#branch                      8.42511e-101
vload#branch                                 0
vr158#branch                       1.48906e-98
vpass#branch                      -1.08933e-96
vlogic#branch                           -9e-12
vbat#branch                        2.03966e-54

 Reference value :  8.46817e-03
 Reference value :  1.78382e-02
 Reference value :  2.56122e-02
 Reference value :  3.57431e-02
 Reference value :  4.41901e-02
 Reference value :  5.17601e-02
 Reference value :  6.05801e-02
 Reference value :  6.95441e-02
 Reference value :  7.84861e-02
 Reference value :  8.72541e-02
 Reference value :  9.67012e-02
 Reference value :  1.05375e-01
 Reference value :  1.14723e-01
 Reference value :  1.23655e-01
 Reference value :  1.31378e-01
 Reference value :  1.39722e-01
 Reference value :  1.48058e-01
 Reference value :  1.55986e-01
 Reference value :  1.64506e-01
 Reference value :  1.73074e-01
 Reference value :  1.81624e-01
 Reference value :  1.89402e-01
 Reference value :  1.97610e-01
 Reference value :  2.05004e-01
 Reference value :  2.13766e-01
 Reference value :  2.22102e-01
 Reference value :  2.30390e-01
 Reference value :  2.38898e-01
 Reference value :  2.47646e-01
 Reference value :  2.56138e-01
 Reference value :  2.64732e-01
 Reference value :  2.73186e-01
 Reference value :  2.81418e-01
 Reference value :  2.89572e-01
 Reference value :  2.97962e-01
 Reference value :  3.06177e-01
 Reference value :  3.14715e-01
 Reference value :  3.23113e-01
 Reference value :  3.31679e-01
 Reference value :  3.40263e-01
 Reference value :  3.49133e-01
 Reference value :  3.58113e-01
 Reference value :  3.66661e-01
 Reference value :  3.75231e-01
 Reference value :  3.82889e-01
 Reference value :  3.91189e-01
 Reference value :  3.99629e-01
 Reference value :  4.08119e-01
 Reference value :  4.16537e-01
 Reference value :  4.25097e-01
 Reference value :  4.33943e-01
 Reference value :  4.42629e-01
 Reference value :  4.50735e-01
 Reference value :  4.57167e-01
 Reference value :  4.68093e-01
 Reference value :  4.78805e-01
 Reference value :  4.89325e-01
 Reference value :  5.00235e-01
 Reference value :  5.11055e-01
 Reference value :  5.21805e-01
 Reference value :  5.32517e-01
 Reference value :  5.43247e-01
 Reference value :  5.54157e-01
 Reference value :  5.65085e-01
 Reference value :  5.75907e-01
 Reference value :  5.86881e-01
 Reference value :  5.97979e-01
 Reference value :  6.08979e-01
 Reference value :  6.19847e-01
 Reference value :  6.30773e-01
 Reference value :  6.41607e-01
 Reference value :  6.52703e-01
 Reference value :  6.63731e-01
 Reference value :  6.74837e-01
 Reference value :  6.85855e-01
 Reference value :  6.95600e-01
 Reference value :  7.04940e-01
 Reference value :  7.14450e-01
 Reference value :  7.24170e-01
 Reference value :  7.33872e-01
 Reference value :  7.43244e-01
 Reference value :  7.52808e-01
 Reference value :  7.62246e-01
 Reference value :  7.72036e-01
 Reference value :  7.80507e-01
 Reference value :  7.89385e-01
 Reference value :  7.98123e-01
 Reference value :  8.06925e-01
 Reference value :  8.15817e-01
 Reference value :  8.24855e-01
 Reference value :  8.33741e-01
 Reference value :  8.42937e-01
 Reference value :  8.51901e-01
 Reference value :  8.60753e-01
 Reference value :  8.69675e-01
 Reference value :  8.78641e-01
 Reference value :  8.87451e-01
 Reference value :  8.96339e-01
 Reference value :  9.05249e-01
 Reference value :  9.14283e-01
 Reference value :  9.23211e-01
 Reference value :  9.32207e-01
 Reference value :  9.41215e-01
 Reference value :  9.50323e-01
 Reference value :  9.59124e-01
 Reference value :  9.67682e-01
 Reference value :  9.76592e-01
 Reference value :  9.85710e-01
 Reference value :  9.94708e-01
 Reference value :  1.00371e+00
 Reference value :  1.01270e+00
 Reference value :  1.02170e+00
 Reference value :  1.03064e+00
 Reference value :  1.03962e+00
 Reference value :  1.04878e+00
 Reference value :  1.05790e+00
 Reference value :  1.06677e+00
 Reference value :  1.07614e+00
 Reference value :  1.08550e+00
 Reference value :  1.09488e+00
 Reference value :  1.10392e+00
 Reference value :  1.11307e+00
 Reference value :  1.12233e+00
 Reference value :  1.13135e+00
 Reference value :  1.14067e+00
 Reference value :  1.14998e+00
 Reference value :  1.15879e+00
 Reference value :  1.16794e+00
 Reference value :  1.17689e+00
 Reference value :  1.18564e+00
 Reference value :  1.18996e+00
 Reference value :  1.19518e+00
 Reference value :  1.20151e+00
 Reference value :  1.20611e+00
 Reference value :  1.21301e+00
 Reference value :  1.21903e+00
 Reference value :  1.22292e+00
 Reference value :  1.22485e+00
 Reference value :  1.22963e+00
 Reference value :  1.23484e+00
 Reference value :  1.24107e+00
 Reference value :  1.24630e+00
 Reference value :  1.25216e+00
 Reference value :  1.25696e+00
 Reference value :  1.26273e+00
 Reference value :  1.26735e+00
 Reference value :  1.27491e+00
 Reference value :  1.28061e+00
 Reference value :  1.28616e+00
 Reference value :  1.29308e+00
No. of Data Rows : 652322
I32_FINISHED
ngspice-42 done
