Using SPARSE 1.3 as Direct Linear Solver
Note: Starting dynamic gmin stepping
Warning: Dynamic gmin stepping failed
Note: Starting true gmin stepping
Warning: True gmin stepping failed
Note: Starting source stepping
Warning: singular matrix:  check node bulk_enabled

Warning: singular matrix:  check node bulk_enabled

Warning: source stepping failed
Note: Transient op started
Note: Transient op finished successfully

Note: No compatibility mode selected!


Circuit: i32 exploratory network alternative; not manufacturer u151 model

Doing analysis at TEMP = 27.000000 and TNOM = 27.000000


Initial Transient Solution
--------------------------

Node                                   Voltage
----                                   -------
bat                                          0
cable_r                            1.96146e-55
raw_12v                            2.97988e-52
fused_12v                          2.98086e-52
rev_blocked_12v                    5.59132e-42
protect_ctrl_vin                  -4.19297e-42
protected_12v                      4.95277e-42
input_uv                           3.70853e-43
input_ov                           1.39783e-43
input_shdn                        -4.19297e-42
one                                          1
uv_ok                                    1e-09
ov_bad                                   1e-09
pvalid                                       0
ptimer                                       0
allow                                        0
allow_d                                      0
input_gate_drive                  -2.77075e-35
input_gate                        -2.77075e-35
input_gate_slew                   -2.77076e-35
qsrc                               4.95312e-42
buck_feed                          4.95261e-42
vin5                               4.93798e-42
en5                                1.02206e-42
on5                                      1e-09
xu121.age                                    0
xu121.active                                 0
xu121.ref                                    0
xu121.neg                                    0
xu121.req                          -3.1653e-41
fb5                                9.89157e-43
xu121.integral                               0
xu121.cmd                                    0
xu121.command                                0
xu121.drive                                  0
source5                             2.2164e-45
xu121.active_f                               0
xu121.sense                       -6.28602e-40
sw5                               -6.28602e-40
winding5                           4.54706e-43
c127r                              7.43356e-45
c128r                              7.43356e-45
ripple5                            9.89205e-43
rail5                             -5.25129e-45
feediso                           -5.28508e-45
good5                                    1e-09
iso_en_pin                        -9.17486e-46
gooddelay                           6.6967e-11
ageiso                                       0
switchon                                     0
slewiso                                      0
feedpass                          -5.28508e-45
vin                               -1.03236e-92
snsiso                            -1.39946e-93
localgood                                1e-09
snsfiltered                        7.50022e-10
snsprev                            7.09797e-10
snsevent                                     0
restartage                               1e-05
pgwant                                       0
pgdelay                                      0
en151                             -6.23515e-45
actual_en151                      -3.55485e-45
enable_ctrl                              1e-09
c151_esr                          -2.15534e-98
enable                                   1e-09
xu151.age                                    0
xu151.active                                 0
xu151.ref                                    0
xu151.neg                                    0
xu151.req                         -5.58229e-93
fb                                 3.87659e-94
xu151.integral                               0
xu151.cmd                                    0
xu151.command                                0
xu151.drive                                  0
source                             1.29792e-93
xu151.active_f                               0
xu151.sense                        4.37798e-94
sw                                 4.37798e-94
winding                            1.29839e-93
c155_esr                          -7.96998e-97
c156_esr                          -7.96998e-97
c157_esr                          -7.96998e-97
c158_esr                          -3.06116e-99
main                               1.27575e-93
c201_esr                          -5.38411e-97
c204_esr                          -5.38411e-97
c202_esr                          -1.91022e-99
c205_esr                          -1.91022e-99
c301_esr                          -1.91022e-99
c302_esr                          -1.91076e-98
c404_esr                          -1.91022e-99
c531_esr                          -1.91022e-99
branch_sense                       1.27575e-93
branch_l                           1.27599e-93
branch_r                           1.27589e-93
bulksw_out                                   0
damped                                       0
c206_esr                                     0
main_feed                          1.29549e-93
main_l                             1.27723e-93
requested                                 0.45
valid                                    1e-09
timer                                        0
ready                                        0
reset_ctl                                    1
reset_raw                          4.47648e-95
en                                 1.56677e-94
disg                              -1.03236e-92
disfeed                            1.29792e-93
disdrain                           1.29792e-93
hold_l                            -1.03237e-92
hold_bus                          -1.03236e-92
c162                              -1.03238e-92
bulk_en_in                         1.27575e-93
bulk_en_pin                        3.16807e-94
bulk_want                                1e-09
bulk_enabled                        6.6967e-11
bulk_age                                     0
bulk_slew                                    0
bulk_feed                          1.27589e-93
bulk_localcap                      1.27591e-93
bbulk_slew#branch                            0
breset#branch                                0
bready#branch                                0
v.xu151.vsense#branch              -8.756e-106
b.xu151.bdrive#branch             4.37798e-106
b.xu151.bcmd#branch                          0
b.xu151.breq#branch                          0
b.xu151.bneg#branch                          0
b.xu151.bref#branch                          0
b.xu151.bactive#branch                       0
bpgwant#branch                               0
bswitchon#branch                             0
bsnsevent#branch                             0
bvslew#branch                                0
v.xu121.vsense#branch               1.2572e-51
b.xu121.bdrive#branch             -6.28602e-52
b.xu121.bcmd#branch                          0
b.xu121.breq#branch                          0
b.xu121.bneg#branch                          0
b.xu121.bref#branch                          0
b.xu121.bactive#branch                       0
ballow#branch                                0
bpvalid#branch                               0
lhold#branch                       1.41679e-96
lmainfeed#branch                   2.43381e-94
lbranch#branch                    -2.21494e-96
l151#branch                        4.05199e-96
l121#branch                        2.99483e-42
lcable#branch                     -1.96146e-54
vbulkpass#branch                             0
vr165#branch                     -3.29904e-101
vload#branch                                 0
vr158#branch                      -2.21494e-96
vpass#branch                                 0
vlogic#branch                           -9e-12
vbat#branch                        1.96146e-54

 Reference value :  2.15017e-03
 Reference value :  6.32017e-03
 Reference value :  1.01202e-02
 Reference value :  1.44382e-02
 Reference value :  1.72962e-02
 Reference value :  2.06882e-02
 Reference value :  2.35682e-02
 Reference value :  2.77382e-02
 Reference value :  3.18502e-02
 Reference value :  3.63591e-02
 Reference value :  3.99998e-02
 Reference value :  4.35960e-02
 Reference value :  4.71160e-02
 Reference value :  5.08580e-02
 Reference value :  5.36960e-02
 Reference value :  5.72680e-02
 Reference value :  6.03300e-02
 Reference value :  6.38820e-02
 Reference value :  6.72200e-02
 Reference value :  7.09400e-02
 Reference value :  7.70091e-02
 Reference value :  8.26951e-02
 Reference value :  8.76541e-02
 Reference value :  9.35121e-02
 Reference value :  9.89821e-02
 Reference value :  1.04104e-01
 Reference value :  1.09492e-01
 Reference value :  1.14938e-01
 Reference value :  1.20444e-01
 Reference value :  1.25666e-01
 Reference value :  1.31112e-01
 Reference value :  1.36908e-01
 Reference value :  1.42590e-01
 Reference value :  1.47972e-01
 Reference value :  1.53508e-01
 Reference value :  1.59344e-01
 Reference value :  1.65050e-01
 Reference value :  1.70294e-01
 Reference value :  1.75992e-01
 Reference value :  1.81882e-01
 Reference value :  1.87694e-01
 Reference value :  1.92852e-01
 Reference value :  1.98364e-01
 Reference value :  2.04072e-01
 Reference value :  2.09854e-01
 Reference value :  2.15198e-01
 Reference value :  2.20672e-01
 Reference value :  2.26438e-01
 Reference value :  2.32200e-01
 Reference value :  2.37420e-01
 Reference value :  2.43112e-01
 Reference value :  2.48884e-01
 Reference value :  2.54560e-01
 Reference value :  2.60012e-01
 Reference value :  2.65637e-01
 Reference value :  2.71377e-01
 Reference value :  2.77207e-01
 Reference value :  2.82535e-01
 Reference value :  2.88293e-01
 Reference value :  2.93855e-01
 Reference value :  2.99359e-01
 Reference value :  3.04747e-01
 Reference value :  3.10415e-01
 Reference value :  3.16055e-01
 Reference value :  3.21889e-01
 Reference value :  3.27421e-01
 Reference value :  3.31539e-01
 Reference value :  3.35277e-01
 Reference value :  3.39085e-01
 Reference value :  3.42683e-01
 Reference value :  3.46469e-01
 Reference value :  3.50097e-01
 Reference value :  3.53517e-01
 Reference value :  3.56775e-01
 Reference value :  3.60239e-01
 Reference value :  3.60797e-01
 Reference value :  3.61581e-01
 Reference value :  3.62433e-01
 Reference value :  3.63385e-01
 Reference value :  3.64337e-01
 Reference value :  3.65765e-01
 Reference value :  3.66863e-01
 Reference value :  3.69515e-01
 Reference value :  3.71475e-01
 Reference value :  3.73905e-01
 Reference value :  3.77005e-01
 Reference value :  3.80221e-01
 Reference value :  3.83423e-01
 Reference value :  3.86531e-01
 Reference value :  3.89649e-01
 Reference value :  3.92893e-01
 Reference value :  3.96081e-01
 Reference value :  3.99399e-01
 Reference value :  4.02629e-01
 Reference value :  4.05701e-01
 Reference value :  4.08903e-01
 Reference value :  4.12085e-01
 Reference value :  4.15421e-01
 Reference value :  4.17865e-01
 Reference value :  4.20015e-01
 Reference value :  4.23239e-01
 Reference value :  4.26517e-01
 Reference value :  4.29559e-01
 Reference value :  4.32863e-01
 Reference value :  4.36179e-01
 Reference value :  4.39533e-01
 Reference value :  4.42683e-01
 Reference value :  4.46029e-01
 Reference value :  4.49191e-01
 Reference value :  4.52533e-01
 Reference value :  4.55637e-01
 Reference value :  4.58961e-01
 Reference value :  4.62215e-01
 Reference value :  4.65569e-01
 Reference value :  4.68657e-01
 Reference value :  4.71883e-01
 Reference value :  4.75067e-01
 Reference value :  4.78273e-01
 Reference value :  4.81177e-01
 Reference value :  4.81719e-01
 Reference value :  4.82311e-01
 Reference value :  4.82943e-01
 Reference value :  4.83617e-01
 Reference value :  4.84111e-01
 Reference value :  4.86211e-01
 Reference value :  4.88791e-01
 Reference value :  4.91475e-01
 Reference value :  4.94137e-01
 Reference value :  4.96763e-01
 Reference value :  4.99829e-01
 Reference value :  5.03045e-01
 Reference value :  5.06831e-01
 Reference value :  5.10415e-01
 Reference value :  5.13955e-01
 Reference value :  5.17555e-01
 Reference value :  5.21145e-01
 Reference value :  5.24237e-01
 Reference value :  5.26435e-01
 Reference value :  5.28879e-01
 Reference value :  5.31991e-01
 Reference value :  5.35571e-01
 Reference value :  5.39287e-01
 Reference value :  5.43023e-01
 Reference value :  5.46677e-01
 Reference value :  5.50503e-01
 Reference value :  5.54155e-01
 Reference value :  5.57949e-01
 Reference value :  5.61857e-01
 Reference value :  5.66661e-01
 Reference value :  5.72187e-01
 Reference value :  5.77647e-01
 Reference value :  5.83107e-01
 Reference value :  5.88521e-01
 Reference value :  5.93747e-01
 Reference value :  5.98777e-01
No. of Data Rows : 300387
I32_FINISHED
ngspice-42 done
