Using SPARSE 1.3 as Direct Linear Solver
Note: Starting dynamic gmin stepping
Warning: Dynamic gmin stepping failed
Note: Starting true gmin stepping
Warning: True gmin stepping failed
Note: Starting source stepping
Warning: singular matrix:  check node snsprev

Warning: singular matrix:  check node snsprev

Warning: source stepping failed
Note: Transient op started
Note: Transient op finished successfully

Note: No compatibility mode selected!


Circuit: i32 exploratory network alternative; not manufacturer u151 model

Doing analysis at TEMP = 27.000000 and TNOM = 27.000000


Initial Transient Solution
--------------------------

Node                                   Voltage
----                                   -------
bat                                          0
cable_r                            2.03966e-55
raw_12v                            2.93354e-52
fused_12v                          2.93456e-52
rev_blocked_12v                    5.60651e-42
protect_ctrl_vin                  -4.20557e-42
protected_12v                      4.96687e-42
input_uv                            3.7186e-43
input_ov                           1.40163e-43
input_shdn                        -4.20556e-42
one                                          1
uv_ok                                    1e-09
ov_bad                                   1e-09
pvalid                                       0
ptimer                                       0
allow                                        0
allow_d                                      0
input_gate_drive                  -2.77862e-35
input_gate                        -2.77862e-35
input_gate_slew                   -2.77863e-35
qsrc                               4.96722e-42
buck_feed                          4.96671e-42
vin5                               4.95223e-42
en5                                  1.025e-42
on5                                      1e-09
xu121.age                                    0
xu121.active                                 0
xu121.ref                                    0
xu121.neg                                    0
xu121.req                         -3.16069e-41
fb5                                9.87717e-43
xu121.integral                               0
xu121.cmd                                    0
xu121.command                                0
xu121.drive                                  0
source5                            2.16187e-45
xu121.active_f                               0
xu121.sense                        -6.2057e-40
sw5                                -6.2057e-40
winding5                           8.35956e-43
c127r                              7.42194e-45
c128r                              7.42194e-45
ripple5                            9.87673e-43
rail5                             -5.29406e-45
feediso                            -5.3278e-45
good5                                    1e-09
iso_en_pin                        -9.30929e-46
gooddelay                           6.6967e-11
ageiso                                       0
switchon                                     0
slewiso                                      0
feedpass                           -5.3278e-45
vin                                1.08933e-92
snsiso                             1.48782e-93
localgood                                1e-09
snsfiltered                        7.50022e-10
snsprev                            7.09797e-10
snsevent                                     0
restartage                               1e-05
pgwant                                       0
pgdelay                                      0
en151                             -7.15447e-45
actual_en151                      -3.45946e-45
enable_ctrl                              1e-09
c151_esr                            1.2021e-97
enable                                   1e-09
xu151.age                                    0
xu151.active                                 0
xu151.ref                                    0
xu151.neg                                    0
xu151.req                          6.02007e-93
fb                                -4.18061e-94
xu151.integral                               0
xu151.cmd                                    0
xu151.command                                0
xu151.drive                                  0
source                            -1.39492e-93
xu151.active_f                               0
xu151.sense                       -1.70264e-93
sw                                -1.70264e-93
winding                           -1.39843e-93
c155_esr                          -9.81941e-98
c156_esr                          -9.81941e-98
c157_esr                          -9.81941e-98
c158_esr                         -4.64309e-100
main                              -1.39472e-93
c201_esr                            4.1129e-99
c204_esr                            4.1129e-99
c202_esr                          1.30549e-101
c205_esr                          1.30549e-101
c301_esr                          1.30549e-101
c302_esr                          1.32317e-100
c404_esr                          1.30549e-101
c531_esr                          1.30549e-101
branch_sense                      -1.39472e-93
branch_l                          -1.39472e-93
branch_r                          -1.39472e-93
bulksw_out                                   0
damped                                       0
c206_esr                                     0
main_feed                         -1.39491e-93
main_l                            -1.39483e-93
requested                                 0.45
ready                                        0
valid                                    1e-09
timer                                        0
reset_ctl                                    1
reset_raw                         -4.89374e-95
en                                -1.71281e-94
disg                               1.02557e-92
disfeed                           -1.39492e-93
disdrain                          -1.39492e-93
hold_l                             1.08994e-92
hold_bus                           1.08981e-92
c162                               1.09084e-92
bulk_en_in                        -1.39472e-93
bulk_en_pin                       -3.48541e-94
bulk_want                                1e-09
bulk_enabled                        6.6967e-11
bulk_age                                     0
bulk_slew                                    0
bulk_feed                         -1.39472e-93
bulk_localcap                     -1.39472e-93
bbulk_slew#branch                            0
breset#branch                                0
bready#branch                                0
v.xu151.vsense#branch             3.40528e-105
b.xu151.bdrive#branch            -1.70264e-105
b.xu151.bcmd#branch                          0
b.xu151.breq#branch                          0
b.xu151.bneg#branch                          0
b.xu151.bref#branch                          0
b.xu151.bactive#branch                       0
bpgwant#branch                               0
bswitchon#branch                             0
bsnsevent#branch                             0
bvslew#branch                                0
v.xu121.vsense#branch              1.24114e-51
b.xu121.bdrive#branch              -6.2057e-52
b.xu121.bcmd#branch                          0
b.xu121.breq#branch                          0
b.xu121.bneg#branch                          0
b.xu121.bref#branch                          0
b.xu121.bactive#branch                       0
ballow#branch                                0
bpvalid#branch                               0
lhold#branch                      -1.02223e-94
lmainfeed#branch                  -1.00788e-96
lbranch#branch                     1.48906e-98
l151#branch                       -3.05952e-95
l121#branch                        2.98997e-42
lcable#branch                     -2.03966e-54
vbulkpass#branch                             0
vr165#branch                      8.42511e-101
vload#branch                                 0
vr158#branch                       1.48906e-98
vpass#branch                      -1.08933e-96
vlogic#branch                           -9e-12
vbat#branch                        2.03966e-54

 Reference value :  7.22217e-03
 Reference value :  1.76162e-02
 Reference value :  2.89962e-02
 Reference value :  3.71161e-02
 Reference value :  4.59661e-02
 Reference value :  5.39941e-02
 Reference value :  6.25961e-02
 Reference value :  6.89201e-02
 Reference value :  7.61541e-02
 Reference value :  8.50121e-02
 Reference value :  9.35052e-02
 Reference value :  1.01335e-01
 Reference value :  1.07301e-01
 Reference value :  1.13613e-01
 Reference value :  1.22175e-01
 Reference value :  1.30246e-01
 Reference value :  1.39184e-01
 Reference value :  1.48282e-01
 Reference value :  1.56820e-01
 Reference value :  1.65646e-01
 Reference value :  1.74566e-01
 Reference value :  1.82630e-01
 Reference value :  1.90888e-01
 Reference value :  1.99596e-01
 Reference value :  2.08240e-01
 Reference value :  2.17018e-01
 Reference value :  2.25576e-01
 Reference value :  2.34508e-01
 Reference value :  2.43630e-01
 Reference value :  2.51342e-01
 Reference value :  2.57034e-01
 Reference value :  2.64360e-01
 Reference value :  2.72588e-01
 Reference value :  2.78924e-01
 Reference value :  2.86172e-01
 Reference value :  2.94114e-01
 Reference value :  3.00428e-01
 Reference value :  3.07366e-01
 Reference value :  3.14122e-01
 Reference value :  3.22506e-01
 Reference value :  3.31226e-01
 Reference value :  3.38970e-01
 Reference value :  3.47078e-01
 Reference value :  3.55572e-01
 Reference value :  3.63734e-01
 Reference value :  3.70896e-01
 Reference value :  3.78248e-01
 Reference value :  3.87256e-01
 Reference value :  3.96118e-01
 Reference value :  4.05114e-01
 Reference value :  4.14006e-01
 Reference value :  4.21824e-01
 Reference value :  4.30382e-01
 Reference value :  4.39094e-01
 Reference value :  4.47904e-01
 Reference value :  4.55762e-01
 Reference value :  4.64036e-01
 Reference value :  4.74892e-01
 Reference value :  4.85284e-01
 Reference value :  4.95724e-01
 Reference value :  5.06432e-01
 Reference value :  5.17028e-01
 Reference value :  5.26804e-01
 Reference value :  5.36978e-01
 Reference value :  5.46852e-01
 Reference value :  5.57746e-01
 Reference value :  5.68712e-01
 Reference value :  5.79892e-01
 Reference value :  5.91050e-01
 Reference value :  6.01526e-01
 Reference value :  6.11642e-01
 Reference value :  6.22204e-01
 Reference value :  6.33368e-01
 Reference value :  6.44546e-01
 Reference value :  6.55632e-01
 Reference value :  6.66800e-01
 Reference value :  6.78162e-01
 Reference value :  6.89394e-01
 Reference value :  7.00602e-01
 Reference value :  7.11790e-01
 Reference value :  7.23122e-01
 Reference value :  7.34382e-01
 Reference value :  7.44082e-01
 Reference value :  7.54176e-01
 Reference value :  7.63828e-01
 Reference value :  7.74254e-01
 Reference value :  7.84560e-01
 Reference value :  7.93628e-01
 Reference value :  8.01668e-01
 Reference value :  8.12410e-01
 Reference value :  8.22856e-01
 Reference value :  8.32670e-01
 Reference value :  8.43088e-01
 Reference value :  8.53625e-01
 Reference value :  8.64205e-01
 Reference value :  8.73317e-01
 Reference value :  8.82347e-01
 Reference value :  8.92150e-01
 Reference value :  9.00528e-01
 Reference value :  9.08954e-01
 Reference value :  9.17734e-01
 Reference value :  9.27240e-01
 Reference value :  9.34650e-01
 Reference value :  9.42416e-01
 Reference value :  9.51126e-01
 Reference value :  9.60538e-01
 Reference value :  9.69044e-01
 Reference value :  9.77216e-01
 Reference value :  9.85112e-01
 Reference value :  9.94004e-01
 Reference value :  1.00242e+00
 Reference value :  1.01103e+00
 Reference value :  1.01969e+00
 Reference value :  1.02861e+00
 Reference value :  1.03712e+00
 Reference value :  1.04599e+00
 Reference value :  1.05475e+00
 Reference value :  1.06383e+00
 Reference value :  1.07159e+00
 Reference value :  1.08076e+00
 Reference value :  1.08995e+00
 Reference value :  1.09913e+00
 Reference value :  1.10812e+00
 Reference value :  1.11731e+00
 Reference value :  1.12650e+00
 Reference value :  1.13576e+00
 Reference value :  1.14314e+00
 Reference value :  1.15070e+00
 Reference value :  1.15630e+00
 Reference value :  1.16317e+00
 Reference value :  1.17152e+00
 Reference value :  1.18005e+00
 Reference value :  1.18869e+00
 Reference value :  1.19748e+00
 Reference value :  1.20608e+00
 Reference value :  1.21462e+00
 Reference value :  1.22331e+00
 Reference value :  1.23198e+00
 Reference value :  1.23973e+00
 Reference value :  1.24866e+00
 Reference value :  1.25748e+00
 Reference value :  1.26611e+00
 Reference value :  1.27441e+00
 Reference value :  1.28297e+00
 Reference value :  1.29158e+00
 Reference value :  1.29885e+00
 Reference value :  1.30713e+00
 Reference value :  1.31533e+00
 Reference value :  1.32407e+00
 Reference value :  1.33266e+00
 Reference value :  1.34138e+00
 Reference value :  1.34995e+00
 Reference value :  1.35872e+00
 Reference value :  1.36770e+00
 Reference value :  1.37599e+00
 Reference value :  1.38351e+00
 Reference value :  1.39217e+00
 Reference value :  1.40108e+00
 Reference value :  1.40990e+00
 Reference value :  1.41900e+00
 Reference value :  1.42810e+00
 Reference value :  1.43717e+00
 Reference value :  1.44621e+00
 Reference value :  1.45416e+00
 Reference value :  1.46062e+00
 Reference value :  1.46838e+00
 Reference value :  1.47723e+00
 Reference value :  1.48537e+00
 Reference value :  1.49028e+00
 Reference value :  1.49917e+00
 Reference value :  1.50794e+00
 Reference value :  1.51602e+00
 Reference value :  1.52424e+00
 Reference value :  1.53267e+00
 Reference value :  1.54104e+00
 Reference value :  1.54881e+00
 Reference value :  1.55557e+00
 Reference value :  1.56354e+00
 Reference value :  1.57187e+00
 Reference value :  1.57948e+00
 Reference value :  1.58833e+00
 Reference value :  1.59626e+00
No. of Data Rows : 802134
I32_FINISHED
ngspice-42 done
