Using SPARSE 1.3 as Direct Linear Solver
Note: Starting dynamic gmin stepping
Warning: Dynamic gmin stepping failed
Note: Starting true gmin stepping
Warning: True gmin stepping failed
Note: Starting source stepping
Warning: singular matrix:  check node snsfiltered

Warning: singular matrix:  check node snsfiltered

Warning: source stepping failed
Note: Transient op started
Note: Transient op finished successfully

Note: No compatibility mode selected!


Circuit: i32 exploratory network alternative; not manufacturer u151 model

Doing analysis at TEMP = 27.000000 and TNOM = 27.000000


Initial Transient Solution
--------------------------

Node                                   Voltage
----                                   -------
bat                                          0
cable_r                            7.01143e-55
raw_12v                            6.37227e-53
fused_12v                          6.40733e-53
rev_blocked_12v                    5.72697e-42
protect_ctrl_vin                  -4.28024e-42
protected_12v                      5.07473e-42
input_uv                            3.7985e-43
input_ov                           1.43174e-43
input_shdn                        -4.28024e-42
one                                          1
uv_ok                                    1e-09
ov_bad                                   1e-09
pvalid                                       0
ptimer                                       0
allow                                        0
allow_d                                      0
input_gate_drive                  -2.83399e-35
input_gate                        -2.83399e-35
input_gate_slew                     -2.834e-35
qsrc                                5.0751e-42
buck_feed                          5.07466e-42
vin5                               5.06776e-42
en5                                1.04892e-42
on5                                      1e-09
xu121.age                                    0
xu121.active                                 0
xu121.ref                                    0
xu121.neg                                    0
xu121.req                         -1.36509e-41
fb5                                4.26591e-43
xu121.integral                               0
xu121.cmd                                    0
xu121.command                                0
xu121.drive                                  0
source5                           -4.39132e-43
xu121.active_f                               0
xu121.sense                       -4.82173e-40
sw5                               -4.82173e-40
winding5                          -6.10392e-44
c127r                              5.02243e-45
c128r                              5.02243e-45
ripple5                            9.39662e-44
rail5                             -4.44163e-43
feediso                           -4.44175e-43
good5                                    1e-09
iso_en_pin                        -7.79234e-44
gooddelay                           6.6967e-11
ageiso                                       0
switchon                                     0
slewiso                                      0
feedpass                          -4.44175e-43
vin                               -6.25954e-79
snsiso                            -8.52798e-80
localgood                                1e-09
snsfiltered                        7.50022e-10
snsprev                            7.09797e-10
snsevent                                     0
restartage                               1e-05
pgwant                                       0
pgdelay                                      0
en151                             -3.97512e-43
enable_ctrl                              1e-09
c151_esr                          -3.06048e-85
enable                                   1e-09
xu151.age                                    0
xu151.active                                 0
xu151.ref                                    0
xu151.neg                                    0
xu151.req                         -1.77841e-81
fb                                 2.47002e-82
xu151.integral                               0
xu151.cmd                                    0
xu151.command                                0
xu151.drive                                  0
source                              8.0478e-82
xu151.active_f                               0
xu151.sense                       -2.61801e-80
sw                                -2.61801e-80
winding                              8.093e-82
c155_esr                           1.31316e-85
c156_esr                           1.31316e-85
c157_esr                           1.31316e-85
c158_esr                          -2.77751e-87
main                               8.04585e-82
c201_esr                            7.7318e-86
c204_esr                            7.7318e-86
c202_esr                          -2.56497e-88
c205_esr                          -2.56497e-88
c301_esr                          -2.56497e-88
c302_esr                           8.61735e-88
c404_esr                          -2.56497e-88
c531_esr                          -2.56497e-88
branch_sense                       8.04585e-82
branch_l                           8.04864e-82
branch_r                           8.04762e-82
damped                             8.05376e-82
c206_esr                           -6.9771e-86
requested                                 0.45
ready                                        0
valid                                    1e-09
timer                                        0
reset_ctl                                    1
reset_raw                          2.82307e-83
en                                 9.88073e-83
disg                              -6.25954e-79
disfeed                             8.0478e-82
disdrain                           8.04782e-82
hold_l                            -6.25954e-79
hold_bus                          -6.25954e-79
c162                              -6.25954e-79
c163                              -6.25954e-79
c164                              -6.25954e-79
breset#branch                                0
bready#branch                                0
v.xu151.vsense#branch              5.23603e-92
b.xu151.bdrive#branch             -2.61801e-92
b.xu151.bcmd#branch                          0
b.xu151.breq#branch                          0
b.xu151.bneg#branch                          0
b.xu151.bref#branch                          0
b.xu151.bactive#branch                       0
bpgwant#branch                               0
bswitchon#branch                             0
bsnsevent#branch                             0
bvslew#branch                                0
v.xu121.vsense#branch              9.64347e-52
b.xu121.bdrive#branch             -4.82173e-52
b.xu121.bcmd#branch                          0
b.xu121.breq#branch                          0
b.xu121.bneg#branch                          0
b.xu121.bref#branch                          0
b.xu121.bactive#branch                       0
ballow#branch                                0
bpvalid#branch                               0
lhold#branch                       9.23503e-85
lbranch#branch                    -2.79084e-84
l151#branch                        5.86317e-83
l121#branch                        2.02189e-42
lcable#branch                     -7.01143e-54
vr165#branch                      -5.53034e-88
vload#branch                                 0
vr158#branch                      -2.79084e-84
vpass#branch                                 0
vlogic#branch                           -8e-12
vbat#branch                        7.01143e-54

 Reference value :  9.08817e-03
 Reference value :  2.13402e-02
 Reference value :  3.03542e-02
 Reference value :  3.98868e-02
 Reference value :  4.54167e-02
 Reference value :  5.19615e-02
 Reference value :  5.98815e-02
 Reference value :  6.64815e-02
 Reference value :  7.39934e-02
 Reference value :  8.29334e-02
 Reference value :  9.04992e-02
 Reference value :  9.85672e-02
 Reference value :  1.03787e-01
 Reference value :  1.11085e-01
 Reference value :  1.17575e-01
 Reference value :  1.22227e-01
 Reference value :  1.25943e-01
 Reference value :  1.30815e-01
 Reference value :  1.36247e-01
 Reference value :  1.41259e-01
 Reference value :  1.48639e-01
 Reference value :  1.58492e-01
 Reference value :  1.68197e-01
 Reference value :  1.77339e-01
 Reference value :  1.87261e-01
 Reference value :  1.97291e-01
No. of Data Rows : 100587
I32_FINISHED
ngspice-42 done
