Using SPARSE 1.3 as Direct Linear Solver
Note: Starting dynamic gmin stepping
Warning: Dynamic gmin stepping failed
Note: Starting true gmin stepping
Warning: True gmin stepping failed
Note: Starting source stepping
Warning: singular matrix:  check node bulk_enabled

Warning: singular matrix:  check node bulk_enabled

Warning: source stepping failed
Note: Transient op started
Note: Transient op finished successfully

Note: No compatibility mode selected!


Circuit: i32 exploratory network alternative; not manufacturer u151 model

Doing analysis at TEMP = 27.000000 and TNOM = 27.000000


Initial Transient Solution
--------------------------

Node                                   Voltage
----                                   -------
bat                                          0
cable_r                            2.03966e-55
raw_12v                            2.93354e-52
fused_12v                          2.93456e-52
rev_blocked_12v                    5.60651e-42
protect_ctrl_vin                  -4.20557e-42
protected_12v                      4.96687e-42
input_uv                            3.7186e-43
input_ov                           1.40163e-43
input_shdn                        -4.20556e-42
one                                          1
uv_ok                                    1e-09
ov_bad                                   1e-09
pvalid                                       0
ptimer                                       0
allow                                        0
allow_d                                      0
input_gate_drive                  -2.77862e-35
input_gate                        -2.77862e-35
input_gate_slew                   -2.77863e-35
qsrc                               4.96722e-42
buck_feed                          4.96671e-42
vin5                               4.95223e-42
en5                                  1.025e-42
on5                                      1e-09
xu121.age                                    0
xu121.active                                 0
xu121.ref                                    0
xu121.neg                                    0
xu121.req                         -3.16069e-41
fb5                                9.87717e-43
xu121.integral                               0
xu121.cmd                                    0
xu121.command                                0
xu121.drive                                  0
source5                            2.16187e-45
xu121.active_f                               0
xu121.sense                        -6.2057e-40
sw5                                -6.2057e-40
winding5                           8.35956e-43
c127r                              7.42194e-45
c128r                              7.42194e-45
ripple5                            9.87673e-43
rail5                             -5.29406e-45
feediso                            -5.3278e-45
good5                                    1e-09
iso_en_pin                        -9.30929e-46
gooddelay                           6.6967e-11
ageiso                                       0
switchon                                     0
slewiso                                      0
feedpass                           -5.3278e-45
vin                                1.08933e-92
snsiso                             1.48782e-93
snsbase                                      0
localgood                                1e-09
snsfiltered                        7.50022e-10
snsprev                            7.09797e-10
snsevent                                     0
restartage                               1e-05
pgwant                                       0
pgdelay                                      0
en151                             -7.15447e-45
actual_en151                      -3.45946e-45
enable_ctrl                              1e-09
c151_esr                            1.2021e-97
enable                                   1e-09
xu151.age                                    0
xu151.active                                 0
xu151.ref                                    0
xu151.neg                                    0
xu151.req                          6.02007e-93
fb                                 -4.1806e-94
xu151.integral                               0
xu151.cmd                                    0
xu151.command                                0
xu151.drive                                  0
source                            -1.39491e-93
xu151.active_f                               0
xu151.sense                       -1.70264e-93
sw                                -1.70264e-93
winding                           -1.39843e-93
c155_esr                           -9.8194e-98
c156_esr                           -9.8194e-98
c157_esr                           -9.8194e-98
c158_esr                         -4.64309e-100
main                              -1.39472e-93
c201_esr                           4.11289e-99
c204_esr                           4.11289e-99
c202_esr                          1.30549e-101
c205_esr                          1.30549e-101
c301_esr                          1.30549e-101
c302_esr                          1.32317e-100
c404_esr                          1.30549e-101
c531_esr                          1.30549e-101
branch_sense                      -1.39472e-93
branch_l                          -1.39472e-93
branch_r                          -1.39472e-93
bulksw_out                                   0
damped                                       0
c206_esr                                     0
main_feed                          -1.3949e-93
main_l                            -1.39483e-93
requested                                 0.45
ready                                        0
valid                                    1e-09
timer                                        0
reset_ctl                                    1
reset_raw                         -4.89374e-95
en                                -1.71281e-94
disg                               1.02557e-92
disfeed                           -1.39491e-93
disdrain                          -1.39491e-93
hold_l                             1.08994e-92
hold_bus                           1.08981e-92
c162                               1.09084e-92
bulk_en_in                        -1.39472e-93
bulk_en_pin                       -3.48541e-94
bulk_want                                1e-09
bulk_enabled                        6.6967e-11
bulk_age                                     0
bulk_slew                                    0
bulk_feed                         -1.39472e-93
bulk_localcap                     -1.39472e-93
bbulk_slew#branch                            0
breset#branch                                0
bready#branch                                0
v.xu151.vsense#branch             3.40527e-105
b.xu151.bdrive#branch            -1.70264e-105
b.xu151.bcmd#branch                          0
b.xu151.breq#branch                          0
b.xu151.bneg#branch                          0
b.xu151.bref#branch                          0
b.xu151.bactive#branch                       0
bpgwant#branch                               0
bswitchon#branch                             0
bsnsevent#branch                             0
bvslew#branch                                0
v.xu121.vsense#branch              1.24114e-51
b.xu121.bdrive#branch              -6.2057e-52
b.xu121.bcmd#branch                          0
b.xu121.breq#branch                          0
b.xu121.bneg#branch                          0
b.xu121.bref#branch                          0
b.xu121.bactive#branch                       0
ballow#branch                                0
bpvalid#branch                               0
lhold#branch                      -1.02222e-94
lmainfeed#branch                  -1.00788e-96
lbranch#branch                     1.48906e-98
l151#branch                       -3.05952e-95
l121#branch                        2.98997e-42
lcable#branch                     -2.03966e-54
vbulkpass#branch                             0
vr165#branch                       8.4251e-101
vsnsbase#branch                    1.48574e-96
vload#branch                                 0
vr158#branch                       1.48906e-98
vpass#branch                      -1.08933e-96
vlogic#branch                           -9e-12
vbat#branch                        2.03966e-54

 Reference value :  7.37417e-03
 Reference value :  1.88442e-02
 Reference value :  3.00482e-02
 Reference value :  3.93067e-02
 Reference value :  4.71241e-02
 Reference value :  5.70381e-02
 Reference value :  6.67681e-02
 Reference value :  7.66861e-02
 Reference value :  8.18821e-02
 Reference value :  9.14087e-02
 Reference value :  1.01301e-01
 Reference value :  1.10887e-01
 Reference value :  1.20565e-01
 Reference value :  1.29280e-01
 Reference value :  1.38274e-01
 Reference value :  1.46902e-01
 Reference value :  1.54924e-01
 Reference value :  1.63604e-01
 Reference value :  1.72338e-01
 Reference value :  1.80386e-01
 Reference value :  1.88040e-01
 Reference value :  1.96418e-01
 Reference value :  2.04934e-01
 Reference value :  2.13260e-01
 Reference value :  2.19932e-01
 Reference value :  2.27862e-01
 Reference value :  2.36740e-01
 Reference value :  2.45798e-01
 Reference value :  2.54462e-01
 Reference value :  2.62994e-01
 Reference value :  2.70776e-01
 Reference value :  2.79532e-01
 Reference value :  2.88522e-01
 Reference value :  2.96468e-01
 Reference value :  3.04979e-01
 Reference value :  3.13759e-01
 Reference value :  3.22777e-01
 Reference value :  3.30919e-01
 Reference value :  3.37665e-01
 Reference value :  3.43153e-01
 Reference value :  3.51021e-01
 Reference value :  3.59505e-01
 Reference value :  3.68193e-01
 Reference value :  3.76827e-01
 Reference value :  3.85475e-01
 Reference value :  3.94223e-01
 Reference value :  4.02545e-01
 Reference value :  4.10451e-01
 Reference value :  4.18663e-01
 Reference value :  4.27311e-01
 Reference value :  4.36067e-01
 Reference value :  4.44721e-01
 Reference value :  4.51615e-01
 Reference value :  4.60464e-01
 Reference value :  4.69977e-01
 Reference value :  4.79529e-01
 Reference value :  4.88493e-01
 Reference value :  4.97769e-01
 Reference value :  5.05619e-01
 Reference value :  5.13520e-01
 Reference value :  5.22952e-01
 Reference value :  5.32292e-01
 Reference value :  5.40477e-01
 Reference value :  5.49023e-01
 Reference value :  5.57209e-01
 Reference value :  5.65017e-01
 Reference value :  5.72501e-01
 Reference value :  5.79129e-01
 Reference value :  5.87739e-01
 Reference value :  5.95370e-01
 Reference value :  6.03876e-01
 Reference value :  6.12280e-01
 Reference value :  6.21030e-01
 Reference value :  6.30070e-01
 Reference value :  6.38716e-01
 Reference value :  6.47628e-01
 Reference value :  6.56248e-01
 Reference value :  6.64930e-01
 Reference value :  6.72746e-01
 Reference value :  6.81422e-01
 Reference value :  6.89862e-01
 Reference value :  6.98120e-01
 Reference value :  7.06212e-01
 Reference value :  7.14328e-01
 Reference value :  7.21584e-01
 Reference value :  7.29382e-01
 Reference value :  7.38566e-01
 Reference value :  7.47434e-01
 Reference value :  7.55036e-01
 Reference value :  7.63964e-01
 Reference value :  7.71570e-01
 Reference value :  7.78894e-01
 Reference value :  7.86414e-01
 Reference value :  7.94688e-01
 Reference value :  8.03418e-01
 Reference value :  8.11808e-01
 Reference value :  8.20746e-01
 Reference value :  8.29510e-01
 Reference value :  8.38170e-01
 Reference value :  8.45782e-01
 Reference value :  8.51934e-01
 Reference value :  8.60768e-01
 Reference value :  8.69836e-01
 Reference value :  8.78634e-01
 Reference value :  8.87372e-01
 Reference value :  8.95996e-01
No. of Data Rows : 451988
I32_FINISHED
ngspice-42 done
