Using SPARSE 1.3 as Direct Linear Solver
Note: Starting dynamic gmin stepping
Warning: Dynamic gmin stepping failed
Note: Starting true gmin stepping
Warning: True gmin stepping failed
Note: Starting source stepping
Warning: singular matrix:  check node gooddelay

Warning: singular matrix:  check node gooddelay

Warning: source stepping failed
Note: Transient op started
Note: Transient op finished successfully

Note: No compatibility mode selected!


Circuit: i32 exploratory network alternative; not manufacturer u151 model

Doing analysis at TEMP = 27.000000 and TNOM = 27.000000


Initial Transient Solution
--------------------------

Node                                   Voltage
----                                   -------
bat                                          0
cable_r                           -3.37363e-54
raw_12v                            1.83489e-51
fused_12v                           1.8332e-51
rev_blocked_12v                    3.31843e-42
protect_ctrl_vin                  -3.79052e-42
protected_12v                      4.54841e-42
input_uv                             2.201e-43
input_ov                           8.29608e-44
input_shdn                        -3.79052e-42
one                                          1
uv_ok                                    1e-09
ov_bad                                   1e-09
pvalid                                       0
ptimer                                       0
allow                                        0
allow_d                                      0
input_gate_drive                  -2.53222e-35
input_gate                        -2.53222e-35
input_gate_slew                   -2.53223e-35
qsrc                               4.54873e-42
buck_feed                          4.54773e-42
vin5                               4.48434e-42
en5                                9.28163e-43
on5                                      1e-09
xu121.age                                    0
xu121.active                                 0
xu121.ref                                    0
xu121.neg                                    0
xu121.req                          -1.0166e-40
fb5                                3.17689e-42
xu121.integral                               0
xu121.cmd                                    0
xu121.command                                0
xu121.drive                                  0
source5                           -8.47154e-43
xu121.active_f                               0
xu121.sense                       -1.60098e-39
sw5                               -1.60098e-39
winding5                           1.06999e-42
c127r                              2.55272e-44
c128r                              2.55272e-44
ripple5                            2.53192e-42
rail5                             -8.72701e-43
feediso                           -8.72701e-43
good5                                    1e-09
gooddelay                           6.6967e-11
ageiso                                       0
switchon                                     0
slewiso                                      0
feedpass                          -8.72701e-43
vin                               -8.11627e-72
c160esr                           -8.11627e-72
snsiso                            -1.08679e-72
localgood                                1e-09
snsfiltered                        7.50022e-10
snsprev                            7.09797e-10
snsevent                                     0
restartage                               1e-05
pgwant                                       0
pgdelay                                      0
en151                             -6.98688e-43
enable_ctrl                              1e-09
c151_esr                          -1.31912e-79
enable                                   1e-09
xu151.age                                    0
xu151.active                                 0
xu151.ref                                    0
xu151.neg                                    0
xu151.req                         -4.57063e-74
fb                                 3.17405e-75
xu151.integral                               0
xu151.cmd                                    0
xu151.command                                0
xu151.drive                                  0
source                             1.03618e-74
xu151.active_f                               0
xu151.sense                        8.33565e-75
sw                                 8.33565e-75
winding                            1.03638e-74
c155_esr                          -7.38722e-80
c156_esr                          -7.38722e-80
c157_esr                          -7.38722e-80
c158_esr                          -6.89871e-82
main                               1.03613e-74
c201_esr                          -1.24603e-79
c204_esr                          -1.24603e-79
c202_esr                          -5.59878e-82
c205_esr                          -5.59878e-82
c301_esr                          -5.59878e-82
c302_esr                          -4.83512e-81
c404_esr                          -5.59878e-82
c531_esr                          -5.59878e-82
branch_sense                       1.03613e-74
branch_l                           1.03621e-74
branch_r                           1.03622e-74
damped                             1.03686e-74
c206_esr                          -3.45372e-79
requested                                 0.45
ready                                        0
valid                                    1e-09
timer                                        0
reset_ctl                                    1
reset_raw                          3.63554e-76
en                                 1.27244e-75
disg                              -8.11627e-72
disdrain                           1.03618e-74
breset#branch                                0
bready#branch                                0
v.xu151.vsense#branch             -1.66713e-86
b.xu151.bdrive#branch              8.33565e-87
b.xu151.bcmd#branch                          0
b.xu151.breq#branch                          0
b.xu151.bneg#branch                          0
b.xu151.bref#branch                          0
b.xu151.bactive#branch                       0
bpgwant#branch                               0
bswitchon#branch                             0
bsnsevent#branch                             0
bvslew#branch                                0
v.xu121.vsense#branch              3.20197e-51
b.xu121.bdrive#branch             -1.60098e-51
b.xu121.bcmd#branch                          0
b.xu121.breq#branch                          0
b.xu121.bneg#branch                          0
b.xu121.bref#branch                          0
b.xu121.bactive#branch                       0
ballow#branch                                0
bpvalid#branch                               0
lbranch#branch                    -1.38149e-77
l151#branch                        2.69269e-77
l121#branch                        1.02521e-41
lcable#branch                      3.37363e-53
vload#branch                                 0
vr158#branch                      -1.38149e-77
vpass#branch                                 0
vlogic#branch                           -8e-12
vbat#branch                       -3.37363e-53

 Reference value :  1.05371e-02 Reference value :  2.34071e-02 Reference value :  3.62282e-02 Reference value :  4.66988e-02 Reference value :  5.70967e-02 Reference value :  6.71047e-02 Reference value :  7.68273e-02 Reference value :  8.63773e-02 Reference value :  9.60513e-02 Reference value :  1.06107e-01 Reference value :  1.16299e-01
No. of Data Rows : 60386
I32_FINISHED
ngspice-42 done
