Using SPARSE 1.3 as Direct Linear Solver
Note: Starting dynamic gmin stepping
Warning: Dynamic gmin stepping failed
Note: Starting true gmin stepping
Warning: True gmin stepping failed
Note: Starting source stepping
Warning: singular matrix:  check node snsprev

Warning: singular matrix:  check node snsprev

Warning: source stepping failed
Note: Transient op started
Note: Transient op finished successfully

Note: No compatibility mode selected!


Circuit: i32 exploratory network alternative; not manufacturer u151 model

Doing analysis at TEMP = 27.000000 and TNOM = 27.000000


Initial Transient Solution
--------------------------

Node                                   Voltage
----                                   -------
bat                                          0
cable_r                            2.03966e-55
raw_12v                            2.93354e-52
fused_12v                          2.93456e-52
rev_blocked_12v                    5.60651e-42
protect_ctrl_vin                  -4.20557e-42
protected_12v                      4.96687e-42
input_uv                            3.7186e-43
input_ov                           1.40163e-43
input_shdn                        -4.20556e-42
one                                          1
uv_ok                                    1e-09
ov_bad                                   1e-09
pvalid                                       0
ptimer                                       0
allow                                        0
allow_d                                      0
input_gate_drive                  -2.77862e-35
input_gate                        -2.77862e-35
input_gate_slew                   -2.77863e-35
qsrc                               4.96722e-42
buck_feed                          4.96671e-42
vin5                               4.95223e-42
en5                                  1.025e-42
on5                                      1e-09
xu121.age                                    0
xu121.active                                 0
xu121.ref                                    0
xu121.neg                                    0
xu121.req                         -3.16069e-41
fb5                                9.87717e-43
xu121.integral                               0
xu121.cmd                                    0
xu121.command                                0
xu121.drive                                  0
source5                            2.16187e-45
xu121.active_f                               0
xu121.sense                        -6.2057e-40
sw5                                -6.2057e-40
winding5                           8.35956e-43
c127r                              7.42194e-45
c128r                              7.42194e-45
ripple5                            9.87673e-43
rail5                             -5.29406e-45
feediso                            -5.3278e-45
good5                                    1e-09
iso_en_pin                        -9.30929e-46
gooddelay                           6.6967e-11
ageiso                                       0
switchon                                     0
slewiso                                      0
feedpass                           -5.3278e-45
vin                               -8.24702e-93
snsiso                            -1.12629e-93
localgood                                1e-09
snsfiltered                        7.50022e-10
snsprev                            7.09797e-10
snsevent                                     0
restartage                               1e-05
pgwant                                       0
pgdelay                                      0
en151                             -7.15447e-45
actual_en151                      -3.45946e-45
enable_ctrl                              1e-09
c151_esr                          -1.65466e-98
enable                                   1e-09
xu151.age                                    0
xu151.active                                 0
xu151.ref                                    0
xu151.neg                                    0
xu151.req                         -4.54931e-93
fb                                 3.15925e-94
xu151.integral                               0
xu151.cmd                                    0
xu151.command                                0
xu151.drive                                  0
source                             1.05412e-93
xu151.active_f                               0
xu151.sense                        3.64452e-94
sw                                 3.64452e-94
winding                            1.05449e-93
c155_esr                           8.37862e-99
c156_esr                           8.37862e-99
c157_esr                           8.37862e-99
c158_esr                         -1.15095e-100
main                               1.05406e-93
c201_esr                          -3.93926e-99
c204_esr                          -3.93926e-99
c202_esr                         -1.40098e-101
c205_esr                         -1.40098e-101
c301_esr                         -1.40098e-101
c302_esr                         -1.40123e-100
c404_esr                         -1.40098e-101
c531_esr                         -1.40098e-101
branch_sense                       1.05406e-93
branch_l                           1.05406e-93
branch_r                           1.05406e-93
bulksw_out                                   0
damped                                       0
c206_esr                                     0
main_feed                          1.05412e-93
main_l                             1.05407e-93
requested                                 0.45
ready                                        0
valid                                    1e-09
timer                                        0
reset_ctl                                    1
reset_raw                          3.69846e-95
en                                 1.29446e-94
disg                              -8.24706e-93
disfeed                            1.05412e-93
disdrain                           1.05412e-93
hold_l                            -8.24708e-93
hold_bus                          -8.24705e-93
c162                              -8.24715e-93
bulk_en_in                         1.05406e-93
bulk_en_pin                        2.63431e-94
bulk_want                                1e-09
bulk_enabled                        6.6967e-11
bulk_age                                     0
bulk_slew                                    0
bulk_feed                          1.05406e-93
bulk_localcap                      1.05406e-93
bbulk_slew#branch                            0
breset#branch                                0
bready#branch                                0
v.xu151.vsense#branch            -7.28906e-106
b.xu151.bdrive#branch             3.64452e-106
b.xu151.bcmd#branch                          0
b.xu151.breq#branch                          0
b.xu151.bneg#branch                          0
b.xu151.bref#branch                          0
b.xu151.bactive#branch                       0
bpgwant#branch                               0
bswitchon#branch                             0
bsnsevent#branch                             0
bvslew#branch                                0
v.xu121.vsense#branch              1.24114e-51
b.xu121.bdrive#branch              -6.2057e-52
b.xu121.bcmd#branch                          0
b.xu121.breq#branch                          0
b.xu121.bneg#branch                          0
b.xu121.bref#branch                          0
b.xu121.bactive#branch                       0
ballow#branch                                0
bpvalid#branch                               0
lhold#branch                       1.08086e-96
lmainfeed#branch                   6.38983e-97
lbranch#branch                    -1.44101e-98
l151#branch                        3.20359e-96
l121#branch                        2.98997e-42
lcable#branch                     -2.03966e-54
vbulkpass#branch                             0
vr165#branch                     -2.59553e-101
vload#branch                                 0
vr158#branch                      -1.44101e-98
vpass#branch                                 0
vlogic#branch                           -9e-12
vbat#branch                        2.03966e-54

 Reference value :  6.26217e-03
 Reference value :  1.31662e-02
 Reference value :  2.16182e-02
 Reference value :  3.15382e-02
 Reference value :  3.90928e-02
 Reference value :  4.85559e-02
 Reference value :  5.75879e-02
 Reference value :  6.66299e-02
 Reference value :  7.36317e-02
 Reference value :  7.91337e-02
 Reference value :  8.59197e-02
 Reference value :  9.28902e-02
 Reference value :  1.01332e-01
 Reference value :  1.09364e-01
 Reference value :  1.16629e-01
 Reference value :  1.25023e-01
 Reference value :  1.33345e-01
 Reference value :  1.38547e-01
 Reference value :  1.45997e-01
 Reference value :  1.54201e-01
 Reference value :  1.60721e-01
 Reference value :  1.69281e-01
 Reference value :  1.77369e-01
 Reference value :  1.85771e-01
 Reference value :  1.93841e-01
 Reference value :  2.01699e-01
 Reference value :  2.07279e-01
 Reference value :  2.15513e-01
 Reference value :  2.23273e-01
 Reference value :  2.28645e-01
 Reference value :  2.36977e-01
 Reference value :  2.44939e-01
 Reference value :  2.52733e-01
 Reference value :  2.60955e-01
 Reference value :  2.69001e-01
 Reference value :  2.76655e-01
 Reference value :  2.84333e-01
 Reference value :  2.92175e-01
 Reference value :  2.99731e-01
 Reference value :  3.06973e-01
 Reference value :  3.13447e-01
 Reference value :  3.20301e-01
 Reference value :  3.27075e-01
 Reference value :  3.36043e-01
 Reference value :  3.43969e-01
 Reference value :  3.49785e-01
 Reference value :  3.55035e-01
 Reference value :  3.63069e-01
 Reference value :  3.71371e-01
 Reference value :  3.79771e-01
 Reference value :  3.87929e-01
 Reference value :  3.96703e-01
 Reference value :  4.05301e-01
 Reference value :  4.14193e-01
 Reference value :  4.22843e-01
 Reference value :  4.31489e-01
 Reference value :  4.40041e-01
 Reference value :  4.48787e-01
 Reference value :  4.55391e-01
 Reference value :  4.65831e-01
 Reference value :  4.76823e-01
 Reference value :  4.87825e-01
 Reference value :  4.99003e-01
 Reference value :  5.10193e-01
 Reference value :  5.21191e-01
 Reference value :  5.31747e-01
 Reference value :  5.42889e-01
 Reference value :  5.54159e-01
 Reference value :  5.64373e-01
 Reference value :  5.75175e-01
 Reference value :  5.86463e-01
 Reference value :  5.97675e-01
 Reference value :  6.08825e-01
 Reference value :  6.20147e-01
 Reference value :  6.31335e-01
 Reference value :  6.42601e-01
 Reference value :  6.52395e-01
 Reference value :  6.62555e-01
 Reference value :  6.73587e-01
 Reference value :  6.84737e-01
 Reference value :  6.94967e-01
 Reference value :  7.05901e-01
 Reference value :  7.16337e-01
 Reference value :  7.27253e-01
 Reference value :  7.37877e-01
 Reference value :  7.47901e-01
 Reference value :  7.58493e-01
 Reference value :  7.63001e-01
 Reference value :  7.65635e-01
 Reference value :  7.69097e-01
 Reference value :  7.73563e-01
 Reference value :  7.83981e-01
 Reference value :  7.94207e-01
 Reference value :  8.04267e-01
 Reference value :  8.14709e-01
 Reference value :  8.25399e-01
 Reference value :  8.36023e-01
 Reference value :  8.47113e-01
 Reference value :  8.58051e-01
 Reference value :  8.69191e-01
 Reference value :  8.80135e-01
 Reference value :  8.90187e-01
 Reference value :  8.99761e-01
 Reference value :  9.09397e-01
 Reference value :  9.18985e-01
 Reference value :  9.27186e-01
 Reference value :  9.36016e-01
 Reference value :  9.44305e-01
 Reference value :  9.53081e-01
 Reference value :  9.61674e-01
 Reference value :  9.69880e-01
 Reference value :  9.78372e-01
 Reference value :  9.86978e-01
 Reference value :  9.95490e-01
 Reference value :  1.00399e+00
 Reference value :  1.01201e+00
 Reference value :  1.02031e+00
 Reference value :  1.02907e+00
 Reference value :  1.03782e+00
 Reference value :  1.04664e+00
 Reference value :  1.05534e+00
 Reference value :  1.06396e+00
 Reference value :  1.07277e+00
 Reference value :  1.07985e+00
 Reference value :  1.08872e+00
 Reference value :  1.09738e+00
 Reference value :  1.10645e+00
 Reference value :  1.11554e+00
 Reference value :  1.12459e+00
 Reference value :  1.13345e+00
 Reference value :  1.14237e+00
 Reference value :  1.15128e+00
 Reference value :  1.16000e+00
 Reference value :  1.16881e+00
 Reference value :  1.17658e+00
 Reference value :  1.18483e+00
 Reference value :  1.19319e+00
 Reference value :  1.20140e+00
 Reference value :  1.20973e+00
 Reference value :  1.21796e+00
 Reference value :  1.22653e+00
 Reference value :  1.23520e+00
 Reference value :  1.24321e+00
 Reference value :  1.25150e+00
 Reference value :  1.26031e+00
 Reference value :  1.26913e+00
 Reference value :  1.27786e+00
 Reference value :  1.28635e+00
 Reference value :  1.29489e+00
No. of Data Rows : 652280
I32_FINISHED
ngspice-42 done
