Using SPARSE 1.3 as Direct Linear Solver
Note: Starting dynamic gmin stepping
Warning: Dynamic gmin stepping failed
Note: Starting true gmin stepping
Warning: True gmin stepping failed
Note: Starting source stepping
Warning: singular matrix:  check node snsfiltered

Warning: singular matrix:  check node snsfiltered

Warning: source stepping failed
Note: Transient op started
Note: Transient op finished successfully

Note: No compatibility mode selected!


Circuit: i32 exploratory network alternative; not manufacturer u151 model

Doing analysis at TEMP = 27.000000 and TNOM = 27.000000


Initial Transient Solution
--------------------------

Node                                   Voltage
----                                   -------
bat                                          0
cable_r                            -2.3541e-54
raw_12v                            1.53854e-51
fused_12v                          1.53736e-51
rev_blocked_12v                    5.71176e-42
protect_ctrl_vin                  -4.26782e-42
protected_12v                      5.06138e-42
input_uv                           3.78841e-43
input_ov                           1.42794e-43
input_shdn                        -4.26781e-42
one                                          1
uv_ok                                    1e-09
ov_bad                                   1e-09
pvalid                                       0
ptimer                                       0
allow                                        0
allow_d                                      0
input_gate_drive                  -2.82585e-35
input_gate                        -2.82585e-35
input_gate_slew                   -2.82586e-35
qsrc                               5.06174e-42
buck_feed                          5.06081e-42
vin5                               5.00772e-42
en5                                1.03649e-42
on5                                      1e-09
xu121.age                                    0
xu121.active                                 0
xu121.ref                                    0
xu121.neg                                    0
xu121.req                         -8.52788e-41
fb5                                2.66496e-42
xu121.integral                               0
xu121.cmd                                    0
xu121.command                                0
xu121.drive                                  0
source5                           -4.13455e-43
xu121.active_f                               0
xu121.sense                       -1.59327e-39
sw5                               -1.59327e-39
winding5                           1.15295e-42
c127r                              2.08022e-44
c128r                              2.08022e-44
ripple5                            2.34729e-42
rail5                              -4.3435e-43
feediso                           -4.34445e-43
good5                                    1e-09
iso_en_pin                        -7.74666e-44
gooddelay                           6.6967e-11
ageiso                                       0
switchon                                     0
slewiso                                      0
feedpass                          -4.34445e-43
vin                                2.37099e-79
snsiso                             3.31529e-80
localgood                                1e-09
snsfiltered                        7.50022e-10
snsprev                            7.09797e-10
snsevent                                     0
restartage                               1e-05
pgwant                                       0
pgdelay                                      0
en151                             -4.02555e-43
enable_ctrl                              1e-09
c151_esr                          -4.10541e-84
enable                                   1e-09
xu151.age                                    0
xu151.active                                 0
xu151.ref                                    0
xu151.neg                                    0
xu151.req                          1.35615e-81
fb                                -9.41774e-83
xu151.integral                               0
xu151.cmd                                    0
xu151.command                                0
xu151.drive                                  0
source                            -3.08033e-82
xu151.active_f                               0
xu151.sense                       -6.85992e-82
sw                                -6.85992e-82
winding                           -3.08466e-82
c155_esr                          -1.44589e-86
c156_esr                          -1.44589e-86
c157_esr                          -1.44589e-86
c158_esr                          -1.27298e-88
main                              -3.08021e-82
c201_esr                          -4.31139e-87
c204_esr                          -4.31139e-87
c202_esr                          -5.84027e-89
c205_esr                          -5.84027e-89
c301_esr                          -5.84027e-89
c302_esr                          -6.53227e-88
c404_esr                          -5.84027e-89
c531_esr                          -5.84027e-89
branch_sense                      -3.08021e-82
branch_l                          -3.08025e-82
branch_r                          -3.08021e-82
damped                            -3.08042e-82
c206_esr                           1.10288e-87
requested                                 0.45
ready                                        0
valid                                    1e-09
timer                                        0
reset_ctl                                    1
reset_raw                         -1.08077e-83
en                                -3.78269e-83
disg                               2.23094e-79
disfeed                           -3.08033e-82
disdrain                          -3.08033e-82
hold_l                             2.37477e-79
hold_bus                           2.37307e-79
c162                               2.37517e-79
c163                               2.37517e-79
c164                               2.37517e-79
breset#branch                                0
bready#branch                                0
v.xu151.vsense#branch              1.37197e-93
b.xu151.bdrive#branch             -6.85992e-94
b.xu151.bcmd#branch                          0
b.xu151.breq#branch                          0
b.xu151.bneg#branch                          0
b.xu151.bref#branch                          0
b.xu151.bactive#branch                       0
bpgwant#branch                               0
bswitchon#branch                             0
bsnsevent#branch                             0
bvslew#branch                                0
v.xu121.vsense#branch              3.18654e-51
b.xu121.bdrive#branch             -1.59327e-51
b.xu121.bcmd#branch                          0
b.xu121.breq#branch                          0
b.xu121.bneg#branch                          0
b.xu121.bref#branch                          0
b.xu121.bactive#branch                       0
ballow#branch                                0
bpvalid#branch                               0
lhold#branch                      -6.29283e-81
lbranch#branch                      4.4115e-86
l151#branch                       -5.61702e-84
l121#branch                        8.37649e-42
lcable#branch                       2.3541e-53
vr165#branch                        6.6167e-90
vload#branch                                 0
vr158#branch                        4.4115e-86
vpass#branch                      -2.37099e-83
vlogic#branch                           -8e-12
vbat#branch                        -2.3541e-53

 Reference value :  7.81417e-03
 Reference value :  1.75142e-02
 Reference value :  2.85482e-02
 Reference value :  3.75956e-02
 Reference value :  4.70277e-02
 Reference value :  5.72154e-02
 Reference value :  6.71083e-02
 Reference value :  7.36008e-02
 Reference value :  8.22508e-02
 Reference value :  9.16901e-02
 Reference value :  9.99881e-02
 Reference value :  1.08688e-01
 Reference value :  1.17582e-01
 Reference value :  1.26688e-01
 Reference value :  1.36324e-01
 Reference value :  1.45984e-01
 Reference value :  1.52957e-01
 Reference value :  1.63972e-01
 Reference value :  1.76396e-01
 Reference value :  1.88768e-01
 Reference value :  2.00948e-01
 Reference value :  2.13292e-01
 Reference value :  2.25682e-01
 Reference value :  2.37888e-01
 Reference value :  2.49964e-01
 Reference value :  2.62366e-01
 Reference value :  2.74840e-01
 Reference value :  2.87260e-01
 Reference value :  2.99534e-01
 Reference value :  3.12044e-01
 Reference value :  3.23900e-01
 Reference value :  3.35472e-01
 Reference value :  3.47120e-01
 Reference value :  3.58984e-01
 Reference value :  3.71286e-01
 Reference value :  3.83610e-01
 Reference value :  3.96022e-01
 Reference value :  4.08484e-01
 Reference value :  4.17230e-01
 Reference value :  4.28936e-01
 Reference value :  4.38222e-01
 Reference value :  4.49252e-01
 Reference value :  4.60842e-01
 Reference value :  4.72600e-01
 Reference value :  4.83084e-01
 Reference value :  4.95260e-01
 Reference value :  5.05516e-01
 Reference value :  5.17086e-01
 Reference value :  5.28116e-01
 Reference value :  5.38626e-01
 Reference value :  5.50066e-01
 Reference value :  5.61146e-01
 Reference value :  5.73064e-01
 Reference value :  5.85484e-01
 Reference value :  5.96838e-01
 Reference value :  6.09190e-01
 Reference value :  6.21450e-01
 Reference value :  6.33630e-01
 Reference value :  6.45756e-01
 Reference value :  6.57946e-01
 Reference value :  6.69410e-01
 Reference value :  6.80924e-01
 Reference value :  6.92722e-01
 Reference value :  7.04284e-01
 Reference value :  7.14284e-01
 Reference value :  7.25500e-01
 Reference value :  7.35228e-01
 Reference value :  7.43296e-01
 Reference value :  7.55228e-01
 Reference value :  7.67314e-01
 Reference value :  7.79668e-01
 Reference value :  7.90075e-01
 Reference value :  8.00059e-01
 Reference value :  8.10835e-01
 Reference value :  8.20325e-01
 Reference value :  8.30087e-01
 Reference value :  8.38176e-01
 Reference value :  8.46334e-01
No. of Data Rows : 427282
I32_FINISHED
ngspice-42 done
