Using SPARSE 1.3 as Direct Linear Solver
Note: Starting dynamic gmin stepping
Warning: Dynamic gmin stepping failed
Note: Starting true gmin stepping
Warning: True gmin stepping failed
Note: Starting source stepping
Warning: singular matrix:  check node snsfiltered

Warning: singular matrix:  check node snsfiltered

Warning: source stepping failed
Note: Transient op started
Note: Transient op finished successfully

Note: No compatibility mode selected!


Circuit: i32 exploratory network alternative; not manufacturer u151 model

Doing analysis at TEMP = 27.000000 and TNOM = 27.000000


Initial Transient Solution
--------------------------

Node                                   Voltage
----                                   -------
bat                                          0
cable_r                           -1.76561e-54
raw_12v                            1.20783e-51
fused_12v                          1.20695e-51
rev_blocked_12v                    5.75824e-42
protect_ctrl_vin                  -4.29749e-42
protected_12v                      5.09667e-42
input_uv                           3.81924e-43
input_ov                           1.43956e-43
input_shdn                        -4.29748e-42
one                                          1
uv_ok                                    1e-09
ov_bad                                   1e-09
pvalid                                       0
ptimer                                       0
allow                                        0
allow_d                                      0
input_gate_drive                  -2.84743e-35
input_gate                        -2.84743e-35
input_gate_slew                   -2.84745e-35
qsrc                               5.09704e-42
buck_feed                          5.09622e-42
vin5                                5.0536e-42
en5                                1.04599e-42
on5                                      1e-09
xu121.age                                    0
xu121.active                                 0
xu121.ref                                    0
xu121.neg                                    0
xu121.req                         -7.41791e-41
fb5                                 2.3181e-42
xu121.integral                               0
xu121.cmd                                    0
xu121.command                                0
xu121.drive                                  0
source5                           -2.91319e-43
xu121.active_f                               0
xu121.sense                       -1.20762e-39
sw5                               -1.20762e-39
winding5                           1.72538e-42
c127r                              1.79704e-44
c128r                              1.79704e-44
ripple5                            2.09243e-42
rail5                             -3.09367e-43
feediso                           -3.09449e-43
good5                                    1e-09
iso_en_pin                        -5.33857e-44
gooddelay                           6.6967e-11
ageiso                                       0
switchon                                     0
slewiso                                      0
feedpass                          -3.09449e-43
vin                                 -7.433e-81
snsiso                            -9.95302e-82
localgood                                1e-09
snsfiltered                        7.50022e-10
snsprev                            7.09797e-10
snsevent                                     0
restartage                               1e-05
pgwant                                       0
pgdelay                                      0
en151                             -2.34785e-43
actual_en151                      -1.21943e-43
enable_ctrl                              1e-09
c151_esr                          -1.34595e-88
enable                                   1e-09
xu151.age                                    0
xu151.active                                 0
xu151.ref                                    0
xu151.neg                                    0
xu151.req                         -4.10447e-83
fb                                 2.85033e-84
xu151.integral                               0
xu151.cmd                                    0
xu151.command                                0
xu151.drive                                  0
source                              9.5105e-84
xu151.active_f                               0
xu151.sense                        7.68089e-84
sw                                 7.68089e-84
winding                            9.51332e-84
c155_esr                          -6.77055e-89
c156_esr                          -6.77055e-89
c157_esr                          -6.77055e-89
c158_esr                          -6.34403e-91
main                               9.50688e-84
c201_esr                          -8.94187e-89
c204_esr                          -8.94187e-89
c202_esr                          -3.67843e-91
c205_esr                          -3.67843e-91
c301_esr                          -3.67843e-91
c302_esr                          -3.67943e-90
c404_esr                          -3.67843e-91
c531_esr                          -3.67843e-91
branch_sense                       9.50688e-84
branch_l                           9.50805e-84
branch_r                           9.50813e-84
damped                             9.51406e-84
c206_esr                          -4.49316e-88
main_feed                          9.51006e-84
main_l                             9.50673e-84
requested                                 0.45
ready                                        0
valid                                    1e-09
timer                                        0
reset_ctl                                    1
reset_raw                          3.33575e-85
en                                 1.16751e-84
disg                                -7.433e-81
disfeed                             9.5105e-84
disdrain                            9.5105e-84
hold_l                              -7.433e-81
hold_bus                            -7.433e-81
c162                                -7.433e-81
c163                                -7.433e-81
c164                                -7.433e-81
breset#branch                                0
bready#branch                                0
v.xu151.vsense#branch             -1.53618e-95
b.xu151.bdrive#branch              7.68089e-96
b.xu151.bcmd#branch                          0
b.xu151.breq#branch                          0
b.xu151.bneg#branch                          0
b.xu151.bref#branch                          0
b.xu151.bactive#branch                       0
bpgwant#branch                               0
bswitchon#branch                             0
bsnsevent#branch                             0
bvslew#branch                                0
v.xu121.vsense#branch              2.41524e-51
b.xu121.bdrive#branch             -1.20762e-51
b.xu121.bcmd#branch                          0
b.xu121.breq#branch                          0
b.xu121.bneg#branch                          0
b.xu121.bref#branch                          0
b.xu121.bactive#branch                       0
ballow#branch                                0
bpvalid#branch                               0
lhold#branch                       9.79498e-87
lmainfeed#branch                   4.43539e-86
lbranch#branch                    -1.79726e-86
l151#branch                        2.45431e-86
l121#branch                        7.23185e-42
lcable#branch                      1.76561e-53
vr165#branch                      -1.23392e-91
vload#branch                                 0
vr158#branch                      -1.79726e-86
vpass#branch                                 0
vlogic#branch                           -8e-12
vbat#branch                       -1.76561e-53

 Reference value :  9.13217e-03
 Reference value :  1.89322e-02
 Reference value :  3.05802e-02
 Reference value :  4.04925e-02
 Reference value :  4.93985e-02
 Reference value :  5.89845e-02
 Reference value :  6.85387e-02
 Reference value :  7.57727e-02
 Reference value :  8.45938e-02
 Reference value :  9.34878e-02
 Reference value :  1.03597e-01
 Reference value :  1.11712e-01
 Reference value :  1.20056e-01
 Reference value :  1.30480e-01
 Reference value :  1.37779e-01
 Reference value :  1.47358e-01
 Reference value :  1.55357e-01
 Reference value :  1.65697e-01
 Reference value :  1.75802e-01
 Reference value :  1.85825e-01
 Reference value :  1.93748e-01
No. of Data Rows : 103083
I32_FINISHED
ngspice-42 done
