Using SPARSE 1.3 as Direct Linear Solver
Note: Starting dynamic gmin stepping
Warning: Dynamic gmin stepping failed
Note: Starting true gmin stepping
Warning: True gmin stepping failed
Note: Starting source stepping
Warning: singular matrix:  check node bulk_enabled

Warning: singular matrix:  check node bulk_enabled

Warning: source stepping failed
Note: Transient op started
Note: Transient op finished successfully

Note: No compatibility mode selected!


Circuit: i32 exploratory network alternative; not manufacturer u151 model

Doing analysis at TEMP = 27.000000 and TNOM = 27.000000


Initial Transient Solution
--------------------------

Node                                   Voltage
----                                   -------
bat                                          0
cable_r                            2.03617e-55
raw_12v                            2.93171e-52
fused_12v                          2.93273e-52
rev_blocked_12v                    5.60278e-42
protect_ctrl_vin                  -4.20197e-42
protected_12v                      4.96313e-42
input_uv                           3.71613e-43
input_ov                           1.40069e-43
input_shdn                        -4.20196e-42
one                                          1
uv_ok                                    1e-09
ov_bad                                   1e-09
pvalid                                       0
ptimer                                       0
allow                                        0
allow_d                                      0
input_gate_drive                  -2.77654e-35
input_gate                        -2.77654e-35
input_gate_slew                   -2.77655e-35
qsrc                               4.96349e-42
buck_feed                          4.96298e-42
vin5                                4.9485e-42
en5                                1.02423e-42
on5                                      1e-09
xu121.age                                    0
xu121.active                                 0
xu121.ref                                    0
xu121.neg                                    0
xu121.req                         -3.15358e-41
fb5                                9.85492e-43
xu121.integral                               0
xu121.cmd                                    0
xu121.command                                0
xu121.drive                                  0
source5                            6.03481e-46
xu121.active_f                               0
xu121.sense                       -6.19929e-40
sw5                               -6.19929e-40
winding5                           8.33936e-43
c127r                              7.42841e-45
c128r                              7.42841e-45
ripple5                            9.85565e-43
rail5                             -6.83777e-45
feediso                           -6.85464e-45
good5                                    1e-09
iso_en_pin                        -1.19961e-45
gooddelay                           6.6967e-11
ageiso                                       0
switchon                                     0
slewiso                                      0
feedpass                          -6.85464e-45
vin                                2.58285e-92
snsiso                             3.51857e-93
snsbase                                      0
localgood                                1e-09
snsfiltered                        7.50022e-10
snsprev                            7.09797e-10
snsevent                                     0
restartage                               1e-05
pgwant                                       0
pgdelay                                      0
en151                             -6.98718e-45
actual_en151                      -3.62218e-45
enable_ctrl                              1e-09
c151_esr                           7.51193e-97
enable                                   1e-09
xu151.age                                    0
xu151.active                                 0
xu151.ref                                    0
xu151.neg                                    0
xu151.req                          1.42473e-92
fb                                -9.89398e-94
xu151.integral                               0
xu151.cmd                                    0
xu151.command                                0
xu151.drive                                  0
source                            -3.30126e-93
xu151.active_f                               0
xu151.sense                       -4.02982e-93
sw                                -4.02982e-93
winding                           -3.30958e-93
c155_esr                          -2.32529e-97
c156_esr                          -2.32529e-97
c157_esr                          -2.32529e-97
c158_esr                          -1.32021e-99
main                              -3.30077e-93
c201_esr                           9.90522e-99
c204_esr                           9.90522e-99
c202_esr                          4.06184e-101
c205_esr                          4.06184e-101
c301_esr                          4.06184e-101
c302_esr                          4.11086e-100
c404_esr                          4.06184e-101
c531_esr                          4.06184e-101
branch_sense                      -3.30077e-93
branch_l                          -3.30077e-93
branch_r                          -3.30077e-93
bulksw_out                                   0
damped                                       0
c206_esr                                     0
main_feed                         -3.30124e-93
main_l                            -3.30106e-93
requested                                 0.45
ready                                        0
valid                                    1e-09
timer                                        0
reset_ctl                                    1
reset_raw                         -1.15817e-94
en                                -4.05358e-94
disg                               2.43083e-92
disfeed                           -3.30126e-93
disdrain                          -3.30126e-93
hold_l                             2.58459e-92
hold_bus                           2.58422e-92
c162                               2.58494e-92
bulk_en_in                        -3.30077e-93
bulk_en_pin                       -8.23134e-94
bulk_want                                1e-09
bulk_enabled                        6.6967e-11
bulk_age                                     0
bulk_slew                                    0
bulk_feed                         -3.30077e-93
bulk_localcap                     -3.30077e-93
bbulk_slew#branch                            0
breset#branch                                0
bready#branch                                0
v.xu151.vsense#branch             8.05963e-105
b.xu151.bdrive#branch            -4.02982e-105
b.xu151.bcmd#branch                          0
b.xu151.breq#branch                          0
b.xu151.bneg#branch                          0
b.xu151.bref#branch                          0
b.xu151.bactive#branch                       0
bpgwant#branch                               0
bswitchon#branch                             0
bsnsevent#branch                             0
bvslew#branch                                0
v.xu121.vsense#branch              1.23986e-51
b.xu121.bdrive#branch             -6.19929e-52
b.xu121.bcmd#branch                          0
b.xu121.breq#branch                          0
b.xu121.bneg#branch                          0
b.xu121.bref#branch                          0
b.xu121.bactive#branch                       0
ballow#branch                                0
bpvalid#branch                               0
lhold#branch                      -2.89232e-94
lmainfeed#branch                  -2.32581e-96
lbranch#branch                     4.51704e-98
l151#branch                       -7.24123e-95
l121#branch                        2.98831e-42
lcable#branch                     -2.03617e-54
vbulkpass#branch                             0
vr165#branch                      1.85657e-100
vsnsbase#branch                    3.51857e-96
vload#branch                                 0
vr158#branch                       4.51704e-98
vpass#branch                      -2.58285e-96
vlogic#branch                           -9e-12
vbat#branch                        2.03617e-54

 Reference value :  7.29017e-03
 Reference value :  1.61942e-02
 Reference value :  2.39162e-02
 Reference value :  3.20622e-02
 Reference value :  4.03190e-02
 Reference value :  4.88070e-02
 Reference value :  5.56590e-02
 Reference value :  6.16270e-02
 Reference value :  6.97450e-02
 Reference value :  7.50710e-02
 Reference value :  8.43846e-02
 Reference value :  9.39746e-02
 Reference value :  1.02096e-01
 Reference value :  1.10011e-01
 Reference value :  1.18975e-01
 Reference value :  1.28205e-01
 Reference value :  1.37353e-01
 Reference value :  1.45259e-01
 Reference value :  1.53819e-01
 Reference value :  1.62699e-01
 Reference value :  1.71493e-01
 Reference value :  1.79591e-01
 Reference value :  1.88321e-01
 Reference value :  1.97053e-01
 Reference value :  2.05587e-01
 Reference value :  2.12529e-01
 Reference value :  2.18445e-01
 Reference value :  2.26519e-01
 Reference value :  2.34757e-01
 Reference value :  2.41537e-01
 Reference value :  2.47937e-01
 Reference value :  2.56381e-01
 Reference value :  2.63833e-01
 Reference value :  2.69981e-01
 Reference value :  2.77659e-01
 Reference value :  2.86454e-01
 Reference value :  2.95466e-01
 Reference value :  3.04502e-01
 Reference value :  3.13358e-01
 Reference value :  3.21710e-01
 Reference value :  3.30666e-01
 Reference value :  3.37746e-01
 Reference value :  3.45944e-01
 Reference value :  3.54792e-01
 Reference value :  3.63634e-01
 Reference value :  3.72576e-01
 Reference value :  3.81322e-01
 Reference value :  3.89878e-01
 Reference value :  3.98614e-01
 Reference value :  4.07666e-01
 Reference value :  4.16376e-01
 Reference value :  4.25366e-01
 Reference value :  4.34486e-01
 Reference value :  4.43660e-01
 Reference value :  4.50747e-01
 Reference value :  4.59683e-01
 Reference value :  4.69437e-01
 Reference value :  4.77246e-01
 Reference value :  4.84174e-01
 Reference value :  4.92758e-01
 Reference value :  5.02336e-01
 Reference value :  5.12004e-01
 Reference value :  5.21289e-01
 Reference value :  5.30754e-01
 Reference value :  5.39400e-01
 Reference value :  5.47131e-01
 Reference value :  5.55019e-01
 Reference value :  5.63264e-01
 Reference value :  5.71796e-01
 Reference value :  5.80528e-01
 Reference value :  5.89198e-01
 Reference value :  5.97888e-01
 Reference value :  6.06598e-01
 Reference value :  6.15342e-01
 Reference value :  6.24210e-01
 Reference value :  6.33076e-01
 Reference value :  6.41824e-01
 Reference value :  6.50688e-01
 Reference value :  6.59508e-01
 Reference value :  6.68256e-01
 Reference value :  6.76848e-01
 Reference value :  6.85532e-01
 Reference value :  6.94126e-01
 Reference value :  7.02764e-01
 Reference value :  7.08942e-01
 Reference value :  7.17262e-01
 Reference value :  7.24966e-01
 Reference value :  7.33870e-01
 Reference value :  7.42658e-01
 Reference value :  7.51640e-01
 Reference value :  7.59848e-01
 Reference value :  7.68438e-01
 Reference value :  7.76178e-01
 Reference value :  7.84462e-01
 Reference value :  7.91968e-01
 Reference value :  8.00726e-01
 Reference value :  8.07266e-01
 Reference value :  8.15566e-01
 Reference value :  8.23802e-01
 Reference value :  8.31488e-01
 Reference value :  8.40518e-01
 Reference value :  8.49514e-01
 Reference value :  8.58270e-01
 Reference value :  8.67298e-01
 Reference value :  8.76192e-01
 Reference value :  8.84936e-01
 Reference value :  8.91426e-01
No. of Data Rows : 452653
I32_FINISHED
ngspice-42 done
