Using SPARSE 1.3 as Direct Linear Solver
Note: Starting dynamic gmin stepping
Warning: Dynamic gmin stepping failed
Note: Starting true gmin stepping
Warning: True gmin stepping failed
Note: Starting source stepping
Warning: singular matrix:  check node snsfiltered

Warning: singular matrix:  check node snsfiltered

Warning: source stepping failed
Note: Transient op started
Note: Transient op finished successfully

Note: No compatibility mode selected!


Circuit: i32 exploratory network alternative; not manufacturer u151 model

Doing analysis at TEMP = 27.000000 and TNOM = 27.000000


Initial Transient Solution
--------------------------

Node                                   Voltage
----                                   -------
bat                                          0
cable_r                            2.03618e-55
raw_12v                            2.93168e-52
fused_12v                           2.9327e-52
rev_blocked_12v                    5.60276e-42
protect_ctrl_vin                  -4.20195e-42
protected_12v                      4.96311e-42
input_uv                           3.71611e-43
input_ov                           1.40069e-43
input_shdn                        -4.20195e-42
one                                          1
uv_ok                                    1e-09
ov_bad                                   1e-09
pvalid                                       0
ptimer                                       0
allow                                        0
allow_d                                      0
input_gate_drive                  -2.77653e-35
input_gate                        -2.77653e-35
input_gate_slew                   -2.77654e-35
qsrc                               4.96347e-42
buck_feed                          4.96296e-42
vin5                               4.94848e-42
en5                                1.02423e-42
on5                                      1e-09
xu121.age                                    0
xu121.active                                 0
xu121.ref                                    0
xu121.neg                                    0
xu121.req                         -3.15356e-41
fb5                                9.85489e-43
xu121.integral                               0
xu121.cmd                                    0
xu121.command                                0
xu121.drive                                  0
source5                            6.03478e-46
xu121.active_f                               0
xu121.sense                       -6.19926e-40
sw5                               -6.19926e-40
winding5                           8.33933e-43
c127r                              7.42838e-45
c128r                              7.42838e-45
ripple5                            9.85561e-43
rail5                             -6.83774e-45
feediso                           -6.85462e-45
good5                                    1e-09
iso_en_pin                         -1.1996e-45
gooddelay                           6.6967e-11
ageiso                                       0
switchon                                     0
slewiso                                      0
feedpass                          -6.85462e-45
vin                                1.24435e-84
snsiso                             1.69515e-85
localgood                                1e-09
snsfiltered                        7.50022e-10
snsprev                            7.09797e-10
snsevent                                     0
restartage                               1e-05
pgwant                                       0
pgdelay                                      0
en151                             -6.98715e-45
actual_en151                      -3.62217e-45
enable_ctrl                              1e-09
c151_esr                           7.86342e-89
enable                                   1e-09
xu151.age                                    0
xu151.active                                 0
xu151.ref                                    0
xu151.neg                                    0
xu151.req                          3.36174e-83
fb                                -2.33454e-84
xu151.integral                               0
xu151.cmd                                    0
xu151.command                                0
xu151.drive                                  0
source                            -7.78951e-84
xu151.active_f                               0
xu151.sense                        -6.1039e-84
sw                                 -6.1039e-84
winding                           -7.79087e-84
c155_esr                            -3.802e-89
c156_esr                            -3.802e-89
c157_esr                            -3.802e-89
c158_esr                           1.76515e-91
main                                         0
c201_esr                                     0
c204_esr                                     0
c202_esr                                     0
c205_esr                                     0
c301_esr                                     0
c302_esr                                     0
c404_esr                                     0
c531_esr                                     0
branch_sense                                 0
branch_l                                     0
branch_r                                     0
bulksw_out                                   0
damped                                       0
c206_esr                                     0
main_feed                         -5.84155e-97
main_l                            5.87018e-101
requested                                 0.45
ready                                        0
valid                                    1e-09
timer                                        0
reset_ctl                                    1
reset_raw                                    0
en                                           0
disg                               1.17106e-84
disfeed                           -7.78951e-84
disdrain                          -7.78951e-84
hold_l                             1.24518e-84
hold_bus                           1.24495e-84
c162                                1.2453e-84
bulk_en_in                                   0
bulk_en_pin                                  0
bulk_want                                1e-09
bulk_enabled                        6.6967e-11
bulk_age                                     0
bulk_slew                                    0
bulk_feed                                    0
bulk_localcap                                0
bbulk_slew#branch                            0
breset#branch                                0
bready#branch                                0
v.xu151.vsense#branch              1.22078e-95
b.xu151.bdrive#branch              -6.1039e-96
b.xu151.bcmd#branch                          0
b.xu151.breq#branch                          0
b.xu151.bneg#branch                          0
b.xu151.bref#branch                          0
b.xu151.bactive#branch                       0
bpgwant#branch                               0
bswitchon#branch                             0
bsnsevent#branch                             0
bvslew#branch                                0
v.xu121.vsense#branch              1.23985e-51
b.xu121.bdrive#branch             -6.19926e-52
b.xu121.bcmd#branch                          0
b.xu121.breq#branch                          0
b.xu121.bneg#branch                          0
b.xu121.bref#branch                          0
b.xu121.bactive#branch                       0
ballow#branch                                0
bpvalid#branch                               0
lhold#branch                      -1.39238e-86
lmainfeed#branch                  -7.78951e-96
lbranch#branch                               0
l151#branch                       -1.18506e-86
l121#branch                         2.9883e-42
lcable#branch                     -2.03618e-54
vbulkpass#branch                             0
vr165#branch                        7.1165e-92
vload#branch                                 0
vservice3#branch                  -7.78951e-96
vr158#branch                                 0
vpass#branch                      -1.24435e-88
vlogic#branch                           -9e-12
vbat#branch                        2.03618e-54

 Reference value :  6.19977e-03
 Reference value :  1.72838e-02
 Reference value :  2.67718e-02
 Reference value :  3.45938e-02
 Reference value :  4.25858e-02
 Reference value :  5.30118e-02
 Reference value :  6.26078e-02
 Reference value :  7.30578e-02
 Reference value :  8.42798e-02
 Reference value :  9.54378e-02
 Reference value :  1.06600e-01
 Reference value :  1.18098e-01
 Reference value :  1.29350e-01
 Reference value :  1.37874e-01
 Reference value :  1.48906e-01
 Reference value :  1.58484e-01
 Reference value :  1.69078e-01
 Reference value :  1.80368e-01
 Reference value :  1.91567e-01
 Reference value :  2.02843e-01
 Reference value :  2.13055e-01
 Reference value :  2.24387e-01
 Reference value :  2.35353e-01
 Reference value :  2.46655e-01
 Reference value :  2.54371e-01
 Reference value :  2.63799e-01
 Reference value :  2.74665e-01
 Reference value :  2.85835e-01
 Reference value :  2.97317e-01
 Reference value :  3.08933e-01
 Reference value :  3.20273e-01
 Reference value :  3.31375e-01
 Reference value :  3.42669e-01
 Reference value :  3.54199e-01
 Reference value :  3.65775e-01
 Reference value :  3.76595e-01
 Reference value :  3.87461e-01
 Reference value :  3.98423e-01
 Reference value :  4.09099e-01
 Reference value :  4.17349e-01
 Reference value :  4.27751e-01
 Reference value :  4.37315e-01
 Reference value :  4.48403e-01
 Reference value :  4.57937e-01
 Reference value :  4.69091e-01
 Reference value :  4.79745e-01
 Reference value :  4.90681e-01
 Reference value :  4.99891e-01
 Reference value :  5.08563e-01
 Reference value :  5.16885e-01
 Reference value :  5.25507e-01
 Reference value :  5.35575e-01
 Reference value :  5.43281e-01
 Reference value :  5.53373e-01
 Reference value :  5.63639e-01
 Reference value :  5.74097e-01
 Reference value :  5.83719e-01
 Reference value :  5.93647e-01
No. of Data Rows : 300355
I32_FINISHED
ngspice-42 done
