Using SPARSE 1.3 as Direct Linear Solver
Note: Starting dynamic gmin stepping
Warning: Dynamic gmin stepping failed
Note: Starting true gmin stepping
Warning: True gmin stepping failed
Note: Starting source stepping
Warning: singular matrix:  check node snsfiltered

Warning: singular matrix:  check node snsfiltered

Warning: source stepping failed
Note: Transient op started
Note: Transient op finished successfully

Note: No compatibility mode selected!


Circuit: i32 exploratory network alternative; not manufacturer u151 model

Doing analysis at TEMP = 27.000000 and TNOM = 27.000000


Initial Transient Solution
--------------------------

Node                                   Voltage
----                                   -------
bat                                          0
cable_r                            7.01143e-55
raw_12v                            6.37227e-53
fused_12v                          6.40733e-53
rev_blocked_12v                    5.72697e-42
protect_ctrl_vin                  -4.28024e-42
protected_12v                      5.07473e-42
input_uv                            3.7985e-43
input_ov                           1.43174e-43
input_shdn                        -4.28024e-42
one                                          1
uv_ok                                    1e-09
ov_bad                                   1e-09
pvalid                                       0
ptimer                                       0
allow                                        0
allow_d                                      0
input_gate_drive                  -2.83399e-35
input_gate                        -2.83399e-35
input_gate_slew                     -2.834e-35
qsrc                                5.0751e-42
buck_feed                          5.07466e-42
vin5                               5.06776e-42
en5                                1.04892e-42
on5                                      1e-09
xu121.age                                    0
xu121.active                                 0
xu121.ref                                    0
xu121.neg                                    0
xu121.req                         -1.36509e-41
fb5                                4.26591e-43
xu121.integral                               0
xu121.cmd                                    0
xu121.command                                0
xu121.drive                                  0
source5                           -4.39132e-43
xu121.active_f                               0
xu121.sense                       -4.82173e-40
sw5                               -4.82173e-40
winding5                          -6.10392e-44
c127r                              5.02243e-45
c128r                              5.02243e-45
ripple5                            9.39662e-44
rail5                             -4.44163e-43
feediso                           -4.44175e-43
good5                                    1e-09
iso_en_pin                        -7.79234e-44
gooddelay                           6.6967e-11
ageiso                                       0
switchon                                     0
slewiso                                      0
feedpass                          -4.44175e-43
vin                               -2.86784e-79
snsiso                            -3.90714e-80
localgood                                1e-09
snsfiltered                        7.50022e-10
snsprev                            7.09797e-10
snsevent                                     0
restartage                               1e-05
pgwant                                       0
pgdelay                                      0
en151                             -3.97512e-43
enable_ctrl                              1e-09
c151_esr                          -1.40217e-85
enable                                   1e-09
xu151.age                                    0
xu151.active                                 0
xu151.ref                                    0
xu151.neg                                    0
xu151.req                         -8.11879e-82
fb                                 1.12761e-82
xu151.integral                               0
xu151.cmd                                    0
xu151.command                                0
xu151.drive                                  0
source                             3.68693e-82
xu151.active_f                               0
xu151.sense                       -1.19948e-80
sw                                -1.19948e-80
winding                            3.70764e-82
c155_esr                           5.92946e-86
c156_esr                           5.92946e-86
c157_esr                           5.92946e-86
c158_esr                          -1.28046e-87
main                               3.68601e-82
c201_esr                            3.4536e-86
c204_esr                            3.4536e-86
c202_esr                            -1.254e-88
c205_esr                            -1.254e-88
c301_esr                            -1.254e-88
c302_esr                            3.1556e-88
c404_esr                            -1.254e-88
c531_esr                            -1.254e-88
branch_sense                       3.68601e-82
branch_l                           3.68684e-82
branch_r                           3.68641e-82
damped                             3.69024e-82
c206_esr                          -2.06931e-86
requested                                 0.45
ready                                        0
valid                                    1e-09
timer                                        0
reset_ctl                                    1
reset_raw                          1.29332e-83
en                                 4.52661e-83
disg                              -2.86784e-79
disfeed                            3.68693e-82
disdrain                           3.68694e-82
hold_l                            -2.86784e-79
hold_bus                          -2.86784e-79
c162                              -2.86784e-79
c163                              -2.86784e-79
c164                              -2.86784e-79
breset#branch                                0
bready#branch                                0
v.xu151.vsense#branch              2.39897e-92
b.xu151.bdrive#branch             -1.19948e-92
b.xu151.bcmd#branch                          0
b.xu151.breq#branch                          0
b.xu151.bneg#branch                          0
b.xu151.bref#branch                          0
b.xu151.bactive#branch                       0
bpgwant#branch                               0
bswitchon#branch                             0
bsnsevent#branch                             0
bvslew#branch                                0
v.xu121.vsense#branch              9.64347e-52
b.xu121.bdrive#branch             -4.82173e-52
b.xu121.bcmd#branch                          0
b.xu121.breq#branch                          0
b.xu121.bneg#branch                          0
b.xu121.bref#branch                          0
b.xu121.bactive#branch                       0
ballow#branch                                0
bpvalid#branch                               0
lhold#branch                       4.23107e-85
lbranch#branch                    -8.27726e-85
l151#branch                        2.68624e-83
l121#branch                        2.02189e-42
lcable#branch                     -7.01143e-54
vr165#branch                      -2.53376e-88
vload#branch                                 0
vr158#branch                      -8.27726e-85
vpass#branch                                 0
vlogic#branch                           -8e-12
vbat#branch                        7.01143e-54

 Reference value :  7.51017e-03
 Reference value :  2.00982e-02
 Reference value :  3.24182e-02
 Reference value :  4.14647e-02
 Reference value :  5.11575e-02
 Reference value :  6.17935e-02
 Reference value :  7.15803e-02
 Reference value :  7.99363e-02
 Reference value :  8.69777e-02
 Reference value :  9.55117e-02
 Reference value :  1.05324e-01
 Reference value :  1.13400e-01
 Reference value :  1.21230e-01
 Reference value :  1.30782e-01
 Reference value :  1.40126e-01
 Reference value :  1.49130e-01
 Reference value :  1.58843e-01
 Reference value :  1.67825e-01
 Reference value :  1.77295e-01
 Reference value :  1.87069e-01
 Reference value :  1.96837e-01
No. of Data Rows : 100584
I32_FINISHED
ngspice-42 done
