Using SPARSE 1.3 as Direct Linear Solver
Note: Starting dynamic gmin stepping
Warning: Dynamic gmin stepping failed
Note: Starting true gmin stepping
Warning: True gmin stepping failed
Note: Starting source stepping
Warning: singular matrix:  check node snsprev

Warning: singular matrix:  check node snsprev

Warning: source stepping failed
Note: Transient op started
Note: Transient op finished successfully

Note: No compatibility mode selected!


Circuit: i32 exploratory network alternative; not manufacturer u151 model

Doing analysis at TEMP = 27.000000 and TNOM = 27.000000


Initial Transient Solution
--------------------------

Node                                   Voltage
----                                   -------
bat                                          0
cable_r                            2.03966e-55
raw_12v                            2.93354e-52
fused_12v                          2.93456e-52
rev_blocked_12v                    5.60651e-42
protect_ctrl_vin                  -4.20557e-42
protected_12v                      4.96687e-42
input_uv                            3.7186e-43
input_ov                           1.40163e-43
input_shdn                        -4.20556e-42
one                                          1
uv_ok                                    1e-09
ov_bad                                   1e-09
pvalid                                       0
ptimer                                       0
allow                                        0
allow_d                                      0
input_gate_drive                  -2.77862e-35
input_gate                        -2.77862e-35
input_gate_slew                   -2.77863e-35
qsrc                               4.96722e-42
buck_feed                          4.96671e-42
vin5                               4.95223e-42
en5                                  1.025e-42
on5                                      1e-09
xu121.age                                    0
xu121.active                                 0
xu121.ref                                    0
xu121.neg                                    0
xu121.req                         -3.16069e-41
fb5                                9.87717e-43
xu121.integral                               0
xu121.cmd                                    0
xu121.command                                0
xu121.drive                                  0
source5                            2.16187e-45
xu121.active_f                               0
xu121.sense                        -6.2057e-40
sw5                                -6.2057e-40
winding5                           8.35956e-43
c127r                              7.42194e-45
c128r                              7.42194e-45
ripple5                            9.87673e-43
rail5                             -5.29406e-45
feediso                            -5.3278e-45
good5                                    1e-09
iso_en_pin                        -9.30929e-46
gooddelay                           6.6967e-11
ageiso                                       0
switchon                                     0
slewiso                                      0
feedpass                           -5.3278e-45
vin                                9.14543e-93
snsiso                              1.2491e-93
localgood                                1e-09
snsfiltered                        7.50022e-10
snsprev                            7.09797e-10
snsevent                                     0
restartage                               1e-05
pgwant                                       0
pgdelay                                      0
en151                             -7.15447e-45
actual_en151                      -3.41277e-45
enable_ctrl                              1e-09
c151_esr                           1.00922e-97
enable                                   1e-09
xu151.age                                    0
xu151.active                                 0
xu151.ref                                    0
xu151.neg                                    0
xu151.req                          5.05412e-93
fb                                -3.50981e-94
xu151.integral                               0
xu151.cmd                                    0
xu151.command                                0
xu151.drive                                  0
source                            -1.17109e-93
xu151.active_f                               0
xu151.sense                       -1.42943e-93
sw                                -1.42943e-93
winding                           -1.17405e-93
c155_esr                          -8.24386e-98
c156_esr                          -8.24386e-98
c157_esr                          -8.24386e-98
c158_esr                         -3.89808e-100
main                              -1.17093e-93
c201_esr                           3.45373e-99
c204_esr                           3.45373e-99
c202_esr                          1.09617e-101
c205_esr                          1.09617e-101
c301_esr                          1.09617e-101
c302_esr                            1.111e-100
c404_esr                          1.09617e-101
c531_esr                          1.09617e-101
branch_sense                      -1.17093e-93
branch_l                          -1.17093e-93
branch_r                          -1.17093e-93
bulksw_out                                   0
damped                                       0
c206_esr                                     0
main_feed                         -1.17109e-93
main_l                            -1.17102e-93
requested                                 0.45
ready                                        0
valid                                    1e-09
timer                                        0
reset_ctl                                    1
reset_raw                         -4.10852e-95
en                                -1.43798e-94
disg                               8.61013e-93
disfeed                           -1.17109e-93
disdrain                          -1.17109e-93
hold_l                             9.15058e-93
hold_bus                           9.14951e-93
c162                               9.15809e-93
bulk_en_in                        -1.17093e-93
bulk_en_pin                       -2.92616e-94
bulk_want                                1e-09
bulk_enabled                        6.6967e-11
bulk_age                                     0
bulk_slew                                    0
bulk_feed                         -1.17093e-93
bulk_localcap                     -1.17093e-93
bbulk_slew#branch                            0
breset#branch                                0
bready#branch                                0
v.xu151.vsense#branch             2.85887e-105
b.xu151.bdrive#branch            -1.42943e-105
b.xu151.bcmd#branch                          0
b.xu151.breq#branch                          0
b.xu151.bneg#branch                          0
b.xu151.bref#branch                          0
b.xu151.bactive#branch                       0
bpgwant#branch                               0
bswitchon#branch                             0
bsnsevent#branch                             0
bvslew#branch                                0
v.xu121.vsense#branch              1.24114e-51
b.xu121.bdrive#branch              -6.2057e-52
b.xu121.bcmd#branch                          0
b.xu121.breq#branch                          0
b.xu121.bneg#branch                          0
b.xu121.bref#branch                          0
b.xu121.bactive#branch                       0
ballow#branch                                0
bpvalid#branch                               0
lhold#branch                      -8.58207e-95
lmainfeed#branch                  -8.46146e-97
lbranch#branch                     1.23649e-98
l151#branch                       -2.56861e-95
l121#branch                        2.98997e-42
lcable#branch                     -2.03966e-54
vbulkpass#branch                             0
vr165#branch                      7.08231e-101
vload#branch                                 0
vr158#branch                       1.23649e-98
vpass#branch                      -9.14543e-97
vlogic#branch                           -9e-12
vbat#branch                        2.03966e-54

 Reference value :  8.88017e-03
 Reference value :  1.99542e-02
 Reference value :  3.08202e-02
 Reference value :  3.98305e-02
 Reference value :  4.93545e-02
 Reference value :  5.76665e-02
 Reference value :  6.59865e-02
 Reference value :  7.42045e-02
 Reference value :  8.35105e-02
 Reference value :  9.29647e-02
 Reference value :  1.02467e-01
 Reference value :  1.11954e-01
 Reference value :  1.20480e-01
 Reference value :  1.29298e-01
 Reference value :  1.38066e-01
 Reference value :  1.46822e-01
 Reference value :  1.55790e-01
 Reference value :  1.64794e-01
 Reference value :  1.73806e-01
 Reference value :  1.82344e-01
 Reference value :  1.91216e-01
 Reference value :  2.00478e-01
 Reference value :  2.09116e-01
 Reference value :  2.18016e-01
 Reference value :  2.26314e-01
 Reference value :  2.33382e-01
 Reference value :  2.41818e-01
 Reference value :  2.50608e-01
 Reference value :  2.59352e-01
 Reference value :  2.68370e-01
 Reference value :  2.77356e-01
 Reference value :  2.86256e-01
 Reference value :  2.95302e-01
 Reference value :  3.04255e-01
 Reference value :  3.13319e-01
 Reference value :  3.21765e-01
 Reference value :  3.29645e-01
 Reference value :  3.38445e-01
 Reference value :  3.46683e-01
 Reference value :  3.53629e-01
 Reference value :  3.61587e-01
 Reference value :  3.68279e-01
 Reference value :  3.76695e-01
 Reference value :  3.83475e-01
 Reference value :  3.89423e-01
 Reference value :  3.97511e-01
 Reference value :  4.06735e-01
 Reference value :  4.15973e-01
 Reference value :  4.24845e-01
 Reference value :  4.33959e-01
 Reference value :  4.42537e-01
 Reference value :  4.50097e-01
 Reference value :  4.57001e-01
 Reference value :  4.67049e-01
 Reference value :  4.78395e-01
 Reference value :  4.89689e-01
 Reference value :  5.00737e-01
 Reference value :  5.11667e-01
 Reference value :  5.22877e-01
 Reference value :  5.33835e-01
 Reference value :  5.44437e-01
 Reference value :  5.54607e-01
 Reference value :  5.64157e-01
 Reference value :  5.73185e-01
 Reference value :  5.83985e-01
 Reference value :  5.94505e-01
 Reference value :  6.05363e-01
 Reference value :  6.14365e-01
 Reference value :  6.23575e-01
 Reference value :  6.33947e-01
 Reference value :  6.45039e-01
 Reference value :  6.54989e-01
 Reference value :  6.64901e-01
 Reference value :  6.75901e-01
 Reference value :  6.86831e-01
 Reference value :  6.95961e-01
 Reference value :  7.04325e-01
 Reference value :  7.14465e-01
 Reference value :  7.24195e-01
 Reference value :  7.34199e-01
 Reference value :  7.45167e-01
 Reference value :  7.56293e-01
 Reference value :  7.67447e-01
 Reference value :  7.77001e-01
 Reference value :  7.87687e-01
 Reference value :  7.98969e-01
 Reference value :  8.09609e-01
 Reference value :  8.20391e-01
 Reference value :  8.29745e-01
 Reference value :  8.40377e-01
 Reference value :  8.47813e-01
 Reference value :  8.57695e-01
 Reference value :  8.68329e-01
 Reference value :  8.79107e-01
 Reference value :  8.89245e-01
 Reference value :  8.98771e-01
 Reference value :  9.08243e-01
 Reference value :  9.17083e-01
 Reference value :  9.26284e-01
 Reference value :  9.36074e-01
 Reference value :  9.42818e-01
 Reference value :  9.52235e-01
 Reference value :  9.62195e-01
 Reference value :  9.70775e-01
 Reference value :  9.79661e-01
 Reference value :  9.88991e-01
 Reference value :  9.97605e-01
 Reference value :  1.00481e+00
 Reference value :  1.01191e+00
 Reference value :  1.02082e+00
 Reference value :  1.02966e+00
 Reference value :  1.03783e+00
 Reference value :  1.04441e+00
 Reference value :  1.05322e+00
 Reference value :  1.06256e+00
 Reference value :  1.07176e+00
 Reference value :  1.07828e+00
 Reference value :  1.08625e+00
 Reference value :  1.09484e+00
 Reference value :  1.10149e+00
 Reference value :  1.11012e+00
 Reference value :  1.11830e+00
 Reference value :  1.12636e+00
 Reference value :  1.13503e+00
 Reference value :  1.14386e+00
 Reference value :  1.15285e+00
 Reference value :  1.16171e+00
 Reference value :  1.17070e+00
 Reference value :  1.17823e+00
 Reference value :  1.18611e+00
 Reference value :  1.19331e+00
 Reference value :  1.20109e+00
 Reference value :  1.20855e+00
 Reference value :  1.21704e+00
 Reference value :  1.22530e+00
 Reference value :  1.23277e+00
 Reference value :  1.24093e+00
 Reference value :  1.25015e+00
 Reference value :  1.25914e+00
 Reference value :  1.26800e+00
 Reference value :  1.27679e+00
 Reference value :  1.28599e+00
 Reference value :  1.29440e+00
No. of Data Rows : 652417
I32_FINISHED
ngspice-42 done
