Using SPARSE 1.3 as Direct Linear Solver
Note: Starting dynamic gmin stepping
Warning: Dynamic gmin stepping failed
Note: Starting true gmin stepping
Warning: True gmin stepping failed
Note: Starting source stepping
Warning: singular matrix:  check node snsfiltered

Warning: singular matrix:  check node snsfiltered

Warning: source stepping failed
Note: Transient op started
Note: Transient op finished successfully

Note: No compatibility mode selected!


Circuit: i32 exploratory network alternative; not manufacturer u151 model

Doing analysis at TEMP = 27.000000 and TNOM = 27.000000


Initial Transient Solution
--------------------------

Node                                   Voltage
----                                   -------
bat                                          0
cable_r                            -2.3541e-54
raw_12v                            1.53854e-51
fused_12v                          1.53736e-51
rev_blocked_12v                    5.71176e-42
protect_ctrl_vin                  -4.26782e-42
protected_12v                      5.06138e-42
input_uv                           3.78841e-43
input_ov                           1.42794e-43
input_shdn                        -4.26781e-42
one                                          1
uv_ok                                    1e-09
ov_bad                                   1e-09
pvalid                                       0
ptimer                                       0
allow                                        0
allow_d                                      0
input_gate_drive                  -2.82585e-35
input_gate                        -2.82585e-35
input_gate_slew                   -2.82586e-35
qsrc                               5.06174e-42
buck_feed                          5.06081e-42
vin5                               5.00772e-42
en5                                1.03649e-42
on5                                      1e-09
xu121.age                                    0
xu121.active                                 0
xu121.ref                                    0
xu121.neg                                    0
xu121.req                         -8.52788e-41
fb5                                2.66496e-42
xu121.integral                               0
xu121.cmd                                    0
xu121.command                                0
xu121.drive                                  0
source5                           -4.13455e-43
xu121.active_f                               0
xu121.sense                       -1.59327e-39
sw5                               -1.59327e-39
winding5                           1.15295e-42
c127r                              2.08022e-44
c128r                              2.08022e-44
ripple5                            2.34729e-42
rail5                              -4.3435e-43
feediso                           -4.34445e-43
good5                                    1e-09
iso_en_pin                        -7.74666e-44
gooddelay                           6.6967e-11
ageiso                                       0
switchon                                     0
slewiso                                      0
feedpass                          -4.34445e-43
vin                                2.03864e-79
snsiso                             2.85058e-80
localgood                                1e-09
snsfiltered                        7.50022e-10
snsprev                            7.09797e-10
snsevent                                     0
restartage                               1e-05
pgwant                                       0
pgdelay                                      0
en151                             -4.02555e-43
enable_ctrl                              1e-09
c151_esr                          -3.52995e-84
enable                                   1e-09
xu151.age                                    0
xu151.active                                 0
xu151.ref                                    0
xu151.neg                                    0
xu151.req                          1.16825e-81
fb                                -8.11288e-83
xu151.integral                               0
xu151.cmd                                    0
xu151.command                                0
xu151.drive                                  0
source                            -2.64847e-82
xu151.active_f                               0
xu151.sense                        -5.8981e-82
sw                                 -5.8981e-82
winding                            -2.6522e-82
c155_esr                          -1.24321e-86
c156_esr                          -1.24321e-86
c157_esr                          -1.24321e-86
c158_esr                          -1.09451e-88
main                              -2.64837e-82
c201_esr                          -3.70703e-87
c204_esr                          -3.70703e-87
c202_esr                          -5.02152e-89
c205_esr                          -5.02152e-89
c301_esr                          -5.02152e-89
c302_esr                          -5.61652e-88
c404_esr                          -5.02152e-89
c531_esr                          -5.02152e-89
branch_sense                      -2.64837e-82
branch_l                           -2.6484e-82
branch_r                          -2.64837e-82
damped                            -2.64854e-82
c206_esr                           9.48282e-88
requested                                 0.45
ready                                        0
valid                                    1e-09
timer                                        0
reset_ctl                                    1
reset_raw                         -9.29246e-84
en                                -3.25236e-83
disg                               1.91822e-79
disfeed                           -2.64847e-82
disdrain                          -2.64847e-82
hold_l                             2.04189e-79
hold_bus                           2.04043e-79
c162                               2.04224e-79
c163                               2.04224e-79
c164                               2.04224e-79
breset#branch                                0
bready#branch                                0
v.xu151.vsense#branch              1.17955e-93
b.xu151.bdrive#branch              -5.8981e-94
b.xu151.bcmd#branch                          0
b.xu151.breq#branch                          0
b.xu151.bneg#branch                          0
b.xu151.bref#branch                          0
b.xu151.bactive#branch                       0
bpgwant#branch                               0
bswitchon#branch                             0
bsnsevent#branch                             0
bvslew#branch                                0
v.xu121.vsense#branch              3.18654e-51
b.xu121.bdrive#branch             -1.59327e-51
b.xu121.bcmd#branch                          0
b.xu121.breq#branch                          0
b.xu121.bneg#branch                          0
b.xu121.bref#branch                          0
b.xu121.bactive#branch                       0
ballow#branch                                0
bpvalid#branch                               0
lhold#branch                      -5.41075e-81
lbranch#branch                     3.79313e-86
l151#branch                       -4.82963e-84
l121#branch                        8.37649e-42
lcable#branch                       2.3541e-53
vr165#branch                       5.70317e-90
vload#branch                                 0
vr158#branch                       3.79313e-86
vpass#branch                      -2.03864e-83
vlogic#branch                           -8e-12
vbat#branch                        -2.3541e-53

 Reference value :  8.00617e-03
 Reference value :  1.88982e-02
 Reference value :  2.97442e-02
 Reference value :  3.96029e-02
 Reference value :  4.81557e-02
 Reference value :  5.65708e-02
 Reference value :  6.53746e-02
 Reference value :  7.35853e-02
 Reference value :  8.21433e-02
 Reference value :  9.05711e-02
 Reference value :  9.95671e-02
 Reference value :  1.08343e-01
 Reference value :  1.16369e-01
 Reference value :  1.24047e-01
 Reference value :  1.31963e-01
 Reference value :  1.40717e-01
 Reference value :  1.49057e-01
 Reference value :  1.55141e-01
 Reference value :  1.65682e-01
 Reference value :  1.75534e-01
 Reference value :  1.85872e-01
 Reference value :  1.96626e-01
 Reference value :  2.07476e-01
 Reference value :  2.18424e-01
 Reference value :  2.29644e-01
 Reference value :  2.40586e-01
 Reference value :  2.51676e-01
 Reference value :  2.61434e-01
 Reference value :  2.70508e-01
 Reference value :  2.80526e-01
 Reference value :  2.90974e-01
 Reference value :  3.01824e-01
 Reference value :  3.12656e-01
 Reference value :  3.23484e-01
 Reference value :  3.34612e-01
 Reference value :  3.45930e-01
 Reference value :  3.57344e-01
 Reference value :  3.68812e-01
 Reference value :  3.80082e-01
 Reference value :  3.90700e-01
 Reference value :  4.00772e-01
 Reference value :  4.11760e-01
 Reference value :  4.22966e-01
 Reference value :  4.34510e-01
 Reference value :  4.45876e-01
 Reference value :  4.57324e-01
 Reference value :  4.67466e-01
 Reference value :  4.78490e-01
 Reference value :  4.89808e-01
 Reference value :  5.01242e-01
 Reference value :  5.12604e-01
 Reference value :  5.24110e-01
 Reference value :  5.35094e-01
 Reference value :  5.46456e-01
 Reference value :  5.57976e-01
 Reference value :  5.69468e-01
 Reference value :  5.79652e-01
 Reference value :  5.89316e-01
 Reference value :  6.00842e-01
 Reference value :  6.12346e-01
 Reference value :  6.23844e-01
 Reference value :  6.35082e-01
 Reference value :  6.46328e-01
 Reference value :  6.57492e-01
 Reference value :  6.68894e-01
 Reference value :  6.79316e-01
 Reference value :  6.89552e-01
 Reference value :  7.00334e-01
 Reference value :  7.10888e-01
 Reference value :  7.21474e-01
 Reference value :  7.31430e-01
 Reference value :  7.41092e-01
 Reference value :  7.51120e-01
 Reference value :  7.58588e-01
 Reference value :  7.68852e-01
 Reference value :  7.78730e-01
 Reference value :  7.87982e-01
 Reference value :  7.97312e-01
 Reference value :  8.06459e-01
 Reference value :  8.15555e-01
 Reference value :  8.24237e-01
 Reference value :  8.33455e-01
 Reference value :  8.42367e-01
No. of Data Rows : 427250
I32_FINISHED
ngspice-42 done
