Using SPARSE 1.3 as Direct Linear Solver
Note: Starting dynamic gmin stepping
Warning: Dynamic gmin stepping failed
Note: Starting true gmin stepping
Warning: True gmin stepping failed
Note: Starting source stepping
Warning: singular matrix:  check node pgdelay

Warning: singular matrix:  check node pgdelay

Warning: source stepping failed
Note: Transient op started
Note: Transient op finished successfully

Note: No compatibility mode selected!


Circuit: i32 exploratory network alternative; not manufacturer u151 model

Doing analysis at TEMP = 27.000000 and TNOM = 27.000000


Initial Transient Solution
--------------------------

Node                                   Voltage
----                                   -------
bat                                          0
cable_r                           -2.36574e-54
raw_12v                            1.54427e-51
fused_12v                          1.54308e-51
rev_blocked_12v                    5.72114e-42
protect_ctrl_vin                  -4.27581e-42
protected_12v                      5.07029e-42
input_uv                           3.79463e-43
input_ov                           1.43028e-43
input_shdn                        -4.27581e-42
one                                          1
uv_ok                                    1e-09
ov_bad                                   1e-09
pvalid                                       0
ptimer                                       0
allow                                        0
allow_d                                      0
input_gate_drive                  -2.83076e-35
input_gate                        -2.83076e-35
input_gate_slew                   -2.83078e-35
qsrc                               5.07065e-42
buck_feed                          5.06972e-42
vin5                               5.01644e-42
en5                                 1.0383e-42
on5                                      1e-09
xu121.age                                    0
xu121.active                                 0
xu121.ref                                    0
xu121.neg                                    0
xu121.req                         -8.55757e-41
fb5                                2.67424e-42
xu121.integral                               0
xu121.cmd                                    0
xu121.command                                0
xu121.drive                                  0
source5                           -4.17189e-43
xu121.active_f                               0
xu121.sense                       -1.59684e-39
sw5                               -1.59684e-39
winding5                           1.15498e-42
c127r                              2.08789e-44
c128r                              2.08789e-44
ripple5                            2.35372e-42
rail5                             -4.38161e-43
feediso                           -4.38256e-43
good5                                    1e-09
iso_en_pin                        -7.56109e-44
gooddelay                           6.6967e-11
ageiso                                       0
switchon                                     0
slewiso                                      0
feedpass                          -4.38256e-43
vin                                -8.5826e-80
snsiso                            -1.14924e-80
localgood                                1e-09
snsfiltered                        7.50022e-10
snsprev                            7.09797e-10
snsevent                                     0
restartage                               1e-05
pgwant                                       0
pgdelay                                      0
en151                             -3.55657e-43
enable_ctrl                              1e-09
c151_esr                          -1.50004e-87
enable                                   1e-09
xu151.age                                    0
xu151.active                                 0
xu151.ref                                    0
xu151.neg                                    0
xu151.req                           -4.692e-82
fb                                 3.25833e-83
xu151.integral                               0
xu151.cmd                                    0
xu151.command                                0
xu151.drive                                  0
source                             1.08328e-82
xu151.active_f                               0
xu151.sense                          8.698e-83
sw                                   8.698e-83
winding                             1.0835e-82
c155_esr                          -5.04108e-86
c156_esr                          -5.04108e-86
c157_esr                          -5.04108e-86
c158_esr                          -2.10858e-88
main                               1.07163e-82
c201_esr                          -1.93363e-86
c204_esr                          -1.93363e-86
c202_esr                          -8.06945e-89
c205_esr                          -8.06945e-89
c301_esr                          -8.06945e-89
c302_esr                          -8.06536e-88
c404_esr                          -8.06945e-89
c531_esr                          -8.06945e-89
branch_sense                       1.07163e-82
branch_l                           1.07843e-82
branch_r                           1.07873e-82
damped                             1.09444e-82
c206_esr                          -2.61802e-85
main_feed                          1.08174e-82
main_l                             1.07017e-82
requested                                 0.45
valid                                    1e-09
timer                                        0
ready                                        0
reset_ctl                                    1
reset_raw                          3.76016e-84
en                                 1.31606e-83
disg                               -8.5826e-80
disfeed                            1.08328e-82
disdrain                           1.08328e-82
hold_l                             -8.5826e-80
hold_bus                           -8.5826e-80
c162                               -8.5826e-80
c163                               -8.5826e-80
c164                               -8.5826e-80
breset#branch                                0
bready#branch                                0
v.xu151.vsense#branch              -1.7396e-94
b.xu151.bdrive#branch                8.698e-95
b.xu151.bcmd#branch                          0
b.xu151.breq#branch                          0
b.xu151.bneg#branch                          0
b.xu151.bref#branch                          0
b.xu151.bactive#branch                       0
bpgwant#branch                               0
bswitchon#branch                             0
bsnsevent#branch                             0
bvslew#branch                                0
v.xu121.vsense#branch              3.19369e-51
b.xu121.bdrive#branch             -1.59684e-51
b.xu121.bcmd#branch                          0
b.xu121.breq#branch                          0
b.xu121.bneg#branch                          0
b.xu121.bref#branch                          0
b.xu121.bactive#branch                       0
ballow#branch                                0
bpvalid#branch                               0
lhold#branch                       1.06684e-85
lmainfeed#branch                   1.54236e-83
lbranch#branch                    -1.04721e-83
l151#branch                        2.85823e-85
l121#branch                        8.40731e-42
lcable#branch                      2.36574e-53
vr165#branch                      -1.36347e-90
vload#branch                                 0
vr158#branch                      -1.04721e-83
vpass#branch                                 0
vlogic#branch                           -8e-12
vbat#branch                       -2.36574e-53

 Reference value :  8.03817e-03
 Reference value :  1.95162e-02
 Reference value :  3.22542e-02
 Reference value :  4.30728e-02
 Reference value :  5.39164e-02
 Reference value :  6.04611e-02
 Reference value :  7.06875e-02
 Reference value :  7.83805e-02
 Reference value :  8.74726e-02
 Reference value :  9.51778e-02
 Reference value :  1.01797e-01
 Reference value :  1.10854e-01
 Reference value :  1.19121e-01
No. of Data Rows : 63181
I32_FINISHED
ngspice-42 done
