Using SPARSE 1.3 as Direct Linear Solver
Note: Starting dynamic gmin stepping
Warning: Dynamic gmin stepping failed
Note: Starting true gmin stepping
Warning: True gmin stepping failed
Note: Starting source stepping
Warning: singular matrix:  check node gooddelay

Warning: singular matrix:  check node gooddelay

Warning: source stepping failed
Note: Transient op started
Note: Transient op finished successfully

Note: No compatibility mode selected!


Circuit: i32 exploratory network alternative; not manufacturer u151 model

Doing analysis at TEMP = 27.000000 and TNOM = 27.000000


Initial Transient Solution
--------------------------

Node                                   Voltage
----                                   -------
bat                                          0
cable_r                           -2.36574e-54
raw_12v                            1.54426e-51
fused_12v                          1.54308e-51
rev_blocked_12v                    5.72113e-42
protect_ctrl_vin                   -4.2758e-42
protected_12v                      5.07028e-42
input_uv                           3.79463e-43
input_ov                           1.43028e-43
input_shdn                         -4.2758e-42
one                                          1
uv_ok                                    1e-09
ov_bad                                   1e-09
pvalid                                       0
ptimer                                       0
allow                                        0
allow_d                                      0
input_gate_drive                  -2.83076e-35
input_gate                        -2.83076e-35
input_gate_slew                   -2.83077e-35
qsrc                               5.07064e-42
buck_feed                          5.06971e-42
vin5                               5.01644e-42
en5                                1.03829e-42
on5                                      1e-09
xu121.age                                    0
xu121.active                                 0
xu121.ref                                    0
xu121.neg                                    0
xu121.req                         -8.55756e-41
fb5                                2.67424e-42
xu121.integral                               0
xu121.cmd                                    0
xu121.command                                0
xu121.drive                                  0
source5                           -4.17188e-43
xu121.active_f                               0
xu121.sense                       -1.59684e-39
sw5                               -1.59684e-39
winding5                           1.15498e-42
c127r                              2.08788e-44
c128r                              2.08788e-44
ripple5                            2.35371e-42
rail5                             -4.38161e-43
feediso                           -4.38255e-43
good5                                    1e-09
iso_en_pin                        -7.56108e-44
gooddelay                           6.6967e-11
ageiso                                       0
switchon                                     0
slewiso                                      0
feedpass                          -4.38255e-43
vin                               -3.79515e-80
snsiso                            -5.08182e-81
localgood                                1e-09
snsfiltered                        7.50022e-10
snsprev                            7.09797e-10
snsevent                                     0
restartage                               1e-05
pgwant                                       0
pgdelay                                      0
en151                             -3.55657e-43
enable_ctrl                              1e-09
c151_esr                          -6.18942e-88
enable                                   1e-09
xu151.age                                    0
xu151.active                                 0
xu151.ref                                    0
xu151.neg                                    0
xu151.req                         -2.09429e-82
fb                                 1.45437e-83
xu151.integral                               0
xu151.cmd                                    0
xu151.command                                0
xu151.drive                                  0
source                             4.74782e-83
xu151.active_f                               0
xu151.sense                        3.46366e-83
sw                                 3.46366e-83
winding                            4.74879e-83
c155_esr                          -2.24164e-86
c156_esr                          -2.24164e-86
c157_esr                          -2.24164e-86
c158_esr                          -9.45291e-89
main                               4.74096e-83
c201_esr                          -2.24047e-86
c204_esr                          -2.24047e-86
c202_esr                          -9.24314e-89
c205_esr                          -9.24314e-89
c301_esr                          -9.24314e-89
c302_esr                          -9.20562e-88
c404_esr                          -9.24314e-89
c531_esr                          -9.24314e-89
branch_sense                       4.74096e-83
branch_l                           4.75841e-83
branch_r                           4.75989e-83
damped                             4.84189e-83
c206_esr                          -4.36193e-86
requested                                 0.45
valid                                    1e-09
timer                                        0
ready                                        0
reset_ctl                                    1
reset_raw                          1.66357e-84
en                                 5.82251e-84
disg                              -3.79515e-80
disfeed                            4.74782e-83
disdrain                           4.74782e-83
hold_l                            -3.79515e-80
hold_bus                          -3.79515e-80
c162                              -3.79515e-80
c163                              -3.79515e-80
c164                              -3.79515e-80
breset#branch                                0
bready#branch                                0
v.xu151.vsense#branch             -6.92742e-95
b.xu151.bdrive#branch              3.46366e-95
b.xu151.bcmd#branch                          0
b.xu151.breq#branch                          0
b.xu151.bneg#branch                          0
b.xu151.bref#branch                          0
b.xu151.bactive#branch                       0
bpgwant#branch                               0
bswitchon#branch                             0
bsnsevent#branch                             0
bvslew#branch                                0
v.xu121.vsense#branch              3.19368e-51
b.xu121.bdrive#branch             -1.59684e-51
b.xu121.bcmd#branch                          0
b.xu121.breq#branch                          0
b.xu121.bneg#branch                          0
b.xu121.bref#branch                          0
b.xu121.bactive#branch                       0
ballow#branch                                0
bpvalid#branch                               0
lhold#branch                       4.36215e-86
lbranch#branch                    -1.74477e-84
l151#branch                        1.25464e-85
l121#branch                         8.4073e-42
lcable#branch                      2.36574e-53
vr165#branch                      -5.67477e-91
vload#branch                                 0
vr158#branch                      -1.74477e-84
vpass#branch                                 0
vlogic#branch                           -8e-12
vbat#branch                       -2.36574e-53

 Reference value :  1.04722e-02
 Reference value :  2.32502e-02
 Reference value :  3.17982e-02
 Reference value :  4.23006e-02
 Reference value :  5.19902e-02
 Reference value :  6.05753e-02
 Reference value :  6.89633e-02
 Reference value :  7.84187e-02
 Reference value :  8.81707e-02
 Reference value :  9.80227e-02
 Reference value :  1.07899e-01
 Reference value :  1.17421e-01
No. of Data Rows : 60347
I32_FINISHED
ngspice-42 done
