Using SPARSE 1.3 as Direct Linear Solver
Note: Starting dynamic gmin stepping
Warning: Dynamic gmin stepping failed
Note: Starting true gmin stepping
Warning: True gmin stepping failed
Note: Starting source stepping
Warning: singular matrix:  check node snsfiltered

Warning: singular matrix:  check node snsfiltered

Warning: source stepping failed
Note: Transient op started
Note: Transient op finished successfully

Note: No compatibility mode selected!


Circuit: i32 exploratory network alternative; not manufacturer u151 model

Doing analysis at TEMP = 27.000000 and TNOM = 27.000000


Initial Transient Solution
--------------------------

Node                                   Voltage
----                                   -------
bat                                          0
cable_r                           -1.76732e-54
raw_12v                             1.2096e-51
fused_12v                          1.20871e-51
rev_blocked_12v                    5.72114e-42
protect_ctrl_vin                  -4.27135e-42
protected_12v                      5.06466e-42
input_uv                           3.79463e-43
input_ov                           1.43029e-43
input_shdn                        -4.27135e-42
one                                          1
uv_ok                                    1e-09
ov_bad                                   1e-09
pvalid                                       0
ptimer                                       0
allow                                        0
allow_d                                      0
input_gate_drive                  -2.82953e-35
input_gate                        -2.82953e-35
input_gate_slew                   -2.82954e-35
qsrc                               5.06502e-42
buck_feed                          5.06421e-42
vin5                               5.02155e-42
en5                                1.03935e-42
on5                                      1e-09
xu121.age                                    0
xu121.active                                 0
xu121.ref                                    0
xu121.neg                                    0
xu121.req                          -7.3952e-41
fb5                                  2.311e-42
xu121.integral                               0
xu121.cmd                                    0
xu121.command                                0
xu121.drive                                  0
source5                           -2.89358e-43
xu121.active_f                               0
xu121.sense                       -1.21649e-39
sw5                               -1.21649e-39
winding5                           1.05887e-42
c127r                              1.79147e-44
c128r                              1.79147e-44
ripple5                            2.08693e-42
rail5                             -3.07351e-43
feediso                           -3.07432e-43
good5                                    1e-09
iso_en_pin                        -5.30377e-44
gooddelay                           6.6967e-11
ageiso                                       0
switchon                                     0
slewiso                                      0
feedpass                          -3.07432e-43
vin                                6.42944e-80
snsiso                             8.53604e-81
localgood                                1e-09
snsfiltered                        7.50022e-10
snsprev                            7.09797e-10
snsevent                                     0
restartage                               1e-05
pgwant                                       0
pgdelay                                      0
en151                             -2.33316e-43
actual_en151                      -1.21181e-43
enable_ctrl                              1e-09
c151_esr                          -1.80999e-84
enable                                   1e-09
xu151.age                                    0
xu151.active                                 0
xu151.ref                                    0
xu151.neg                                    0
xu151.req                          3.56021e-82
fb                                -2.47237e-83
xu151.integral                               0
xu151.cmd                                    0
xu151.command                                0
xu151.drive                                  0
source                            -8.24939e-83
xu151.active_f                               0
xu151.sense                       -1.90029e-82
sw                                -1.90029e-82
winding                           -8.26094e-83
c155_esr                          -4.81833e-87
c156_esr                          -4.81833e-87
c157_esr                          -4.81833e-87
c158_esr                          -4.55151e-89
main                              -8.24853e-83
c201_esr                           1.50826e-88
c204_esr                           1.50826e-88
c202_esr                           5.40541e-91
c205_esr                           5.40541e-91
c301_esr                           5.40541e-91
c302_esr                           5.51873e-90
c404_esr                           5.40541e-91
c531_esr                           5.40541e-91
branch_sense                      -8.24853e-83
branch_l                          -8.24864e-83
branch_r                          -8.24866e-83
damped                            -8.24902e-83
c206_esr                            4.1016e-88
main_feed                         -8.24935e-83
main_l                            -8.24903e-83
requested                                 0.45
valid                                    1e-09
timer                                        0
ready                                        0
reset_ctl                                    1
reset_raw                         -2.89422e-84
en                                -1.01298e-83
disg                               6.04773e-80
disfeed                           -8.24939e-83
disdrain                          -8.24939e-83
hold_l                             6.44288e-80
hold_bus                           6.43605e-80
c162                               6.44165e-80
c163                               6.44165e-80
c164                               6.44165e-80
cextra3                            6.44165e-80
breset#branch                                0
bready#branch                                0
v.xu151.vsense#branch              3.80062e-94
b.xu151.bdrive#branch             -1.90029e-94
b.xu151.bcmd#branch                          0
b.xu151.breq#branch                          0
b.xu151.bneg#branch                          0
b.xu151.bref#branch                          0
b.xu151.bactive#branch                       0
bpgwant#branch                               0
bswitchon#branch                             0
bsnsevent#branch                             0
bvslew#branch                                0
v.xu121.vsense#branch              2.43298e-51
b.xu121.bdrive#branch             -1.21649e-51
b.xu121.bcmd#branch                          0
b.xu121.breq#branch                          0
b.xu121.bneg#branch                          0
b.xu121.bref#branch                          0
b.xu121.bactive#branch                       0
ballow#branch                                0
bpvalid#branch                               0
lhold#branch                      -2.23959e-81
lmainfeed#branch                  -4.23271e-86
lbranch#branch                     1.64064e-86
l151#branch                       -1.49727e-84
l121#branch                        7.20975e-42
lcable#branch                      1.76732e-53
vr165#branch                       1.86008e-90
vload#branch                                 0
vr158#branch                       1.64064e-86
vpass#branch                      -6.42944e-84
vlogic#branch                           -8e-12
vbat#branch                       -1.76732e-53

 Reference value :  9.86217e-03
 Reference value :  2.21122e-02
 Reference value :  3.42545e-02
 Reference value :  4.43146e-02
 Reference value :  5.46521e-02
 Reference value :  6.27846e-02
 Reference value :  7.30097e-02
 Reference value :  8.10800e-02
 Reference value :  9.18109e-02
 Reference value :  1.01531e-01
 Reference value :  1.10397e-01
 Reference value :  1.19915e-01
No. of Data Rows : 62500
I32_FINISHED
ngspice-42 done
