Using SPARSE 1.3 as Direct Linear Solver
Note: Starting dynamic gmin stepping
Warning: Dynamic gmin stepping failed
Note: Starting true gmin stepping
Warning: True gmin stepping failed
Note: Starting source stepping
Warning: singular matrix:  check node gooddelay

Warning: singular matrix:  check node gooddelay

Warning: source stepping failed
Note: Transient op started
Note: Transient op finished successfully

Note: No compatibility mode selected!


Circuit: i32 exploratory network alternative; not manufacturer u151 model

Doing analysis at TEMP = 27.000000 and TNOM = 27.000000


Initial Transient Solution
--------------------------

Node                                   Voltage
----                                   -------
bat                                          0
cable_r                           -2.11144e-54
raw_12v                            1.31174e-51
fused_12v                          1.31068e-51
rev_blocked_12v                    3.35123e-42
protect_ctrl_vin                  -3.79588e-42
protected_12v                      4.55801e-42
input_uv                           2.22276e-43
input_ov                           8.37808e-44
input_shdn                        -3.79588e-42
one                                          1
uv_ok                                    1e-09
ov_bad                                   1e-09
pvalid                                       0
ptimer                                       0
allow                                        0
allow_d                                      0
input_gate_drive                  -2.54618e-35
input_gate                        -2.54618e-35
input_gate_slew                   -2.54619e-35
qsrc                               4.55834e-42
buck_feed                           4.5575e-42
vin5                               4.50969e-42
en5                                9.33409e-43
on5                                      1e-09
xu121.age                                    0
xu121.active                                 0
xu121.ref                                    0
xu121.neg                                    0
xu121.req                         -7.67984e-41
fb5                                2.39995e-42
xu121.integral                               0
xu121.cmd                                    0
xu121.command                                0
xu121.drive                                  0
source5                           -3.74398e-43
xu121.active_f                               0
xu121.sense                       -1.43307e-39
sw5                               -1.43307e-39
winding5                           1.03652e-42
c127r                              1.87374e-44
c128r                              1.87374e-44
ripple5                             2.1123e-42
rail5                             -3.93219e-43
feediso                           -3.93305e-43
good5                                    1e-09
iso_en_pin                        -6.78555e-44
gooddelay                           6.6967e-11
ageiso                                       0
switchon                                     0
slewiso                                      0
feedpass                          -3.93305e-43
vin                               -3.79515e-80
snsiso                            -5.08182e-81
localgood                                1e-09
snsfiltered                        7.50022e-10
snsprev                            7.09797e-10
snsevent                                     0
restartage                               1e-05
pgwant                                       0
pgdelay                                      0
en151                             -3.19178e-43
enable_ctrl                              1e-09
c151_esr                          -6.18942e-88
enable                                   1e-09
xu151.age                                    0
xu151.active                                 0
xu151.ref                                    0
xu151.neg                                    0
xu151.req                         -2.09429e-82
fb                                 1.45437e-83
xu151.integral                               0
xu151.cmd                                    0
xu151.command                                0
xu151.drive                                  0
source                             4.74782e-83
xu151.active_f                               0
xu151.sense                        3.46366e-83
sw                                 3.46366e-83
winding                            4.74879e-83
c155_esr                          -2.24164e-86
c156_esr                          -2.24164e-86
c157_esr                          -2.24164e-86
c158_esr                          -9.45291e-89
main                               4.74096e-83
c201_esr                          -2.24047e-86
c204_esr                          -2.24047e-86
c202_esr                          -9.24314e-89
c205_esr                          -9.24314e-89
c301_esr                          -9.24314e-89
c302_esr                          -9.20562e-88
c404_esr                          -9.24314e-89
c531_esr                          -9.24314e-89
branch_sense                       4.74096e-83
branch_l                           4.75841e-83
branch_r                           4.75989e-83
damped                             4.84189e-83
c206_esr                          -4.36193e-86
requested                                 0.45
valid                                    1e-09
timer                                        0
ready                                        0
reset_ctl                                    1
reset_raw                          1.66357e-84
en                                 5.82251e-84
disg                              -3.79515e-80
disfeed                            4.74782e-83
disdrain                           4.74782e-83
hold_l                            -3.79515e-80
hold_bus                          -3.79515e-80
c162                              -3.79515e-80
c163                              -3.79515e-80
c164                              -3.79515e-80
breset#branch                                0
bready#branch                                0
v.xu151.vsense#branch             -6.92742e-95
b.xu151.bdrive#branch              3.46366e-95
b.xu151.bcmd#branch                          0
b.xu151.breq#branch                          0
b.xu151.bneg#branch                          0
b.xu151.bref#branch                          0
b.xu151.bactive#branch                       0
bpgwant#branch                               0
bswitchon#branch                             0
bsnsevent#branch                             0
bvslew#branch                                0
v.xu121.vsense#branch              2.86613e-51
b.xu121.bdrive#branch             -1.43307e-51
b.xu121.bcmd#branch                          0
b.xu121.breq#branch                          0
b.xu121.bneg#branch                          0
b.xu121.bref#branch                          0
b.xu121.bactive#branch                       0
ballow#branch                                0
bpvalid#branch                               0
lhold#branch                       4.36215e-86
lbranch#branch                    -1.74477e-84
l151#branch                        1.25464e-85
l121#branch                        7.54499e-42
lcable#branch                      2.11144e-53
vr165#branch                      -5.67477e-91
vload#branch                                 0
vr158#branch                      -1.74477e-84
vpass#branch                                 0
vlogic#branch                           -8e-12
vbat#branch                       -2.11144e-53

 Reference value :  8.48114e-03 Reference value :  1.82471e-02 Reference value :  2.89111e-02 Reference value :  3.89408e-02 Reference value :  4.78917e-02 Reference value :  5.70993e-02 Reference value :  6.56129e-02 Reference value :  7.35729e-02 Reference value :  8.21686e-02 Reference value :  9.24346e-02 Reference value :  1.02853e-01 Reference value :  1.13307e-01
No. of Data Rows : 60370
I32_FINISHED
ngspice-42 done
