Using SPARSE 1.3 as Direct Linear Solver
Note: Starting dynamic gmin stepping
Warning: Dynamic gmin stepping failed
Note: Starting true gmin stepping
Warning: True gmin stepping failed
Note: Starting source stepping
Warning: singular matrix:  check node snsprev

Warning: singular matrix:  check node snsprev

Warning: source stepping failed
Note: Transient op started
Note: Transient op finished successfully

Note: No compatibility mode selected!


Circuit: i32 exploratory network alternative; not manufacturer u151 model

Doing analysis at TEMP = 27.000000 and TNOM = 27.000000


Initial Transient Solution
--------------------------

Node                                   Voltage
----                                   -------
bat                                          0
cable_r                            2.05089e-55
raw_12v                            2.94714e-52
fused_12v                          2.94817e-52
rev_blocked_12v                    5.63397e-42
protect_ctrl_vin                  -4.22436e-42
protected_12v                      4.99023e-42
input_uv                           3.73681e-43
input_ov                           1.40849e-43
input_shdn                        -4.22435e-42
one                                          1
uv_ok                                    1e-09
ov_bad                                   1e-09
pvalid                                       0
ptimer                                       0
allow                                        0
allow_d                                      0
input_gate_drive                  -2.79172e-35
input_gate                        -2.79172e-35
input_gate_slew                   -2.79173e-35
qsrc                               4.99059e-42
buck_feed                          4.99007e-42
vin5                               4.97552e-42
en5                                1.02983e-42
on5                                      1e-09
xu121.age                                    0
xu121.active                                 0
xu121.ref                                    0
xu121.neg                                    0
xu121.req                         -3.17547e-41
fb5                                9.92335e-43
xu121.integral                               0
xu121.cmd                                    0
xu121.command                                0
xu121.drive                                  0
source5                            2.17224e-45
xu121.active_f                               0
xu121.sense                       -6.23479e-40
sw5                               -6.23479e-40
winding5                           8.39866e-43
c127r                              7.45664e-45
c128r                              7.45664e-45
ripple5                            9.92292e-43
rail5                             -5.31855e-45
feediso                           -5.35245e-45
good5                                    1e-09
iso_en_pin                        -9.35236e-46
gooddelay                           6.6967e-11
ageiso                                       0
switchon                                     0
slewiso                                      0
feedpass                          -5.35245e-45
vin                               -8.24702e-93
snsiso                            -1.12629e-93
localgood                                1e-09
snsfiltered                        7.50022e-10
snsprev                            7.09797e-10
snsevent                                     0
restartage                               1e-05
pgwant                                       0
pgdelay                                      0
en151                             -7.21655e-45
actual_en151                      -3.93493e-45
enable_ctrl                              1e-09
c151_esr                          -1.65466e-98
enable                                   1e-09
xu151.age                                    0
xu151.active                                 0
xu151.ref                                    0
xu151.neg                                    0
xu151.req                         -4.54931e-93
fb                                 3.15925e-94
xu151.integral                               0
xu151.cmd                                    0
xu151.command                                0
xu151.drive                                  0
source                             1.05412e-93
xu151.active_f                               0
xu151.sense                        3.64452e-94
sw                                 3.64452e-94
winding                            1.05449e-93
c155_esr                           8.37862e-99
c156_esr                           8.37862e-99
c157_esr                           8.37862e-99
c158_esr                         -1.15095e-100
main                               1.05406e-93
c201_esr                          -3.93926e-99
c204_esr                          -3.93926e-99
c202_esr                         -1.40098e-101
c205_esr                         -1.40098e-101
c301_esr                         -1.40098e-101
c302_esr                         -1.40123e-100
c404_esr                         -1.40098e-101
c531_esr                         -1.40098e-101
branch_sense                       1.05406e-93
branch_l                           1.05406e-93
branch_r                           1.05406e-93
bulksw_out                                   0
damped                                       0
c206_esr                                     0
main_feed                          1.05412e-93
main_l                             1.05407e-93
requested                                 0.45
ready                                        0
valid                                    1e-09
timer                                        0
reset_ctl                                    1
reset_raw                          3.69846e-95
en                                 1.29446e-94
disg                              -8.24706e-93
disfeed                            1.05412e-93
disdrain                           1.05412e-93
hold_l                            -8.24708e-93
hold_bus                          -8.24705e-93
c162                              -8.24715e-93
bulk_en_in                         1.05406e-93
bulk_en_pin                        2.63431e-94
bulk_want                                1e-09
bulk_enabled                        6.6967e-11
bulk_age                                     0
bulk_slew                                    0
bulk_feed                          1.05406e-93
bulk_localcap                      1.05406e-93
bbulk_slew#branch                            0
breset#branch                                0
bready#branch                                0
v.xu151.vsense#branch            -7.28906e-106
b.xu151.bdrive#branch             3.64452e-106
b.xu151.bcmd#branch                          0
b.xu151.breq#branch                          0
b.xu151.bneg#branch                          0
b.xu151.bref#branch                          0
b.xu151.bactive#branch                       0
bpgwant#branch                               0
bswitchon#branch                             0
bsnsevent#branch                             0
bvslew#branch                                0
v.xu121.vsense#branch              1.24696e-51
b.xu121.bdrive#branch             -6.23479e-52
b.xu121.bcmd#branch                          0
b.xu121.breq#branch                          0
b.xu121.bneg#branch                          0
b.xu121.bref#branch                          0
b.xu121.bactive#branch                       0
ballow#branch                                0
bpvalid#branch                               0
lhold#branch                       1.08086e-96
lmainfeed#branch                   6.38983e-97
lbranch#branch                    -1.44101e-98
l151#branch                        3.20359e-96
l121#branch                        3.00395e-42
lcable#branch                     -2.05089e-54
vbulkpass#branch                             0
vr165#branch                     -2.59553e-101
vload#branch                                 0
vr158#branch                      -1.44101e-98
vpass#branch                                 0
vlogic#branch                           -9e-12
vbat#branch                        2.05089e-54

 Reference value :  8.57417e-03
 Reference value :  1.99482e-02
 Reference value :  3.10582e-02
 Reference value :  3.97297e-02
 Reference value :  4.92320e-02
 Reference value :  5.82560e-02
 Reference value :  6.75840e-02
 Reference value :  7.64720e-02
 Reference value :  8.61560e-02
 Reference value :  9.50900e-02
 Reference value :  1.04375e-01
 Reference value :  1.12001e-01
 Reference value :  1.20861e-01
 Reference value :  1.29535e-01
 Reference value :  1.38329e-01
 Reference value :  1.46915e-01
 Reference value :  1.54149e-01
 Reference value :  1.63117e-01
 Reference value :  1.72047e-01
 Reference value :  1.81051e-01
 Reference value :  1.89545e-01
 Reference value :  1.98617e-01
 Reference value :  2.07683e-01
 Reference value :  2.16983e-01
 Reference value :  2.25907e-01
 Reference value :  2.34639e-01
 Reference value :  2.42965e-01
 Reference value :  2.51049e-01
 Reference value :  2.59717e-01
 Reference value :  2.68283e-01
 Reference value :  2.76577e-01
 Reference value :  2.83291e-01
 Reference value :  2.90267e-01
 Reference value :  2.99407e-01
 Reference value :  3.07891e-01
 Reference value :  3.16667e-01
 Reference value :  3.24855e-01
 Reference value :  3.33611e-01
 Reference value :  3.42511e-01
 Reference value :  3.51197e-01
 Reference value :  3.60129e-01
 Reference value :  3.68863e-01
 Reference value :  3.77805e-01
 Reference value :  3.86853e-01
 Reference value :  3.94575e-01
 Reference value :  4.02959e-01
 Reference value :  4.10823e-01
 Reference value :  4.18333e-01
 Reference value :  4.27081e-01
 Reference value :  4.35531e-01
 Reference value :  4.43309e-01
 Reference value :  4.50444e-01
 Reference value :  4.58843e-01
 Reference value :  4.69823e-01
 Reference value :  4.80987e-01
 Reference value :  4.92293e-01
 Reference value :  5.03589e-01
 Reference value :  5.13439e-01
 Reference value :  5.24677e-01
 Reference value :  5.36123e-01
 Reference value :  5.47479e-01
 Reference value :  5.58699e-01
 Reference value :  5.69801e-01
 Reference value :  5.81263e-01
 Reference value :  5.92599e-01
 Reference value :  6.03917e-01
 Reference value :  6.15119e-01
 Reference value :  6.26583e-01
 Reference value :  6.37033e-01
 Reference value :  6.48043e-01
 Reference value :  6.59617e-01
 Reference value :  6.69785e-01
 Reference value :  6.81239e-01
 Reference value :  6.92473e-01
 Reference value :  7.03489e-01
 Reference value :  7.13777e-01
 Reference value :  7.23117e-01
 Reference value :  7.32771e-01
 Reference value :  7.43219e-01
 Reference value :  7.53987e-01
 Reference value :  7.65255e-01
 Reference value :  7.76499e-01
 Reference value :  7.87775e-01
 Reference value :  7.99077e-01
 Reference value :  8.09605e-01
 Reference value :  8.20975e-01
 Reference value :  8.32001e-01
 Reference value :  8.43311e-01
 Reference value :  8.54313e-01
 Reference value :  8.65623e-01
 Reference value :  8.76831e-01
 Reference value :  8.87648e-01
 Reference value :  8.97349e-01
 Reference value :  9.07505e-01
 Reference value :  9.17313e-01
 Reference value :  9.27359e-01
 Reference value :  9.37129e-01
 Reference value :  9.45524e-01
 Reference value :  9.54760e-01
 Reference value :  9.62820e-01
 Reference value :  9.71910e-01
 Reference value :  9.79424e-01
 Reference value :  9.88542e-01
 Reference value :  9.97556e-01
 Reference value :  1.00536e+00
 Reference value :  1.01404e+00
 Reference value :  1.02294e+00
 Reference value :  1.03201e+00
 Reference value :  1.04063e+00
 Reference value :  1.04969e+00
 Reference value :  1.05889e+00
 Reference value :  1.06700e+00
 Reference value :  1.07412e+00
 Reference value :  1.08320e+00
 Reference value :  1.09233e+00
 Reference value :  1.10138e+00
 Reference value :  1.11041e+00
 Reference value :  1.11967e+00
 Reference value :  1.12876e+00
 Reference value :  1.13782e+00
 Reference value :  1.14690e+00
 Reference value :  1.15614e+00
 Reference value :  1.16444e+00
 Reference value :  1.17328e+00
 Reference value :  1.18227e+00
 Reference value :  1.19132e+00
 Reference value :  1.19986e+00
 Reference value :  1.20866e+00
 Reference value :  1.21688e+00
 Reference value :  1.22539e+00
 Reference value :  1.23388e+00
 Reference value :  1.24284e+00
 Reference value :  1.25169e+00
 Reference value :  1.26073e+00
 Reference value :  1.26984e+00
 Reference value :  1.27916e+00
 Reference value :  1.28818e+00
 Reference value :  1.29727e+00
No. of Data Rows : 652268
I32_FINISHED
ngspice-42 done
