Using SPARSE 1.3 as Direct Linear Solver
Note: Starting dynamic gmin stepping
Warning: Dynamic gmin stepping failed
Note: Starting true gmin stepping
Warning: True gmin stepping failed
Note: Starting source stepping
Warning: singular matrix:  check node snsprev

Warning: singular matrix:  check node snsprev

Warning: source stepping failed
Note: Transient op started
Note: Transient op finished successfully

Note: No compatibility mode selected!


Circuit: i32 exploratory network alternative; not manufacturer u151 model

Doing analysis at TEMP = 27.000000 and TNOM = 27.000000


Initial Transient Solution
--------------------------

Node                                   Voltage
----                                   -------
bat                                          0
cable_r                            2.03966e-55
raw_12v                            2.93354e-52
fused_12v                          2.93456e-52
rev_blocked_12v                    5.60651e-42
protect_ctrl_vin                  -4.20557e-42
protected_12v                      4.96687e-42
input_uv                            3.7186e-43
input_ov                           1.40163e-43
input_shdn                        -4.20556e-42
one                                          1
uv_ok                                    1e-09
ov_bad                                   1e-09
pvalid                                       0
ptimer                                       0
allow                                        0
allow_d                                      0
input_gate_drive                  -2.77862e-35
input_gate                        -2.77862e-35
input_gate_slew                   -2.77863e-35
qsrc                               4.96722e-42
buck_feed                          4.96671e-42
vin5                               4.95223e-42
en5                                  1.025e-42
on5                                      1e-09
xu121.age                                    0
xu121.active                                 0
xu121.ref                                    0
xu121.neg                                    0
xu121.req                         -3.16069e-41
fb5                                9.87717e-43
xu121.integral                               0
xu121.cmd                                    0
xu121.command                                0
xu121.drive                                  0
source5                            2.16187e-45
xu121.active_f                               0
xu121.sense                        -6.2057e-40
sw5                                -6.2057e-40
winding5                           8.35956e-43
c127r                              7.42194e-45
c128r                              7.42194e-45
ripple5                            9.87673e-43
rail5                             -5.29406e-45
feediso                            -5.3278e-45
good5                                    1e-09
iso_en_pin                        -9.30929e-46
gooddelay                           6.6967e-11
ageiso                                       0
switchon                                     0
slewiso                                      0
feedpass                           -5.3278e-45
vin                                1.08933e-92
snsiso                             1.48782e-93
localgood                                1e-09
snsfiltered                        7.50022e-10
snsprev                            7.09797e-10
snsevent                                     0
restartage                               1e-05
pgwant                                       0
pgdelay                                      0
en151                             -7.15447e-45
actual_en151                      -3.45946e-45
enable_ctrl                              1e-09
c151_esr                            1.2021e-97
enable                                   1e-09
xu151.age                                    0
xu151.active                                 0
xu151.ref                                    0
xu151.neg                                    0
xu151.req                          6.02007e-93
fb                                -4.18061e-94
xu151.integral                               0
xu151.cmd                                    0
xu151.command                                0
xu151.drive                                  0
source                            -1.39492e-93
xu151.active_f                               0
xu151.sense                       -1.70264e-93
sw                                -1.70264e-93
winding                           -1.39843e-93
c155_esr                          -9.81941e-98
c156_esr                          -9.81941e-98
c157_esr                          -9.81941e-98
c158_esr                         -4.64309e-100
main                              -1.39472e-93
c201_esr                            4.1129e-99
c204_esr                            4.1129e-99
c202_esr                          1.30549e-101
c205_esr                          1.30549e-101
c301_esr                          1.30549e-101
c302_esr                          1.32317e-100
c404_esr                          1.30549e-101
c531_esr                          1.30549e-101
branch_sense                      -1.39472e-93
branch_l                          -1.39472e-93
branch_r                          -1.39472e-93
bulksw_out                                   0
damped                                       0
c206_esr                                     0
main_feed                         -1.39491e-93
main_l                            -1.39483e-93
requested                                 0.45
ready                                        0
valid                                    1e-09
timer                                        0
reset_ctl                                    1
reset_raw                         -4.89374e-95
en                                -1.71281e-94
disg                               1.02557e-92
disfeed                           -1.39492e-93
disdrain                          -1.39492e-93
hold_l                             1.08994e-92
hold_bus                           1.08981e-92
c162                               1.09084e-92
bulk_en_in                        -1.39472e-93
bulk_en_pin                       -3.48541e-94
bulk_want                                1e-09
bulk_enabled                        6.6967e-11
bulk_age                                     0
bulk_slew                                    0
bulk_feed                         -1.39472e-93
bulk_localcap                     -1.39472e-93
bbulk_slew#branch                            0
breset#branch                                0
bready#branch                                0
v.xu151.vsense#branch             3.40528e-105
b.xu151.bdrive#branch            -1.70264e-105
b.xu151.bcmd#branch                          0
b.xu151.breq#branch                          0
b.xu151.bneg#branch                          0
b.xu151.bref#branch                          0
b.xu151.bactive#branch                       0
bpgwant#branch                               0
bswitchon#branch                             0
bsnsevent#branch                             0
bvslew#branch                                0
v.xu121.vsense#branch              1.24114e-51
b.xu121.bdrive#branch              -6.2057e-52
b.xu121.bcmd#branch                          0
b.xu121.breq#branch                          0
b.xu121.bneg#branch                          0
b.xu121.bref#branch                          0
b.xu121.bactive#branch                       0
ballow#branch                                0
bpvalid#branch                               0
lhold#branch                      -1.02223e-94
lmainfeed#branch                  -1.00788e-96
lbranch#branch                     1.48906e-98
l151#branch                       -3.05952e-95
l121#branch                        2.98997e-42
lcable#branch                     -2.03966e-54
vbulkpass#branch                             0
vr165#branch                      8.42511e-101
vload#branch                                 0
vr158#branch                       1.48906e-98
vpass#branch                      -1.08933e-96
vlogic#branch                           -9e-12
vbat#branch                        2.03966e-54

 Reference value :  6.19417e-03
 Reference value :  1.44242e-02
 Reference value :  2.15722e-02
 Reference value :  2.61082e-02
 Reference value :  3.06582e-02
 Reference value :  3.44425e-02
 Reference value :  3.95882e-02
 Reference value :  4.51441e-02
 Reference value :  4.54401e-02
 Reference value :  5.06861e-02
 Reference value :  5.62021e-02
 Reference value :  6.27381e-02
 Reference value :  6.87701e-02
 Reference value :  7.35041e-02
 Reference value :  7.97061e-02
 Reference value :  8.63341e-02
 Reference value :  9.24532e-02
 Reference value :  9.82672e-02
 Reference value :  1.04299e-01
 Reference value :  1.11033e-01
 Reference value :  1.17363e-01
 Reference value :  1.23523e-01
 Reference value :  1.29002e-01
 Reference value :  1.34902e-01
 Reference value :  1.40602e-01
 Reference value :  1.46208e-01
 Reference value :  1.51724e-01
 Reference value :  1.57676e-01
 Reference value :  1.63112e-01
 Reference value :  1.68588e-01
 Reference value :  1.74490e-01
 Reference value :  1.80498e-01
 Reference value :  1.86342e-01
 Reference value :  1.91878e-01
 Reference value :  1.97906e-01
 Reference value :  2.03758e-01
 Reference value :  2.09396e-01
 Reference value :  2.14876e-01
 Reference value :  2.20772e-01
 Reference value :  2.26706e-01
 Reference value :  2.32564e-01
 Reference value :  2.38154e-01
 Reference value :  2.44236e-01
 Reference value :  2.50096e-01
 Reference value :  2.55978e-01
 Reference value :  2.60986e-01
 Reference value :  2.66648e-01
 Reference value :  2.72636e-01
 Reference value :  2.77802e-01
 Reference value :  2.82968e-01
 Reference value :  2.88770e-01
 Reference value :  2.94442e-01
 Reference value :  2.99436e-01
 Reference value :  3.04370e-01
 Reference value :  3.10183e-01
 Reference value :  3.15869e-01
 Reference value :  3.19667e-01
 Reference value :  3.24605e-01
 Reference value :  3.30503e-01
 Reference value :  3.36507e-01
 Reference value :  3.42447e-01
 Reference value :  3.47885e-01
 Reference value :  3.53681e-01
 Reference value :  3.59271e-01
 Reference value :  3.65287e-01
 Reference value :  3.70721e-01
 Reference value :  3.76253e-01
 Reference value :  3.82201e-01
 Reference value :  3.88281e-01
 Reference value :  3.94099e-01
 Reference value :  3.99737e-01
 Reference value :  4.05845e-01
 Reference value :  4.11933e-01
 Reference value :  4.17853e-01
 Reference value :  4.23597e-01
 Reference value :  4.29711e-01
 Reference value :  4.35499e-01
 Reference value :  4.40925e-01
 Reference value :  4.46333e-01
 Reference value :  4.51046e-01
 Reference value :  4.56456e-01
 Reference value :  4.63654e-01
 Reference value :  4.70192e-01
 Reference value :  4.73200e-01
 Reference value :  4.77782e-01
 Reference value :  4.85150e-01
 Reference value :  4.92378e-01
 Reference value :  5.00128e-01
 Reference value :  5.07420e-01
 Reference value :  5.14600e-01
 Reference value :  5.21752e-01
 Reference value :  5.29616e-01
 Reference value :  5.37230e-01
 Reference value :  5.44592e-01
 Reference value :  5.51706e-01
 Reference value :  5.59440e-01
 Reference value :  5.65868e-01
 Reference value :  5.70936e-01
 Reference value :  5.73444e-01
 Reference value :  5.77086e-01
 Reference value :  5.82340e-01
 Reference value :  5.89182e-01
 Reference value :  5.95436e-01
 Reference value :  6.02666e-01
 Reference value :  6.09172e-01
 Reference value :  6.16274e-01
 Reference value :  6.23362e-01
 Reference value :  6.30910e-01
 Reference value :  6.38360e-01
 Reference value :  6.45696e-01
 Reference value :  6.52651e-01
 Reference value :  6.59951e-01
 Reference value :  6.67393e-01
 Reference value :  6.74517e-01
 Reference value :  6.80457e-01
 Reference value :  6.87125e-01
 Reference value :  6.93144e-01
 Reference value :  6.99536e-01
 Reference value :  7.05664e-01
 Reference value :  7.11640e-01
 Reference value :  7.17990e-01
 Reference value :  7.24424e-01
 Reference value :  7.30698e-01
 Reference value :  7.36928e-01
 Reference value :  7.43080e-01
 Reference value :  7.49638e-01
 Reference value :  7.55865e-01
 Reference value :  7.61725e-01
 Reference value :  7.67599e-01
 Reference value :  7.72969e-01
 Reference value :  7.78134e-01
 Reference value :  7.83386e-01
 Reference value :  7.88387e-01
 Reference value :  7.93935e-01
 Reference value :  7.98677e-01
 Reference value :  8.03229e-01
 Reference value :  8.08639e-01
 Reference value :  8.14299e-01
 Reference value :  8.19097e-01
 Reference value :  8.24371e-01
 Reference value :  8.29883e-01
 Reference value :  8.35513e-01
 Reference value :  8.40589e-01
 Reference value :  8.45511e-01
 Reference value :  8.50853e-01
 Reference value :  8.56461e-01
 Reference value :  8.61739e-01
 Reference value :  8.66443e-01
 Reference value :  8.71843e-01
 Reference value :  8.76909e-01
 Reference value :  8.82141e-01
 Reference value :  8.87443e-01
 Reference value :  8.92845e-01
 Reference value :  8.98461e-01
 Reference value :  9.03463e-01
 Reference value :  9.08971e-01
 Reference value :  9.14459e-01
 Reference value :  9.20101e-01
 Reference value :  9.25389e-01
 Reference value :  9.30709e-01
 Reference value :  9.35539e-01
 Reference value :  9.39773e-01
 Reference value :  9.45055e-01
 Reference value :  9.50305e-01
 Reference value :  9.55049e-01
 Reference value :  9.58537e-01
 Reference value :  9.61273e-01
 Reference value :  9.65171e-01
 Reference value :  9.70055e-01
 Reference value :  9.74077e-01
 Reference value :  9.77413e-01
 Reference value :  9.81881e-01
 Reference value :  9.85511e-01
 Reference value :  9.90565e-01
 Reference value :  9.93953e-01
 Reference value :  9.99021e-01
 Reference value :  1.00444e+00
 Reference value :  1.00976e+00
 Reference value :  1.01355e+00
 Reference value :  1.01709e+00
 Reference value :  1.02089e+00
 Reference value :  1.02484e+00
 Reference value :  1.02815e+00
 Reference value :  1.03150e+00
 Reference value :  1.03487e+00
 Reference value :  1.03840e+00
 Reference value :  1.04150e+00
 Reference value :  1.04608e+00
 Reference value :  1.05065e+00
 Reference value :  1.05499e+00
 Reference value :  1.05989e+00
 Reference value :  1.06414e+00
 Reference value :  1.06806e+00
 Reference value :  1.07105e+00
 Reference value :  1.07511e+00
 Reference value :  1.07929e+00
 Reference value :  1.08359e+00
 Reference value :  1.08786e+00
 Reference value :  1.09316e+00
 Reference value :  1.09824e+00
 Reference value :  1.10262e+00
 Reference value :  1.10799e+00
 Reference value :  1.11303e+00
 Reference value :  1.11824e+00
 Reference value :  1.12333e+00
 Reference value :  1.12860e+00
 Reference value :  1.13376e+00
 Reference value :  1.13846e+00
 Reference value :  1.14334e+00
 Reference value :  1.14874e+00
 Reference value :  1.15423e+00
 Reference value :  1.15837e+00
 Reference value :  1.16183e+00
 Reference value :  1.16588e+00
 Reference value :  1.17072e+00
 Reference value :  1.17571e+00
 Reference value :  1.18088e+00
 Reference value :  1.18632e+00
 Reference value :  1.19206e+00
 Reference value :  1.19745e+00
 Reference value :  1.20265e+00
 Reference value :  1.20816e+00
 Reference value :  1.21373e+00
 Reference value :  1.21919e+00
 Reference value :  1.22416e+00
 Reference value :  1.22953e+00
 Reference value :  1.23502e+00
 Reference value :  1.24038e+00
 Reference value :  1.24426e+00
 Reference value :  1.24808e+00
 Reference value :  1.25185e+00
 Reference value :  1.25542e+00
 Reference value :  1.25762e+00
 Reference value :  1.26081e+00
 Reference value :  1.26451e+00
 Reference value :  1.26972e+00
 Reference value :  1.27448e+00
 Reference value :  1.27844e+00
 Reference value :  1.28339e+00
 Reference value :  1.28909e+00
 Reference value :  1.29373e+00
 Reference value :  1.29929e+00
No. of Data Rows : 652200
I32_FINISHED
ngspice-42 done
