Using SPARSE 1.3 as Direct Linear Solver
Note: Starting dynamic gmin stepping
Warning: Dynamic gmin stepping failed
Note: Starting true gmin stepping
Warning: True gmin stepping failed
Note: Starting source stepping
Warning: singular matrix:  check node snsprev

Warning: singular matrix:  check node snsprev

Warning: source stepping failed
Note: Transient op started
Note: Transient op finished successfully

Note: No compatibility mode selected!


Circuit: i32 exploratory network alternative; not manufacturer u151 model

Doing analysis at TEMP = 27.000000 and TNOM = 27.000000


Initial Transient Solution
--------------------------

Node                                   Voltage
----                                   -------
bat                                          0
cable_r                            1.28228e-54
raw_12v                           -2.38547e-52
fused_12v                         -2.37905e-52
rev_blocked_12v                    5.58963e-42
protect_ctrl_vin                  -4.19321e-42
protected_12v                      4.95184e-42
input_uv                           3.70741e-43
input_ov                           1.39741e-43
input_shdn                         -4.1932e-42
one                                          1
uv_ok                                    1e-09
ov_bad                                   1e-09
pvalid                                       0
ptimer                                       0
allow                                        0
allow_d                                      0
input_gate_drive                  -2.77044e-35
input_gate                        -2.77044e-35
input_gate_slew                   -2.77045e-35
qsrc                               4.95219e-42
buck_feed                          4.95186e-42
vin5                               4.95414e-42
en5                                 1.0254e-42
on5                                      1e-09
xu121.age                                    0
xu121.active                                 0
xu121.ref                                    0
xu121.neg                                    0
xu121.req                         -6.23353e-42
fb5                                1.94798e-43
xu121.integral                               0
xu121.cmd                                    0
xu121.command                                0
xu121.drive                                  0
source5                            -6.0935e-45
xu121.active_f                               0
xu121.sense                        -1.9025e-40
sw5                                -1.9025e-40
winding5                           1.06213e-43
c127r                               1.8456e-45
c128r                               1.8456e-45
ripple5                            1.89882e-43
rail5                              -7.9424e-45
feediso                            -7.9466e-45
good5                                    1e-09
iso_en_pin                         -1.3934e-45
gooddelay                           6.6967e-11
ageiso                                       0
switchon                                     0
slewiso                                      0
feedpass                           -7.9466e-45
vin                                8.87551e-93
snsiso                             1.20909e-93
localgood                                1e-09
snsfiltered                        7.50022e-10
snsprev                            7.09797e-10
snsevent                                     0
restartage                               1e-05
pgwant                                       0
pgdelay                                      0
en151                             -6.97183e-45
actual_en151                      -3.61427e-45
enable_ctrl                              1e-09
c151_esr                           1.35435e-97
enable                                   1e-09
xu151.age                                    0
xu151.active                                 0
xu151.ref                                    0
xu151.neg                                    0
xu151.req                          2.43932e-93
fb                                -3.38794e-94
xu151.integral                               0
xu151.cmd                                    0
xu151.command                                0
xu151.drive                                  0
source                            -1.13432e-93
xu151.active_f                               0
xu151.sense                       -1.13264e-93
sw                                -1.13264e-93
winding                           -1.13432e-93
c155_esr                           2.97564e-99
c156_esr                           2.97564e-99
c157_esr                           2.97564e-99
c158_esr                          2.78078e-101
main                              -1.13423e-93
c201_esr                           3.15102e-99
c204_esr                           3.15102e-99
c202_esr                          2.83771e-101
c205_esr                          2.83771e-101
c301_esr                          2.83771e-101
c302_esr                          2.83988e-100
c404_esr                          2.83771e-101
c531_esr                          2.83771e-101
branch_sense                      -1.13423e-93
branch_l                          -1.13423e-93
branch_r                          -1.13423e-93
bulksw_out                                   0
damped                                       0
c206_esr                                     0
main_feed                         -1.13431e-93
main_l                            -1.13425e-93
requested                                 0.45
ready                                        0
valid                                    1e-09
timer                                        0
reset_ctl                                    1
reset_raw                         -3.97975e-95
en                                -1.39291e-94
disg                               8.35324e-93
disfeed                           -1.13432e-93
disdrain                          -1.13432e-93
hold_l                             8.88147e-93
hold_bus                           8.88032e-93
c162                               8.88281e-93
bulk_en_in                        -1.13423e-93
bulk_en_pin                        -2.8285e-94
bulk_want                                1e-09
bulk_enabled                        6.6967e-11
bulk_age                                     0
bulk_slew                                    0
bulk_feed                         -1.13423e-93
bulk_localcap                     -1.13423e-93
bbulk_slew#branch                            0
breset#branch                                0
bready#branch                                0
v.xu151.vsense#branch             2.26528e-105
b.xu151.bdrive#branch            -1.13264e-105
b.xu151.bcmd#branch                          0
b.xu151.breq#branch                          0
b.xu151.bneg#branch                          0
b.xu151.bref#branch                          0
b.xu151.bactive#branch                       0
bpgwant#branch                               0
bswitchon#branch                             0
bsnsevent#branch                             0
bvslew#branch                                0
v.xu121.vsense#branch                3.805e-52
b.xu121.bdrive#branch              -1.9025e-52
b.xu121.bcmd#branch                          0
b.xu121.breq#branch                          0
b.xu121.bneg#branch                          0
b.xu121.bref#branch                          0
b.xu121.bactive#branch                       0
ballow#branch                                0
bpvalid#branch                               0
lhold#branch                      -9.93962e-95
lmainfeed#branch                  -8.29629e-97
lbranch#branch                     1.41517e-98
l151#branch                       -1.35029e-99
l121#branch                         7.4331e-43
lcable#branch                     -1.28228e-53
vbulkpass#branch                             0
vr165#branch                      8.93286e-104
vload#branch                                 0
vr158#branch                       1.41517e-98
vpass#branch                      -8.87551e-97
vlogic#branch                           -9e-12
vbat#branch                        1.28228e-53

 Reference value :  6.19217e-03
 Reference value :  1.48622e-02
 Reference value :  2.28082e-02
 Reference value :  3.15122e-02
 Reference value :  3.88858e-02
 Reference value :  4.45917e-02
 Reference value :  5.02797e-02
 Reference value :  5.23797e-02
 Reference value :  5.63777e-02
 Reference value :  6.05337e-02
 Reference value :  6.42217e-02
 Reference value :  6.82977e-02
 Reference value :  7.23357e-02
 Reference value :  7.64097e-02
 Reference value :  8.01277e-02
 Reference value :  8.34928e-02
 Reference value :  8.71650e-02
 Reference value :  8.99470e-02
 Reference value :  9.26310e-02
 Reference value :  9.61964e-02
 Reference value :  9.95378e-02
 Reference value :  1.02301e-01
 Reference value :  1.05509e-01
 Reference value :  1.11199e-01
 Reference value :  1.17161e-01
 Reference value :  1.22955e-01
 Reference value :  1.28247e-01
 Reference value :  1.34045e-01
 Reference value :  1.39843e-01
 Reference value :  1.45299e-01
 Reference value :  1.48685e-01
 Reference value :  1.52095e-01
 Reference value :  1.55913e-01
 Reference value :  1.59615e-01
 Reference value :  1.63239e-01
 Reference value :  1.66997e-01
 Reference value :  1.70785e-01
 Reference value :  1.74489e-01
 Reference value :  1.78099e-01
 Reference value :  1.81785e-01
 Reference value :  1.85651e-01
 Reference value :  1.89377e-01
 Reference value :  1.93007e-01
 Reference value :  1.96787e-01
 Reference value :  2.00697e-01
 Reference value :  2.04315e-01
 Reference value :  2.07971e-01
 Reference value :  2.11635e-01
 Reference value :  2.15527e-01
 Reference value :  2.19173e-01
 Reference value :  2.22881e-01
 Reference value :  2.26485e-01
 Reference value :  2.30397e-01
 Reference value :  2.34057e-01
 Reference value :  2.37867e-01
 Reference value :  2.41303e-01
 Reference value :  2.45211e-01
 Reference value :  2.48815e-01
 Reference value :  2.52715e-01
 Reference value :  2.56217e-01
 Reference value :  2.60111e-01
 Reference value :  2.63707e-01
 Reference value :  2.67617e-01
 Reference value :  2.71209e-01
 Reference value :  2.75145e-01
 Reference value :  2.78739e-01
 Reference value :  2.82498e-01
 Reference value :  2.85940e-01
 Reference value :  2.89888e-01
 Reference value :  2.93570e-01
 Reference value :  2.97424e-01
 Reference value :  3.00890e-01
 Reference value :  3.04814e-01
 Reference value :  3.08458e-01
 Reference value :  3.12294e-01
 Reference value :  3.15768e-01
 Reference value :  3.19698e-01
 Reference value :  3.23378e-01
 Reference value :  3.27244e-01
 Reference value :  3.30708e-01
 Reference value :  3.34634e-01
 Reference value :  3.38464e-01
 Reference value :  3.42190e-01
 Reference value :  3.45680e-01
 Reference value :  3.49554e-01
 Reference value :  3.53380e-01
 Reference value :  3.57046e-01
 Reference value :  3.60572e-01
 Reference value :  3.64338e-01
 Reference value :  3.68170e-01
 Reference value :  3.71876e-01
 Reference value :  3.75598e-01
 Reference value :  3.79208e-01
 Reference value :  3.83068e-01
 Reference value :  3.86770e-01
 Reference value :  3.90524e-01
 Reference value :  3.94204e-01
 Reference value :  3.98028e-01
 Reference value :  4.01658e-01
 Reference value :  4.05356e-01
 Reference value :  4.08924e-01
 Reference value :  4.12760e-01
 Reference value :  4.16386e-01
 Reference value :  4.20180e-01
 Reference value :  4.23768e-01
 Reference value :  4.27664e-01
 Reference value :  4.31274e-01
 Reference value :  4.34936e-01
 Reference value :  4.38538e-01
 Reference value :  4.42406e-01
 Reference value :  4.45998e-01
 Reference value :  4.49746e-01
 Reference value :  4.53301e-01
 Reference value :  4.57177e-01
 Reference value :  4.60746e-01
 Reference value :  4.64528e-01
 Reference value :  4.68808e-01
 Reference value :  4.74269e-01
 Reference value :  4.79627e-01
 Reference value :  4.85101e-01
 Reference value :  4.90199e-01
 Reference value :  4.95665e-01
 Reference value :  5.00539e-01
 Reference value :  5.05443e-01
 Reference value :  5.10499e-01
 Reference value :  5.16021e-01
 Reference value :  5.21523e-01
 Reference value :  5.27099e-01
 Reference value :  5.32291e-01
 Reference value :  5.37969e-01
 Reference value :  5.43097e-01
 Reference value :  5.48641e-01
 Reference value :  5.52133e-01
 Reference value :  5.57235e-01
 Reference value :  5.62063e-01
 Reference value :  5.66723e-01
 Reference value :  5.70823e-01
 Reference value :  5.75313e-01
 Reference value :  5.79913e-01
 Reference value :  5.85415e-01
 Reference value :  5.90381e-01
 Reference value :  5.95411e-01
 Reference value :  5.99091e-01
No. of Data Rows : 300559
I32_FINISHED
ngspice-42 done
