Using SPARSE 1.3 as Direct Linear Solver
Note: Starting dynamic gmin stepping
Warning: Dynamic gmin stepping failed
Note: Starting true gmin stepping
Warning: True gmin stepping failed
Note: Starting source stepping
Warning: singular matrix:  check node pgdelay

Warning: singular matrix:  check node pgdelay

Warning: source stepping failed
Note: Transient op started
Note: Transient op finished successfully

Note: No compatibility mode selected!


Circuit: i32 exploratory network alternative; not manufacturer u151 model

Doing analysis at TEMP = 27.000000 and TNOM = 27.000000


Initial Transient Solution
--------------------------

Node                                   Voltage
----                                   -------
bat                                          0
cable_r                           -3.37361e-54
raw_12v                            1.83487e-51
fused_12v                          1.83318e-51
rev_blocked_12v                     3.3184e-42
protect_ctrl_vin                  -3.79049e-42
protected_12v                      4.54836e-42
input_uv                           2.20098e-43
input_ov                             8.296e-44
input_shdn                        -3.79048e-42
one                                          1
uv_ok                                    1e-09
ov_bad                                   1e-09
pvalid                                       0
ptimer                                       0
allow                                        0
allow_d                                      0
input_gate_drive                  -2.53219e-35
input_gate                        -2.53219e-35
input_gate_slew                    -2.5322e-35
qsrc                               4.54869e-42
buck_feed                          4.54769e-42
vin5                                4.4843e-42
en5                                9.28154e-43
on5                                      1e-09
xu121.age                                    0
xu121.active                                 0
xu121.ref                                    0
xu121.neg                                    0
xu121.req                         -1.01659e-40
fb5                                3.17686e-42
xu121.integral                               0
xu121.cmd                                    0
xu121.command                                0
xu121.drive                                  0
source5                           -8.47145e-43
xu121.active_f                               0
xu121.sense                       -1.60097e-39
sw5                               -1.60097e-39
winding5                           1.06998e-42
c127r                               2.5527e-44
c128r                               2.5527e-44
ripple5                             2.5319e-42
rail5                             -8.72693e-43
feediso                           -8.72693e-43
good5                                    1e-09
gooddelay                           6.6967e-11
ageiso                                       0
switchon                                     0
slewiso                                      0
feedpass                          -8.72693e-43
vin                                9.56045e-71
c160esr                            9.56047e-71
snsiso                             1.22413e-71
localgood                                1e-09
snsfiltered                        7.50022e-10
snsprev                            7.09797e-10
snsevent                                     0
restartage                               1e-05
pgwant                                       0
pgdelay                                      0
en151                             -6.82998e-43
enable_ctrl                              1e-09
c151_esr                           3.36525e-78
enable                                   1e-09
xu151.age                                    0
xu151.active                                 0
xu151.ref                                    0
xu151.neg                                    0
xu151.req                          1.74708e-73
fb                                -1.21325e-74
xu151.integral                               0
xu151.cmd                                    0
xu151.command                                0
xu151.drive                                  0
source                            -3.96069e-74
xu151.active_f                               0
xu151.sense                        3.18204e-74
sw                                 3.18204e-74
winding                           -3.97397e-74
c155_esr                          -4.33693e-78
c156_esr                          -4.33693e-78
c157_esr                          -4.33693e-78
c158_esr                          -7.19881e-81
main                              -3.96027e-74
c201_esr                          -1.46768e-78
c204_esr                          -1.46768e-78
c202_esr                          -9.02451e-81
c205_esr                          -9.02451e-81
c301_esr                          -9.02451e-81
c302_esr                           -1.2811e-79
c404_esr                          -9.02451e-81
c531_esr                          -9.02451e-81
branch_sense                      -3.96027e-74
branch_l                          -3.96037e-74
branch_r                          -3.96025e-74
damped                            -3.96101e-74
c206_esr                           4.01718e-79
requested                                 0.45
valid                                    1e-09
timer                                        0
ready                                        0
reset_ctl                                    1
reset_raw                         -1.38956e-75
en                                -4.86345e-75
breset#branch                                0
bready#branch                                0
v.xu151.vsense#branch             -6.36219e-86
b.xu151.bdrive#branch              3.18204e-86
b.xu151.bcmd#branch                          0
b.xu151.breq#branch                          0
b.xu151.bneg#branch                          0
b.xu151.bref#branch                          0
b.xu151.bactive#branch                       0
bpgwant#branch                               0
bswitchon#branch                             0
bsnsevent#branch                             0
bvslew#branch                                0
v.xu121.vsense#branch              3.20194e-51
b.xu121.bdrive#branch             -1.60097e-51
b.xu121.bcmd#branch                          0
b.xu121.breq#branch                          0
b.xu121.bneg#branch                          0
b.xu121.bref#branch                          0
b.xu121.bactive#branch                       0
ballow#branch                                0
bpvalid#branch                               0
lbranch#branch                     1.60687e-77
l151#branch                        -1.7225e-75
l121#branch                         1.0252e-41
lcable#branch                      3.37361e-53
vload#branch                                 0
vr158#branch                       1.60687e-77
vpass#branch                      -9.56045e-75
vlogic#branch                           -8e-12
vbat#branch                       -3.37361e-53

 Reference value :  9.44514e-03 Reference value :  2.17171e-02 Reference value :  3.51782e-02 Reference value :  4.52646e-02 Reference value :  5.56538e-02 Reference value :  6.62358e-02 Reference value :  7.63579e-02 Reference value :  8.70959e-02 Reference value :  9.73359e-02 Reference value :  1.07958e-01 Reference value :  1.18442e-01
No. of Data Rows : 60372
I32_FINISHED
ngspice-42 done
