{"mesh_mm": 0.1, "status": "SOLVED_RESTRICTED_GROUND_SUBSET", "nodes": 395448, "retained_area_mm2": 3954.4800000000005, "ports": {"source_via": 208006, "source_old_via": 222188, "load_EP_via": 203920, "C206_ground_via": 13418}, "measurements": [{"from": "source_via", "to": "load_EP_via", "restricted_plane_R_ohm": 0.00983827527823393, "max_KCL_residual_A": 1.4301448914011416e-11, "source_port_potentials_V_per_A": {"source_via": 0.00983827527823393, "source_old_via": 0.003860698188458076}}, {"from": "source_old_via", "to": "load_EP_via", "restricted_plane_R_ohm": 0.009355240754147004, "max_KCL_residual_A": 1.3312906332885177e-11, "source_port_potentials_V_per_A": {"source_via": 0.003860698188353873, "source_old_via": 0.009355240754147004}}, {"from": "C206_ground_via", "to": "load_EP_via", "restricted_plane_R_ohm": 0.009063559349709838, "max_KCL_residual_A": 3.335021148132e-11, "source_port_potentials_V_per_A": {"source_via": 0.0016942156191409158, "source_old_via": 0.0017511914653967117}}]}
{"mesh_mm": 0.075, "status": "SOLVED_RESTRICTED_GROUND_SUBSET", "nodes": 708144, "retained_area_mm2": 3983.3099999999995, "ports": {"source_via": 371744, "source_old_via": 398735, "load_EP_via": 363372, "C206_ground_via": 23115}, "measurements": [{"from": "source_via", "to": "load_EP_via", "restricted_plane_R_ohm": 0.009876954407559242, "max_KCL_residual_A": 1.5489831639570184e-11, "source_port_potentials_V_per_A": {"source_via": 0.009876954407559242, "source_old_via": 0.0039466425232195105}}, {"from": "source_old_via", "to": "load_EP_via", "restricted_plane_R_ohm": 0.009109202774852667, "max_KCL_residual_A": 1.1155076862223723e-11, "source_port_potentials_V_per_A": {"source_via": 0.003946642523154628, "source_old_via": 0.009109202774852667}}, {"from": "C206_ground_via", "to": "load_EP_via", "restricted_plane_R_ohm": 0.009225405151265667, "max_KCL_residual_A": 1.3081091765343444e-11, "source_port_potentials_V_per_A": {"source_via": 0.0017477055223741164, "source_old_via": 0.0018047861426141775}}]}
{
  "basis": "Actual In1 GND finite-volume restricted-subset resistance,150C/24um;10% numerical/spreading inflation; source return trace2mm by0.6mm with0.06mm total etch and50um copper; max board1.76mm /15um barrel; one source B-In1 and one load F-In1 barrel. All other planes and parallel grounds omitted.",
  "source_to_load_ground_upper_ohm": 0.01128199978697789,
  "shared_return_allocation_ohm": 0.015,
  "C206_to_load_plane_plus_load_barrel_upper_ohm": 0.010919037419879735,
  "C206_ground_spreading_allocation_ohm": 0.011,
  "note": "C206 ground-side barrel and2.8mm front return trace are already included in its explicit lead contract, so are not counted again here. The restricted single-plane screen is a numerical engineering bound with stated inflation, not an exact continuum theorem.",
  "status": "PASS_RETAINED_POWER_RETURN_ALLOCATIONS",
  "original_contract": {
    "basis": "Actual In1 GND finite-volume restricted-subset resistance,150C/24um;10% numerical/spreading inflation; source return trace2mm by0.6mm with0.06mm total etch and50um copper; max board1.76mm /15um barrel; one source B-In1 and one load F-In1 barrel. All other planes and parallel grounds omitted.",
    "source_to_load_ground_upper_ohm": 0.012554196212606762,
    "shared_return_allocation_ohm": 0.015,
    "C206_to_load_plane_plus_load_barrel_upper_ohm": 0.010709594951036672,
    "C206_ground_spreading_allocation_ohm": 0.011,
    "note": "C206 ground-side barrel and2.8mm front return trace are already included in its explicit lead contract, so are not counted again here. The restricted single-plane screen is a numerical engineering bound with stated inflation, not an exact continuum theorem.",
    "status": "PASS_RETAINED_POWER_RETURN_ALLOCATIONS",
    "original_contract": {
      "basis": "Actual In1 GND finite-volume restricted-subset resistance,150C/24um;10% numerical/spreading inflation; source return trace2mm by0.6mm with0.06mm total etch and50um copper; max board1.76mm /15um barrel; one source B-In1 and one load F-In1 barrel. All other planes and parallel grounds omitted.",
      "source_to_load_ground_upper_ohm": 0.013278577402052183,
      "shared_return_allocation_ohm": 0.015,
      "C206_to_load_plane_plus_load_barrel_upper_ohm": 0.010709491383525144,
      "C206_ground_spreading_allocation_ohm": 0.011,
      "note": "C206 ground-side barrel and2.8mm front return trace are already included in its explicit lead contract, so are not counted again here. The restricted single-plane screen is a numerical engineering bound with stated inflation, not an exact continuum theorem."
    },
    "filled_PCB_sha256": "11533ea91c3bc4c61dd7066e0001914a72bc90b27afb38d321c43b8feb90e3b1",
    "source_PCB_sha256": "5b373f6033fdbd18f126f8ca054b619abada2568778c5a8fc303c4e756fb06c8",
    "method": "Recompute actual In1 restricted copper including all via/PTH/NPTH bores at 0.1 and 0.075 mm; retain original trace/barrel terms after exact terminal/stack geometry identity check; use larger mesh resistance and original 10% inflation.",
    "terminal_geometry_signature_sha256": "b2c1a7dda52b0db3d72b742841ed25a0aebbbfe84c0aa3bda5df5506f3e877cc",
    "terms": [
      {
        "contract_key": "source_to_load_ground_upper_ohm",
        "retained_nonplane_ohm": 0.005431171501799264,
        "mesh_plane_values_ohm": [
          0.00631136421901926,
          0.006475477009824997
        ],
        "credited_plane_ohm": 0.006475477009824997,
        "numerical_multiplier": 1.1,
        "margin_ohm": 0.0024458037873932373,
        "pass_allocation": true
      },
      {
        "contract_key": "C206_to_load_plane_plus_load_barrel_upper_ohm",
        "retained_nonplane_ohm": 0.0007710917534874996,
        "mesh_plane_values_ohm": [
          0.008809864470810915,
          0.009035002906862884
        ],
        "credited_plane_ohm": 0.009035002906862884,
        "numerical_multiplier": 1.1,
        "margin_ohm": 0.00029040504896332697,
        "pass_allocation": true
      }
    ],
    "physical_tests_claimed": 0
  },
  "filled_PCB_sha256": "896ca56bf4ad836d63b84537cfd20bfcbf1783c60ac5d92ab7c7783d54f57e92",
  "source_PCB_sha256": "52ca35cf8cb4e2b4a27d053686ee3a85564f1e94dfdb7dcb4bca4083dd527312",
  "method": "Recompute actual In1 restricted copper including all via/PTH/NPTH bores at 0.1 and 0.075 mm; verify original terminal/stack identity; solve the coupled two-port source return using actual old/new 0.6mm B traces, equal 0.3mm drill/15um barrels, 1mohm added common-pad spreading and 10% plane inflation; use larger mesh resistance and original 10% inflation.",
  "terminal_geometry_signature_sha256": "a59c5beb79db81b1a2e1aa03f730bf446788f3aa7a241f9603bcc65874f7a7f2",
  "terms": [
    {
      "contract_key": "source_to_load_ground_upper_ohm",
      "mesh_total_values_ohm": [
        0.01128199978697789,
        0.011273652776764072
      ],
      "margin_ohm": 0.0037180002130221095,
      "pass_allocation": true
    },
    {
      "contract_key": "C206_to_load_plane_plus_load_barrel_upper_ohm",
      "mesh_total_values_ohm": [
        0.010741007038168323,
        0.010919037419879735
      ],
      "margin_ohm": 8.096258012026472e-05,
      "pass_allocation": true
    }
  ],
  "physical_tests_claimed": 0,
  "source_two_port_network": [
    {
      "mesh_mm": 0.1,
      "plane_impedance_matrix_ohm": [
        [
          0.00983827527823393,
          0.0038606981884059745
        ],
        [
          0.0038606981884059745,
          0.009355240754147004
        ]
      ],
      "source_branch_R_ohm": [
        0.003782829760589622,
        0.004660079748311764
      ],
      "source_current_fractions": [
        0.5082116620233108,
        0.4917883379766891
      ],
      "numerical_plane_multiplier": 1.1,
      "load_barrel_ohm": 0.0007710917534874996,
      "additional_common_pad_spreading_ohm": 0.001,
      "total_return_ohm": 0.01128199978697789
    },
    {
      "mesh_mm": 0.075,
      "plane_impedance_matrix_ohm": [
        [
          0.009876954407559242,
          0.003946642523187069
        ],
        [
          0.003946642523187069,
          0.009109202774852667
        ]
      ],
      "source_branch_R_ohm": [
        0.003782829760589622,
        0.004660079748311764
      ],
      "source_current_fractions": [
        0.5007925183483068,
        0.4992074816516931
      ],
      "numerical_plane_multiplier": 1.1,
      "load_barrel_ohm": 0.0007710917534874996,
      "additional_common_pad_spreading_ohm": 0.001,
      "total_return_ohm": 0.011273652776764072
    }
  ],
  "terminal_baseline_PCB_sha256": "371518b5b40000e995867303f6fc9c35cd5fc558e4b25e12cd0e1635a48a703b",
  "new_source_return_trace_mm": 1.0906854249492417,
  "source_return_nonplane_delta_ohm": -0.0008772499877221424,
  "source_return_ports_mm": [
    [
      38.6,
      21.6
    ],
    [
      37.675,
      24
    ]
  ]
}
