{"mesh_mm": 0.1, "status": "SOLVED_RESTRICTED_GROUND_SUBSET", "nodes": 395448, "retained_area_mm2": 3954.4800000000005, "ports": {"source_via": 208006, "source_old_via": 222188, "load_EP_via": 203920, "C206_ground_via": 13418}, "measurements": [{"from": "source_via", "to": "load_EP_via", "restricted_plane_R_ohm": 0.009838275278234285, "max_KCL_residual_A": 1.4418688465411833e-11, "source_port_potentials_V_per_A": {"source_via": 0.009838275278234285, "source_old_via": 0.003860698188458383}}, {"from": "source_old_via", "to": "load_EP_via", "restricted_plane_R_ohm": 0.0093552407541476, "max_KCL_residual_A": 1.3634426920816622e-11, "source_port_potentials_V_per_A": {"source_via": 0.0038606981883565097, "source_old_via": 0.0093552407541476}}, {"from": "C206_ground_via", "to": "load_EP_via", "restricted_plane_R_ohm": 0.009063559349709501, "max_KCL_residual_A": 3.3359093265517004e-11, "source_port_potentials_V_per_A": {"source_via": 0.0016942156191404225, "source_old_via": 0.001751191465396199}}]}
{"mesh_mm": 0.075, "status": "SOLVED_RESTRICTED_GROUND_SUBSET", "nodes": 708144, "retained_area_mm2": 3983.3099999999995, "ports": {"source_via": 371744, "source_old_via": 398735, "load_EP_via": 363372, "C206_ground_via": 23115}, "measurements": [{"from": "source_via", "to": "load_EP_via", "restricted_plane_R_ohm": 0.009876954407561164, "max_KCL_residual_A": 1.56106239046494e-11, "source_port_potentials_V_per_A": {"source_via": 0.009876954407561164, "source_old_via": 0.003946642523220944}}, {"from": "source_old_via", "to": "load_EP_via", "restricted_plane_R_ohm": 0.009109202774851433, "max_KCL_residual_A": 1.1223688645145558e-11, "source_port_potentials_V_per_A": {"source_via": 0.003946642523152789, "source_old_via": 0.009109202774851433}}, {"from": "C206_ground_via", "to": "load_EP_via", "restricted_plane_R_ohm": 0.009225405151265265, "max_KCL_residual_A": 1.3204548565681762e-11, "source_port_potentials_V_per_A": {"source_via": 0.001747705522373736, "source_old_via": 0.0018047861426146253}}]}
{
  "basis": "Actual In1 GND finite-volume restricted-subset resistance,150C/24um;10% numerical/spreading inflation; source return trace2mm by0.6mm with0.06mm total etch and50um copper; max board1.76mm /15um barrel; one source B-In1 and one load F-In1 barrel. All other planes and parallel grounds omitted.",
  "source_to_load_ground_upper_ohm": 0.011281999786978962,
  "shared_return_allocation_ohm": 0.015,
  "C206_to_load_plane_plus_load_barrel_upper_ohm": 0.010919037419879292,
  "C206_ground_spreading_allocation_ohm": 0.011,
  "note": "C206 ground-side barrel and2.8mm front return trace are already included in its explicit lead contract, so are not counted again here. The restricted single-plane screen is a numerical engineering bound with stated inflation, not an exact continuum theorem.",
  "status": "PASS_RETAINED_POWER_RETURN_ALLOCATIONS",
  "original_contract": {
    "basis": "Actual In1 GND finite-volume restricted-subset resistance,150C/24um;10% numerical/spreading inflation; source return trace2mm by0.6mm with0.06mm total etch and50um copper; max board1.76mm /15um barrel; one source B-In1 and one load F-In1 barrel. All other planes and parallel grounds omitted.",
    "source_to_load_ground_upper_ohm": 0.012554196212606762,
    "shared_return_allocation_ohm": 0.015,
    "C206_to_load_plane_plus_load_barrel_upper_ohm": 0.010709594951036672,
    "C206_ground_spreading_allocation_ohm": 0.011,
    "note": "C206 ground-side barrel and2.8mm front return trace are already included in its explicit lead contract, so are not counted again here. The restricted single-plane screen is a numerical engineering bound with stated inflation, not an exact continuum theorem.",
    "status": "PASS_RETAINED_POWER_RETURN_ALLOCATIONS",
    "original_contract": {
      "basis": "Actual In1 GND finite-volume restricted-subset resistance,150C/24um;10% numerical/spreading inflation; source return trace2mm by0.6mm with0.06mm total etch and50um copper; max board1.76mm /15um barrel; one source B-In1 and one load F-In1 barrel. All other planes and parallel grounds omitted.",
      "source_to_load_ground_upper_ohm": 0.013278577402052183,
      "shared_return_allocation_ohm": 0.015,
      "C206_to_load_plane_plus_load_barrel_upper_ohm": 0.010709491383525144,
      "C206_ground_spreading_allocation_ohm": 0.011,
      "note": "C206 ground-side barrel and2.8mm front return trace are already included in its explicit lead contract, so are not counted again here. The restricted single-plane screen is a numerical engineering bound with stated inflation, not an exact continuum theorem."
    },
    "filled_PCB_sha256": "11533ea91c3bc4c61dd7066e0001914a72bc90b27afb38d321c43b8feb90e3b1",
    "source_PCB_sha256": "5b373f6033fdbd18f126f8ca054b619abada2568778c5a8fc303c4e756fb06c8",
    "method": "Recompute actual In1 restricted copper including all via/PTH/NPTH bores at 0.1 and 0.075 mm; retain original trace/barrel terms after exact terminal/stack geometry identity check; use larger mesh resistance and original 10% inflation.",
    "terminal_geometry_signature_sha256": "b2c1a7dda52b0db3d72b742841ed25a0aebbbfe84c0aa3bda5df5506f3e877cc",
    "terms": [
      {
        "contract_key": "source_to_load_ground_upper_ohm",
        "retained_nonplane_ohm": 0.005431171501799264,
        "mesh_plane_values_ohm": [
          0.00631136421901926,
          0.006475477009824997
        ],
        "credited_plane_ohm": 0.006475477009824997,
        "numerical_multiplier": 1.1,
        "margin_ohm": 0.0024458037873932373,
        "pass_allocation": true
      },
      {
        "contract_key": "C206_to_load_plane_plus_load_barrel_upper_ohm",
        "retained_nonplane_ohm": 0.0007710917534874996,
        "mesh_plane_values_ohm": [
          0.008809864470810915,
          0.009035002906862884
        ],
        "credited_plane_ohm": 0.009035002906862884,
        "numerical_multiplier": 1.1,
        "margin_ohm": 0.00029040504896332697,
        "pass_allocation": true
      }
    ],
    "physical_tests_claimed": 0
  },
  "filled_PCB_sha256": "020d5a7e739f65f24e50bff894fa8ea9cf0114b37ef197560a8c09cd1aa4c54f",
  "source_PCB_sha256": "177454910e8699749c42599a13c613f3155a52760af65763f2c7982ffec90e66",
  "method": "Recompute actual In1 restricted copper including all via/PTH/NPTH bores at 0.1 and 0.075 mm; verify original terminal/stack identity; solve the coupled two-port source return using actual old/new 0.6mm B traces, equal 0.3mm drill/15um barrels, 1mohm added common-pad spreading and 10% plane inflation; use larger mesh resistance and original 10% inflation.",
  "terminal_geometry_signature_sha256": "a59c5beb79db81b1a2e1aa03f730bf446788f3aa7a241f9603bcc65874f7a7f2",
  "terms": [
    {
      "contract_key": "source_to_load_ground_upper_ohm",
      "mesh_total_values_ohm": [
        0.011281999786978962,
        0.011273652776764155
      ],
      "margin_ohm": 0.0037180002130210374,
      "pass_allocation": true
    },
    {
      "contract_key": "C206_to_load_plane_plus_load_barrel_upper_ohm",
      "mesh_total_values_ohm": [
        0.010741007038167952,
        0.010919037419879292
      ],
      "margin_ohm": 8.096258012070708e-05,
      "pass_allocation": true
    }
  ],
  "physical_tests_claimed": 0,
  "source_two_port_network": [
    {
      "mesh_mm": 0.1,
      "plane_impedance_matrix_ohm": [
        [
          0.009838275278234285,
          0.0038606981884074464
        ],
        [
          0.0038606981884074464,
          0.0093552407541476
        ]
      ],
      "source_branch_R_ohm": [
        0.003782829760589622,
        0.004660079748311764
      ],
      "source_current_fractions": [
        0.5082116620233181,
        0.491788337976682
      ],
      "numerical_plane_multiplier": 1.1,
      "load_barrel_ohm": 0.0007710917534874996,
      "additional_common_pad_spreading_ohm": 0.001,
      "total_return_ohm": 0.011281999786978962
    },
    {
      "mesh_mm": 0.075,
      "plane_impedance_matrix_ohm": [
        [
          0.009876954407561164,
          0.003946642523186866
        ],
        [
          0.003946642523186866,
          0.009109202774851433
        ]
      ],
      "source_branch_R_ohm": [
        0.003782829760589622,
        0.004660079748311764
      ],
      "source_current_fractions": [
        0.5007925183482228,
        0.49920748165177725
      ],
      "numerical_plane_multiplier": 1.1,
      "load_barrel_ohm": 0.0007710917534874996,
      "additional_common_pad_spreading_ohm": 0.001,
      "total_return_ohm": 0.011273652776764155
    }
  ],
  "terminal_baseline_PCB_sha256": "371518b5b40000e995867303f6fc9c35cd5fc558e4b25e12cd0e1635a48a703b",
  "new_source_return_trace_mm": 1.0906854249492417,
  "source_return_nonplane_delta_ohm": -0.0008772499877221424,
  "source_return_ports_mm": [
    [
      38.6,
      21.6
    ],
    [
      37.675,
      24
    ]
  ]
}
