Using SPARSE 1.3 as Direct Linear Solver
Note: Starting dynamic gmin stepping
Warning: Dynamic gmin stepping failed
Note: Starting true gmin stepping
Warning: True gmin stepping failed
Note: Starting source stepping
Warning: singular matrix:  check node snsprev

Warning: singular matrix:  check node snsprev

Warning: source stepping failed
Note: Transient op started
Note: Transient op finished successfully

Note: No compatibility mode selected!


Circuit: i32 exploratory network alternative; not manufacturer u151 model

Doing analysis at TEMP = 27.000000 and TNOM = 27.000000


Initial Transient Solution
--------------------------

Node                                   Voltage
----                                   -------
bat                                          0
cable_r                            1.28228e-54
raw_12v                           -2.38547e-52
fused_12v                         -2.37905e-52
rev_blocked_12v                    5.58963e-42
protect_ctrl_vin                  -4.19321e-42
protected_12v                      4.95184e-42
input_uv                           3.70741e-43
input_ov                           1.39741e-43
input_shdn                         -4.1932e-42
one                                          1
uv_ok                                    1e-09
ov_bad                                   1e-09
pvalid                                       0
ptimer                                       0
allow                                        0
allow_d                                      0
input_gate_drive                  -2.77044e-35
input_gate                        -2.77044e-35
input_gate_slew                   -2.77045e-35
qsrc                               4.95219e-42
buck_feed                          4.95186e-42
vin5                               4.95414e-42
en5                                 1.0254e-42
on5                                      1e-09
xu121.age                                    0
xu121.active                                 0
xu121.ref                                    0
xu121.neg                                    0
xu121.req                         -6.23353e-42
fb5                                1.94798e-43
xu121.integral                               0
xu121.cmd                                    0
xu121.command                                0
xu121.drive                                  0
source5                            -6.0935e-45
xu121.active_f                               0
xu121.sense                        -1.9025e-40
sw5                                -1.9025e-40
winding5                           1.06213e-43
c127r                               1.8456e-45
c128r                               1.8456e-45
ripple5                            1.89882e-43
rail5                              -7.9424e-45
feediso                            -7.9466e-45
good5                                    1e-09
iso_en_pin                         -1.3934e-45
gooddelay                           6.6967e-11
ageiso                                       0
switchon                                     0
slewiso                                      0
feedpass                           -7.9466e-45
vin                                8.87687e-93
snsiso                             1.20928e-93
localgood                                1e-09
snsfiltered                        7.50022e-10
snsprev                            7.09797e-10
snsevent                                     0
restartage                               1e-05
pgwant                                       0
pgdelay                                      0
en151                             -6.97183e-45
actual_en151                      -3.61427e-45
enable_ctrl                              1e-09
c151_esr                           1.08092e-96
enable                                   1e-09
xu151.age                                    0
xu151.active                                 0
xu151.ref                                    0
xu151.neg                                    0
xu151.req                          2.44237e-93
fb                                -3.39218e-94
xu151.integral                               0
xu151.cmd                                    0
xu151.command                                0
xu151.drive                                  0
source                            -1.13574e-93
xu151.active_f                               0
xu151.sense                         5.6588e-92
sw                                  5.6588e-92
winding                           -1.15701e-93
c155_esr                          -6.11279e-97
c156_esr                          -6.11279e-97
c157_esr                          -6.11279e-97
c158_esr                           4.63689e-99
main                              -1.13433e-93
c201_esr                          -2.29062e-99
c204_esr                          -2.29062e-99
c202_esr                         -3.99707e-101
c205_esr                         -3.99707e-101
c301_esr                         -3.99707e-101
c302_esr                         -3.83595e-100
c404_esr                         -3.99707e-101
c531_esr                         -3.99707e-101
branch_sense                      -1.13433e-93
branch_l                          -1.13433e-93
branch_r                          -1.13433e-93
bulksw_out                                   0
damped                                       0
c206_esr                                     0
main_feed                         -1.13572e-93
main_l                            -1.13556e-93
requested                                 0.45
ready                                        0
valid                                    1e-09
timer                                        0
reset_ctl                                    1
reset_raw                         -3.98011e-95
en                                -1.39304e-94
disg                               8.35324e-93
disfeed                           -1.13574e-93
disdrain                          -1.13574e-93
hold_l                             8.88281e-93
hold_bus                           8.88033e-93
c162                               8.88281e-93
bulk_en_in                        -1.13433e-93
bulk_en_pin                       -2.82876e-94
bulk_want                                1e-09
bulk_enabled                        6.6967e-11
bulk_age                                     0
bulk_slew                                    0
bulk_feed                         -1.13433e-93
bulk_localcap                     -1.13433e-93
bbulk_slew#branch                            0
breset#branch                                0
bready#branch                                0
v.xu151.vsense#branch            -1.13176e-103
b.xu151.bdrive#branch              5.6588e-104
b.xu151.bcmd#branch                          0
b.xu151.breq#branch                          0
b.xu151.bneg#branch                          0
b.xu151.bref#branch                          0
b.xu151.bactive#branch                       0
bpgwant#branch                               0
bswitchon#branch                             0
bsnsevent#branch                             0
bvslew#branch                                0
v.xu121.vsense#branch                3.805e-52
b.xu121.bdrive#branch              -1.9025e-52
b.xu121.bcmd#branch                          0
b.xu121.breq#branch                          0
b.xu121.bneg#branch                          0
b.xu121.bref#branch                          0
b.xu121.bactive#branch                       0
ballow#branch                                0
bpvalid#branch                               0
lhold#branch                       -9.9102e-95
lmainfeed#branch                  -2.04011e-96
lbranch#branch                    -6.93396e-99
l151#branch                       -1.85026e-94
l121#branch                         7.4331e-43
lcable#branch                     -1.28228e-53
vbulkpass#branch                             0
vr165#branch                       1.55772e-99
vload#branch                                 0
vr158#branch                      -6.93396e-99
vpass#branch                      -8.87687e-97
vlogic#branch                           -9e-12
vbat#branch                        1.28228e-53

 Reference value :  2.61417e-03
 Reference value :  1.04082e-02
 Reference value :  1.86822e-02
 Reference value :  2.59702e-02
 Reference value :  3.41445e-02
 Reference value :  4.04458e-02
 Reference value :  4.66018e-02
 Reference value :  5.10178e-02
 Reference value :  5.69258e-02
 Reference value :  5.98638e-02
 Reference value :  6.15818e-02
 Reference value :  6.53198e-02
 Reference value :  7.12018e-02
 Reference value :  7.67478e-02
 Reference value :  8.26578e-02
 Reference value :  8.70573e-02
 Reference value :  9.27802e-02
 Reference value :  9.87770e-02
 Reference value :  1.03919e-01
 Reference value :  1.09177e-01
 Reference value :  1.14567e-01
 Reference value :  1.20351e-01
 Reference value :  1.26087e-01
 Reference value :  1.31409e-01
 Reference value :  1.36963e-01
 Reference value :  1.42729e-01
 Reference value :  1.48437e-01
 Reference value :  1.53709e-01
 Reference value :  1.59119e-01
 Reference value :  1.64881e-01
 Reference value :  1.70713e-01
 Reference value :  1.75927e-01
 Reference value :  1.80999e-01
 Reference value :  1.86723e-01
 Reference value :  1.92419e-01
 Reference value :  1.97787e-01
 Reference value :  2.02985e-01
 Reference value :  2.08475e-01
 Reference value :  2.14225e-01
 Reference value :  2.19531e-01
 Reference value :  2.24419e-01
 Reference value :  2.30121e-01
 Reference value :  2.35751e-01
 Reference value :  2.41081e-01
 Reference value :  2.46379e-01
 Reference value :  2.52107e-01
 Reference value :  2.57933e-01
 Reference value :  2.63331e-01
 Reference value :  2.68359e-01
 Reference value :  2.74115e-01
 Reference value :  2.79869e-01
 Reference value :  2.85235e-01
 Reference value :  2.90127e-01
 Reference value :  2.95795e-01
 Reference value :  3.01465e-01
 Reference value :  3.06901e-01
 Reference value :  3.11991e-01
 Reference value :  3.17601e-01
 Reference value :  3.23425e-01
 Reference value :  3.28333e-01
 Reference value :  3.33593e-01
 Reference value :  3.39399e-01
 Reference value :  3.45277e-01
 Reference value :  3.50835e-01
 Reference value :  3.56203e-01
 Reference value :  3.61853e-01
 Reference value :  3.67733e-01
 Reference value :  3.73485e-01
 Reference value :  3.78927e-01
 Reference value :  3.84489e-01
 Reference value :  3.90397e-01
 Reference value :  3.96083e-01
 Reference value :  4.01441e-01
 Reference value :  4.07075e-01
 Reference value :  4.12721e-01
 Reference value :  4.16603e-01
 Reference value :  4.21251e-01
 Reference value :  4.26651e-01
 Reference value :  4.32581e-01
 Reference value :  4.38433e-01
 Reference value :  4.43789e-01
 Reference value :  4.49171e-01
 Reference value :  4.54990e-01
 Reference value :  4.60717e-01
 Reference value :  4.66039e-01
 Reference value :  4.70441e-01
 Reference value :  4.75757e-01
 Reference value :  4.81645e-01
 Reference value :  4.87101e-01
 Reference value :  4.92369e-01
 Reference value :  4.98115e-01
 Reference value :  5.03899e-01
 Reference value :  5.09297e-01
 Reference value :  5.14679e-01
 Reference value :  5.20577e-01
 Reference value :  5.26365e-01
 Reference value :  5.31845e-01
 Reference value :  5.37171e-01
 Reference value :  5.43155e-01
 Reference value :  5.48957e-01
 Reference value :  5.54013e-01
 Reference value :  5.58753e-01
 Reference value :  5.64671e-01
 Reference value :  5.70467e-01
 Reference value :  5.76093e-01
 Reference value :  5.81277e-01
 Reference value :  5.87269e-01
 Reference value :  5.93153e-01
 Reference value :  5.98757e-01
No. of Data Rows : 300520
I32_FINISHED
ngspice-42 done
