Using SPARSE 1.3 as Direct Linear Solver
Note: Starting dynamic gmin stepping
Warning: Dynamic gmin stepping failed
Note: Starting true gmin stepping
Warning: True gmin stepping failed
Note: Starting source stepping
Warning: singular matrix:  check node bulk_enabled

Warning: singular matrix:  check node bulk_enabled

Warning: source stepping failed
Note: Transient op started
Note: Transient op finished successfully

Note: No compatibility mode selected!


Circuit: i32 exploratory network alternative; not manufacturer u151 model

Doing analysis at TEMP = 27.000000 and TNOM = 27.000000


Initial Transient Solution
--------------------------

Node                                   Voltage
----                                   -------
bat                                          0
cable_r                            2.04317e-55
raw_12v                            2.93913e-52
fused_12v                          2.94015e-52
rev_blocked_12v                    5.61863e-42
protect_ctrl_vin                   -4.2118e-42
protected_12v                      4.97608e-42
input_uv                           3.72664e-43
input_ov                           1.40466e-43
input_shdn                         -4.2118e-42
one                                          1
uv_ok                                    1e-09
ov_bad                                   1e-09
pvalid                                       0
ptimer                                       0
allow                                        0
allow_d                                      0
input_gate_drive                  -2.78382e-35
input_gate                        -2.78382e-35
input_gate_slew                   -2.78384e-35
qsrc                               4.97644e-42
buck_feed                          4.97593e-42
vin5                               4.96142e-42
en5                                1.02691e-42
on5                                      1e-09
xu121.age                                    0
xu121.active                                 0
xu121.ref                                    0
xu121.neg                                    0
xu121.req                         -3.16174e-41
fb5                                9.88044e-43
xu121.integral                               0
xu121.cmd                                    0
xu121.command                                0
xu121.drive                                  0
source5                            6.04801e-46
xu121.active_f                               0
xu121.sense                       -6.21526e-40
sw5                               -6.21526e-40
winding5                           8.36095e-43
c127r                              7.44764e-45
c128r                              7.44764e-45
ripple5                            9.88116e-43
rail5                             -6.85572e-45
feediso                           -6.87263e-45
good5                                    1e-09
iso_en_pin                        -1.20276e-45
gooddelay                           6.6967e-11
ageiso                                       0
switchon                                     0
slewiso                                      0
feedpass                          -6.87263e-45
vin                                2.58286e-92
snsiso                             3.51858e-93
localgood                                1e-09
snsfiltered                        7.50022e-10
snsprev                            7.09797e-10
snsevent                                     0
restartage                               1e-05
pgwant                                       0
pgdelay                                      0
en151                             -6.97759e-45
actual_en151                      -3.39981e-45
enable_ctrl                              1e-09
c151_esr                           7.51194e-97
enable                                   1e-09
xu151.age                                    0
xu151.active                                 0
xu151.ref                                    0
xu151.neg                                    0
xu151.req                          1.42474e-92
fb                                  -9.894e-94
xu151.integral                               0
xu151.cmd                                    0
xu151.command                                0
xu151.drive                                  0
source                            -3.30126e-93
xu151.active_f                               0
xu151.sense                       -4.02982e-93
sw                                -4.02982e-93
winding                           -3.30959e-93
c155_esr                          -2.32529e-97
c156_esr                          -2.32529e-97
c157_esr                          -2.32529e-97
c158_esr                          -1.32021e-99
main                              -3.30078e-93
c201_esr                           9.90524e-99
c204_esr                           9.90524e-99
c202_esr                          4.06184e-101
c205_esr                          4.06184e-101
c301_esr                          4.06184e-101
c302_esr                          4.11087e-100
c404_esr                          4.06184e-101
c531_esr                          4.06184e-101
branch_sense                      -3.30078e-93
branch_l                          -3.30078e-93
branch_r                          -3.30078e-93
bulksw_out                                   0
damped                                       0
c206_esr                                     0
main_feed                         -3.30124e-93
main_l                            -3.30107e-93
requested                                 0.45
valid                                    1e-09
timer                                        0
ready                                        0
reset_ctl                                    1
reset_raw                         -1.15817e-94
en                                -4.05359e-94
disg                               2.43083e-92
disfeed                           -3.30126e-93
disdrain                          -3.30127e-93
hold_l                             2.58459e-92
hold_bus                           2.58422e-92
c162                               2.58494e-92
bulk_en_in                        -3.30078e-93
bulk_en_pin                       -8.23136e-94
bulk_want                                1e-09
bulk_enabled                        6.6967e-11
bulk_age                                     0
bulk_slew                                    0
bulk_feed                         -3.30078e-93
bulk_localcap                     -3.30078e-93
bbulk_slew#branch                            0
breset#branch                                0
bready#branch                                0
v.xu151.vsense#branch             8.05965e-105
b.xu151.bdrive#branch            -4.02982e-105
b.xu151.bcmd#branch                          0
b.xu151.breq#branch                          0
b.xu151.bneg#branch                          0
b.xu151.bref#branch                          0
b.xu151.bactive#branch                       0
bpgwant#branch                               0
bswitchon#branch                             0
bsnsevent#branch                             0
bvslew#branch                                0
v.xu121.vsense#branch              1.24305e-51
b.xu121.bdrive#branch             -6.21526e-52
b.xu121.bcmd#branch                          0
b.xu121.breq#branch                          0
b.xu121.bneg#branch                          0
b.xu121.bref#branch                          0
b.xu121.bactive#branch                       0
ballow#branch                                0
bpvalid#branch                               0
lhold#branch                      -2.89233e-94
lmainfeed#branch                  -2.32582e-96
lbranch#branch                     4.51705e-98
l151#branch                       -7.24124e-95
l121#branch                        2.99605e-42
lcable#branch                     -2.04317e-54
vbulkpass#branch                             0
vr165#branch                      1.85658e-100
vload#branch                                 0
vr158#branch                       4.51705e-98
vpass#branch                      -2.58286e-96
vlogic#branch                           -9e-12
vbat#branch                        2.04317e-54

 Reference value :  8.50217e-03
 Reference value :  1.99982e-02
 Reference value :  3.12002e-02
 Reference value :  3.98674e-02
 Reference value :  4.91500e-02
 Reference value :  5.89560e-02
 Reference value :  6.76800e-02
 Reference value :  7.73160e-02
 Reference value :  8.73627e-02
 Reference value :  9.73391e-02
 Reference value :  1.06312e-01
 Reference value :  1.14878e-01
 Reference value :  1.23916e-01
 Reference value :  1.32902e-01
 Reference value :  1.42012e-01
 Reference value :  1.51130e-01
 Reference value :  1.59398e-01
 Reference value :  1.68324e-01
 Reference value :  1.77282e-01
 Reference value :  1.86048e-01
 Reference value :  1.95250e-01
 Reference value :  2.04456e-01
 Reference value :  2.13380e-01
 Reference value :  2.22458e-01
 Reference value :  2.31818e-01
 Reference value :  2.40952e-01
 Reference value :  2.49818e-01
 Reference value :  2.58482e-01
 Reference value :  2.67326e-01
 Reference value :  2.75738e-01
 Reference value :  2.82820e-01
 Reference value :  2.89384e-01
 Reference value :  2.96898e-01
 Reference value :  3.06088e-01
 Reference value :  3.15150e-01
 Reference value :  3.24392e-01
 Reference value :  3.33424e-01
 Reference value :  3.42568e-01
 Reference value :  3.51676e-01
 Reference value :  3.60802e-01
 Reference value :  3.69936e-01
 Reference value :  3.78912e-01
 Reference value :  3.87860e-01
 Reference value :  3.96810e-01
 Reference value :  4.04790e-01
 Reference value :  4.13836e-01
 Reference value :  4.21988e-01
 Reference value :  4.30064e-01
 Reference value :  4.38858e-01
 Reference value :  4.47832e-01
 Reference value :  4.57020e-01
 Reference value :  4.66168e-01
 Reference value :  4.75384e-01
 Reference value :  4.84264e-01
 Reference value :  4.93418e-01
 Reference value :  5.02680e-01
 Reference value :  5.11712e-01
 Reference value :  5.19988e-01
 Reference value :  5.29126e-01
 Reference value :  5.38094e-01
 Reference value :  5.47220e-01
 Reference value :  5.56228e-01
 Reference value :  5.65240e-01
 Reference value :  5.74290e-01
 Reference value :  5.83370e-01
 Reference value :  5.92246e-01
No. of Data Rows : 300455
I32_FINISHED
ngspice-42 done
