Using SPARSE 1.3 as Direct Linear Solver
Note: Starting dynamic gmin stepping
Warning: Dynamic gmin stepping failed
Note: Starting true gmin stepping
Warning: True gmin stepping failed
Note: Starting source stepping
Warning: singular matrix:  check node bulk_enabled

Warning: singular matrix:  check node bulk_enabled

Warning: source stepping failed
Note: Transient op started
Note: Transient op finished successfully

Note: No compatibility mode selected!


Circuit: i32 exploratory network alternative; not manufacturer u151 model

Doing analysis at TEMP = 27.000000 and TNOM = 27.000000


Initial Transient Solution
--------------------------

Node                                   Voltage
----                                   -------
bat                                          0
cable_r                            2.04252e-55
raw_12v                            2.94172e-52
fused_12v                          2.94274e-52
rev_blocked_12v                    5.62186e-42
protect_ctrl_vin                  -4.21613e-42
protected_12v                      4.97996e-42
input_uv                           3.72879e-43
input_ov                           1.40547e-43
input_shdn                        -4.21613e-42
one                                          1
uv_ok                                    1e-09
ov_bad                                   1e-09
pvalid                                       0
ptimer                                       0
allow                                        0
allow_d                                      0
input_gate_drive                  -2.78596e-35
input_gate                        -2.78596e-35
input_gate_slew                   -2.78597e-35
qsrc                               4.98032e-42
buck_feed                          4.97981e-42
vin5                               4.96528e-42
en5                                1.02771e-42
on5                                      1e-09
xu121.age                                    0
xu121.active                                 0
xu121.ref                                    0
xu121.neg                                    0
xu121.req                         -3.16987e-41
fb5                                9.90586e-43
xu121.integral                               0
xu121.cmd                                    0
xu121.command                                0
xu121.drive                                  0
source5                            2.15334e-45
xu121.active_f                               0
xu121.sense                       -6.21929e-40
sw5                               -6.21929e-40
winding5                            8.3837e-43
c127r                              7.44353e-45
c128r                              7.44353e-45
ripple5                            9.90528e-43
rail5                             -5.32427e-45
feediso                            -5.3581e-45
good5                                    1e-09
iso_en_pin                        -9.31928e-46
gooddelay                           6.6967e-11
ageiso                                       0
switchon                                     0
slewiso                                      0
feedpass                           -5.3581e-45
vin                               -1.56559e-92
snsiso                             -2.1278e-93
localgood                                1e-09
snsfiltered                        7.50022e-10
snsprev                            7.09797e-10
snsevent                                     0
restartage                               1e-05
pgwant                                       0
pgdelay                                      0
en151                             -6.26501e-45
actual_en151                      -3.57187e-45
enable_ctrl                              1e-09
c151_esr                          -3.16385e-98
enable                                   1e-09
xu151.age                                    0
xu151.active                                 0
xu151.ref                                    0
xu151.neg                                    0
xu151.req                          -8.5347e-93
fb                                 5.92688e-94
xu151.integral                               0
xu151.cmd                                    0
xu151.command                                0
xu151.drive                                  0
source                             1.98146e-93
xu151.active_f                               0
xu151.sense                        6.72833e-94
sw                                 6.72833e-94
winding                            1.98217e-93
c155_esr                          -7.25985e-97
c156_esr                          -7.25985e-97
c157_esr                          -7.25985e-97
c158_esr                          -2.89974e-99
main                               1.96098e-93
c201_esr                           -5.0351e-97
c204_esr                           -5.0351e-97
c202_esr                          -1.78665e-99
c205_esr                          -1.78665e-99
c301_esr                          -1.78665e-99
c302_esr                          -1.78714e-98
c404_esr                          -1.78665e-99
c531_esr                          -1.78665e-99
branch_sense                       1.96098e-93
branch_l                           1.96121e-93
branch_r                           1.96112e-93
bulksw_out                                   0
damped                                       0
c206_esr                                     0
main_feed                          1.97922e-93
main_l                             1.96242e-93
requested                                 0.45
valid                                    1e-09
timer                                        0
ready                                        0
reset_ctl                                    1
reset_raw                           6.8808e-95
en                                 2.40828e-94
disg                               -1.5656e-92
disfeed                            1.98146e-93
disdrain                           1.98146e-93
hold_l                             -1.5656e-92
hold_bus                           -1.5656e-92
c162                              -1.56562e-92
bulk_en_in                         1.96098e-93
bulk_en_pin                         4.8796e-94
bulk_want                                1e-09
bulk_enabled                        6.6967e-11
bulk_age                                     0
bulk_slew                                    0
bulk_feed                          1.96112e-93
bulk_localcap                      1.96114e-93
bbulk_slew#branch                            0
breset#branch                                0
bready#branch                                0
v.xu151.vsense#branch            -1.34566e-105
b.xu151.bdrive#branch             6.72833e-106
b.xu151.bcmd#branch                          0
b.xu151.breq#branch                          0
b.xu151.bneg#branch                          0
b.xu151.bref#branch                          0
b.xu151.bactive#branch                       0
bpgwant#branch                               0
bswitchon#branch                             0
bsnsevent#branch                             0
bvslew#branch                                0
v.xu121.vsense#branch              1.24386e-51
b.xu121.bdrive#branch             -6.21929e-52
b.xu121.bcmd#branch                          0
b.xu121.breq#branch                          0
b.xu121.bneg#branch                          0
b.xu121.bref#branch                          0
b.xu121.bactive#branch                       0
ballow#branch                                0
bpvalid#branch                               0
lhold#branch                       2.04769e-96
lmainfeed#branch                   2.24103e-94
lbranch#branch                    -2.06491e-96
l151#branch                        6.13516e-96
l121#branch                        2.99866e-42
lcable#branch                     -2.04252e-54
vbulkpass#branch                             0
vr165#branch                     -4.98498e-101
vload#branch                                 0
vr158#branch                      -2.06491e-96
vpass#branch                                 0
vlogic#branch                           -9e-12
vbat#branch                        2.04252e-54

 Reference value :  9.29017e-03
 Reference value :  2.07762e-02
 Reference value :  3.21502e-02
 Reference value :  4.23014e-02
 Reference value :  5.25874e-02
 Reference value :  6.26214e-02
 Reference value :  7.28314e-02
 Reference value :  8.25842e-02
 Reference value :  9.00096e-02
 Reference value :  9.71536e-02
 Reference value :  1.06296e-01
 Reference value :  1.13730e-01
 Reference value :  1.22926e-01
 Reference value :  1.31848e-01
 Reference value :  1.36750e-01
 Reference value :  1.45782e-01
 Reference value :  1.55022e-01
 Reference value :  1.64084e-01
 Reference value :  1.73174e-01
 Reference value :  1.81808e-01
 Reference value :  1.89554e-01
 Reference value :  1.98662e-01
 Reference value :  2.07146e-01
 Reference value :  2.15146e-01
 Reference value :  2.23074e-01
 Reference value :  2.32296e-01
 Reference value :  2.41608e-01
 Reference value :  2.50808e-01
 Reference value :  2.60114e-01
 Reference value :  2.69289e-01
 Reference value :  2.78303e-01
 Reference value :  2.86289e-01
 Reference value :  2.94707e-01
 Reference value :  3.03993e-01
 Reference value :  3.11305e-01
 Reference value :  3.20131e-01
 Reference value :  3.29113e-01
 Reference value :  3.36315e-01
 Reference value :  3.45319e-01
 Reference value :  3.54303e-01
 Reference value :  3.63369e-01
 Reference value :  3.72535e-01
 Reference value :  3.81363e-01
 Reference value :  3.89867e-01
 Reference value :  3.98771e-01
 Reference value :  4.07741e-01
 Reference value :  4.16339e-01
 Reference value :  4.25205e-01
 Reference value :  4.33965e-01
 Reference value :  4.43009e-01
 Reference value :  4.51953e-01
 Reference value :  4.60431e-01
 Reference value :  4.69477e-01
 Reference value :  4.78571e-01
 Reference value :  4.87693e-01
 Reference value :  4.96033e-01
 Reference value :  5.03733e-01
 Reference value :  5.12867e-01
 Reference value :  5.22023e-01
 Reference value :  5.31067e-01
 Reference value :  5.40215e-01
 Reference value :  5.48875e-01
 Reference value :  5.57955e-01
 Reference value :  5.66903e-01
 Reference value :  5.76107e-01
 Reference value :  5.85329e-01
 Reference value :  5.94193e-01
No. of Data Rows : 300375
I32_FINISHED
ngspice-42 done
