Using SPARSE 1.3 as Direct Linear Solver
Note: Starting dynamic gmin stepping
Warning: Dynamic gmin stepping failed
Note: Starting true gmin stepping
Warning: True gmin stepping failed
Note: Starting source stepping
Warning: singular matrix:  check node bulk_enabled

Warning: singular matrix:  check node bulk_enabled

Warning: source stepping failed
Note: Transient op started
Note: Transient op finished successfully

Note: No compatibility mode selected!


Circuit: i32 exploratory network alternative; not manufacturer u151 model

Doing analysis at TEMP = 27.000000 and TNOM = 27.000000


Initial Transient Solution
--------------------------

Node                                   Voltage
----                                   -------
bat                                          0
cable_r                            1.96146e-55
raw_12v                            2.97988e-52
fused_12v                          2.98086e-52
rev_blocked_12v                    5.59132e-42
protect_ctrl_vin                  -4.19297e-42
protected_12v                      4.95277e-42
input_uv                           3.70853e-43
input_ov                           1.39783e-43
input_shdn                        -4.19297e-42
one                                          1
uv_ok                                    1e-09
ov_bad                                   1e-09
pvalid                                       0
ptimer                                       0
allow                                        0
allow_d                                      0
input_gate_drive                  -2.77075e-35
input_gate                        -2.77075e-35
input_gate_slew                   -2.77076e-35
qsrc                               4.95312e-42
buck_feed                          4.95261e-42
vin5                               4.93798e-42
en5                                1.02206e-42
on5                                      1e-09
xu121.age                                    0
xu121.active                                 0
xu121.ref                                    0
xu121.neg                                    0
xu121.req                          -3.1653e-41
fb5                                9.89157e-43
xu121.integral                               0
xu121.cmd                                    0
xu121.command                                0
xu121.drive                                  0
source5                             2.2164e-45
xu121.active_f                               0
xu121.sense                       -6.28602e-40
sw5                               -6.28602e-40
winding5                           4.54706e-43
c127r                              7.43356e-45
c128r                              7.43356e-45
ripple5                            9.89205e-43
rail5                             -5.25129e-45
feediso                           -5.28508e-45
good5                                    1e-09
iso_en_pin                        -9.17486e-46
gooddelay                           6.6967e-11
ageiso                                       0
switchon                                     0
slewiso                                      0
feedpass                          -5.28508e-45
vin                               -1.03236e-92
snsiso                            -1.39945e-93
localgood                                1e-09
snsfiltered                        7.50022e-10
snsprev                            7.09797e-10
snsevent                                     0
restartage                               1e-05
pgwant                                       0
pgdelay                                      0
en151                             -6.23515e-45
actual_en151                      -3.55485e-45
enable_ctrl                              1e-09
c151_esr                          -2.08267e-98
enable                                   1e-09
xu151.age                                    0
xu151.active                                 0
xu151.ref                                    0
xu151.neg                                    0
xu151.req                         -5.61113e-93
fb                                 3.89662e-94
xu151.integral                               0
xu151.cmd                                    0
xu151.command                                0
xu151.drive                                  0
source                             1.30463e-93
xu151.active_f                               0
xu151.sense                        4.42941e-94
sw                                 4.42941e-94
winding                            1.30509e-93
c155_esr                          -4.78002e-97
c156_esr                          -4.78002e-97
c157_esr                          -4.78002e-97
c158_esr                          -1.90926e-99
main                               1.29114e-93
c201_esr                          -3.31518e-97
c204_esr                          -3.31518e-97
c202_esr                          -1.17635e-99
c205_esr                          -1.17635e-99
c301_esr                          -1.17635e-99
c302_esr                          -1.17668e-98
c404_esr                          -1.17635e-99
c531_esr                          -1.17635e-99
branch_sense                       1.29114e-93
branch_l                           1.29129e-93
branch_r                           1.29123e-93
bulksw_out                                   0
damped                                       0
c206_esr                                     0
main_feed                          1.30315e-93
main_l                             1.29208e-93
requested                                 0.45
valid                                    1e-09
timer                                        0
ready                                        0
reset_ctl                                    1
reset_raw                          4.53043e-95
en                                 1.58565e-94
disg                              -1.03236e-92
disfeed                            1.30463e-93
disdrain                           1.30463e-93
hold_l                            -1.03236e-92
hold_bus                          -1.03236e-92
c162                              -1.03237e-92
bulk_en_in                         1.29114e-93
bulk_en_pin                        3.20629e-94
bulk_want                                1e-09
bulk_enabled                        6.6967e-11
bulk_age                                     0
bulk_slew                                    0
bulk_feed                          1.29123e-93
bulk_localcap                      1.29124e-93
bbulk_slew#branch                            0
breset#branch                                0
bready#branch                                0
v.xu151.vsense#branch            -8.85885e-106
b.xu151.bdrive#branch             4.42941e-106
b.xu151.bcmd#branch                          0
b.xu151.breq#branch                          0
b.xu151.bneg#branch                          0
b.xu151.bref#branch                          0
b.xu151.bactive#branch                       0
bpgwant#branch                               0
bswitchon#branch                             0
bsnsevent#branch                             0
bvslew#branch                                0
v.xu121.vsense#branch               1.2572e-51
b.xu121.bdrive#branch             -6.28602e-52
b.xu121.bcmd#branch                          0
b.xu121.breq#branch                          0
b.xu121.bneg#branch                          0
b.xu121.bref#branch                          0
b.xu121.bactive#branch                       0
ballow#branch                                0
bpvalid#branch                               0
lhold#branch                       1.34825e-96
lmainfeed#branch                   1.47553e-94
lbranch#branch                    -1.35957e-96
l151#branch                        4.03856e-96
l121#branch                        2.99483e-42
lcable#branch                     -1.96146e-54
vbulkpass#branch                             0
vr165#branch                     -3.28204e-101
vload#branch                                 0
vr158#branch                      -1.35957e-96
vpass#branch                                 0
vlogic#branch                           -9e-12
vbat#branch                        1.96146e-54

 Reference value :  5.53217e-03
 Reference value :  1.18982e-02
 Reference value :  1.62442e-02
 Reference value :  1.98622e-02
 Reference value :  2.39142e-02
 Reference value :  2.81702e-02
 Reference value :  3.00622e-02
 Reference value :  3.28602e-02
 Reference value :  3.61531e-02
 Reference value :  3.99838e-02
 Reference value :  4.33660e-02
 Reference value :  4.69800e-02
 Reference value :  5.06580e-02
 Reference value :  5.42700e-02
 Reference value :  5.77820e-02
 Reference value :  6.11760e-02
 Reference value :  6.44580e-02
 Reference value :  6.78580e-02
 Reference value :  7.09800e-02
 Reference value :  7.46380e-02
 Reference value :  7.78935e-02
 Reference value :  8.23035e-02
 Reference value :  8.72408e-02
 Reference value :  9.29248e-02
 Reference value :  9.86448e-02
 Reference value :  1.04495e-01
 Reference value :  1.09739e-01
 Reference value :  1.15469e-01
 Reference value :  1.21259e-01
 Reference value :  1.26639e-01
 Reference value :  1.32135e-01
 Reference value :  1.37571e-01
 Reference value :  1.43173e-01
 Reference value :  1.48975e-01
 Reference value :  1.54527e-01
 Reference value :  1.60087e-01
 Reference value :  1.65637e-01
 Reference value :  1.71477e-01
 Reference value :  1.77011e-01
 Reference value :  1.82455e-01
 Reference value :  1.87649e-01
 Reference value :  1.93403e-01
 Reference value :  1.99027e-01
 Reference value :  2.04109e-01
 Reference value :  2.09527e-01
 Reference value :  2.15317e-01
 Reference value :  2.21077e-01
 Reference value :  2.26383e-01
 Reference value :  2.31929e-01
 Reference value :  2.37497e-01
 Reference value :  2.43279e-01
 Reference value :  2.48235e-01
 Reference value :  2.53723e-01
 Reference value :  2.59467e-01
 Reference value :  2.65119e-01
 Reference value :  2.70266e-01
 Reference value :  2.75834e-01
 Reference value :  2.81558e-01
 Reference value :  2.87310e-01
 Reference value :  2.92126e-01
 Reference value :  2.97666e-01
 Reference value :  3.03344e-01
 Reference value :  3.08682e-01
 Reference value :  3.13776e-01
 Reference value :  3.19290e-01
 Reference value :  3.24960e-01
 Reference value :  3.30648e-01
 Reference value :  3.35470e-01
 Reference value :  3.41016e-01
 Reference value :  3.47138e-01
 Reference value :  3.52720e-01
 Reference value :  3.58042e-01
 Reference value :  3.64130e-01
 Reference value :  3.70116e-01
 Reference value :  3.76232e-01
 Reference value :  3.81824e-01
 Reference value :  3.87278e-01
 Reference value :  3.92326e-01
 Reference value :  3.97516e-01
 Reference value :  4.02980e-01
 Reference value :  4.09104e-01
 Reference value :  4.12802e-01
 Reference value :  4.14994e-01
 Reference value :  4.17158e-01
 Reference value :  4.21552e-01
 Reference value :  4.23852e-01
 Reference value :  4.29518e-01
 Reference value :  4.35002e-01
 Reference value :  4.40904e-01
 Reference value :  4.46812e-01
 Reference value :  4.52062e-01
 Reference value :  4.55080e-01
 Reference value :  4.58308e-01
 Reference value :  4.61506e-01
 Reference value :  4.64664e-01
 Reference value :  4.67822e-01
 Reference value :  4.71076e-01
 Reference value :  4.74198e-01
 Reference value :  4.77458e-01
 Reference value :  4.80520e-01
 Reference value :  4.82744e-01
 Reference value :  4.85658e-01
 Reference value :  4.88560e-01
 Reference value :  4.91648e-01
 Reference value :  4.94948e-01
 Reference value :  4.98024e-01
 Reference value :  5.01184e-01
 Reference value :  5.04296e-01
 Reference value :  5.08554e-01
 Reference value :  5.13876e-01
 Reference value :  5.19510e-01
 Reference value :  5.25302e-01
 Reference value :  5.31344e-01
 Reference value :  5.37350e-01
 Reference value :  5.43426e-01
 Reference value :  5.49168e-01
 Reference value :  5.55082e-01
 Reference value :  5.60914e-01
 Reference value :  5.66444e-01
 Reference value :  5.71916e-01
 Reference value :  5.77026e-01
 Reference value :  5.82618e-01
 Reference value :  5.88440e-01
 Reference value :  5.94206e-01
No. of Data Rows : 300313
I32_FINISHED
ngspice-42 done
