Using SPARSE 1.3 as Direct Linear Solver
Note: Starting dynamic gmin stepping
Warning: Dynamic gmin stepping failed
Note: Starting true gmin stepping
Warning: True gmin stepping failed
Note: Starting source stepping
Warning: singular matrix:  check node snsprev

Warning: singular matrix:  check node snsprev

Warning: source stepping failed
Note: Transient op started
Note: Transient op finished successfully

Note: No compatibility mode selected!


Circuit: i32 exploratory network alternative; not manufacturer u151 model

Doing analysis at TEMP = 27.000000 and TNOM = 27.000000


Initial Transient Solution
--------------------------

Node                                   Voltage
----                                   -------
bat                                          0
cable_r                            1.28698e-54
raw_12v                           -2.40775e-52
fused_12v                         -2.40131e-52
rev_blocked_12v                    5.60242e-42
protect_ctrl_vin                  -4.20197e-42
protected_12v                      4.96273e-42
input_uv                           3.71589e-43
input_ov                           1.40061e-43
input_shdn                        -4.20196e-42
one                                          1
uv_ok                                    1e-09
ov_bad                                   1e-09
pvalid                                       0
ptimer                                       0
allow                                        0
allow_d                                      0
input_gate_drive                  -2.77654e-35
input_gate                        -2.77654e-35
input_gate_slew                   -2.77655e-35
qsrc                               4.96308e-42
buck_feed                          4.96275e-42
vin5                               4.96509e-42
en5                                1.02767e-42
on5                                      1e-09
xu121.age                                    0
xu121.active                                 0
xu121.ref                                    0
xu121.neg                                    0
xu121.req                         -6.22552e-42
fb5                                1.94548e-43
xu121.integral                               0
xu121.cmd                                    0
xu121.command                                0
xu121.drive                                  0
source5                            -6.1214e-45
xu121.active_f                               0
xu121.sense                       -1.87447e-40
sw5                               -1.87447e-40
winding5                           2.00849e-43
c127r                              1.84297e-45
c128r                              1.84297e-45
ripple5                            1.89593e-43
rail5                             -7.96766e-45
feediso                           -7.97185e-45
good5                                    1e-09
iso_en_pin                        -1.39783e-45
gooddelay                           6.6967e-11
ageiso                                       0
switchon                                     0
slewiso                                      0
feedpass                          -7.97185e-45
vin                               -1.01282e-92
snsiso                            -1.37987e-93
localgood                                1e-09
snsfiltered                        7.50022e-10
snsprev                            7.09797e-10
snsevent                                     0
restartage                               1e-05
pgwant                                       0
pgdelay                                      0
en151                             -6.98708e-45
actual_en151                      -3.62217e-45
enable_ctrl                              1e-09
c151_esr                          -5.87295e-97
enable                                   1e-09
xu151.age                                    0
xu151.active                                 0
xu151.ref                                    0
xu151.neg                                    0
xu151.req                          -2.7825e-93
fb                                 3.86458e-94
xu151.integral                               0
xu151.cmd                                    0
xu151.command                                0
xu151.drive                                  0
source                               1.292e-93
xu151.active_f                               0
xu151.sense                       -5.56925e-92
sw                                -5.56925e-92
winding                            1.30492e-93
c155_esr                            3.5547e-97
c156_esr                            3.5547e-97
c157_esr                            3.5547e-97
c158_esr                          -6.91326e-99
main                               1.29081e-93
c201_esr                          -2.29921e-98
c204_esr                          -2.29921e-98
c202_esr                         -1.98549e-100
c205_esr                         -1.98549e-100
c301_esr                         -1.98549e-100
c302_esr                          -1.99106e-99
c404_esr                         -1.98549e-100
c531_esr                         -1.98549e-100
branch_sense                       1.29081e-93
branch_l                           1.29082e-93
branch_r                           1.29082e-93
bulksw_out                                   0
damped                                       0
c206_esr                                     0
main_feed                          1.29194e-93
main_l                             1.29146e-93
requested                                 0.45
ready                                        0
valid                                    1e-09
timer                                        0
reset_ctl                                    1
reset_raw                          4.52918e-95
en                                 1.58521e-94
disg                              -1.01273e-92
disfeed                              1.292e-93
disdrain                           1.29201e-93
hold_l                            -1.01283e-92
hold_bus                          -1.01274e-92
c162                              -1.01274e-92
bulk_en_in                         1.29081e-93
bulk_en_pin                        3.21874e-94
bulk_want                                1e-09
bulk_enabled                        6.6967e-11
bulk_age                                     0
bulk_slew                                    0
bulk_feed                          1.29082e-93
bulk_localcap                      1.29083e-93
bbulk_slew#branch                            0
breset#branch                                0
bready#branch                                0
v.xu151.vsense#branch             1.11385e-103
b.xu151.bdrive#branch            -5.56925e-104
b.xu151.bcmd#branch                          0
b.xu151.breq#branch                          0
b.xu151.bneg#branch                          0
b.xu151.bref#branch                          0
b.xu151.bactive#branch                       0
bpgwant#branch                               0
bswitchon#branch                             0
bsnsevent#branch                             0
bvslew#branch                                0
v.xu121.vsense#branch              3.74893e-52
b.xu121.bdrive#branch             -1.87447e-52
b.xu121.bcmd#branch                          0
b.xu121.breq#branch                          0
b.xu121.bneg#branch                          0
b.xu121.bref#branch                          0
b.xu121.bactive#branch                       0
ballow#branch                                0
bpvalid#branch                               0
lhold#branch                         1.311e-96
lmainfeed#branch                   6.35596e-96
lbranch#branch                    -9.92981e-98
l151#branch                        1.12381e-94
l121#branch                        7.42192e-43
lcable#branch                     -1.28698e-53
vbulkpass#branch                             0
vr165#branch                      -1.42309e-99
vload#branch                                 0
vr158#branch                      -9.92981e-98
vpass#branch                                 0
vlogic#branch                           -9e-12
vbat#branch                        1.28698e-53

 Reference value :  4.57675e-03
 Reference value :  8.82775e-03
 Reference value :  1.40248e-02
 Reference value :  1.94658e-02
 Reference value :  2.48368e-02
 Reference value :  2.90558e-02
 Reference value :  3.39499e-02
 Reference value :  3.78894e-02
 Reference value :  4.13227e-02
 Reference value :  4.59557e-02
 Reference value :  5.07907e-02
 Reference value :  5.53837e-02
 Reference value :  6.00357e-02
 Reference value :  6.47157e-02
 Reference value :  6.93427e-02
 Reference value :  7.40157e-02
 Reference value :  7.88737e-02
 Reference value :  8.36362e-02
 Reference value :  8.83142e-02
 Reference value :  9.27712e-02
 Reference value :  9.76225e-02
 Reference value :  1.01996e-01
 Reference value :  1.06479e-01
 Reference value :  1.11045e-01
 Reference value :  1.15562e-01
 Reference value :  1.20015e-01
 Reference value :  1.24419e-01
 Reference value :  1.28909e-01
 Reference value :  1.33407e-01
 Reference value :  1.37880e-01
 Reference value :  1.42310e-01
 Reference value :  1.46816e-01
 Reference value :  1.51335e-01
 Reference value :  1.55843e-01
 Reference value :  1.60305e-01
 Reference value :  1.64829e-01
 Reference value :  1.69371e-01
 Reference value :  1.73794e-01
 Reference value :  1.77692e-01
 Reference value :  1.81842e-01
 Reference value :  1.86109e-01
 Reference value :  1.90388e-01
 Reference value :  1.94734e-01
 Reference value :  1.98874e-01
 Reference value :  2.03147e-01
 Reference value :  2.07518e-01
 Reference value :  2.11846e-01
 Reference value :  2.16157e-01
 Reference value :  2.20523e-01
 Reference value :  2.24647e-01
 Reference value :  2.28808e-01
 Reference value :  2.32094e-01
 Reference value :  2.35736e-01
 Reference value :  2.39639e-01
 Reference value :  2.44135e-01
 Reference value :  2.48528e-01
 Reference value :  2.52995e-01
 Reference value :  2.57380e-01
 Reference value :  2.61853e-01
 Reference value :  2.66263e-01
 Reference value :  2.70752e-01
 Reference value :  2.75228e-01
 Reference value :  2.79660e-01
 Reference value :  2.83687e-01
 Reference value :  2.88092e-01
 Reference value :  2.92459e-01
 Reference value :  2.96925e-01
 Reference value :  3.00958e-01
 Reference value :  3.04972e-01
 Reference value :  3.09364e-01
 Reference value :  3.13760e-01
 Reference value :  3.18118e-01
 Reference value :  3.22389e-01
 Reference value :  3.26834e-01
 Reference value :  3.30716e-01
 Reference value :  3.34912e-01
 Reference value :  3.39186e-01
 Reference value :  3.43474e-01
 Reference value :  3.47830e-01
 Reference value :  3.51377e-01
 Reference value :  3.55198e-01
 Reference value :  3.59088e-01
 Reference value :  3.63520e-01
 Reference value :  3.67932e-01
 Reference value :  3.72348e-01
 Reference value :  3.76758e-01
 Reference value :  3.81123e-01
 Reference value :  3.85463e-01
 Reference value :  3.89445e-01
 Reference value :  3.93909e-01
 Reference value :  3.98384e-01
 Reference value :  4.01804e-01
 Reference value :  4.06149e-01
 Reference value :  4.10618e-01
 Reference value :  4.15093e-01
 Reference value :  4.19485e-01
 Reference value :  4.23776e-01
 Reference value :  4.28253e-01
 Reference value :  4.32691e-01
 Reference value :  4.36332e-01
 Reference value :  4.40481e-01
 Reference value :  4.44684e-01
 Reference value :  4.49008e-01
 Reference value :  4.52806e-01
 Reference value :  4.57233e-01
 Reference value :  4.61671e-01
 Reference value :  4.66240e-01
 Reference value :  4.70029e-01
 Reference value :  4.74136e-01
 Reference value :  4.78620e-01
 Reference value :  4.83124e-01
 Reference value :  4.87378e-01
 Reference value :  4.91716e-01
 Reference value :  4.96144e-01
 Reference value :  5.00649e-01
 Reference value :  5.04787e-01
 Reference value :  5.09158e-01
 Reference value :  5.13635e-01
 Reference value :  5.18198e-01
 Reference value :  5.22516e-01
 Reference value :  5.26935e-01
 Reference value :  5.30875e-01
 Reference value :  5.35392e-01
 Reference value :  5.40032e-01
 Reference value :  5.44670e-01
 Reference value :  5.49004e-01
 Reference value :  5.53142e-01
 Reference value :  5.57568e-01
 Reference value :  5.61381e-01
 Reference value :  5.65616e-01
 Reference value :  5.70113e-01
 Reference value :  5.74543e-01
 Reference value :  5.78850e-01
 Reference value :  5.83320e-01
 Reference value :  5.87780e-01
 Reference value :  5.92179e-01
 Reference value :  5.96702e-01
No. of Data Rows : 600512
I32_FINISHED
ngspice-42 done
