Using SPARSE 1.3 as Direct Linear Solver
Note: Starting dynamic gmin stepping
Warning: Dynamic gmin stepping failed
Note: Starting true gmin stepping
Warning: True gmin stepping failed
Note: Starting source stepping
Warning: singular matrix:  check node snsprev

Warning: singular matrix:  check node snsprev

Warning: source stepping failed
Note: Transient op started
Note: Transient op finished successfully

Note: No compatibility mode selected!


Circuit: i32 exploratory network alternative; not manufacturer u151 model

Doing analysis at TEMP = 27.000000 and TNOM = 27.000000


Initial Transient Solution
--------------------------

Node                                   Voltage
----                                   -------
bat                                          0
cable_r                            2.03966e-55
raw_12v                            2.93354e-52
fused_12v                          2.93456e-52
rev_blocked_12v                    5.60651e-42
protect_ctrl_vin                  -4.20557e-42
protected_12v                      4.96687e-42
input_uv                            3.7186e-43
input_ov                           1.40163e-43
input_shdn                        -4.20556e-42
one                                          1
uv_ok                                    1e-09
ov_bad                                   1e-09
pvalid                                       0
ptimer                                       0
allow                                        0
allow_d                                      0
input_gate_drive                  -2.77862e-35
input_gate                        -2.77862e-35
input_gate_slew                   -2.77863e-35
qsrc                               4.96722e-42
buck_feed                          4.96671e-42
vin5                               4.95223e-42
en5                                  1.025e-42
on5                                      1e-09
xu121.age                                    0
xu121.active                                 0
xu121.ref                                    0
xu121.neg                                    0
xu121.req                         -3.16069e-41
fb5                                9.87717e-43
xu121.integral                               0
xu121.cmd                                    0
xu121.command                                0
xu121.drive                                  0
source5                            2.16187e-45
xu121.active_f                               0
xu121.sense                        -6.2057e-40
sw5                                -6.2057e-40
winding5                           8.35956e-43
c127r                              7.42194e-45
c128r                              7.42194e-45
ripple5                            9.87673e-43
rail5                             -5.29406e-45
feediso                            -5.3278e-45
good5                                    1e-09
iso_en_pin                        -9.30929e-46
gooddelay                           6.6967e-11
ageiso                                       0
switchon                                     0
slewiso                                      0
feedpass                           -5.3278e-45
vin                                1.08933e-92
snsiso                             1.48782e-93
localgood                                1e-09
snsfiltered                        7.50022e-10
snsprev                            7.09797e-10
snsevent                                     0
restartage                               1e-05
pgwant                                       0
pgdelay                                      0
en151                             -7.15447e-45
actual_en151                      -3.45946e-45
enable_ctrl                              1e-09
c151_esr                            1.2021e-97
enable                                   1e-09
xu151.age                                    0
xu151.active                                 0
xu151.ref                                    0
xu151.neg                                    0
xu151.req                          6.02007e-93
fb                                -4.18061e-94
xu151.integral                               0
xu151.cmd                                    0
xu151.command                                0
xu151.drive                                  0
source                            -1.39492e-93
xu151.active_f                               0
xu151.sense                       -1.70264e-93
sw                                -1.70264e-93
winding                           -1.39843e-93
c155_esr                          -9.81941e-98
c156_esr                          -9.81941e-98
c157_esr                          -9.81941e-98
c158_esr                         -4.64309e-100
main                              -1.39472e-93
c201_esr                            4.1129e-99
c204_esr                            4.1129e-99
c202_esr                          1.30549e-101
c205_esr                          1.30549e-101
c301_esr                          1.30549e-101
c302_esr                          1.32317e-100
c404_esr                          1.30549e-101
c531_esr                          1.30549e-101
branch_sense                      -1.39472e-93
branch_l                          -1.39472e-93
branch_r                          -1.39472e-93
bulksw_out                                   0
damped                                       0
c206_esr                                     0
main_feed                         -1.39491e-93
main_l                            -1.39483e-93
requested                                 0.45
ready                                        0
valid                                    1e-09
timer                                        0
reset_ctl                                    1
reset_raw                         -4.89374e-95
en                                -1.71281e-94
disg                               1.02557e-92
disfeed                           -1.39492e-93
disdrain                          -1.39492e-93
hold_l                             1.08994e-92
hold_bus                           1.08981e-92
c162                               1.09084e-92
bulk_en_in                        -1.39472e-93
bulk_en_pin                       -3.48541e-94
bulk_want                                1e-09
bulk_enabled                        6.6967e-11
bulk_age                                     0
bulk_slew                                    0
bulk_feed                         -1.39472e-93
bulk_localcap                     -1.39472e-93
bbulk_slew#branch                            0
breset#branch                                0
bready#branch                                0
v.xu151.vsense#branch             3.40528e-105
b.xu151.bdrive#branch            -1.70264e-105
b.xu151.bcmd#branch                          0
b.xu151.breq#branch                          0
b.xu151.bneg#branch                          0
b.xu151.bref#branch                          0
b.xu151.bactive#branch                       0
bpgwant#branch                               0
bswitchon#branch                             0
bsnsevent#branch                             0
bvslew#branch                                0
v.xu121.vsense#branch              1.24114e-51
b.xu121.bdrive#branch              -6.2057e-52
b.xu121.bcmd#branch                          0
b.xu121.breq#branch                          0
b.xu121.bneg#branch                          0
b.xu121.bref#branch                          0
b.xu121.bactive#branch                       0
ballow#branch                                0
bpvalid#branch                               0
lhold#branch                      -1.02223e-94
lmainfeed#branch                  -1.00788e-96
lbranch#branch                     1.48906e-98
l151#branch                       -3.05952e-95
l121#branch                        2.98997e-42
lcable#branch                     -2.03966e-54
vbulkpass#branch                             0
vr165#branch                      8.42511e-101
vload#branch                                 0
vr158#branch                       1.48906e-98
vpass#branch                      -1.08933e-96
vlogic#branch                           -9e-12
vbat#branch                        2.03966e-54

 Reference value :  8.02017e-03
 Reference value :  1.90842e-02
 Reference value :  3.00202e-02
 Reference value :  3.98072e-02
 Reference value :  4.89981e-02
 Reference value :  5.72661e-02
 Reference value :  6.69161e-02
 Reference value :  7.42801e-02
 Reference value :  8.23881e-02
 Reference value :  9.01592e-02
 Reference value :  9.82392e-02
 Reference value :  1.06305e-01
 Reference value :  1.14959e-01
 Reference value :  1.23197e-01
 Reference value :  1.31113e-01
 Reference value :  1.38787e-01
 Reference value :  1.45331e-01
 Reference value :  1.51879e-01
 Reference value :  1.59057e-01
 Reference value :  1.65855e-01
 Reference value :  1.73889e-01
 Reference value :  1.80985e-01
 Reference value :  1.88551e-01
 Reference value :  1.96269e-01
 Reference value :  2.03923e-01
 Reference value :  2.11809e-01
 Reference value :  2.19747e-01
 Reference value :  2.28205e-01
 Reference value :  2.36129e-01
 Reference value :  2.44829e-01
 Reference value :  2.53097e-01
 Reference value :  2.61773e-01
 Reference value :  2.69595e-01
 Reference value :  2.75109e-01
 Reference value :  2.83217e-01
 Reference value :  2.91539e-01
 Reference value :  2.99243e-01
 Reference value :  3.06031e-01
 Reference value :  3.14745e-01
 Reference value :  3.23209e-01
 Reference value :  3.32099e-01
 Reference value :  3.40825e-01
 Reference value :  3.49547e-01
 Reference value :  3.58031e-01
 Reference value :  3.66905e-01
 Reference value :  3.75641e-01
 Reference value :  3.84435e-01
 Reference value :  3.92805e-01
 Reference value :  4.01641e-01
 Reference value :  4.10315e-01
 Reference value :  4.19075e-01
 Reference value :  4.27793e-01
 Reference value :  4.36699e-01
 Reference value :  4.45551e-01
 Reference value :  4.51998e-01
 Reference value :  4.61944e-01
 Reference value :  4.72690e-01
 Reference value :  4.83502e-01
 Reference value :  4.93590e-01
 Reference value :  5.04122e-01
 Reference value :  5.14582e-01
 Reference value :  5.24256e-01
 Reference value :  5.35088e-01
 Reference value :  5.45982e-01
 Reference value :  5.56976e-01
 Reference value :  5.67710e-01
 Reference value :  5.78586e-01
 Reference value :  5.89500e-01
 Reference value :  6.00268e-01
 Reference value :  6.10918e-01
 Reference value :  6.21772e-01
 Reference value :  6.32548e-01
 Reference value :  6.43466e-01
 Reference value :  6.54352e-01
 Reference value :  6.65192e-01
 Reference value :  6.76026e-01
 Reference value :  6.86900e-01
 Reference value :  6.97704e-01
 Reference value :  7.08582e-01
 Reference value :  7.19422e-01
 Reference value :  7.30156e-01
 Reference value :  7.41128e-01
 Reference value :  7.52180e-01
 Reference value :  7.63180e-01
 Reference value :  7.73860e-01
 Reference value :  7.84916e-01
 Reference value :  7.95952e-01
 Reference value :  8.06908e-01
 Reference value :  8.17844e-01
 Reference value :  8.28730e-01
 Reference value :  8.39518e-01
 Reference value :  8.50379e-01
 Reference value :  8.61401e-01
 Reference value :  8.72233e-01
 Reference value :  8.83099e-01
 Reference value :  8.92715e-01
 Reference value :  9.02271e-01
 Reference value :  9.11763e-01
 Reference value :  9.21235e-01
 Reference value :  9.30819e-01
 Reference value :  9.40439e-01
 Reference value :  9.49911e-01
 Reference value :  9.59190e-01
 Reference value :  9.68932e-01
 Reference value :  9.77431e-01
 Reference value :  9.86221e-01
 Reference value :  9.95137e-01
 Reference value :  1.00404e+00
 Reference value :  1.01297e+00
 Reference value :  1.02175e+00
 Reference value :  1.03060e+00
 Reference value :  1.03950e+00
 Reference value :  1.04835e+00
 Reference value :  1.05715e+00
 Reference value :  1.06555e+00
 Reference value :  1.07437e+00
 Reference value :  1.08341e+00
 Reference value :  1.09230e+00
 Reference value :  1.10101e+00
 Reference value :  1.10953e+00
 Reference value :  1.11797e+00
 Reference value :  1.12651e+00
 Reference value :  1.13538e+00
 Reference value :  1.14434e+00
 Reference value :  1.15315e+00
 Reference value :  1.16200e+00
 Reference value :  1.17079e+00
 Reference value :  1.17971e+00
 Reference value :  1.18860e+00
 Reference value :  1.19751e+00
 Reference value :  1.20622e+00
 Reference value :  1.21494e+00
 Reference value :  1.22392e+00
 Reference value :  1.23253e+00
 Reference value :  1.24032e+00
 Reference value :  1.24787e+00
 Reference value :  1.25679e+00
 Reference value :  1.26542e+00
 Reference value :  1.27368e+00
 Reference value :  1.28221e+00
 Reference value :  1.29093e+00
 Reference value :  1.29955e+00
No. of Data Rows : 652224
I32_FINISHED
ngspice-42 done
