Using SPARSE 1.3 as Direct Linear Solver
Note: Starting dynamic gmin stepping
Warning: Dynamic gmin stepping failed
Note: Starting true gmin stepping
Warning: True gmin stepping failed
Note: Starting source stepping
Warning: singular matrix:  check node gooddelay

Warning: singular matrix:  check node gooddelay

Warning: source stepping failed
Note: Transient op started
Note: Transient op finished successfully

Note: No compatibility mode selected!


Circuit: i32 exploratory network alternative; not manufacturer u151 model

Doing analysis at TEMP = 27.000000 and TNOM = 27.000000


Initial Transient Solution
--------------------------

Node                                   Voltage
----                                   -------
bat                                          0
cable_r                           -2.36574e-54
raw_12v                            1.54426e-51
fused_12v                          1.54308e-51
rev_blocked_12v                    5.72113e-42
protect_ctrl_vin                   -4.2758e-42
protected_12v                      5.07028e-42
input_uv                           3.79463e-43
input_ov                           1.43028e-43
input_shdn                         -4.2758e-42
one                                          1
uv_ok                                    1e-09
ov_bad                                   1e-09
pvalid                                       0
ptimer                                       0
allow                                        0
allow_d                                      0
input_gate_drive                  -2.83076e-35
input_gate                        -2.83076e-35
input_gate_slew                   -2.83077e-35
qsrc                               5.07064e-42
buck_feed                          5.06971e-42
vin5                               5.01644e-42
en5                                1.03829e-42
on5                                      1e-09
xu121.age                                    0
xu121.active                                 0
xu121.ref                                    0
xu121.neg                                    0
xu121.req                         -8.55756e-41
fb5                                2.67424e-42
xu121.integral                               0
xu121.cmd                                    0
xu121.command                                0
xu121.drive                                  0
source5                           -4.17188e-43
xu121.active_f                               0
xu121.sense                       -1.59684e-39
sw5                               -1.59684e-39
winding5                           1.15498e-42
c127r                              2.08788e-44
c128r                              2.08788e-44
ripple5                            2.35371e-42
rail5                             -4.38161e-43
feediso                           -4.38255e-43
good5                                    1e-09
iso_en_pin                        -7.56108e-44
gooddelay                           6.6967e-11
ageiso                                       0
switchon                                     0
slewiso                                      0
feedpass                          -4.38255e-43
vin                                1.89953e-80
snsiso                             2.52191e-81
localgood                                1e-09
snsfiltered                        7.50022e-10
snsprev                            7.09797e-10
snsevent                                     0
restartage                               1e-05
pgwant                                       0
pgdelay                                      0
en151                             -3.55657e-43
enable_ctrl                              1e-09
c151_esr                          -3.28939e-85
enable                                   1e-09
xu151.age                                    0
xu151.active                                 0
xu151.ref                                    0
xu151.neg                                    0
xu151.req                          1.07277e-82
fb                                -7.44983e-84
xu151.integral                               0
xu151.cmd                                    0
xu151.command                                0
xu151.drive                                  0
source                            -2.43202e-83
xu151.active_f                               0
xu151.sense                       -5.42364e-83
sw                                -5.42364e-83
winding                           -2.43544e-83
c155_esr                          -1.14551e-87
c156_esr                          -1.14551e-87
c157_esr                          -1.14551e-87
c158_esr                          -1.00804e-89
main                              -2.43192e-83
c201_esr                          -3.44663e-88
c204_esr                          -3.44663e-88
c202_esr                          -4.63265e-90
c205_esr                          -4.63265e-90
c301_esr                          -4.63265e-90
c302_esr                          -5.17846e-89
c404_esr                          -4.63265e-90
c531_esr                          -4.63265e-90
branch_sense                      -2.43192e-83
branch_l                          -2.43198e-83
branch_r                          -2.43194e-83
damped                            -2.43206e-83
c206_esr                           1.39849e-88
requested                                 0.45
valid                                    1e-09
timer                                        0
ready                                        0
reset_ctl                                    1
reset_raw                         -8.53301e-85
en                                -2.98655e-84
disg                               1.78732e-80
disfeed                           -2.43202e-83
disdrain                          -2.43202e-83
hold_l                             1.90255e-80
hold_bus                            1.9012e-80
c162                               1.90288e-80
c163                               1.90288e-80
c164                               1.90288e-80
breset#branch                                0
bready#branch                                0
v.xu151.vsense#branch              1.08469e-94
b.xu151.bdrive#branch             -5.42364e-95
b.xu151.bcmd#branch                          0
b.xu151.breq#branch                          0
b.xu151.bneg#branch                          0
b.xu151.bref#branch                          0
b.xu151.bactive#branch                       0
bpgwant#branch                               0
bswitchon#branch                             0
bsnsevent#branch                             0
bvslew#branch                                0
v.xu121.vsense#branch              3.19368e-51
b.xu121.bdrive#branch             -1.59684e-51
b.xu121.bcmd#branch                          0
b.xu121.breq#branch                          0
b.xu121.bneg#branch                          0
b.xu121.bref#branch                          0
b.xu121.bactive#branch                       0
ballow#branch                                0
bpvalid#branch                               0
lhold#branch                      -5.04153e-82
lbranch#branch                     5.59396e-87
l151#branch                       -4.43438e-85
l121#branch                         8.4073e-42
lcable#branch                      2.36574e-53
vr165#branch                       5.22456e-91
vload#branch                                 0
vr158#branch                       5.59396e-87
vpass#branch                      -1.89953e-84
vlogic#branch                           -8e-12
vbat#branch                       -2.36574e-53

 Reference value :  9.33617e-03
 Reference value :  1.85862e-02
 Reference value :  3.02742e-02
 Reference value :  3.79818e-02
 Reference value :  4.19747e-02
 Reference value :  4.91967e-02
 Reference value :  5.66257e-02
 Reference value :  6.63096e-02
 Reference value :  7.65056e-02
 Reference value :  8.65635e-02
 Reference value :  9.43975e-02
 Reference value :  1.02547e-01
 Reference value :  1.11327e-01
No. of Data Rows : 60454
I32_FINISHED
ngspice-42 done
