Using SPARSE 1.3 as Direct Linear Solver
Note: Starting dynamic gmin stepping
Warning: Dynamic gmin stepping failed
Note: Starting true gmin stepping
Warning: True gmin stepping failed
Note: Starting source stepping
Warning: singular matrix:  check node snsprev

Warning: singular matrix:  check node snsprev

Warning: source stepping failed
Note: Transient op started
Note: Transient op finished successfully

Note: No compatibility mode selected!


Circuit: i32 exploratory network alternative; not manufacturer u151 model

Doing analysis at TEMP = 27.000000 and TNOM = 27.000000


Initial Transient Solution
--------------------------

Node                                   Voltage
----                                   -------
bat                                          0
cable_r                            1.28698e-54
raw_12v                           -2.40775e-52
fused_12v                         -2.40131e-52
rev_blocked_12v                    5.60242e-42
protect_ctrl_vin                  -4.20197e-42
protected_12v                      4.96273e-42
input_uv                           3.71589e-43
input_ov                           1.40061e-43
input_shdn                        -4.20196e-42
one                                          1
uv_ok                                    1e-09
ov_bad                                   1e-09
pvalid                                       0
ptimer                                       0
allow                                        0
allow_d                                      0
input_gate_drive                  -2.77654e-35
input_gate                        -2.77654e-35
input_gate_slew                   -2.77655e-35
qsrc                               4.96308e-42
buck_feed                          4.96275e-42
vin5                               4.96509e-42
en5                                1.02767e-42
on5                                      1e-09
xu121.age                                    0
xu121.active                                 0
xu121.ref                                    0
xu121.neg                                    0
xu121.req                         -6.22552e-42
fb5                                1.94548e-43
xu121.integral                               0
xu121.cmd                                    0
xu121.command                                0
xu121.drive                                  0
source5                            -6.1214e-45
xu121.active_f                               0
xu121.sense                       -1.87447e-40
sw5                               -1.87447e-40
winding5                           2.00849e-43
c127r                              1.84297e-45
c128r                              1.84297e-45
ripple5                            1.89593e-43
rail5                             -7.96766e-45
feediso                           -7.97185e-45
good5                                    1e-09
iso_en_pin                        -1.39783e-45
gooddelay                           6.6967e-11
ageiso                                       0
switchon                                     0
slewiso                                      0
feedpass                          -7.97185e-45
vin                                1.17535e-92
snsiso                             1.60116e-93
localgood                                1e-09
snsfiltered                        7.50022e-10
snsprev                            7.09797e-10
snsevent                                     0
restartage                               1e-05
pgwant                                       0
pgdelay                                      0
en151                             -6.98708e-45
actual_en151                      -3.62217e-45
enable_ctrl                              1e-09
c151_esr                           1.46534e-96
enable                                   1e-09
xu151.age                                    0
xu151.active                                 0
xu151.ref                                    0
xu151.neg                                    0
xu151.req                          3.24987e-93
fb                                -4.51371e-94
xu151.integral                               0
xu151.cmd                                    0
xu151.command                                0
xu151.drive                                  0
source                            -1.50311e-93
xu151.active_f                               0
xu151.sense                        7.49264e-92
sw                                 7.49264e-92
winding                           -1.53128e-93
c155_esr                          -8.13142e-97
c156_esr                          -8.13142e-97
c157_esr                          -8.13142e-97
c158_esr                            1.0669e-98
main                               -1.5018e-93
c201_esr                         -8.25943e-101
c204_esr                         -8.25943e-101
c202_esr                         -1.94238e-101
c205_esr                         -1.94238e-101
c301_esr                         -1.94238e-101
c302_esr                         -1.94555e-100
c404_esr                         -1.94238e-101
c531_esr                         -1.94238e-101
branch_sense                       -1.5018e-93
branch_l                           -1.5018e-93
branch_r                           -1.5018e-93
bulksw_out                                   0
damped                                       0
c206_esr                                     0
main_feed                         -1.50309e-93
main_l                            -1.50294e-93
requested                                 0.45
ready                                        0
valid                                    1e-09
timer                                        0
reset_ctl                                    1
reset_raw                         -5.26948e-95
en                                -1.84432e-94
disg                               1.10598e-92
disfeed                           -1.50311e-93
disdrain                          -1.50312e-93
hold_l                             1.17616e-92
hold_bus                           1.17584e-92
c162                               1.17618e-92
bulk_en_in                         -1.5018e-93
bulk_en_pin                       -3.74514e-94
bulk_want                                1e-09
bulk_enabled                        6.6967e-11
bulk_age                                     0
bulk_slew                                    0
bulk_feed                          -1.5018e-93
bulk_localcap                      -1.5018e-93
bbulk_slew#branch                            0
breset#branch                                0
bready#branch                                0
v.xu151.vsense#branch            -1.49853e-103
b.xu151.bdrive#branch             7.49264e-104
b.xu151.bcmd#branch                          0
b.xu151.breq#branch                          0
b.xu151.bneg#branch                          0
b.xu151.bref#branch                          0
b.xu151.bactive#branch                       0
bpgwant#branch                               0
bswitchon#branch                             0
bsnsevent#branch                             0
bvslew#branch                                0
v.xu121.vsense#branch              3.74893e-52
b.xu121.bdrive#branch             -1.87447e-52
b.xu121.bcmd#branch                          0
b.xu121.breq#branch                          0
b.xu121.bneg#branch                          0
b.xu121.bref#branch                          0
b.xu121.bactive#branch                       0
ballow#branch                                0
bpvalid#branch                               0
lhold#branch                      -1.34651e-94
lmainfeed#branch                  -2.05206e-96
lbranch#branch                     1.67941e-99
l151#branch                       -2.45015e-94
l121#branch                        7.42192e-43
lcable#branch                     -1.28698e-53
vbulkpass#branch                             0
vr165#branch                       2.02022e-99
vload#branch                                 0
vr158#branch                       1.67941e-99
vpass#branch                      -1.17535e-96
vlogic#branch                           -9e-12
vbat#branch                        1.28698e-53

 Reference value :  8.89017e-03
 Reference value :  1.85662e-02
 Reference value :  2.91662e-02
 Reference value :  3.93283e-02
 Reference value :  4.75984e-02
 Reference value :  5.59164e-02
 Reference value :  6.45184e-02
 Reference value :  7.36584e-02
 Reference value :  8.31424e-02
 Reference value :  9.14224e-02
 Reference value :  9.96551e-02
 Reference value :  1.09305e-01
 Reference value :  1.18491e-01
 Reference value :  1.27665e-01
 Reference value :  1.35853e-01
 Reference value :  1.43511e-01
 Reference value :  1.51127e-01
 Reference value :  1.59779e-01
 Reference value :  1.67671e-01
 Reference value :  1.75201e-01
 Reference value :  1.83631e-01
 Reference value :  1.92497e-01
 Reference value :  2.01739e-01
 Reference value :  2.10803e-01
 Reference value :  2.19897e-01
 Reference value :  2.28891e-01
 Reference value :  2.38199e-01
 Reference value :  2.47515e-01
 Reference value :  2.56791e-01
 Reference value :  2.65899e-01
 Reference value :  2.74883e-01
 Reference value :  2.83399e-01
 Reference value :  2.92263e-01
 Reference value :  3.01283e-01
 Reference value :  3.09893e-01
 Reference value :  3.18773e-01
 Reference value :  3.26551e-01
 Reference value :  3.35311e-01
 Reference value :  3.43687e-01
 Reference value :  3.51877e-01
 Reference value :  3.60737e-01
 Reference value :  3.68961e-01
 Reference value :  3.76551e-01
 Reference value :  3.83349e-01
 Reference value :  3.91253e-01
 Reference value :  3.97011e-01
 Reference value :  4.05479e-01
 Reference value :  4.14295e-01
 Reference value :  4.23605e-01
 Reference value :  4.32915e-01
 Reference value :  4.38045e-01
 Reference value :  4.44461e-01
 Reference value :  4.51785e-01
 Reference value :  4.60619e-01
 Reference value :  4.69327e-01
 Reference value :  4.78346e-01
 Reference value :  4.87270e-01
 Reference value :  4.96142e-01
 Reference value :  5.04932e-01
 Reference value :  5.14086e-01
 Reference value :  5.23210e-01
 Reference value :  5.32054e-01
 Reference value :  5.40882e-01
 Reference value :  5.49926e-01
 Reference value :  5.58982e-01
 Reference value :  5.65674e-01
 Reference value :  5.73766e-01
 Reference value :  5.82322e-01
 Reference value :  5.91088e-01
 Reference value :  5.98450e-01
No. of Data Rows : 300514
I32_FINISHED
ngspice-42 done
