Using SPARSE 1.3 as Direct Linear Solver
Note: Starting dynamic gmin stepping
Warning: Dynamic gmin stepping failed
Note: Starting true gmin stepping
Warning: True gmin stepping failed
Note: Starting source stepping
Warning: singular matrix:  check node snsfiltered

Warning: singular matrix:  check node snsfiltered

Warning: source stepping failed
Note: Transient op started
Note: Transient op finished successfully

Note: No compatibility mode selected!


Circuit: i32 exploratory network alternative; not manufacturer u151 model

Doing analysis at TEMP = 27.000000 and TNOM = 27.000000


Initial Transient Solution
--------------------------

Node                                   Voltage
----                                   -------
bat                                          0
cable_r                           -1.76734e-54
raw_12v                            1.21126e-51
fused_12v                          1.21038e-51
rev_blocked_12v                    5.73567e-42
protect_ctrl_vin                  -4.28223e-42
protected_12v                       5.0775e-42
input_uv                           3.80427e-43
input_ov                           1.43392e-43
input_shdn                        -4.28223e-42
one                                          1
uv_ok                                    1e-09
ov_bad                                   1e-09
pvalid                                       0
ptimer                                       0
allow                                        0
allow_d                                      0
input_gate_drive                  -2.83672e-35
input_gate                        -2.83672e-35
input_gate_slew                   -2.83673e-35
qsrc                               5.07787e-42
buck_feed                          5.07705e-42
vin5                               5.03432e-42
en5                                  1.042e-42
on5                                      1e-09
xu121.age                                    0
xu121.active                                 0
xu121.ref                                    0
xu121.neg                                    0
xu121.req                         -7.40434e-41
fb5                                2.31386e-42
xu121.integral                               0
xu121.cmd                                    0
xu121.command                                0
xu121.drive                                  0
source5                            -2.8863e-43
xu121.active_f                               0
xu121.sense                       -1.22053e-39
sw5                               -1.22053e-39
winding5                           1.06112e-42
c127r                              1.79348e-44
c128r                              1.79348e-44
ripple5                            2.09034e-42
rail5                             -3.06643e-43
feediso                           -3.06725e-43
good5                                    1e-09
iso_en_pin                          -5.469e-44
gooddelay                           6.6967e-11
ageiso                                       0
switchon                                     0
slewiso                                      0
feedpass                          -3.06725e-43
vin                                3.87624e-80
snsiso                             5.42003e-81
localgood                                1e-09
snsfiltered                        7.50022e-10
snsprev                            7.09797e-10
snsevent                                     0
restartage                               1e-05
pgwant                                       0
pgdelay                                      0
en151                             -2.65751e-43
actual_en151                      -1.34977e-43
enable_ctrl                              1e-09
c151_esr                          -6.71177e-85
enable                                   1e-09
xu151.age                                    0
xu151.active                                 0
xu151.ref                                    0
xu151.neg                                    0
xu151.req                          2.17937e-82
fb                                -1.51345e-83
xu151.integral                               0
xu151.cmd                                    0
xu151.command                                0
xu151.drive                                  0
source                            -5.04155e-83
xu151.active_f                               0
xu151.sense                       -1.12327e-82
sw                                -1.12327e-82
winding                           -5.04863e-83
c155_esr                          -2.96313e-87
c156_esr                          -2.96313e-87
c157_esr                          -2.96313e-87
c158_esr                            -2.707e-89
main                              -5.04105e-83
c201_esr                           7.56095e-89
c204_esr                           7.56095e-89
c202_esr                           2.60986e-91
c205_esr                           2.60986e-91
c301_esr                           2.60986e-91
c302_esr                           2.67871e-90
c404_esr                           2.60986e-91
c531_esr                           2.60986e-91
branch_sense                      -5.04105e-83
branch_l                          -5.04115e-83
branch_r                          -5.04117e-83
damped                             -5.0413e-83
c206_esr                           3.87859e-88
main_feed                         -5.04152e-83
main_l                            -5.04135e-83
requested                                 0.45
ready                                        0
valid                                    1e-09
timer                                        0
reset_ctl                                    1
reset_raw                         -1.76879e-84
en                                -6.19077e-84
disg                               3.64727e-80
disfeed                           -5.04155e-83
disdrain                          -5.04155e-83
hold_l                             3.88241e-80
hold_bus                           3.87964e-80
c162                               3.88307e-80
c163                               3.88307e-80
c164                               3.88307e-80
breset#branch                                0
bready#branch                                0
v.xu151.vsense#branch              2.24647e-94
b.xu151.bdrive#branch             -1.12327e-94
b.xu151.bcmd#branch                          0
b.xu151.breq#branch                          0
b.xu151.bneg#branch                          0
b.xu151.bref#branch                          0
b.xu151.bactive#branch                       0
bpgwant#branch                               0
bswitchon#branch                             0
bsnsevent#branch                             0
bvslew#branch                                0
v.xu121.vsense#branch              2.44106e-51
b.xu121.bdrive#branch             -1.22053e-51
b.xu121.bcmd#branch                          0
b.xu121.breq#branch                          0
b.xu121.bneg#branch                          0
b.xu121.bref#branch                          0
b.xu121.bactive#branch                       0
ballow#branch                                0
bpvalid#branch                               0
lhold#branch                      -1.02879e-81
lmainfeed#branch                  -2.37979e-86
lbranch#branch                     1.55144e-86
l151#branch                        -9.1848e-85
l121#branch                        7.21791e-42
lcable#branch                      1.76734e-53
vr165#branch                       1.23728e-90
vload#branch                                 0
vr158#branch                       1.55144e-86
vpass#branch                      -3.87624e-84
vlogic#branch                           -8e-12
vbat#branch                       -1.76734e-53

 Reference value :  6.56417e-03
 Reference value :  1.79342e-02
 Reference value :  3.04562e-02
 Reference value :  4.11410e-02
 Reference value :  4.99760e-02
 Reference value :  5.95919e-02
 Reference value :  6.70203e-02
 Reference value :  7.49005e-02
 Reference value :  8.47332e-02
 Reference value :  9.44352e-02
 Reference value :  1.04189e-01
 Reference value :  1.13379e-01
 Reference value :  1.23277e-01
 Reference value :  1.33277e-01
 Reference value :  1.42699e-01
 Reference value :  1.51345e-01
 Reference value :  1.59350e-01
 Reference value :  1.71010e-01
 Reference value :  1.80690e-01
 Reference value :  1.92848e-01
 Reference value :  2.04668e-01
 Reference value :  2.16844e-01
 Reference value :  2.28708e-01
 Reference value :  2.40790e-01
 Reference value :  2.52876e-01
 Reference value :  2.63922e-01
 Reference value :  2.75628e-01
 Reference value :  2.86772e-01
 Reference value :  2.98976e-01
 Reference value :  3.11478e-01
 Reference value :  3.23452e-01
 Reference value :  3.35618e-01
 Reference value :  3.47450e-01
 Reference value :  3.56246e-01
 Reference value :  3.68472e-01
 Reference value :  3.80310e-01
 Reference value :  3.92746e-01
 Reference value :  4.04846e-01
 Reference value :  4.16566e-01
 Reference value :  4.28608e-01
 Reference value :  4.38580e-01
 Reference value :  4.49858e-01
 Reference value :  4.62196e-01
 Reference value :  4.72500e-01
 Reference value :  4.84470e-01
 Reference value :  4.94404e-01
 Reference value :  5.06042e-01
 Reference value :  5.17886e-01
 Reference value :  5.29610e-01
 Reference value :  5.41200e-01
 Reference value :  5.52440e-01
 Reference value :  5.62590e-01
 Reference value :  5.74282e-01
 Reference value :  5.86432e-01
 Reference value :  5.98070e-01
 Reference value :  6.10352e-01
 Reference value :  6.22164e-01
 Reference value :  6.31930e-01
 Reference value :  6.43960e-01
 Reference value :  6.56482e-01
 Reference value :  6.67558e-01
 Reference value :  6.79774e-01
 Reference value :  6.88550e-01
 Reference value :  6.99034e-01
 Reference value :  7.10878e-01
 Reference value :  7.21086e-01
 Reference value :  7.27838e-01
 Reference value :  7.37686e-01
 Reference value :  7.49216e-01
 Reference value :  7.57956e-01
 Reference value :  7.69388e-01
 Reference value :  7.81524e-01
 Reference value :  7.91915e-01
 Reference value :  8.02046e-01
 Reference value :  8.08460e-01
 Reference value :  8.17792e-01
 Reference value :  8.26314e-01
 Reference value :  8.35638e-01
 Reference value :  8.45296e-01
No. of Data Rows : 427292
I32_FINISHED
ngspice-42 done
