Using SPARSE 1.3 as Direct Linear Solver
Note: Starting dynamic gmin stepping
Warning: Dynamic gmin stepping failed
Note: Starting true gmin stepping
Warning: True gmin stepping failed
Note: Starting source stepping
Warning: singular matrix:  check node snsfiltered

Warning: singular matrix:  check node snsfiltered

Warning: source stepping failed
Note: Transient op started
Note: Transient op finished successfully

Note: No compatibility mode selected!


Circuit: i32 exploratory network alternative; not manufacturer u151 model

Doing analysis at TEMP = 27.000000 and TNOM = 27.000000


Initial Transient Solution
--------------------------

Node                                   Voltage
----                                   -------
bat                                          0
cable_r                            8.46489e-55
raw_12v                            2.66079e-51
fused_12v                          2.66121e-51
rev_blocked_12v                    5.71269e-42
protect_ctrl_vin                  -4.28024e-42
protected_12v                       5.0606e-42
input_uv                           3.78903e-43
input_ov                           1.42817e-43
input_shdn                        -4.28023e-42
one                                          1
uv_ok                                    1e-09
ov_bad                                   1e-09
pvalid                                       0
ptimer                                       0
allow                                        0
allow_d                                      0
input_gate_drive                  -2.83399e-35
input_gate                        -2.83399e-35
input_gate_slew                     -2.834e-35
qsrc                               5.06096e-42
buck_feed                          5.05926e-42
vin5                               4.93369e-42
en5                                1.02117e-42
on5                                      1e-09
xu121.age                                    0
xu121.active                                 0
xu121.ref                                    0
xu121.neg                                    0
xu121.req                          6.25928e-41
fb5                               -1.95603e-42
xu121.integral                               0
xu121.cmd                                    0
xu121.command                                0
xu121.drive                                  0
source5                           -4.42801e-43
xu121.active_f                               0
xu121.sense                       -1.26949e-38
sw5                               -1.26949e-38
winding5                          -1.28221e-42
c127r                             -1.19844e-44
c128r                             -1.19844e-44
ripple5                           -2.22269e-42
rail5                             -4.30872e-43
feediso                           -4.30846e-43
good5                                    1e-09
iso_en_pin                        -7.55916e-44
gooddelay                           6.6967e-11
ageiso                                       0
switchon                                     0
slewiso                                      0
feedpass                          -4.30846e-43
vin                                1.45997e-79
snsiso                             1.97203e-80
localgood                                1e-09
snsfiltered                        7.50022e-10
snsprev                            7.09797e-10
snsevent                                     0
restartage                               1e-05
pgwant                                       0
pgdelay                                      0
en151                             -3.97512e-43
enable_ctrl                              1e-09
c151_esr                           1.02168e-83
enable                                   1e-09
xu151.age                                    0
xu151.active                                 0
xu151.ref                                    0
xu151.neg                                    0
xu151.req                          4.15197e-82
fb                                -5.76663e-83
xu151.integral                               0
xu151.cmd                                    0
xu151.command                                0
xu151.drive                                  0
source                            -1.88253e-82
xu151.active_f                               0
xu151.sense                       -1.68499e-82
sw                                -1.68499e-82
winding                            -1.8826e-82
c155_esr                           1.29436e-88
c156_esr                           1.29436e-88
c157_esr                           1.29436e-88
c158_esr                           4.90174e-90
main                              -1.88252e-82
c201_esr                           2.64254e-88
c204_esr                           2.64254e-88
c202_esr                           2.17019e-90
c205_esr                           2.17019e-90
c301_esr                           2.17019e-90
c302_esr                           1.72913e-89
c404_esr                           2.17019e-90
c531_esr                           2.17019e-90
branch_sense                      -1.88252e-82
branch_l                          -1.88255e-82
branch_r                          -1.88255e-82
damped                            -1.88269e-82
c206_esr                            7.5772e-88
requested                                 0.45
ready                                        0
valid                                    1e-09
timer                                        0
reset_ctl                                    1
reset_raw                         -6.60533e-84
en                                -2.31187e-83
disg                               1.37396e-79
disfeed                           -1.88253e-82
disdrain                          -1.88253e-82
hold_l                             1.46307e-79
hold_bus                           1.46229e-79
c162                               1.46273e-79
c163                               1.46273e-79
c164                               1.46273e-79
breset#branch                                0
bready#branch                                0
v.xu151.vsense#branch              3.36964e-94
b.xu151.bdrive#branch             -1.68499e-94
b.xu151.bcmd#branch                          0
b.xu151.breq#branch                          0
b.xu151.bneg#branch                          0
b.xu151.bref#branch                          0
b.xu151.bactive#branch                       0
bpgwant#branch                               0
bswitchon#branch                             0
bsnsevent#branch                             0
bvslew#branch                                0
v.xu121.vsense#branch              2.53898e-50
b.xu121.bdrive#branch             -1.26949e-50
b.xu121.bcmd#branch                          0
b.xu121.breq#branch                          0
b.xu121.bneg#branch                          0
b.xu121.bref#branch                          0
b.xu121.bactive#branch                       0
ballow#branch                                0
bpvalid#branch                               0
lhold#branch                      -5.16649e-81
lbranch#branch                     3.03088e-86
l151#branch                       -9.10263e-86
l121#branch                       -4.48883e-42
lcable#branch                     -8.46489e-54
vr165#branch                       7.06177e-91
vload#branch                                 0
vr158#branch                       3.03088e-86
vpass#branch                      -1.45997e-83
vlogic#branch                           -8e-12
vbat#branch                        8.46489e-54

 Reference value :  9.88417e-03
 Reference value :  2.22062e-02
 Reference value :  3.34762e-02
 Reference value :  4.22810e-02
 Reference value :  5.28681e-02
 Reference value :  6.35448e-02
 Reference value :  7.34308e-02
 Reference value :  8.34048e-02
 Reference value :  9.31822e-02
 Reference value :  1.03168e-01
 Reference value :  1.13158e-01
 Reference value :  1.23178e-01
 Reference value :  1.33410e-01
 Reference value :  1.43460e-01
 Reference value :  1.53455e-01
 Reference value :  1.63704e-01
 Reference value :  1.73645e-01
 Reference value :  1.83731e-01
 Reference value :  1.93851e-01
No. of Data Rows : 100559
I32_FINISHED
ngspice-42 done
