Using SPARSE 1.3 as Direct Linear Solver
Note: Starting dynamic gmin stepping
Warning: Dynamic gmin stepping failed
Note: Starting true gmin stepping
Warning: True gmin stepping failed
Note: Starting source stepping
Warning: singular matrix:  check node snsfiltered

Warning: singular matrix:  check node snsfiltered

Warning: source stepping failed
Note: Transient op started
Note: Transient op finished successfully

Note: No compatibility mode selected!


Circuit: i32 exploratory network alternative; not manufacturer u151 model

Doing analysis at TEMP = 27.000000 and TNOM = 27.000000


Initial Transient Solution
--------------------------

Node                                   Voltage
----                                   -------
bat                                          0
cable_r                             8.3356e-55
raw_12v                           -8.34001e-54
fused_12v                         -7.92323e-54
rev_blocked_12v                    5.70344e-42
protect_ctrl_vin                  -4.25884e-42
protected_12v                      5.04866e-42
input_uv                           3.78289e-43
input_ov                           1.42586e-43
input_shdn                        -4.25884e-42
one                                          1
uv_ok                                    1e-09
ov_bad                                   1e-09
pvalid                                       0
ptimer                                       0
allow                                        0
allow_d                                      0
input_gate_drive                  -2.82128e-35
input_gate                        -2.82128e-35
input_gate_slew                    -2.8213e-35
qsrc                               5.04902e-42
buck_feed                          5.04861e-42
vin5                                5.0439e-42
en5                                1.04398e-42
on5                                      1e-09
xu121.age                                    0
xu121.active                                 0
xu121.ref                                    0
xu121.neg                                    0
xu121.req                          -1.2301e-41
fb5                                3.84406e-43
xu121.integral                               0
xu121.cmd                                    0
xu121.command                                0
xu121.drive                                  0
source5                           -3.06732e-43
xu121.active_f                               0
xu121.sense                       -4.05605e-40
sw5                               -4.05605e-40
winding5                           1.84255e-44
c127r                              4.31981e-45
c128r                              4.31981e-45
ripple5                            1.51741e-43
rail5                             -3.11059e-43
feediso                           -3.11069e-43
good5                                    1e-09
iso_en_pin                        -5.45718e-44
gooddelay                           6.6967e-11
ageiso                                       0
switchon                                     0
slewiso                                      0
feedpass                          -3.11069e-43
vin                                7.09852e-81
snsiso                             9.58818e-82
localgood                                1e-09
snsfiltered                        7.50022e-10
snsprev                            7.09797e-10
snsevent                                     0
restartage                               1e-05
pgwant                                       0
pgdelay                                      0
en151                             -2.59967e-43
actual_en151                      -1.32459e-43
enable_ctrl                              1e-09
c151_esr                           8.97912e-85
enable                                   1e-09
xu151.age                                    0
xu151.active                                 0
xu151.ref                                    0
xu151.neg                                    0
xu151.req                          1.99186e-83
fb                                -2.76647e-84
xu151.integral                               0
xu151.cmd                                    0
xu151.command                                0
xu151.drive                                  0
source                            -9.19069e-84
xu151.active_f                               0
xu151.sense                        3.44471e-82
sw                                 3.44471e-82
winding                           -9.31086e-84
c155_esr                          -5.15964e-87
c156_esr                          -5.15964e-87
c157_esr                          -5.15964e-87
c158_esr                           1.50237e-89
main                              -9.18018e-84
c201_esr                          -1.84968e-89
c204_esr                          -1.84968e-89
c202_esr                          -3.12494e-91
c205_esr                          -3.12494e-91
c301_esr                          -3.12494e-91
c302_esr                          -2.98215e-90
c404_esr                          -3.12494e-91
c531_esr                          -3.12494e-91
branch_sense                      -9.18018e-84
branch_l                          -9.18034e-84
branch_r                           -9.1803e-84
damped                            -9.18083e-84
c206_esr                           6.05863e-89
main_feed                         -9.19057e-84
main_l                            -9.18969e-84
requested                                 0.45
ready                                        0
valid                                    1e-09
timer                                        0
reset_ctl                                    1
reset_raw                         -3.22111e-85
en                                -1.12739e-84
disg                               6.67971e-81
disfeed                           -9.19069e-84
disdrain                          -9.19074e-84
hold_l                             7.12398e-81
hold_bus                           7.11728e-81
c162                               7.11941e-81
c163                               7.11941e-81
c164                               7.11941e-81
cextra3                            7.11941e-81
cextra4                            7.11941e-81
breset#branch                                0
bready#branch                                0
v.xu151.vsense#branch             -6.88942e-94
b.xu151.bdrive#branch              3.44471e-94
b.xu151.bcmd#branch                          0
b.xu151.breq#branch                          0
b.xu151.bneg#branch                          0
b.xu151.bref#branch                          0
b.xu151.bactive#branch                       0
bpgwant#branch                               0
bswitchon#branch                             0
bsnsevent#branch                             0
bvslew#branch                                0
v.xu121.vsense#branch               8.1121e-52
b.xu121.bdrive#branch             -4.05605e-52
b.xu121.bcmd#branch                          0
b.xu121.breq#branch                          0
b.xu121.bneg#branch                          0
b.xu121.bref#branch                          0
b.xu121.bactive#branch                       0
ballow#branch                                0
bpvalid#branch                               0
lhold#branch                      -4.24351e-82
lmainfeed#branch                  -1.17158e-86
lbranch#branch                     2.42345e-87
l151#branch                       -1.55864e-84
l121#branch                        1.73881e-42
lcable#branch                      -8.3356e-54
vr165#branch                       1.02548e-89
vload#branch                                 0
vr158#branch                       2.42345e-87
vpass#branch                      -7.09852e-85
vlogic#branch                           -8e-12
vbat#branch                         8.3356e-54

 Reference value :  7.20217e-03
 Reference value :  1.53862e-02
 Reference value :  2.20602e-02
 Reference value :  2.94122e-02
 Reference value :  3.98868e-02
 Reference value :  4.51925e-02
 Reference value :  4.91976e-02
 Reference value :  5.72522e-02
 Reference value :  6.42603e-02
 Reference value :  7.37317e-02
 Reference value :  8.20021e-02
 Reference value :  9.03684e-02
 Reference value :  9.76584e-02
 Reference value :  1.05838e-01
 Reference value :  1.13835e-01
 Reference value :  1.23271e-01
 Reference value :  1.31855e-01
 Reference value :  1.41457e-01
 Reference value :  1.50272e-01
 Reference value :  1.57718e-01
 Reference value :  1.66817e-01
 Reference value :  1.73657e-01
 Reference value :  1.80559e-01
 Reference value :  1.90459e-01
 Reference value :  1.99075e-01
No. of Data Rows : 102627
I32_FINISHED
ngspice-42 done
