Using SPARSE 1.3 as Direct Linear Solver
Note: Starting dynamic gmin stepping
Warning: Dynamic gmin stepping failed
Note: Starting true gmin stepping
Warning: True gmin stepping failed
Note: Starting source stepping
Warning: singular matrix:  check node snsprev

Warning: singular matrix:  check node snsprev

Warning: source stepping failed
Note: Transient op started
Note: Transient op finished successfully

Note: No compatibility mode selected!


Circuit: i32 exploratory network alternative; not manufacturer u151 model

Doing analysis at TEMP = 27.000000 and TNOM = 27.000000


Initial Transient Solution
--------------------------

Node                                   Voltage
----                                   -------
bat                                          0
cable_r                            2.03966e-55
raw_12v                            2.93354e-52
fused_12v                          2.93456e-52
rev_blocked_12v                    5.60651e-42
protect_ctrl_vin                  -4.20557e-42
protected_12v                      4.96687e-42
input_uv                            3.7186e-43
input_ov                           1.40163e-43
input_shdn                        -4.20556e-42
one                                          1
uv_ok                                    1e-09
ov_bad                                   1e-09
pvalid                                       0
ptimer                                       0
allow                                        0
allow_d                                      0
input_gate_drive                  -2.77862e-35
input_gate                        -2.77862e-35
input_gate_slew                   -2.77863e-35
qsrc                               4.96722e-42
buck_feed                          4.96671e-42
vin5                               4.95223e-42
en5                                  1.025e-42
on5                                      1e-09
xu121.age                                    0
xu121.active                                 0
xu121.ref                                    0
xu121.neg                                    0
xu121.req                         -3.16069e-41
fb5                                9.87717e-43
xu121.integral                               0
xu121.cmd                                    0
xu121.command                                0
xu121.drive                                  0
source5                            2.16187e-45
xu121.active_f                               0
xu121.sense                        -6.2057e-40
sw5                                -6.2057e-40
winding5                           8.35956e-43
c127r                              7.42194e-45
c128r                              7.42194e-45
ripple5                            9.87673e-43
rail5                             -5.29406e-45
feediso                            -5.3278e-45
good5                                    1e-09
iso_en_pin                        -9.30929e-46
gooddelay                           6.6967e-11
ageiso                                       0
switchon                                     0
slewiso                                      0
feedpass                           -5.3278e-45
vin                               -1.73103e-92
snsiso                            -2.36406e-93
localgood                                1e-09
snsfiltered                        7.50022e-10
snsprev                            7.09797e-10
snsevent                                     0
restartage                               1e-05
pgwant                                       0
pgdelay                                      0
en151                             -7.15447e-45
actual_en151                      -3.41277e-45
enable_ctrl                              1e-09
c151_esr                          -3.47307e-98
enable                                   1e-09
xu151.age                                    0
xu151.active                                 0
xu151.ref                                    0
xu151.neg                                    0
xu151.req                         -9.54893e-93
fb                                  6.6312e-94
xu151.integral                               0
xu151.cmd                                    0
xu151.command                                0
xu151.drive                                  0
source                             2.21259e-93
xu151.active_f                               0
xu151.sense                        7.64974e-94
sw                                 7.64974e-94
winding                            2.21336e-93
c155_esr                           1.75866e-98
c156_esr                           1.75866e-98
c157_esr                           1.75866e-98
c158_esr                         -2.41582e-100
main                               2.21246e-93
c201_esr                          -8.27062e-99
c204_esr                          -8.27062e-99
c202_esr                         -2.94134e-101
c205_esr                         -2.94134e-101
c301_esr                         -2.94134e-101
c302_esr                         -2.94188e-100
c404_esr                         -2.94134e-101
c531_esr                         -2.94134e-101
branch_sense                       2.21246e-93
branch_l                           2.21246e-93
branch_r                           2.21246e-93
bulksw_out                                   0
damped                                       0
c206_esr                                     0
main_feed                          2.21257e-93
main_l                             2.21247e-93
requested                                 0.45
ready                                        0
valid                                    1e-09
timer                                        0
reset_ctl                                    1
reset_raw                          7.76301e-95
en                                 2.71705e-94
disg                              -1.73104e-92
disfeed                            2.21259e-93
disdrain                           2.21259e-93
hold_l                            -1.73104e-92
hold_bus                          -1.73103e-92
c162                              -1.73106e-92
bulk_en_in                         2.21246e-93
bulk_en_pin                        5.52936e-94
bulk_want                                1e-09
bulk_enabled                        6.6967e-11
bulk_age                                     0
bulk_slew                                    0
bulk_feed                          2.21246e-93
bulk_localcap                      2.21246e-93
bbulk_slew#branch                            0
breset#branch                                0
bready#branch                                0
v.xu151.vsense#branch            -1.52995e-105
b.xu151.bdrive#branch             7.64974e-106
b.xu151.bcmd#branch                          0
b.xu151.breq#branch                          0
b.xu151.bneg#branch                          0
b.xu151.bref#branch                          0
b.xu151.bactive#branch                       0
bpgwant#branch                               0
bswitchon#branch                             0
bsnsevent#branch                             0
bvslew#branch                                0
v.xu121.vsense#branch              1.24114e-51
b.xu121.bdrive#branch              -6.2057e-52
b.xu121.bcmd#branch                          0
b.xu121.breq#branch                          0
b.xu121.bneg#branch                          0
b.xu121.bref#branch                          0
b.xu121.bactive#branch                       0
ballow#branch                                0
bpvalid#branch                               0
lhold#branch                        2.2687e-96
lmainfeed#branch                   1.34115e-96
lbranch#branch                    -2.98573e-98
l151#branch                        6.72424e-96
l121#branch                        2.98997e-42
lcable#branch                     -2.03966e-54
vbulkpass#branch                             0
vr165#branch                     -5.44727e-101
vload#branch                                 0
vr158#branch                      -2.98573e-98
vpass#branch                                 0
vlogic#branch                           -9e-12
vbat#branch                        2.03966e-54

 Reference value :  7.73017e-03
 Reference value :  1.68922e-02
 Reference value :  2.46722e-02
 Reference value :  3.43865e-02
 Reference value :  4.09425e-02
 Reference value :  5.07145e-02
 Reference value :  6.04665e-02
 Reference value :  7.04405e-02
 Reference value :  8.03445e-02
 Reference value :  8.98866e-02
 Reference value :  9.73746e-02
 Reference value :  1.05870e-01
 Reference value :  1.14540e-01
 Reference value :  1.22504e-01
 Reference value :  1.31000e-01
 Reference value :  1.39678e-01
 Reference value :  1.47340e-01
 Reference value :  1.55906e-01
 Reference value :  1.62748e-01
 Reference value :  1.68522e-01
 Reference value :  1.77086e-01
 Reference value :  1.85524e-01
 Reference value :  1.94564e-01
 Reference value :  2.03268e-01
 Reference value :  2.11648e-01
 Reference value :  2.20054e-01
 Reference value :  2.27338e-01
 Reference value :  2.35746e-01
 Reference value :  2.44064e-01
 Reference value :  2.52208e-01
 Reference value :  2.60260e-01
 Reference value :  2.68562e-01
 Reference value :  2.77110e-01
 Reference value :  2.85974e-01
 Reference value :  2.95132e-01
 Reference value :  3.04086e-01
 Reference value :  3.13340e-01
 Reference value :  3.22452e-01
 Reference value :  3.31296e-01
 Reference value :  3.39996e-01
 Reference value :  3.49164e-01
 Reference value :  3.57688e-01
 Reference value :  3.66594e-01
 Reference value :  3.75642e-01
 Reference value :  3.84716e-01
 Reference value :  3.92910e-01
 Reference value :  4.01084e-01
 Reference value :  4.10356e-01
 Reference value :  4.19476e-01
 Reference value :  4.28110e-01
 Reference value :  4.34922e-01
 Reference value :  4.42786e-01
 Reference value :  4.50295e-01
 Reference value :  4.57793e-01
 Reference value :  4.64320e-01
 Reference value :  4.75028e-01
 Reference value :  4.85720e-01
 Reference value :  4.96586e-01
 Reference value :  5.05762e-01
 Reference value :  5.12968e-01
 Reference value :  5.22970e-01
 Reference value :  5.34244e-01
 Reference value :  5.44464e-01
 Reference value :  5.55020e-01
 Reference value :  5.66066e-01
 Reference value :  5.77254e-01
 Reference value :  5.87386e-01
 Reference value :  5.98008e-01
 Reference value :  6.09236e-01
 Reference value :  6.20352e-01
 Reference value :  6.31464e-01
 Reference value :  6.42352e-01
 Reference value :  6.53734e-01
 Reference value :  6.63394e-01
 Reference value :  6.74636e-01
 Reference value :  6.85602e-01
 Reference value :  6.96902e-01
 Reference value :  7.07892e-01
 Reference value :  7.17978e-01
 Reference value :  7.28246e-01
 Reference value :  7.38598e-01
 Reference value :  7.49122e-01
 Reference value :  7.58844e-01
 Reference value :  7.69034e-01
 Reference value :  7.80416e-01
 Reference value :  7.91258e-01
 Reference value :  8.02330e-01
 Reference value :  8.11554e-01
 Reference value :  8.22508e-01
 Reference value :  8.33464e-01
 Reference value :  8.44324e-01
 Reference value :  8.55059e-01
 Reference value :  8.65963e-01
 Reference value :  8.76897e-01
 Reference value :  8.87313e-01
 Reference value :  8.96443e-01
 Reference value :  9.03697e-01
 Reference value :  9.12973e-01
 Reference value :  9.22479e-01
 Reference value :  9.31054e-01
 Reference value :  9.40085e-01
 Reference value :  9.49317e-01
 Reference value :  9.58414e-01
 Reference value :  9.66814e-01
 Reference value :  9.74978e-01
 Reference value :  9.83790e-01
 Reference value :  9.92436e-01
 Reference value :  1.00084e+00
 Reference value :  1.00946e+00
 Reference value :  1.01816e+00
 Reference value :  1.02675e+00
 Reference value :  1.03551e+00
 Reference value :  1.04429e+00
 Reference value :  1.05304e+00
 Reference value :  1.06207e+00
 Reference value :  1.07110e+00
 Reference value :  1.07988e+00
 Reference value :  1.08893e+00
 Reference value :  1.09788e+00
 Reference value :  1.10585e+00
 Reference value :  1.11425e+00
 Reference value :  1.12285e+00
 Reference value :  1.13111e+00
 Reference value :  1.13969e+00
 Reference value :  1.14838e+00
 Reference value :  1.15608e+00
 Reference value :  1.16320e+00
 Reference value :  1.17021e+00
 Reference value :  1.17667e+00
 Reference value :  1.18393e+00
 Reference value :  1.19184e+00
 Reference value :  1.19986e+00
 Reference value :  1.20706e+00
 Reference value :  1.21510e+00
 Reference value :  1.22369e+00
 Reference value :  1.23237e+00
 Reference value :  1.24081e+00
 Reference value :  1.24942e+00
 Reference value :  1.25808e+00
 Reference value :  1.26657e+00
 Reference value :  1.27500e+00
 Reference value :  1.28370e+00
 Reference value :  1.29249e+00
 Reference value :  1.30137e+00
 Reference value :  1.30911e+00
 Reference value :  1.31803e+00
 Reference value :  1.32622e+00
 Reference value :  1.33503e+00
 Reference value :  1.34435e+00
 Reference value :  1.35362e+00
 Reference value :  1.36281e+00
 Reference value :  1.37202e+00
 Reference value :  1.38117e+00
 Reference value :  1.39019e+00
 Reference value :  1.39919e+00
 Reference value :  1.40687e+00
 Reference value :  1.41378e+00
 Reference value :  1.42183e+00
 Reference value :  1.43106e+00
 Reference value :  1.44024e+00
 Reference value :  1.44913e+00
 Reference value :  1.45829e+00
 Reference value :  1.46746e+00
 Reference value :  1.47524e+00
 Reference value :  1.48244e+00
 Reference value :  1.49036e+00
 Reference value :  1.49783e+00
 Reference value :  1.50677e+00
 Reference value :  1.51432e+00
 Reference value :  1.52149e+00
 Reference value :  1.52888e+00
 Reference value :  1.53685e+00
 Reference value :  1.54429e+00
 Reference value :  1.55112e+00
 Reference value :  1.55978e+00
 Reference value :  1.56777e+00
 Reference value :  1.57561e+00
 Reference value :  1.58288e+00
 Reference value :  1.59129e+00
 Reference value :  1.59764e+00
No. of Data Rows : 802218
I32_FINISHED
ngspice-42 done
