Using SPARSE 1.3 as Direct Linear Solver
Note: Starting dynamic gmin stepping
Warning: Dynamic gmin stepping failed
Note: Starting true gmin stepping
Warning: True gmin stepping failed
Note: Starting source stepping
Warning: singular matrix:  check node bulk_enabled

Warning: singular matrix:  check node bulk_enabled

Warning: source stepping failed
Note: Transient op started
Note: Transient op finished successfully

Note: No compatibility mode selected!


Circuit: i32 exploratory network alternative; not manufacturer u151 model

Doing analysis at TEMP = 27.000000 and TNOM = 27.000000


Initial Transient Solution
--------------------------

Node                                   Voltage
----                                   -------
bat                                          0
cable_r                            1.28698e-54
raw_12v                           -2.40775e-52
fused_12v                         -2.40131e-52
rev_blocked_12v                    5.60242e-42
protect_ctrl_vin                  -4.20197e-42
protected_12v                      4.96273e-42
input_uv                           3.71589e-43
input_ov                           1.40061e-43
input_shdn                        -4.20196e-42
one                                          1
uv_ok                                    1e-09
ov_bad                                   1e-09
pvalid                                       0
ptimer                                       0
allow                                        0
allow_d                                      0
input_gate_drive                  -2.77654e-35
input_gate                        -2.77654e-35
input_gate_slew                   -2.77655e-35
qsrc                               4.96308e-42
buck_feed                          4.96275e-42
vin5                               4.96509e-42
en5                                1.02767e-42
on5                                      1e-09
xu121.age                                    0
xu121.active                                 0
xu121.ref                                    0
xu121.neg                                    0
xu121.req                         -6.22552e-42
fb5                                1.94548e-43
xu121.integral                               0
xu121.cmd                                    0
xu121.command                                0
xu121.drive                                  0
source5                            -6.1214e-45
xu121.active_f                               0
xu121.sense                       -1.87447e-40
sw5                               -1.87447e-40
winding5                           2.00849e-43
c127r                              1.84297e-45
c128r                              1.84297e-45
ripple5                            1.89593e-43
rail5                             -7.96766e-45
feediso                           -7.97185e-45
good5                                    1e-09
iso_en_pin                        -1.39783e-45
gooddelay                           6.6967e-11
ageiso                                       0
switchon                                     0
slewiso                                      0
feedpass                          -7.97185e-45
vin                                6.40105e-94
snsiso                             8.72002e-95
localgood                                1e-09
snsfiltered                        7.50022e-10
snsprev                            7.09797e-10
snsevent                                     0
restartage                               1e-05
pgwant                                       0
pgdelay                                      0
en151                             -6.98708e-45
actual_en151                      -3.62217e-45
enable_ctrl                              1e-09
c151_esr                           8.19843e-98
enable                                   1e-09
xu151.age                                    0
xu151.active                                 0
xu151.ref                                    0
xu151.neg                                    0
xu151.req                          1.77011e-94
fb                                -2.45848e-95
xu151.integral                               0
xu151.cmd                                    0
xu151.command                                0
xu151.drive                                  0
source                            -8.18698e-95
xu151.active_f                               0
xu151.sense                        4.07968e-93
sw                                 4.07968e-93
winding                           -8.34034e-95
c155_esr                          -4.40677e-98
c156_esr                          -4.40677e-98
c157_esr                          -4.40677e-98
c158_esr                          3.34312e-100
main                              -8.17686e-95
c201_esr                         -1.65128e-100
c204_esr                         -1.65128e-100
c202_esr                          -2.8815e-102
c205_esr                          -2.8815e-102
c301_esr                          -2.8815e-102
c302_esr                         -2.76535e-101
c404_esr                          -2.8815e-102
c531_esr                          -2.8815e-102
branch_sense                      -8.17686e-95
branch_l                          -8.17685e-95
branch_r                          -8.17684e-95
bulksw_out                                   0
damped                                       0
c206_esr                                     0
main_feed                         -8.18684e-95
main_l                            -8.18573e-95
requested                                 0.45
ready                                        0
valid                                    1e-09
timer                                        0
reset_ctl                                    1
reset_raw                         -2.86907e-96
en                                -1.00417e-95
disg                               6.02259e-94
disfeed                           -8.18698e-95
disdrain                          -8.18704e-95
hold_l                             6.40558e-94
hold_bus                           6.40355e-94
c162                               6.40449e-94
c163                               6.40449e-94
bulk_en_in                        -8.17685e-95
bulk_en_pin                       -2.03912e-95
bulk_want                                1e-09
bulk_enabled                        6.6967e-11
bulk_age                                     0
bulk_slew                                    0
bulk_feed                         -8.17684e-95
bulk_localcap                     -8.17684e-95
bbulk_slew#branch                            0
breset#branch                                0
bready#branch                                0
v.xu151.vsense#branch            -8.15936e-105
b.xu151.bdrive#branch             4.07968e-105
b.xu151.bcmd#branch                          0
b.xu151.breq#branch                          0
b.xu151.bneg#branch                          0
b.xu151.bref#branch                          0
b.xu151.bactive#branch                       0
bpgwant#branch                               0
bswitchon#branch                             0
bsnsevent#branch                             0
bvslew#branch                                0
v.xu121.vsense#branch              3.74893e-52
b.xu121.bdrive#branch             -1.87447e-52
b.xu121.bcmd#branch                          0
b.xu121.breq#branch                          0
b.xu121.bneg#branch                          0
b.xu121.bref#branch                          0
b.xu121.bactive#branch                       0
ballow#branch                                0
bpvalid#branch                               0
lhold#branch                      -7.55576e-96
lmainfeed#branch                  -1.47064e-97
lbranch#branch                    -4.9984e-100
l151#branch                       -1.33387e-95
l121#branch                        7.42192e-43
lcable#branch                     -1.28698e-53
vbulkpass#branch                             0
vr165#branch                      1.12302e-100
vload#branch                                 0
vr158#branch                      -4.9984e-100
vpass#branch                      -6.40105e-98
vlogic#branch                           -9e-12
vbat#branch                        1.28698e-53

 Reference value :  6.81417e-03
 Reference value :  1.63442e-02
 Reference value :  2.61222e-02
 Reference value :  3.58831e-02
 Reference value :  4.24895e-02
 Reference value :  4.99275e-02
 Reference value :  5.74435e-02
 Reference value :  6.54795e-02
 Reference value :  7.47435e-02
 Reference value :  8.37395e-02
 Reference value :  9.19795e-02
 Reference value :  1.01764e-01
 Reference value :  1.11236e-01
 Reference value :  1.20672e-01
 Reference value :  1.29868e-01
 Reference value :  1.39210e-01
 Reference value :  1.48266e-01
 Reference value :  1.56254e-01
 Reference value :  1.63522e-01
 Reference value :  1.71372e-01
 Reference value :  1.80062e-01
 Reference value :  1.87826e-01
 Reference value :  1.94806e-01
 Reference value :  2.01546e-01
 Reference value :  2.08096e-01
 Reference value :  2.15404e-01
 Reference value :  2.22878e-01
 Reference value :  2.29606e-01
 Reference value :  2.36688e-01
 Reference value :  2.45406e-01
 Reference value :  2.52668e-01
 Reference value :  2.59696e-01
 Reference value :  2.68232e-01
 Reference value :  2.77188e-01
 Reference value :  2.86100e-01
 Reference value :  2.94820e-01
 Reference value :  3.01654e-01
 Reference value :  3.08024e-01
 Reference value :  3.15438e-01
 Reference value :  3.24090e-01
 Reference value :  3.31893e-01
 Reference value :  3.39297e-01
 Reference value :  3.46941e-01
 Reference value :  3.55785e-01
 Reference value :  3.64653e-01
 Reference value :  3.73405e-01
 Reference value :  3.81303e-01
 Reference value :  3.90113e-01
 Reference value :  3.98741e-01
 Reference value :  4.06957e-01
 Reference value :  4.15175e-01
 Reference value :  4.23395e-01
 Reference value :  4.31475e-01
 Reference value :  4.40031e-01
 Reference value :  4.48515e-01
 Reference value :  4.55802e-01
 Reference value :  4.63815e-01
 Reference value :  4.72296e-01
 Reference value :  4.78878e-01
 Reference value :  4.87402e-01
 Reference value :  4.96076e-01
 Reference value :  5.04516e-01
 Reference value :  5.13362e-01
 Reference value :  5.22110e-01
 Reference value :  5.30746e-01
 Reference value :  5.39080e-01
 Reference value :  5.47876e-01
 Reference value :  5.53420e-01
 Reference value :  5.61356e-01
 Reference value :  5.68030e-01
 Reference value :  5.76830e-01
 Reference value :  5.85192e-01
 Reference value :  5.94218e-01
No. of Data Rows : 300504
I32_FINISHED
ngspice-42 done
