Using SPARSE 1.3 as Direct Linear Solver
Note: Starting dynamic gmin stepping
Warning: Dynamic gmin stepping failed
Note: Starting true gmin stepping
Warning: True gmin stepping failed
Note: Starting source stepping
Warning: singular matrix:  check node snsprev

Warning: singular matrix:  check node snsprev

Warning: source stepping failed
Note: Transient op started
Note: Transient op finished successfully

Note: No compatibility mode selected!


Circuit: i32 exploratory network alternative; not manufacturer u151 model

Doing analysis at TEMP = 27.000000 and TNOM = 27.000000


Initial Transient Solution
--------------------------

Node                                   Voltage
----                                   -------
bat                                          0
cable_r                             1.9707e-55
raw_12v                            2.98166e-52
fused_12v                          2.98264e-52
rev_blocked_12v                    5.59763e-42
protect_ctrl_vin                  -4.19625e-42
protected_12v                      4.95758e-42
input_uv                           3.71272e-43
input_ov                           1.39941e-43
input_shdn                        -4.19625e-42
one                                          1
uv_ok                                    1e-09
ov_bad                                   1e-09
pvalid                                       0
ptimer                                       0
allow                                        0
allow_d                                      0
input_gate_drive                  -2.77348e-35
input_gate                        -2.77348e-35
input_gate_slew                   -2.77349e-35
qsrc                               4.95794e-42
buck_feed                          4.95743e-42
vin5                               4.94279e-42
en5                                1.02305e-42
on5                                      1e-09
xu121.age                                    0
xu121.active                                 0
xu121.ref                                    0
xu121.neg                                    0
xu121.req                         -3.16674e-41
fb5                                9.89607e-43
xu121.integral                               0
xu121.cmd                                    0
xu121.command                                0
xu121.drive                                  0
source5                            2.24374e-45
xu121.active_f                               0
xu121.sense                       -6.29681e-40
sw5                               -6.29681e-40
winding5                           4.54938e-43
c127r                              7.43687e-45
c128r                              7.43687e-45
ripple5                            9.89679e-43
rail5                              -5.2273e-45
feediso                            -5.2611e-45
good5                                    1e-09
iso_en_pin                        -9.20857e-46
gooddelay                           6.6967e-11
ageiso                                       0
switchon                                     0
slewiso                                      0
feedpass                           -5.2611e-45
vin                               -2.27325e-93
snsiso                            -3.11263e-94
localgood                                1e-09
snsfiltered                        7.50022e-10
snsprev                            7.09797e-10
snsevent                                     0
restartage                               1e-05
pgwant                                       0
pgdelay                                      0
en151                             -7.13586e-45
actual_en151                      -3.45046e-45
enable_ctrl                              1e-09
c151_esr                          -4.56868e-99
enable                                   1e-09
xu151.age                                    0
xu151.active                                 0
xu151.ref                                    0
xu151.neg                                    0
xu151.req                         -1.25597e-93
fb                                 8.72204e-95
xu151.integral                               0
xu151.cmd                                    0
xu151.command                                0
xu151.drive                                  0
source                             2.91022e-94
xu151.active_f                               0
xu151.sense                        1.00625e-94
sw                                 1.00625e-94
winding                            2.91124e-94
c155_esr                           2.31339e-99
c156_esr                           2.31339e-99
c157_esr                           2.31339e-99
c158_esr                         -3.17728e-101
main                               2.91005e-94
c201_esr                          -1.08771e-99
c204_esr                          -1.08771e-99
c202_esr                         -3.86837e-102
c205_esr                         -3.86837e-102
c301_esr                         -3.86837e-102
c302_esr                         -3.86908e-101
c404_esr                         -3.86837e-102
c531_esr                         -3.86837e-102
branch_sense                       2.91005e-94
branch_l                           2.91005e-94
branch_r                           2.91005e-94
bulksw_out                                   0
damped                                       0
c206_esr                                     0
main_feed                          2.91021e-94
main_l                             2.91007e-94
requested                                 0.45
ready                                        0
valid                                    1e-09
timer                                        0
reset_ctl                                    1
reset_raw                          1.02107e-95
en                                 3.57375e-95
disg                              -2.27326e-93
disfeed                            2.91022e-94
disdrain                           2.91022e-94
hold_l                            -2.27327e-93
hold_bus                          -2.27326e-93
c162                              -2.27329e-93
bulk_en_in                         2.91005e-94
bulk_en_pin                        7.28754e-95
bulk_want                                1e-09
bulk_enabled                        6.6967e-11
bulk_age                                     0
bulk_slew                                    0
bulk_feed                          2.91005e-94
bulk_localcap                      2.91005e-94
bbulk_slew#branch                            0
breset#branch                                0
bready#branch                                0
v.xu151.vsense#branch            -2.01249e-106
b.xu151.bdrive#branch             1.00625e-106
b.xu151.bcmd#branch                          0
b.xu151.breq#branch                          0
b.xu151.bneg#branch                          0
b.xu151.bref#branch                          0
b.xu151.bactive#branch                       0
bpgwant#branch                               0
bswitchon#branch                             0
bsnsevent#branch                             0
bvslew#branch                                0
v.xu121.vsense#branch              1.25936e-51
b.xu121.bdrive#branch             -6.29681e-52
b.xu121.bcmd#branch                          0
b.xu121.breq#branch                          0
b.xu121.bneg#branch                          0
b.xu121.bref#branch                          0
b.xu121.bactive#branch                       0
ballow#branch                                0
bpvalid#branch                               0
lhold#branch                       2.98379e-97
lmainfeed#branch                   1.76445e-97
lbranch#branch                    -3.97889e-99
l151#branch                        8.84547e-97
l121#branch                        2.99619e-42
lcable#branch                      -1.9707e-54
vbulkpass#branch                             0
vr165#branch                     -7.16595e-102
vload#branch                                 0
vr158#branch                      -3.97889e-99
vpass#branch                                 0
vlogic#branch                           -9e-12
vbat#branch                         1.9707e-54

 Reference value :  4.53617e-03
 Reference value :  1.06382e-02
 Reference value :  1.89622e-02
 Reference value :  2.67822e-02
 Reference value :  3.46785e-02
 Reference value :  3.97062e-02
 Reference value :  4.43023e-02
 Reference value :  5.00003e-02
 Reference value :  5.62963e-02
 Reference value :  6.10883e-02
 Reference value :  6.49943e-02
 Reference value :  6.86803e-02
 Reference value :  7.24063e-02
 Reference value :  7.59403e-02
 Reference value :  7.98143e-02
 Reference value :  8.35503e-02
 Reference value :  8.73903e-02
 Reference value :  9.07755e-02
 Reference value :  9.46415e-02
 Reference value :  9.83235e-02
 Reference value :  1.02087e-01
 Reference value :  1.05430e-01
 Reference value :  1.09276e-01
 Reference value :  1.14388e-01
 Reference value :  1.20918e-01
 Reference value :  1.25815e-01
 Reference value :  1.31369e-01
 Reference value :  1.36889e-01
 Reference value :  1.42701e-01
 Reference value :  1.48133e-01
 Reference value :  1.54003e-01
 Reference value :  1.59515e-01
 Reference value :  1.65309e-01
 Reference value :  1.69521e-01
 Reference value :  1.73913e-01
 Reference value :  1.79141e-01
 Reference value :  1.84913e-01
 Reference value :  1.90033e-01
 Reference value :  1.95863e-01
 Reference value :  2.01541e-01
 Reference value :  2.07281e-01
 Reference value :  2.12483e-01
 Reference value :  2.18203e-01
 Reference value :  2.23965e-01
 Reference value :  2.29649e-01
 Reference value :  2.35121e-01
 Reference value :  2.40779e-01
 Reference value :  2.46605e-01
 Reference value :  2.52213e-01
 Reference value :  2.57639e-01
 Reference value :  2.63265e-01
 Reference value :  2.68535e-01
 Reference value :  2.72659e-01
 Reference value :  2.76671e-01
 Reference value :  2.80707e-01
 Reference value :  2.84807e-01
 Reference value :  2.88907e-01
 Reference value :  2.92663e-01
 Reference value :  2.96775e-01
 Reference value :  3.00523e-01
 Reference value :  3.04165e-01
 Reference value :  3.08120e-01
 Reference value :  3.12208e-01
 Reference value :  3.16178e-01
 Reference value :  3.19952e-01
 Reference value :  3.23872e-01
 Reference value :  3.27074e-01
 Reference value :  3.30756e-01
 Reference value :  3.34086e-01
 Reference value :  3.37894e-01
 Reference value :  3.41694e-01
 Reference value :  3.45620e-01
 Reference value :  3.49700e-01
 Reference value :  3.53764e-01
 Reference value :  3.57754e-01
 Reference value :  3.61428e-01
 Reference value :  3.65480e-01
 Reference value :  3.69164e-01
 Reference value :  3.73030e-01
 Reference value :  3.76792e-01
 Reference value :  3.80720e-01
 Reference value :  3.84742e-01
 Reference value :  3.88476e-01
 Reference value :  3.92144e-01
 Reference value :  3.95900e-01
 Reference value :  3.99830e-01
 Reference value :  4.03656e-01
 Reference value :  4.06912e-01
 Reference value :  4.10616e-01
 Reference value :  4.14144e-01
 Reference value :  4.17468e-01
 Reference value :  4.20676e-01
 Reference value :  4.23744e-01
 Reference value :  4.25924e-01
 Reference value :  4.28968e-01
 Reference value :  4.32294e-01
 Reference value :  4.35400e-01
 Reference value :  4.38582e-01
 Reference value :  4.41702e-01
 Reference value :  4.44728e-01
 Reference value :  4.47274e-01
 Reference value :  4.50098e-01
 Reference value :  4.51281e-01
 Reference value :  4.54661e-01
 Reference value :  4.58305e-01
 Reference value :  4.62177e-01
 Reference value :  4.65825e-01
 Reference value :  4.68907e-01
 Reference value :  4.72845e-01
 Reference value :  4.76559e-01
 Reference value :  4.80445e-01
 Reference value :  4.84273e-01
 Reference value :  4.88167e-01
 Reference value :  4.91943e-01
 Reference value :  4.95081e-01
 Reference value :  4.97459e-01
 Reference value :  4.99683e-01
 Reference value :  5.03447e-01
 Reference value :  5.07291e-01
 Reference value :  5.11187e-01
 Reference value :  5.15067e-01
 Reference value :  5.18993e-01
 Reference value :  5.22759e-01
 Reference value :  5.26563e-01
 Reference value :  5.30809e-01
 Reference value :  5.34729e-01
 Reference value :  5.38621e-01
 Reference value :  5.42807e-01
 Reference value :  5.46935e-01
 Reference value :  5.49017e-01
 Reference value :  5.51419e-01
 Reference value :  5.55751e-01
 Reference value :  5.59681e-01
 Reference value :  5.63759e-01
 Reference value :  5.67827e-01
 Reference value :  5.72033e-01
 Reference value :  5.76153e-01
 Reference value :  5.80441e-01
 Reference value :  5.84587e-01
 Reference value :  5.88685e-01
 Reference value :  5.92869e-01
 Reference value :  5.97077e-01
 Reference value :  6.01177e-01
 Reference value :  6.05399e-01
 Reference value :  6.09519e-01
 Reference value :  6.13755e-01
 Reference value :  6.17901e-01
 Reference value :  6.22003e-01
 Reference value :  6.26281e-01
 Reference value :  6.30709e-01
 Reference value :  6.34413e-01
 Reference value :  6.38565e-01
 Reference value :  6.42715e-01
 Reference value :  6.46935e-01
 Reference value :  6.50709e-01
 Reference value :  6.54101e-01
 Reference value :  6.58275e-01
 Reference value :  6.61737e-01
 Reference value :  6.65733e-01
 Reference value :  6.69883e-01
 Reference value :  6.73011e-01
 Reference value :  6.77527e-01
 Reference value :  6.81917e-01
 Reference value :  6.86887e-01
 Reference value :  6.91299e-01
 Reference value :  6.95625e-01
 Reference value :  7.00159e-01
 Reference value :  7.04419e-01
 Reference value :  7.08797e-01
 Reference value :  7.13383e-01
 Reference value :  7.18149e-01
 Reference value :  7.22157e-01
 Reference value :  7.24761e-01
 Reference value :  7.29255e-01
 Reference value :  7.34129e-01
 Reference value :  7.39387e-01
 Reference value :  7.44605e-01
 Reference value :  7.49993e-01
 Reference value :  7.55007e-01
 Reference value :  7.60141e-01
 Reference value :  7.65365e-01
 Reference value :  7.70311e-01
 Reference value :  7.74815e-01
 Reference value :  7.78523e-01
 Reference value :  7.81969e-01
 Reference value :  7.86895e-01
 Reference value :  7.92077e-01
 Reference value :  7.97251e-01
 Reference value :  8.02381e-01
 Reference value :  8.07431e-01
 Reference value :  8.12615e-01
 Reference value :  8.17739e-01
 Reference value :  8.22521e-01
 Reference value :  8.27723e-01
 Reference value :  8.32933e-01
 Reference value :  8.38139e-01
 Reference value :  8.43423e-01
 Reference value :  8.48705e-01
 Reference value :  8.53891e-01
 Reference value :  8.59031e-01
 Reference value :  8.64313e-01
 Reference value :  8.69279e-01
 Reference value :  8.74769e-01
 Reference value :  8.79831e-01
 Reference value :  8.84906e-01
 Reference value :  8.88249e-01
 Reference value :  8.92477e-01
 Reference value :  8.96907e-01
 Reference value :  9.01407e-01
 Reference value :  9.05053e-01
 Reference value :  9.09059e-01
 Reference value :  9.13429e-01
 Reference value :  9.17157e-01
 Reference value :  9.20871e-01
 Reference value :  9.24699e-01
 Reference value :  9.28984e-01
 Reference value :  9.33802e-01
 Reference value :  9.38195e-01
 Reference value :  9.42715e-01
 Reference value :  9.47275e-01
 Reference value :  9.51671e-01
 Reference value :  9.55851e-01
 Reference value :  9.60291e-01
 Reference value :  9.64107e-01
 Reference value :  9.68443e-01
 Reference value :  9.72201e-01
 Reference value :  9.76061e-01
 Reference value :  9.80075e-01
 Reference value :  9.84073e-01
 Reference value :  9.88061e-01
 Reference value :  9.92021e-01
 Reference value :  9.96071e-01
 Reference value :  1.00025e+00
 Reference value :  1.00451e+00
 Reference value :  1.00856e+00
 Reference value :  1.01276e+00
 Reference value :  1.01690e+00
 Reference value :  1.02096e+00
 Reference value :  1.02509e+00
 Reference value :  1.02904e+00
 Reference value :  1.03299e+00
 Reference value :  1.03705e+00
 Reference value :  1.04135e+00
 Reference value :  1.04554e+00
 Reference value :  1.04953e+00
 Reference value :  1.05326e+00
 Reference value :  1.05744e+00
 Reference value :  1.06163e+00
 Reference value :  1.06541e+00
 Reference value :  1.06949e+00
 Reference value :  1.07353e+00
 Reference value :  1.07755e+00
 Reference value :  1.08152e+00
 Reference value :  1.08565e+00
 Reference value :  1.08973e+00
 Reference value :  1.09377e+00
 Reference value :  1.09787e+00
 Reference value :  1.10197e+00
 Reference value :  1.10607e+00
 Reference value :  1.11002e+00
 Reference value :  1.11425e+00
 Reference value :  1.11837e+00
 Reference value :  1.12234e+00
 Reference value :  1.12634e+00
 Reference value :  1.13059e+00
 Reference value :  1.13464e+00
 Reference value :  1.13856e+00
 Reference value :  1.14261e+00
 Reference value :  1.14669e+00
 Reference value :  1.15081e+00
 Reference value :  1.15477e+00
 Reference value :  1.15882e+00
 Reference value :  1.16287e+00
 Reference value :  1.16676e+00
 Reference value :  1.17087e+00
 Reference value :  1.17501e+00
 Reference value :  1.17904e+00
 Reference value :  1.18268e+00
 Reference value :  1.18685e+00
 Reference value :  1.19095e+00
 Reference value :  1.19503e+00
 Reference value :  1.19904e+00
 Reference value :  1.20311e+00
 Reference value :  1.20698e+00
 Reference value :  1.21106e+00
 Reference value :  1.21516e+00
 Reference value :  1.21916e+00
 Reference value :  1.22313e+00
 Reference value :  1.22724e+00
 Reference value :  1.22969e+00
 Reference value :  1.23306e+00
 Reference value :  1.23715e+00
 Reference value :  1.24127e+00
 Reference value :  1.24529e+00
 Reference value :  1.24946e+00
 Reference value :  1.25358e+00
 Reference value :  1.25759e+00
 Reference value :  1.26180e+00
 Reference value :  1.26596e+00
 Reference value :  1.27000e+00
 Reference value :  1.27409e+00
 Reference value :  1.27816e+00
 Reference value :  1.28216e+00
 Reference value :  1.28595e+00
 Reference value :  1.29005e+00
 Reference value :  1.29404e+00
 Reference value :  1.29800e+00
No. of Data Rows : 652422
I32_FINISHED
ngspice-42 done
