Using SPARSE 1.3 as Direct Linear Solver
Note: Starting dynamic gmin stepping
Warning: Dynamic gmin stepping failed
Note: Starting true gmin stepping
Warning: True gmin stepping failed
Note: Starting source stepping
Warning: singular matrix:  check node snsprev

Warning: singular matrix:  check node snsprev

Warning: source stepping failed
Note: Transient op started
Note: Transient op finished successfully

Note: No compatibility mode selected!


Circuit: i32 exploratory network alternative; not manufacturer u151 model

Doing analysis at TEMP = 27.000000 and TNOM = 27.000000


Initial Transient Solution
--------------------------

Node                                   Voltage
----                                   -------
bat                                          0
cable_r                            2.03966e-55
raw_12v                            2.93354e-52
fused_12v                          2.93456e-52
rev_blocked_12v                    5.60651e-42
protect_ctrl_vin                  -4.20557e-42
protected_12v                      4.96687e-42
input_uv                            3.7186e-43
input_ov                           1.40163e-43
input_shdn                        -4.20556e-42
one                                          1
uv_ok                                    1e-09
ov_bad                                   1e-09
pvalid                                       0
ptimer                                       0
allow                                        0
allow_d                                      0
input_gate_drive                  -2.77862e-35
input_gate                        -2.77862e-35
input_gate_slew                   -2.77863e-35
qsrc                               4.96722e-42
buck_feed                          4.96671e-42
vin5                               4.95223e-42
en5                                  1.025e-42
on5                                      1e-09
xu121.age                                    0
xu121.active                                 0
xu121.ref                                    0
xu121.neg                                    0
xu121.req                         -3.16069e-41
fb5                                9.87717e-43
xu121.integral                               0
xu121.cmd                                    0
xu121.command                                0
xu121.drive                                  0
source5                            2.16187e-45
xu121.active_f                               0
xu121.sense                        -6.2057e-40
sw5                                -6.2057e-40
winding5                           8.35956e-43
c127r                              7.42194e-45
c128r                              7.42194e-45
ripple5                            9.87673e-43
rail5                             -5.29406e-45
feediso                            -5.3278e-45
good5                                    1e-09
iso_en_pin                        -9.30929e-46
gooddelay                           6.6967e-11
ageiso                                       0
switchon                                     0
slewiso                                      0
feedpass                           -5.3278e-45
vin                                1.08933e-92
snsiso                             1.48782e-93
localgood                                1e-09
snsfiltered                        7.50022e-10
snsprev                            7.09797e-10
snsevent                                     0
restartage                               1e-05
pgwant                                       0
pgdelay                                      0
en151                             -7.15447e-45
actual_en151                      -3.45946e-45
enable_ctrl                              1e-09
c151_esr                            1.2021e-97
enable                                   1e-09
xu151.age                                    0
xu151.active                                 0
xu151.ref                                    0
xu151.neg                                    0
xu151.req                          6.02007e-93
fb                                -4.18061e-94
xu151.integral                               0
xu151.cmd                                    0
xu151.command                                0
xu151.drive                                  0
source                            -1.39492e-93
xu151.active_f                               0
xu151.sense                       -1.70264e-93
sw                                -1.70264e-93
winding                           -1.39843e-93
c155_esr                          -9.81941e-98
c156_esr                          -9.81941e-98
c157_esr                          -9.81941e-98
c158_esr                         -4.64309e-100
main                              -1.39472e-93
c201_esr                            4.1129e-99
c204_esr                            4.1129e-99
c202_esr                          1.30549e-101
c205_esr                          1.30549e-101
c301_esr                          1.30549e-101
c302_esr                          1.32317e-100
c404_esr                          1.30549e-101
c531_esr                          1.30549e-101
branch_sense                      -1.39472e-93
branch_l                          -1.39472e-93
branch_r                          -1.39472e-93
bulksw_out                                   0
damped                                       0
c206_esr                                     0
main_feed                         -1.39491e-93
main_l                            -1.39483e-93
requested                                 0.45
ready                                        0
valid                                    1e-09
timer                                        0
reset_ctl                                    1
reset_raw                         -4.89374e-95
en                                -1.71281e-94
disg                               1.02557e-92
disfeed                           -1.39492e-93
disdrain                          -1.39492e-93
hold_l                             1.08994e-92
hold_bus                           1.08981e-92
c162                               1.09084e-92
bulk_en_in                        -1.39472e-93
bulk_en_pin                       -3.48541e-94
bulk_want                                1e-09
bulk_enabled                        6.6967e-11
bulk_age                                     0
bulk_slew                                    0
bulk_feed                         -1.39472e-93
bulk_localcap                     -1.39472e-93
bbulk_slew#branch                            0
breset#branch                                0
bready#branch                                0
v.xu151.vsense#branch             3.40528e-105
b.xu151.bdrive#branch            -1.70264e-105
b.xu151.bcmd#branch                          0
b.xu151.breq#branch                          0
b.xu151.bneg#branch                          0
b.xu151.bref#branch                          0
b.xu151.bactive#branch                       0
bpgwant#branch                               0
bswitchon#branch                             0
bsnsevent#branch                             0
bvslew#branch                                0
v.xu121.vsense#branch              1.24114e-51
b.xu121.bdrive#branch              -6.2057e-52
b.xu121.bcmd#branch                          0
b.xu121.breq#branch                          0
b.xu121.bneg#branch                          0
b.xu121.bref#branch                          0
b.xu121.bactive#branch                       0
ballow#branch                                0
bpvalid#branch                               0
lhold#branch                      -1.02223e-94
lmainfeed#branch                  -1.00788e-96
lbranch#branch                     1.48906e-98
l151#branch                       -3.05952e-95
l121#branch                        2.98997e-42
lcable#branch                     -2.03966e-54
vbulkpass#branch                             0
vr165#branch                      8.42511e-101
vload#branch                                 0
vr158#branch                       1.48906e-98
vpass#branch                      -1.08933e-96
vlogic#branch                           -9e-12
vbat#branch                        2.03966e-54

 Reference value :  8.33217e-03
 Reference value :  1.97622e-02
 Reference value :  2.88502e-02
 Reference value :  3.89901e-02
 Reference value :  4.67181e-02
 Reference value :  5.65801e-02
 Reference value :  6.22681e-02
 Reference value :  6.88021e-02
 Reference value :  7.76681e-02
 Reference value :  8.63221e-02
 Reference value :  9.55872e-02
 Reference value :  1.04931e-01
 Reference value :  1.14593e-01
 Reference value :  1.24057e-01
 Reference value :  1.30369e-01
 Reference value :  1.37797e-01
 Reference value :  1.45807e-01
 Reference value :  1.54597e-01
 Reference value :  1.62179e-01
 Reference value :  1.71151e-01
 Reference value :  1.80133e-01
 Reference value :  1.89211e-01
 Reference value :  1.97787e-01
 Reference value :  2.04747e-01
 Reference value :  2.13413e-01
 Reference value :  2.20311e-01
 Reference value :  2.27689e-01
 Reference value :  2.36105e-01
 Reference value :  2.44715e-01
 Reference value :  2.53677e-01
 Reference value :  2.62305e-01
 Reference value :  2.71411e-01
 Reference value :  2.80229e-01
 Reference value :  2.88545e-01
 Reference value :  2.96855e-01
 Reference value :  3.05518e-01
 Reference value :  3.14074e-01
 Reference value :  3.21798e-01
 Reference value :  3.30518e-01
 Reference value :  3.39422e-01
 Reference value :  3.48428e-01
 Reference value :  3.57342e-01
 Reference value :  3.66192e-01
 Reference value :  3.75106e-01
 Reference value :  3.84210e-01
 Reference value :  3.93052e-01
 Reference value :  4.01970e-01
 Reference value :  4.10778e-01
 Reference value :  4.19774e-01
 Reference value :  4.28730e-01
 Reference value :  4.36576e-01
 Reference value :  4.45042e-01
 Reference value :  4.51696e-01
 Reference value :  4.61621e-01
 Reference value :  4.72401e-01
 Reference value :  4.83215e-01
 Reference value :  4.94127e-01
 Reference value :  5.04515e-01
 Reference value :  5.15401e-01
 Reference value :  5.26311e-01
 Reference value :  5.37483e-01
 Reference value :  5.48641e-01
 Reference value :  5.59743e-01
 Reference value :  5.70639e-01
 Reference value :  5.81781e-01
 Reference value :  5.92789e-01
 Reference value :  6.02715e-01
 Reference value :  6.13967e-01
 Reference value :  6.25275e-01
 Reference value :  6.34937e-01
 Reference value :  6.46081e-01
 Reference value :  6.57193e-01
 Reference value :  6.68393e-01
 Reference value :  6.79541e-01
 Reference value :  6.90927e-01
 Reference value :  7.02127e-01
 Reference value :  7.13345e-01
 Reference value :  7.24629e-01
 Reference value :  7.35859e-01
 Reference value :  7.46821e-01
 Reference value :  7.58057e-01
 Reference value :  7.67955e-01
 Reference value :  7.79033e-01
 Reference value :  7.89997e-01
 Reference value :  8.01207e-01
 Reference value :  8.12529e-01
 Reference value :  8.23893e-01
 Reference value :  8.34873e-01
 Reference value :  8.46141e-01
 Reference value :  8.57193e-01
 Reference value :  8.68553e-01
 Reference value :  8.78833e-01
 Reference value :  8.87688e-01
 Reference value :  8.96961e-01
 Reference value :  9.06381e-01
 Reference value :  9.16057e-01
 Reference value :  9.26047e-01
 Reference value :  9.35911e-01
 Reference value :  9.45062e-01
 Reference value :  9.53961e-01
 Reference value :  9.63655e-01
 Reference value :  9.72487e-01
 Reference value :  9.81182e-01
 Reference value :  9.89972e-01
 Reference value :  9.99134e-01
 Reference value :  1.00718e+00
 Reference value :  1.01576e+00
 Reference value :  1.02414e+00
 Reference value :  1.03301e+00
 Reference value :  1.04186e+00
 Reference value :  1.05080e+00
 Reference value :  1.05854e+00
 Reference value :  1.06715e+00
 Reference value :  1.07606e+00
 Reference value :  1.08505e+00
 Reference value :  1.09389e+00
 Reference value :  1.10280e+00
 Reference value :  1.10987e+00
 Reference value :  1.11594e+00
 Reference value :  1.11789e+00
 Reference value :  1.11996e+00
 Reference value :  1.12503e+00
 Reference value :  1.12842e+00
 Reference value :  1.13304e+00
 Reference value :  1.13720e+00
 Reference value :  1.14454e+00
 Reference value :  1.15262e+00
 Reference value :  1.16111e+00
 Reference value :  1.16838e+00
 Reference value :  1.17713e+00
 Reference value :  1.18565e+00
 Reference value :  1.19411e+00
 Reference value :  1.20296e+00
 Reference value :  1.21177e+00
 Reference value :  1.22078e+00
 Reference value :  1.22962e+00
 Reference value :  1.23861e+00
 Reference value :  1.24724e+00
 Reference value :  1.25588e+00
 Reference value :  1.26475e+00
 Reference value :  1.27325e+00
 Reference value :  1.28101e+00
 Reference value :  1.28971e+00
 Reference value :  1.29863e+00
No. of Data Rows : 652179
I32_FINISHED
ngspice-42 done
