Using SPARSE 1.3 as Direct Linear Solver
Note: Starting dynamic gmin stepping
Warning: Dynamic gmin stepping failed
Note: Starting true gmin stepping
Warning: True gmin stepping failed
Note: Starting source stepping
Warning: singular matrix:  check node snsprev

Warning: singular matrix:  check node snsprev

Warning: source stepping failed
Note: Transient op started
Note: Transient op finished successfully

Note: No compatibility mode selected!


Circuit: i32 exploratory network alternative; not manufacturer u151 model

Doing analysis at TEMP = 27.000000 and TNOM = 27.000000


Initial Transient Solution
--------------------------

Node                                   Voltage
----                                   -------
bat                                          0
cable_r                            2.03966e-55
raw_12v                            2.93354e-52
fused_12v                          2.93456e-52
rev_blocked_12v                    5.60651e-42
protect_ctrl_vin                  -4.20557e-42
protected_12v                      4.96687e-42
input_uv                            3.7186e-43
input_ov                           1.40163e-43
input_shdn                        -4.20556e-42
one                                          1
uv_ok                                    1e-09
ov_bad                                   1e-09
pvalid                                       0
ptimer                                       0
allow                                        0
allow_d                                      0
input_gate_drive                  -2.77862e-35
input_gate                        -2.77862e-35
input_gate_slew                   -2.77863e-35
qsrc                               4.96722e-42
buck_feed                          4.96671e-42
vin5                               4.95223e-42
en5                                  1.025e-42
on5                                      1e-09
xu121.age                                    0
xu121.active                                 0
xu121.ref                                    0
xu121.neg                                    0
xu121.req                         -3.16069e-41
fb5                                9.87717e-43
xu121.integral                               0
xu121.cmd                                    0
xu121.command                                0
xu121.drive                                  0
source5                            2.16187e-45
xu121.active_f                               0
xu121.sense                        -6.2057e-40
sw5                                -6.2057e-40
winding5                           8.35956e-43
c127r                              7.42194e-45
c128r                              7.42194e-45
ripple5                            9.87673e-43
rail5                             -5.29406e-45
feediso                            -5.3278e-45
good5                                    1e-09
iso_en_pin                        -9.30929e-46
gooddelay                           6.6967e-11
ageiso                                       0
switchon                                     0
slewiso                                      0
feedpass                           -5.3278e-45
vin                                7.77001e-93
snsiso                             1.06124e-93
localgood                                1e-09
snsfiltered                        7.50022e-10
snsprev                            7.09797e-10
snsevent                                     0
restartage                               1e-05
pgwant                                       0
pgdelay                                      0
en151                             -7.15447e-45
actual_en151                      -3.45946e-45
enable_ctrl                              1e-09
c151_esr                           8.57444e-98
enable                                   1e-09
xu151.age                                    0
xu151.active                                 0
xu151.ref                                    0
xu151.neg                                    0
xu151.req                          4.29404e-93
fb                                -2.98197e-94
xu151.integral                               0
xu151.cmd                                    0
xu151.command                                0
xu151.drive                                  0
source                            -9.94975e-94
xu151.active_f                               0
xu151.sense                       -1.21448e-93
sw                                -1.21448e-93
winding                           -9.97485e-94
c155_esr                          -7.00404e-98
c156_esr                          -7.00404e-98
c157_esr                          -7.00404e-98
c158_esr                         -3.31186e-100
main                              -9.94834e-94
c201_esr                           2.93368e-99
c204_esr                           2.93368e-99
c202_esr                          9.31191e-102
c205_esr                          9.31191e-102
c301_esr                          9.31191e-102
c302_esr                          9.43803e-101
c404_esr                          9.31191e-102
c531_esr                          9.31191e-102
branch_sense                      -9.94834e-94
branch_l                          -9.94835e-94
branch_r                          -9.94835e-94
bulksw_out                                   0
damped                                       0
c206_esr                                     0
main_feed                         -9.94968e-94
main_l                            -9.94914e-94
requested                                 0.45
ready                                        0
valid                                    1e-09
timer                                        0
reset_ctl                                    1
reset_raw                         -3.49065e-95
en                                -1.22173e-94
disg                                7.3273e-93
disfeed                           -9.94975e-94
disdrain                          -9.94976e-94
hold_l                             7.77439e-93
hold_bus                           7.77347e-93
c162                               7.78077e-93
bulk_en_in                        -9.94834e-94
bulk_en_pin                        -2.4861e-94
bulk_want                                1e-09
bulk_enabled                        6.6967e-11
bulk_age                                     0
bulk_slew                                    0
bulk_feed                         -9.94835e-94
bulk_localcap                     -9.94835e-94
bbulk_slew#branch                            0
breset#branch                                0
bready#branch                                0
v.xu151.vsense#branch             2.42896e-105
b.xu151.bdrive#branch            -1.21448e-105
b.xu151.bcmd#branch                          0
b.xu151.breq#branch                          0
b.xu151.bneg#branch                          0
b.xu151.bref#branch                          0
b.xu151.bactive#branch                       0
bpgwant#branch                               0
bswitchon#branch                             0
bsnsevent#branch                             0
bvslew#branch                                0
v.xu121.vsense#branch              1.24114e-51
b.xu121.bdrive#branch              -6.2057e-52
b.xu121.bcmd#branch                          0
b.xu121.breq#branch                          0
b.xu121.bneg#branch                          0
b.xu121.bref#branch                          0
b.xu121.bactive#branch                       0
ballow#branch                                0
bpvalid#branch                               0
lhold#branch                      -7.29172e-95
lmainfeed#branch                  -7.18911e-97
lbranch#branch                     1.06213e-98
l151#branch                       -2.18231e-95
l121#branch                        2.98997e-42
lcable#branch                     -2.03966e-54
vbulkpass#branch                             0
vr165#branch                      6.00184e-101
vload#branch                                 0
vr158#branch                       1.06213e-98
vpass#branch                      -7.77001e-97
vlogic#branch                           -9e-12
vbat#branch                        2.03966e-54

 Reference value :  8.24817e-03
 Reference value :  1.96022e-02
 Reference value :  3.06562e-02
 Reference value :  4.07205e-02
 Reference value :  5.05025e-02
 Reference value :  6.04685e-02
 Reference value :  6.95045e-02
 Reference value :  7.93825e-02
 Reference value :  8.59885e-02
 Reference value :  9.39222e-02
 Reference value :  1.03514e-01
 Reference value :  1.13336e-01
 Reference value :  1.22076e-01
 Reference value :  1.31090e-01
 Reference value :  1.40102e-01
 Reference value :  1.49030e-01
 Reference value :  1.55306e-01
 Reference value :  1.63160e-01
 Reference value :  1.71160e-01
 Reference value :  1.80154e-01
 Reference value :  1.88074e-01
 Reference value :  1.95440e-01
 Reference value :  2.04016e-01
 Reference value :  2.12630e-01
 Reference value :  2.19264e-01
 Reference value :  2.28096e-01
 Reference value :  2.34958e-01
 Reference value :  2.43724e-01
 Reference value :  2.52610e-01
 Reference value :  2.61470e-01
 Reference value :  2.70558e-01
 Reference value :  2.78902e-01
 Reference value :  2.87370e-01
 Reference value :  2.96238e-01
 Reference value :  3.05284e-01
 Reference value :  3.14298e-01
 Reference value :  3.23364e-01
 Reference value :  3.31978e-01
 Reference value :  3.41060e-01
 Reference value :  3.50046e-01
 Reference value :  3.59112e-01
 Reference value :  3.68034e-01
 Reference value :  3.77176e-01
 Reference value :  3.85736e-01
 Reference value :  3.93460e-01
 Reference value :  4.02072e-01
 Reference value :  4.10898e-01
 Reference value :  4.19790e-01
 Reference value :  4.28758e-01
 Reference value :  4.37842e-01
 Reference value :  4.46938e-01
 Reference value :  4.53440e-01
 Reference value :  4.63575e-01
 Reference value :  4.74041e-01
 Reference value :  4.84923e-01
 Reference value :  4.95783e-01
 Reference value :  5.06585e-01
 Reference value :  5.16425e-01
 Reference value :  5.27491e-01
 Reference value :  5.38381e-01
 Reference value :  5.49259e-01
 Reference value :  5.60087e-01
 Reference value :  5.70801e-01
 Reference value :  5.80849e-01
 Reference value :  5.90683e-01
 Reference value :  6.01117e-01
 Reference value :  6.10347e-01
 Reference value :  6.20845e-01
 Reference value :  6.31771e-01
 Reference value :  6.42843e-01
 Reference value :  6.54049e-01
 Reference value :  6.64501e-01
 Reference value :  6.75649e-01
 Reference value :  6.86855e-01
 Reference value :  6.98185e-01
 Reference value :  7.09385e-01
 Reference value :  7.20497e-01
 Reference value :  7.31565e-01
 Reference value :  7.42917e-01
 Reference value :  7.54135e-01
 Reference value :  7.65199e-01
 Reference value :  7.76281e-01
 Reference value :  7.87625e-01
 Reference value :  7.98247e-01
 Reference value :  8.06403e-01
 Reference value :  8.16487e-01
 Reference value :  8.26899e-01
 Reference value :  8.37137e-01
 Reference value :  8.47077e-01
 Reference value :  8.57911e-01
 Reference value :  8.69027e-01
 Reference value :  8.79941e-01
 Reference value :  8.89903e-01
 Reference value :  8.99811e-01
 Reference value :  9.09639e-01
 Reference value :  9.19483e-01
 Reference value :  9.29187e-01
 Reference value :  9.38740e-01
 Reference value :  9.48603e-01
 Reference value :  9.58309e-01
 Reference value :  9.67443e-01
 Reference value :  9.75222e-01
 Reference value :  9.83522e-01
 Reference value :  9.92454e-01
 Reference value :  1.00129e+00
 Reference value :  1.00864e+00
 Reference value :  1.01744e+00
 Reference value :  1.02660e+00
 Reference value :  1.03566e+00
 Reference value :  1.04495e+00
 Reference value :  1.05404e+00
 Reference value :  1.06276e+00
 Reference value :  1.07182e+00
 Reference value :  1.08110e+00
 Reference value :  1.09027e+00
 Reference value :  1.09939e+00
 Reference value :  1.10840e+00
 Reference value :  1.11756e+00
 Reference value :  1.12675e+00
 Reference value :  1.13593e+00
 Reference value :  1.14507e+00
 Reference value :  1.15348e+00
 Reference value :  1.16064e+00
 Reference value :  1.16670e+00
 Reference value :  1.17294e+00
 Reference value :  1.18048e+00
 Reference value :  1.18824e+00
 Reference value :  1.19436e+00
 Reference value :  1.20087e+00
 Reference value :  1.20840e+00
 Reference value :  1.21563e+00
 Reference value :  1.22031e+00
 Reference value :  1.22589e+00
 Reference value :  1.23470e+00
 Reference value :  1.24307e+00
 Reference value :  1.24889e+00
 Reference value :  1.25773e+00
 Reference value :  1.26679e+00
 Reference value :  1.27594e+00
 Reference value :  1.28502e+00
 Reference value :  1.29400e+00
No. of Data Rows : 652333
I32_FINISHED
ngspice-42 done
