Using SPARSE 1.3 as Direct Linear Solver
Note: Starting dynamic gmin stepping
Warning: Dynamic gmin stepping failed
Note: Starting true gmin stepping
Warning: True gmin stepping failed
Note: Starting source stepping
Warning: singular matrix:  check node snsprev

Warning: singular matrix:  check node snsprev

Warning: source stepping failed
Note: Transient op started
Note: Transient op finished successfully

Note: No compatibility mode selected!


Circuit: i32 exploratory network alternative; not manufacturer u151 model

Doing analysis at TEMP = 27.000000 and TNOM = 27.000000


Initial Transient Solution
--------------------------

Node                                   Voltage
----                                   -------
bat                                          0
cable_r                           -2.36486e-54
raw_12v                            1.54455e-51
fused_12v                          1.54336e-51
rev_blocked_12v                    5.72809e-42
protect_ctrl_vin                  -4.28024e-42
protected_12v                        5.076e-42
input_uv                           3.79924e-43
input_ov                           1.43202e-43
input_shdn                        -4.28024e-42
one                                          1
uv_ok                                    1e-09
ov_bad                                   1e-09
pvalid                                       0
ptimer                                       0
allow                                        0
allow_d                                      0
input_gate_drive                  -2.83399e-35
input_gate                        -2.83399e-35
input_gate_slew                     -2.834e-35
qsrc                               5.07637e-42
buck_feed                          5.07544e-42
vin5                               5.02214e-42
en5                                1.03948e-42
on5                                      1e-09
xu121.age                                    0
xu121.active                                 0
xu121.ref                                    0
xu121.neg                                    0
xu121.req                         -8.54613e-41
fb5                                2.67067e-42
xu121.integral                               0
xu121.cmd                                    0
xu121.command                                0
xu121.drive                                  0
source5                           -4.20277e-43
xu121.active_f                               0
xu121.sense                       -1.59817e-39
sw5                               -1.59817e-39
winding5                           1.15225e-42
c127r                              2.09129e-44
c128r                              2.09129e-44
ripple5                            2.35126e-42
rail5                             -4.41225e-43
feediso                           -4.41273e-43
good5                                    1e-09
iso_en_pin                        -7.74079e-44
gooddelay                           6.6967e-11
ageiso                                       0
switchon                                     0
slewiso                                      0
feedpass                          -4.41273e-43
vin                               -3.94077e-79
snsiso                             -5.3689e-80
snsbase                                      0
localgood                                1e-09
snsfiltered                        7.50022e-10
snsprev                            7.09797e-10
snsevent                                     0
restartage                               1e-05
pgwant                                       0
pgdelay                                      0
en151                             -3.97512e-43
enable_ctrl                              1e-09
c151_esr                           -8.6799e-87
enable                                   1e-09
xu151.age                                    0
xu151.active                                 0
xu151.ref                                    0
xu151.neg                                    0
xu151.req                         -2.23127e-81
fb                                  1.5495e-82
xu151.integral                               0
xu151.cmd                                    0
xu151.command                                0
xu151.drive                                  0
source                             5.06821e-82
xu151.active_f                               0
xu151.sense                         4.0772e-82
sw                                  4.0772e-82
winding                            5.06923e-82
c155_esr                          -3.79275e-87
c156_esr                          -3.79275e-87
c157_esr                          -3.79275e-87
c158_esr                          -3.28244e-89
main                               5.06797e-82
c201_esr                          -6.29546e-87
c204_esr                          -6.29546e-87
c202_esr                          -2.59346e-89
c205_esr                          -2.59346e-89
c301_esr                          -2.59346e-89
c302_esr                          -2.21729e-88
c404_esr                          -2.59346e-89
c531_esr                          -2.59346e-89
branch_sense                       5.06797e-82
branch_l                           5.06855e-82
branch_r                           5.06859e-82
damped                             5.07134e-82
c206_esr                          -1.46056e-86
requested                                 0.45
ready                                        0
valid                                    1e-09
timer                                        0
reset_ctl                                    1
reset_raw                          1.77824e-83
en                                 6.22383e-83
disg                              -3.94077e-79
disfeed                            5.06821e-82
disdrain                           5.06821e-82
hold_l                            -3.94077e-79
hold_bus                          -3.94077e-79
c162                              -3.94077e-79
c163                              -3.94077e-79
c164                              -3.94077e-79
breset#branch                                0
bready#branch                                0
v.xu151.vsense#branch             -8.15431e-94
b.xu151.bdrive#branch               4.0772e-94
b.xu151.bcmd#branch                          0
b.xu151.breq#branch                          0
b.xu151.bneg#branch                          0
b.xu151.bref#branch                          0
b.xu151.bactive#branch                       0
bpgwant#branch                               0
bswitchon#branch                             0
bsnsevent#branch                             0
bvslew#branch                                0
v.xu121.vsense#branch              3.19633e-51
b.xu121.bdrive#branch             -1.59817e-51
b.xu121.bcmd#branch                          0
b.xu121.breq#branch                          0
b.xu121.bneg#branch                          0
b.xu121.bref#branch                          0
b.xu121.bactive#branch                       0
ballow#branch                                0
bpvalid#branch                               0
lhold#branch                       6.63812e-85
lbranch#branch                    -5.84222e-85
l151#branch                        1.31683e-84
l121#branch                        8.40925e-42
lcable#branch                      2.36486e-53
vr165#branch                       -5.4803e-90
vsnsbase#branch                    -5.3689e-85
vload#branch                                 0
vr158#branch                      -5.84222e-85
vpass#branch                                 0
vlogic#branch                           -8e-12
vbat#branch                       -2.36486e-53

 Reference value :  9.10217e-03
 Reference value :  2.09382e-02
 Reference value :  3.33302e-02
 Reference value :  4.31116e-02
 Reference value :  5.23695e-02
 Reference value :  6.20655e-02
 Reference value :  7.10944e-02
 Reference value :  7.93984e-02
 Reference value :  8.80013e-02
 Reference value :  9.74493e-02
 Reference value :  1.07317e-01
 Reference value :  1.16811e-01
 Reference value :  1.26237e-01
 Reference value :  1.35517e-01
 Reference value :  1.43467e-01
 Reference value :  1.50852e-01
 Reference value :  1.59759e-01
 Reference value :  1.68846e-01
 Reference value :  1.78716e-01
 Reference value :  1.88509e-01
 Reference value :  1.98125e-01
No. of Data Rows : 101416
I32_FINISHED
ngspice-42 done
