Using SPARSE 1.3 as Direct Linear Solver
Note: Starting dynamic gmin stepping
Warning: Dynamic gmin stepping failed
Note: Starting true gmin stepping
Warning: True gmin stepping failed
Note: Starting source stepping
Warning: singular matrix:  check node pgdelay

Warning: singular matrix:  check node pgdelay

Warning: source stepping failed
Note: Transient op started
Note: Transient op finished successfully

Note: No compatibility mode selected!


Circuit: i32 exploratory network alternative; not manufacturer u151 model

Doing analysis at TEMP = 27.000000 and TNOM = 27.000000


Initial Transient Solution
--------------------------

Node                                   Voltage
----                                   -------
bat                                          0
cable_r                            7.01153e-55
raw_12v                            6.37265e-53
fused_12v                           6.4077e-53
rev_blocked_12v                    5.72699e-42
protect_ctrl_vin                  -4.28025e-42
protected_12v                      5.07475e-42
input_uv                           3.79851e-43
input_ov                           1.43175e-43
input_shdn                        -4.28025e-42
one                                          1
uv_ok                                    1e-09
ov_bad                                   1e-09
pvalid                                       0
ptimer                                       0
allow                                        0
allow_d                                      0
input_gate_drive                    -2.834e-35
input_gate                          -2.834e-35
input_gate_slew                   -2.83401e-35
qsrc                               5.07511e-42
buck_feed                          5.07468e-42
vin5                               5.06778e-42
en5                                1.04892e-42
on5                                      1e-09
xu121.age                                    0
xu121.active                                 0
xu121.ref                                    0
xu121.neg                                    0
xu121.req                          -1.3651e-41
fb5                                4.26592e-43
xu121.integral                               0
xu121.cmd                                    0
xu121.command                                0
xu121.drive                                  0
source5                           -4.39134e-43
xu121.active_f                               0
xu121.sense                       -4.82175e-40
sw5                               -4.82175e-40
winding5                          -6.10394e-44
c127r                              5.02244e-45
c128r                              5.02244e-45
ripple5                            9.39665e-44
rail5                             -4.44165e-43
feediso                           -4.44176e-43
good5                                    1e-09
iso_en_pin                        -7.79236e-44
gooddelay                           6.6967e-11
ageiso                                       0
switchon                                     0
slewiso                                      0
feedpass                          -4.44176e-43
vin                                1.21498e-79
snsiso                             1.64111e-80
localgood                                1e-09
snsfiltered                        7.50022e-10
snsprev                            7.09797e-10
snsevent                                     0
restartage                               1e-05
pgwant                                       0
pgdelay                                      0
en151                             -3.97513e-43
enable_ctrl                              1e-09
c151_esr                           8.63261e-84
enable                                   1e-09
xu151.age                                    0
xu151.active                                 0
xu151.ref                                    0
xu151.neg                                    0
xu151.req                          3.39361e-82
fb                                -4.71335e-83
xu151.integral                               0
xu151.cmd                                    0
xu151.command                                0
xu151.drive                                  0
source                             -1.5701e-82
xu151.active_f                               0
xu151.sense                        6.21551e-81
sw                                 6.21551e-81
winding                           -1.58996e-82
c155_esr                          -8.53799e-86
c156_esr                          -8.53799e-86
c157_esr                          -8.53799e-86
c158_esr                           3.42534e-88
main                              -1.56835e-82
c201_esr                           -3.0098e-88
c204_esr                           -3.0098e-88
c202_esr                          -5.16184e-90
c205_esr                          -5.16184e-90
c301_esr                          -5.16184e-90
c302_esr                          -4.93099e-89
c404_esr                          -5.16184e-90
c531_esr                          -5.16184e-90
branch_sense                      -1.56835e-82
branch_l                          -1.56839e-82
branch_r                          -1.56838e-82
damped                            -1.56843e-82
c206_esr                           1.59105e-87
main_feed                         -1.57008e-82
main_l                            -1.56995e-82
requested                                 0.45
ready                                        0
valid                                    1e-09
timer                                        0
reset_ctl                                    1
reset_raw                         -5.50297e-84
en                                -1.92604e-83
disg                               1.14339e-79
disfeed                            -1.5701e-82
disdrain                          -1.57011e-82
hold_l                             1.21756e-79
hold_bus                           1.21691e-79
c162                               1.21727e-79
c163                               1.21727e-79
c164                               1.21727e-79
breset#branch                                0
bready#branch                                0
v.xu151.vsense#branch             -1.24311e-92
b.xu151.bdrive#branch              6.21551e-93
b.xu151.bcmd#branch                          0
b.xu151.breq#branch                          0
b.xu151.bneg#branch                          0
b.xu151.bref#branch                          0
b.xu151.bactive#branch                       0
bpgwant#branch                               0
bswitchon#branch                             0
bsnsevent#branch                             0
bvslew#branch                                0
v.xu121.vsense#branch               9.6435e-52
b.xu121.bdrive#branch             -4.82175e-52
b.xu121.bcmd#branch                          0
b.xu121.breq#branch                          0
b.xu121.bneg#branch                          0
b.xu121.bref#branch                          0
b.xu121.bactive#branch                       0
ballow#branch                                0
bpvalid#branch                               0
lhold#branch                      -4.29947e-81
lmainfeed#branch                  -1.74658e-85
lbranch#branch                     6.36421e-86
l151#branch                       -2.57637e-83
l121#branch                        2.02189e-42
lcable#branch                     -7.01153e-54
vr165#branch                       1.80891e-88
vload#branch                                 0
vr158#branch                       6.36421e-86
vpass#branch                      -1.21498e-83
vlogic#branch                           -8e-12
vbat#branch                        7.01153e-54

 Reference value :  5.95017e-03
 Reference value :  1.75562e-02
 Reference value :  2.88462e-02
 Reference value :  3.93869e-02
 Reference value :  4.63858e-02
 Reference value :  5.61575e-02
 Reference value :  6.35683e-02
 Reference value :  7.10630e-02
 Reference value :  7.99590e-02
 Reference value :  8.82568e-02
 Reference value :  9.65628e-02
 Reference value :  1.05029e-01
 Reference value :  1.14673e-01
 Reference value :  1.24463e-01
 Reference value :  1.32661e-01
 Reference value :  1.42651e-01
 Reference value :  1.52339e-01
 Reference value :  1.60698e-01
 Reference value :  1.69794e-01
 Reference value :  1.78293e-01
 Reference value :  1.87989e-01
 Reference value :  1.96945e-01
No. of Data Rows : 100681
I32_FINISHED
ngspice-42 done
