Using SPARSE 1.3 as Direct Linear Solver
Note: Starting dynamic gmin stepping
Warning: Dynamic gmin stepping failed
Note: Starting true gmin stepping
Warning: True gmin stepping failed
Note: Starting source stepping
Warning: singular matrix:  check node snsprev

Warning: singular matrix:  check node snsprev

Warning: source stepping failed
Note: Transient op started
Note: Transient op finished successfully

Note: No compatibility mode selected!


Circuit: i32 exploratory network alternative; not manufacturer u151 model

Doing analysis at TEMP = 27.000000 and TNOM = 27.000000


Initial Transient Solution
--------------------------

Node                                   Voltage
----                                   -------
bat                                          0
cable_r                            2.03966e-55
raw_12v                            2.93354e-52
fused_12v                          2.93456e-52
rev_blocked_12v                    5.60651e-42
protect_ctrl_vin                  -4.20557e-42
protected_12v                      4.96687e-42
input_uv                            3.7186e-43
input_ov                           1.40163e-43
input_shdn                        -4.20556e-42
one                                          1
uv_ok                                    1e-09
ov_bad                                   1e-09
pvalid                                       0
ptimer                                       0
allow                                        0
allow_d                                      0
input_gate_drive                  -2.77862e-35
input_gate                        -2.77862e-35
input_gate_slew                   -2.77863e-35
qsrc                               4.96722e-42
buck_feed                          4.96671e-42
vin5                               4.95223e-42
en5                                  1.025e-42
on5                                      1e-09
xu121.age                                    0
xu121.active                                 0
xu121.ref                                    0
xu121.neg                                    0
xu121.req                         -3.16069e-41
fb5                                9.87717e-43
xu121.integral                               0
xu121.cmd                                    0
xu121.command                                0
xu121.drive                                  0
source5                            2.16187e-45
xu121.active_f                               0
xu121.sense                        -6.2057e-40
sw5                                -6.2057e-40
winding5                           8.35956e-43
c127r                              7.42194e-45
c128r                              7.42194e-45
ripple5                            9.87673e-43
rail5                             -5.29406e-45
feediso                            -5.3278e-45
good5                                    1e-09
iso_en_pin                        -9.30929e-46
gooddelay                           6.6967e-11
ageiso                                       0
switchon                                     0
slewiso                                      0
feedpass                           -5.3278e-45
vin                               -1.73103e-92
snsiso                            -2.36406e-93
localgood                                1e-09
snsfiltered                        7.50022e-10
snsprev                            7.09797e-10
snsevent                                     0
restartage                               1e-05
pgwant                                       0
pgdelay                                      0
en151                             -7.15447e-45
actual_en151                      -3.41277e-45
enable_ctrl                              1e-09
c151_esr                          -3.47307e-98
enable                                   1e-09
xu151.age                                    0
xu151.active                                 0
xu151.ref                                    0
xu151.neg                                    0
xu151.req                         -9.54893e-93
fb                                  6.6312e-94
xu151.integral                               0
xu151.cmd                                    0
xu151.command                                0
xu151.drive                                  0
source                             2.21259e-93
xu151.active_f                               0
xu151.sense                        7.64974e-94
sw                                 7.64974e-94
winding                            2.21336e-93
c155_esr                           1.75866e-98
c156_esr                           1.75866e-98
c157_esr                           1.75866e-98
c158_esr                         -2.41582e-100
main                               2.21246e-93
c201_esr                          -8.27062e-99
c204_esr                          -8.27062e-99
c202_esr                         -2.94134e-101
c205_esr                         -2.94134e-101
c301_esr                         -2.94134e-101
c302_esr                         -2.94188e-100
c404_esr                         -2.94134e-101
c531_esr                         -2.94134e-101
branch_sense                       2.21246e-93
branch_l                           2.21246e-93
branch_r                           2.21246e-93
bulksw_out                                   0
damped                                       0
c206_esr                                     0
main_feed                          2.21257e-93
main_l                             2.21247e-93
requested                                 0.45
ready                                        0
valid                                    1e-09
timer                                        0
reset_ctl                                    1
reset_raw                          7.76301e-95
en                                 2.71705e-94
disg                              -1.73104e-92
disfeed                            2.21259e-93
disdrain                           2.21259e-93
hold_l                            -1.73104e-92
hold_bus                          -1.73103e-92
c162                              -1.73106e-92
bulk_en_in                         2.21246e-93
bulk_en_pin                        5.52936e-94
bulk_want                                1e-09
bulk_enabled                        6.6967e-11
bulk_age                                     0
bulk_slew                                    0
bulk_feed                          2.21246e-93
bulk_localcap                      2.21246e-93
bbulk_slew#branch                            0
breset#branch                                0
bready#branch                                0
v.xu151.vsense#branch            -1.52995e-105
b.xu151.bdrive#branch             7.64974e-106
b.xu151.bcmd#branch                          0
b.xu151.breq#branch                          0
b.xu151.bneg#branch                          0
b.xu151.bref#branch                          0
b.xu151.bactive#branch                       0
bpgwant#branch                               0
bswitchon#branch                             0
bsnsevent#branch                             0
bvslew#branch                                0
v.xu121.vsense#branch              1.24114e-51
b.xu121.bdrive#branch              -6.2057e-52
b.xu121.bcmd#branch                          0
b.xu121.breq#branch                          0
b.xu121.bneg#branch                          0
b.xu121.bref#branch                          0
b.xu121.bactive#branch                       0
ballow#branch                                0
bpvalid#branch                               0
lhold#branch                        2.2687e-96
lmainfeed#branch                   1.34115e-96
lbranch#branch                    -2.98573e-98
l151#branch                        6.72424e-96
l121#branch                        2.98997e-42
lcable#branch                     -2.03966e-54
vbulkpass#branch                             0
vr165#branch                     -5.44727e-101
vload#branch                                 0
vr158#branch                      -2.98573e-98
vpass#branch                                 0
vlogic#branch                           -9e-12
vbat#branch                        2.03966e-54

 Reference value :  9.03217e-03
 Reference value :  2.03542e-02
 Reference value :  3.03862e-02
 Reference value :  3.97319e-02
 Reference value :  4.94465e-02
 Reference value :  5.89005e-02
 Reference value :  6.58685e-02
 Reference value :  7.28225e-02
 Reference value :  8.21005e-02
 Reference value :  9.11566e-02
 Reference value :  1.00605e-01
 Reference value :  1.09266e-01
 Reference value :  1.15972e-01
 Reference value :  1.22626e-01
 Reference value :  1.29492e-01
 Reference value :  1.36306e-01
 Reference value :  1.44390e-01
 Reference value :  1.52688e-01
 Reference value :  1.60996e-01
 Reference value :  1.69522e-01
 Reference value :  1.77938e-01
 Reference value :  1.86482e-01
 Reference value :  1.94308e-01
 Reference value :  2.02506e-01
 Reference value :  2.10134e-01
 Reference value :  2.18434e-01
 Reference value :  2.26650e-01
 Reference value :  2.35254e-01
 Reference value :  2.43722e-01
 Reference value :  2.51860e-01
 Reference value :  2.60600e-01
 Reference value :  2.69322e-01
 Reference value :  2.77514e-01
 Reference value :  2.85884e-01
 Reference value :  2.94322e-01
 Reference value :  3.01825e-01
 Reference value :  3.10301e-01
 Reference value :  3.18911e-01
 Reference value :  3.25369e-01
 Reference value :  3.33839e-01
 Reference value :  3.42683e-01
 Reference value :  3.50433e-01
 Reference value :  3.57633e-01
 Reference value :  3.64563e-01
 Reference value :  3.71727e-01
 Reference value :  3.79021e-01
 Reference value :  3.85251e-01
 Reference value :  3.91033e-01
 Reference value :  3.97691e-01
 Reference value :  4.06485e-01
 Reference value :  4.15601e-01
 Reference value :  4.24573e-01
 Reference value :  4.32507e-01
 Reference value :  4.41389e-01
 Reference value :  4.49935e-01
 Reference value :  4.57031e-01
 Reference value :  4.65863e-01
 Reference value :  4.74927e-01
 Reference value :  4.81356e-01
 Reference value :  4.88944e-01
 Reference value :  4.98556e-01
 Reference value :  5.09350e-01
 Reference value :  5.19808e-01
 Reference value :  5.27246e-01
 Reference value :  5.35080e-01
 Reference value :  5.44794e-01
 Reference value :  5.51819e-01
 Reference value :  5.58735e-01
 Reference value :  5.66087e-01
 Reference value :  5.73249e-01
 Reference value :  5.82685e-01
 Reference value :  5.93053e-01
 Reference value :  6.02397e-01
 Reference value :  6.12163e-01
 Reference value :  6.22747e-01
 Reference value :  6.31029e-01
 Reference value :  6.40875e-01
 Reference value :  6.51511e-01
 Reference value :  6.60057e-01
 Reference value :  6.68325e-01
 Reference value :  6.79113e-01
 Reference value :  6.88949e-01
 Reference value :  6.98733e-01
 Reference value :  7.06835e-01
 Reference value :  7.17857e-01
 Reference value :  7.28945e-01
 Reference value :  7.39293e-01
 Reference value :  7.47587e-01
 Reference value :  7.57867e-01
 Reference value :  7.67223e-01
 Reference value :  7.77661e-01
 Reference value :  7.87699e-01
 Reference value :  7.98101e-01
 Reference value :  8.07783e-01
 Reference value :  8.18217e-01
 Reference value :  8.27765e-01
 Reference value :  8.38351e-01
 Reference value :  8.48175e-01
 Reference value :  8.59254e-01
 Reference value :  8.70174e-01
 Reference value :  8.81208e-01
 Reference value :  8.90477e-01
 Reference value :  8.99279e-01
 Reference value :  9.07295e-01
 Reference value :  9.16629e-01
 Reference value :  9.26241e-01
 Reference value :  9.35857e-01
 Reference value :  9.43647e-01
 Reference value :  9.52198e-01
 Reference value :  9.61180e-01
 Reference value :  9.67998e-01
 Reference value :  9.75493e-01
 Reference value :  9.84003e-01
 Reference value :  9.91573e-01
 Reference value :  1.00014e+00
 Reference value :  1.00895e+00
 Reference value :  1.01791e+00
 Reference value :  1.02493e+00
 Reference value :  1.03307e+00
 Reference value :  1.04162e+00
 Reference value :  1.05002e+00
 Reference value :  1.05831e+00
 Reference value :  1.06630e+00
 Reference value :  1.07414e+00
 Reference value :  1.08294e+00
 Reference value :  1.09157e+00
 Reference value :  1.10034e+00
 Reference value :  1.10823e+00
 Reference value :  1.11701e+00
 Reference value :  1.12525e+00
 Reference value :  1.13412e+00
 Reference value :  1.14297e+00
 Reference value :  1.15186e+00
 Reference value :  1.15846e+00
 Reference value :  1.16629e+00
 Reference value :  1.17371e+00
 Reference value :  1.18256e+00
 Reference value :  1.19137e+00
 Reference value :  1.20028e+00
 Reference value :  1.20919e+00
 Reference value :  1.21803e+00
 Reference value :  1.22679e+00
 Reference value :  1.23577e+00
 Reference value :  1.24469e+00
 Reference value :  1.25386e+00
 Reference value :  1.26272e+00
 Reference value :  1.27163e+00
 Reference value :  1.28066e+00
 Reference value :  1.28959e+00
 Reference value :  1.29811e+00
 Reference value :  1.30633e+00
 Reference value :  1.31443e+00
 Reference value :  1.32304e+00
 Reference value :  1.33172e+00
 Reference value :  1.34056e+00
 Reference value :  1.34957e+00
 Reference value :  1.35857e+00
 Reference value :  1.36741e+00
 Reference value :  1.37496e+00
 Reference value :  1.38286e+00
 Reference value :  1.39165e+00
No. of Data Rows : 702302
I32_FINISHED
ngspice-42 done
