Using SPARSE 1.3 as Direct Linear Solver
Note: Starting dynamic gmin stepping
Warning: Dynamic gmin stepping failed
Note: Starting true gmin stepping
Warning: True gmin stepping failed
Note: Starting source stepping
Warning: singular matrix:  check node snsprev

Warning: singular matrix:  check node snsprev

Warning: source stepping failed
Note: Transient op started
Note: Transient op finished successfully

Note: No compatibility mode selected!


Circuit: i32 exploratory network alternative; not manufacturer u151 model

Doing analysis at TEMP = 27.000000 and TNOM = 27.000000


Initial Transient Solution
--------------------------

Node                                   Voltage
----                                   -------
bat                                          0
cable_r                            2.03966e-55
raw_12v                            2.93354e-52
fused_12v                          2.93456e-52
rev_blocked_12v                    5.60651e-42
protect_ctrl_vin                  -4.20557e-42
protected_12v                      4.96687e-42
input_uv                            3.7186e-43
input_ov                           1.40163e-43
input_shdn                        -4.20556e-42
one                                          1
uv_ok                                    1e-09
ov_bad                                   1e-09
pvalid                                       0
ptimer                                       0
allow                                        0
allow_d                                      0
input_gate_drive                  -2.77862e-35
input_gate                        -2.77862e-35
input_gate_slew                   -2.77863e-35
qsrc                               4.96722e-42
buck_feed                          4.96671e-42
vin5                               4.95223e-42
en5                                  1.025e-42
on5                                      1e-09
xu121.age                                    0
xu121.active                                 0
xu121.ref                                    0
xu121.neg                                    0
xu121.req                         -3.16069e-41
fb5                                9.87717e-43
xu121.integral                               0
xu121.cmd                                    0
xu121.command                                0
xu121.drive                                  0
source5                            2.16187e-45
xu121.active_f                               0
xu121.sense                        -6.2057e-40
sw5                                -6.2057e-40
winding5                           8.35956e-43
c127r                              7.42194e-45
c128r                              7.42194e-45
ripple5                            9.87673e-43
rail5                             -5.29406e-45
feediso                            -5.3278e-45
good5                                    1e-09
iso_en_pin                        -9.30929e-46
gooddelay                           6.6967e-11
ageiso                                       0
switchon                                     0
slewiso                                      0
feedpass                           -5.3278e-45
vin                                1.08933e-92
snsiso                             1.48782e-93
localgood                                1e-09
snsfiltered                        7.50022e-10
snsprev                            7.09797e-10
snsevent                                     0
restartage                               1e-05
pgwant                                       0
pgdelay                                      0
en151                             -7.15447e-45
actual_en151                      -3.45946e-45
enable_ctrl                              1e-09
c151_esr                            1.2021e-97
enable                                   1e-09
xu151.age                                    0
xu151.active                                 0
xu151.ref                                    0
xu151.neg                                    0
xu151.req                          6.02007e-93
fb                                -4.18061e-94
xu151.integral                               0
xu151.cmd                                    0
xu151.command                                0
xu151.drive                                  0
source                            -1.39492e-93
xu151.active_f                               0
xu151.sense                       -1.70264e-93
sw                                -1.70264e-93
winding                           -1.39843e-93
c155_esr                          -9.81941e-98
c156_esr                          -9.81941e-98
c157_esr                          -9.81941e-98
c158_esr                         -4.64309e-100
main                              -1.39472e-93
c201_esr                            4.1129e-99
c204_esr                            4.1129e-99
c202_esr                          1.30549e-101
c205_esr                          1.30549e-101
c301_esr                          1.30549e-101
c302_esr                          1.32317e-100
c404_esr                          1.30549e-101
c531_esr                          1.30549e-101
branch_sense                      -1.39472e-93
branch_l                          -1.39472e-93
branch_r                          -1.39472e-93
bulksw_out                                   0
damped                                       0
c206_esr                                     0
main_feed                         -1.39491e-93
main_l                            -1.39483e-93
requested                                 0.45
ready                                        0
valid                                    1e-09
timer                                        0
reset_ctl                                    1
reset_raw                         -4.89374e-95
en                                -1.71281e-94
disg                               1.02557e-92
disfeed                           -1.39492e-93
disdrain                          -1.39492e-93
hold_l                             1.08994e-92
hold_bus                           1.08981e-92
c162                               1.09084e-92
bulk_en_in                        -1.39472e-93
bulk_en_pin                       -3.48541e-94
bulk_want                                1e-09
bulk_enabled                        6.6967e-11
bulk_age                                     0
bulk_slew                                    0
bulk_feed                         -1.39472e-93
bulk_localcap                     -1.39472e-93
bbulk_slew#branch                            0
breset#branch                                0
bready#branch                                0
v.xu151.vsense#branch             3.40528e-105
b.xu151.bdrive#branch            -1.70264e-105
b.xu151.bcmd#branch                          0
b.xu151.breq#branch                          0
b.xu151.bneg#branch                          0
b.xu151.bref#branch                          0
b.xu151.bactive#branch                       0
bpgwant#branch                               0
bswitchon#branch                             0
bsnsevent#branch                             0
bvslew#branch                                0
v.xu121.vsense#branch              1.24114e-51
b.xu121.bdrive#branch              -6.2057e-52
b.xu121.bcmd#branch                          0
b.xu121.breq#branch                          0
b.xu121.bneg#branch                          0
b.xu121.bref#branch                          0
b.xu121.bactive#branch                       0
ballow#branch                                0
bpvalid#branch                               0
lhold#branch                      -1.02223e-94
lmainfeed#branch                  -1.00788e-96
lbranch#branch                     1.48906e-98
l151#branch                       -3.05952e-95
l121#branch                        2.98997e-42
lcable#branch                     -2.03966e-54
vbulkpass#branch                             0
vr165#branch                      8.42511e-101
vload#branch                                 0
vr158#branch                       1.48906e-98
vpass#branch                      -1.08933e-96
vlogic#branch                           -9e-12
vbat#branch                        2.03966e-54

 Reference value :  8.96017e-03
 Reference value :  2.01602e-02
 Reference value :  3.08542e-02
 Reference value :  3.96517e-02
 Reference value :  4.87125e-02
 Reference value :  5.30885e-02
 Reference value :  6.13465e-02
 Reference value :  7.06625e-02
 Reference value :  8.04785e-02
 Reference value :  8.99567e-02
 Reference value :  9.91287e-02
 Reference value :  1.08503e-01
 Reference value :  1.17624e-01
 Reference value :  1.23653e-01
 Reference value :  1.29173e-01
 Reference value :  1.35525e-01
 Reference value :  1.43091e-01
 Reference value :  1.48465e-01
 Reference value :  1.55393e-01
 Reference value :  1.63847e-01
 Reference value :  1.71865e-01
 Reference value :  1.78905e-01
 Reference value :  1.85461e-01
 Reference value :  1.93065e-01
 Reference value :  2.00839e-01
 Reference value :  2.08617e-01
 Reference value :  2.16557e-01
 Reference value :  2.22841e-01
 Reference value :  2.30963e-01
 Reference value :  2.39699e-01
 Reference value :  2.47237e-01
 Reference value :  2.55871e-01
 Reference value :  2.64477e-01
 Reference value :  2.73443e-01
 Reference value :  2.81705e-01
 Reference value :  2.90537e-01
 Reference value :  2.99281e-01
 Reference value :  3.08114e-01
 Reference value :  3.16684e-01
 Reference value :  3.25502e-01
 Reference value :  3.33432e-01
 Reference value :  3.42016e-01
 Reference value :  3.50750e-01
 Reference value :  3.59696e-01
 Reference value :  3.68230e-01
 Reference value :  3.76314e-01
 Reference value :  3.84904e-01
 Reference value :  3.93616e-01
 Reference value :  4.02102e-01
 Reference value :  4.10700e-01
 Reference value :  4.19234e-01
 Reference value :  4.28096e-01
 Reference value :  4.36746e-01
 Reference value :  4.45460e-01
 Reference value :  4.53403e-01
 Reference value :  4.61807e-01
 Reference value :  4.70055e-01
 Reference value :  4.77157e-01
 Reference value :  4.83296e-01
 Reference value :  4.92943e-01
 Reference value :  5.03425e-01
 Reference value :  5.13951e-01
 Reference value :  5.23699e-01
 Reference value :  5.33845e-01
 Reference value :  5.44625e-01
 Reference value :  5.55603e-01
 Reference value :  5.66603e-01
 Reference value :  5.77555e-01
 Reference value :  5.88469e-01
 Reference value :  5.99831e-01
 Reference value :  6.11139e-01
 Reference value :  6.22129e-01
 Reference value :  6.31441e-01
 Reference value :  6.42289e-01
 Reference value :  6.53273e-01
 Reference value :  6.64283e-01
 Reference value :  6.75259e-01
 Reference value :  6.86371e-01
 Reference value :  6.97527e-01
 Reference value :  7.08689e-01
 Reference value :  7.19491e-01
 Reference value :  7.30695e-01
 Reference value :  7.41663e-01
 Reference value :  7.52707e-01
 Reference value :  7.63717e-01
 Reference value :  7.74837e-01
 Reference value :  7.85839e-01
 Reference value :  7.96853e-01
 Reference value :  8.08049e-01
 Reference value :  8.19155e-01
 Reference value :  8.30347e-01
 Reference value :  8.41285e-01
 Reference value :  8.52234e-01
 Reference value :  8.63306e-01
 Reference value :  8.73950e-01
 Reference value :  8.84237e-01
 Reference value :  8.93691e-01
 Reference value :  9.03509e-01
 Reference value :  9.13025e-01
 Reference value :  9.22281e-01
 Reference value :  9.31525e-01
 Reference value :  9.41342e-01
 Reference value :  9.51270e-01
 Reference value :  9.60702e-01
 Reference value :  9.67801e-01
 Reference value :  9.76009e-01
 Reference value :  9.84935e-01
 Reference value :  9.93241e-01
 Reference value :  1.00124e+00
 Reference value :  1.00802e+00
 Reference value :  1.01698e+00
 Reference value :  1.02344e+00
 Reference value :  1.03253e+00
 Reference value :  1.04167e+00
 Reference value :  1.05082e+00
 Reference value :  1.05966e+00
 Reference value :  1.06766e+00
 Reference value :  1.07589e+00
 Reference value :  1.08466e+00
 Reference value :  1.09339e+00
 Reference value :  1.10233e+00
 Reference value :  1.11125e+00
 Reference value :  1.12045e+00
 Reference value :  1.12937e+00
 Reference value :  1.13850e+00
 Reference value :  1.14759e+00
 Reference value :  1.15683e+00
 Reference value :  1.16589e+00
 Reference value :  1.17450e+00
 Reference value :  1.18184e+00
 Reference value :  1.18668e+00
 Reference value :  1.19509e+00
 Reference value :  1.20358e+00
 Reference value :  1.21215e+00
 Reference value :  1.21817e+00
 Reference value :  1.22518e+00
 Reference value :  1.23294e+00
 Reference value :  1.24096e+00
 Reference value :  1.24698e+00
 Reference value :  1.25273e+00
 Reference value :  1.26089e+00
 Reference value :  1.26943e+00
 Reference value :  1.27689e+00
 Reference value :  1.28525e+00
 Reference value :  1.29366e+00
 Reference value :  1.30199e+00
 Reference value :  1.30912e+00
 Reference value :  1.31668e+00
 Reference value :  1.32578e+00
 Reference value :  1.33416e+00
 Reference value :  1.34154e+00
 Reference value :  1.34835e+00
 Reference value :  1.35413e+00
 Reference value :  1.36262e+00
 Reference value :  1.37002e+00
 Reference value :  1.37851e+00
 Reference value :  1.38762e+00
 Reference value :  1.39576e+00
No. of Data Rows : 702155
I32_FINISHED
ngspice-42 done
