Using SPARSE 1.3 as Direct Linear Solver
Note: Starting dynamic gmin stepping
Warning: Dynamic gmin stepping failed
Note: Starting true gmin stepping
Warning: True gmin stepping failed
Note: Starting source stepping
Warning: singular matrix:  check node snsprev

Warning: singular matrix:  check node snsprev

Warning: source stepping failed
Note: Transient op started
Note: Transient op finished successfully

Note: No compatibility mode selected!


Circuit: i32 exploratory network alternative; not manufacturer u151 model

Doing analysis at TEMP = 27.000000 and TNOM = 27.000000


Initial Transient Solution
--------------------------

Node                                   Voltage
----                                   -------
bat                                          0
cable_r                            2.03966e-55
raw_12v                            2.93354e-52
fused_12v                          2.93456e-52
rev_blocked_12v                    5.60651e-42
protect_ctrl_vin                  -4.20557e-42
protected_12v                      4.96687e-42
input_uv                            3.7186e-43
input_ov                           1.40163e-43
input_shdn                        -4.20556e-42
one                                          1
uv_ok                                    1e-09
ov_bad                                   1e-09
pvalid                                       0
ptimer                                       0
allow                                        0
allow_d                                      0
input_gate_drive                  -2.77862e-35
input_gate                        -2.77862e-35
input_gate_slew                   -2.77863e-35
qsrc                               4.96722e-42
buck_feed                          4.96671e-42
vin5                               4.95223e-42
en5                                  1.025e-42
on5                                      1e-09
xu121.age                                    0
xu121.active                                 0
xu121.ref                                    0
xu121.neg                                    0
xu121.req                         -3.16069e-41
fb5                                9.87717e-43
xu121.integral                               0
xu121.cmd                                    0
xu121.command                                0
xu121.drive                                  0
source5                            2.16187e-45
xu121.active_f                               0
xu121.sense                        -6.2057e-40
sw5                                -6.2057e-40
winding5                           8.35956e-43
c127r                              7.42194e-45
c128r                              7.42194e-45
ripple5                            9.87673e-43
rail5                             -5.29406e-45
feediso                            -5.3278e-45
good5                                    1e-09
iso_en_pin                        -9.30929e-46
gooddelay                           6.6967e-11
ageiso                                       0
switchon                                     0
slewiso                                      0
feedpass                           -5.3278e-45
vin                                1.08933e-92
snsiso                             1.48782e-93
localgood                                1e-09
snsfiltered                        7.50022e-10
snsprev                            7.09797e-10
snsevent                                     0
restartage                               1e-05
pgwant                                       0
pgdelay                                      0
en151                             -7.15447e-45
actual_en151                      -3.45946e-45
enable_ctrl                              1e-09
c151_esr                            1.2021e-97
enable                                   1e-09
xu151.age                                    0
xu151.active                                 0
xu151.ref                                    0
xu151.neg                                    0
xu151.req                          6.02007e-93
fb                                -4.18061e-94
xu151.integral                               0
xu151.cmd                                    0
xu151.command                                0
xu151.drive                                  0
source                            -1.39492e-93
xu151.active_f                               0
xu151.sense                       -1.70264e-93
sw                                -1.70264e-93
winding                           -1.39843e-93
c155_esr                          -9.81941e-98
c156_esr                          -9.81941e-98
c157_esr                          -9.81941e-98
c158_esr                         -4.64309e-100
main                              -1.39472e-93
c201_esr                            4.1129e-99
c204_esr                            4.1129e-99
c202_esr                          1.30549e-101
c205_esr                          1.30549e-101
c301_esr                          1.30549e-101
c302_esr                          1.32317e-100
c404_esr                          1.30549e-101
c531_esr                          1.30549e-101
branch_sense                      -1.39472e-93
branch_l                          -1.39472e-93
branch_r                          -1.39472e-93
bulksw_out                                   0
damped                                       0
c206_esr                                     0
main_feed                         -1.39491e-93
main_l                            -1.39483e-93
requested                                 0.45
ready                                        0
valid                                    1e-09
timer                                        0
reset_ctl                                    1
reset_raw                         -4.89374e-95
en                                -1.71281e-94
disg                               1.02557e-92
disfeed                           -1.39492e-93
disdrain                          -1.39492e-93
hold_l                             1.08994e-92
hold_bus                           1.08981e-92
c162                               1.09084e-92
bulk_en_in                        -1.39472e-93
bulk_en_pin                       -3.48541e-94
bulk_want                                1e-09
bulk_enabled                        6.6967e-11
bulk_age                                     0
bulk_slew                                    0
bulk_feed                         -1.39472e-93
bulk_localcap                     -1.39472e-93
bbulk_slew#branch                            0
breset#branch                                0
bready#branch                                0
v.xu151.vsense#branch             3.40528e-105
b.xu151.bdrive#branch            -1.70264e-105
b.xu151.bcmd#branch                          0
b.xu151.breq#branch                          0
b.xu151.bneg#branch                          0
b.xu151.bref#branch                          0
b.xu151.bactive#branch                       0
bpgwant#branch                               0
bswitchon#branch                             0
bsnsevent#branch                             0
bvslew#branch                                0
v.xu121.vsense#branch              1.24114e-51
b.xu121.bdrive#branch              -6.2057e-52
b.xu121.bcmd#branch                          0
b.xu121.breq#branch                          0
b.xu121.bneg#branch                          0
b.xu121.bref#branch                          0
b.xu121.bactive#branch                       0
ballow#branch                                0
bpvalid#branch                               0
lhold#branch                      -1.02223e-94
lmainfeed#branch                  -1.00788e-96
lbranch#branch                     1.48906e-98
l151#branch                       -3.05952e-95
l121#branch                        2.98997e-42
lcable#branch                     -2.03966e-54
vbulkpass#branch                             0
vr165#branch                      8.42511e-101
vload#branch                                 0
vr158#branch                       1.48906e-98
vpass#branch                      -1.08933e-96
vlogic#branch                           -9e-12
vbat#branch                        2.03966e-54

 Reference value :  8.39617e-03
 Reference value :  1.94862e-02
 Reference value :  2.63522e-02
 Reference value :  3.62031e-02
 Reference value :  4.40321e-02
 Reference value :  5.27261e-02
 Reference value :  6.12501e-02
 Reference value :  6.96201e-02
 Reference value :  7.65241e-02
 Reference value :  8.59941e-02
 Reference value :  9.21612e-02
 Reference value :  1.00905e-01
 Reference value :  1.08941e-01
 Reference value :  1.18361e-01
 Reference value :  1.26020e-01
 Reference value :  1.33960e-01
 Reference value :  1.39506e-01
 Reference value :  1.46436e-01
 Reference value :  1.54896e-01
 Reference value :  1.63760e-01
 Reference value :  1.72532e-01
 Reference value :  1.81232e-01
 Reference value :  1.90136e-01
 Reference value :  1.99076e-01
 Reference value :  2.07966e-01
 Reference value :  2.16984e-01
 Reference value :  2.25908e-01
 Reference value :  2.34930e-01
 Reference value :  2.43428e-01
 Reference value :  2.52050e-01
 Reference value :  2.60944e-01
 Reference value :  2.69996e-01
 Reference value :  2.78342e-01
 Reference value :  2.87004e-01
 Reference value :  2.95252e-01
 Reference value :  3.03414e-01
 Reference value :  3.11998e-01
 Reference value :  3.20698e-01
 Reference value :  3.29962e-01
 Reference value :  3.39068e-01
 Reference value :  3.47564e-01
 Reference value :  3.55960e-01
 Reference value :  3.64476e-01
 Reference value :  3.73220e-01
 Reference value :  3.81654e-01
 Reference value :  3.90300e-01
 Reference value :  3.97930e-01
 Reference value :  4.04772e-01
 Reference value :  4.13848e-01
 Reference value :  4.23026e-01
 Reference value :  4.32034e-01
 Reference value :  4.40580e-01
 Reference value :  4.49698e-01
 Reference value :  4.56715e-01
 Reference value :  4.67781e-01
 Reference value :  4.78827e-01
 Reference value :  4.89615e-01
 Reference value :  4.99781e-01
 Reference value :  5.10403e-01
 Reference value :  5.20155e-01
 Reference value :  5.28617e-01
 Reference value :  5.37777e-01
 Reference value :  5.48341e-01
 Reference value :  5.58565e-01
 Reference value :  5.69337e-01
 Reference value :  5.80021e-01
 Reference value :  5.89542e-01
 Reference value :  5.99158e-01
 Reference value :  6.08560e-01
 Reference value :  6.17754e-01
 Reference value :  6.27104e-01
 Reference value :  6.36642e-01
 Reference value :  6.45545e-01
 Reference value :  6.54184e-01
 Reference value :  6.63898e-01
 Reference value :  6.72784e-01
 Reference value :  6.81374e-01
 Reference value :  6.88907e-01
 Reference value :  6.96601e-01
 Reference value :  7.05103e-01
 Reference value :  7.13465e-01
 Reference value :  7.21785e-01
 Reference value :  7.30295e-01
 Reference value :  7.37723e-01
 Reference value :  7.46591e-01
 Reference value :  7.55309e-01
 Reference value :  7.64387e-01
 Reference value :  7.73551e-01
 Reference value :  7.82093e-01
 Reference value :  7.90001e-01
 Reference value :  7.98173e-01
 Reference value :  8.07161e-01
 Reference value :  8.15867e-01
 Reference value :  8.24737e-01
 Reference value :  8.33465e-01
 Reference value :  8.42257e-01
 Reference value :  8.51059e-01
 Reference value :  8.59079e-01
 Reference value :  8.67545e-01
 Reference value :  8.76411e-01
 Reference value :  8.83815e-01
 Reference value :  8.92437e-01
 Reference value :  9.01229e-01
 Reference value :  9.10321e-01
 Reference value :  9.19239e-01
 Reference value :  9.28047e-01
 Reference value :  9.36781e-01
 Reference value :  9.45809e-01
 Reference value :  9.53425e-01
 Reference value :  9.62609e-01
 Reference value :  9.71921e-01
 Reference value :  9.81199e-01
 Reference value :  9.90007e-01
 Reference value :  9.97959e-01
 Reference value :  1.00662e+00
 Reference value :  1.01524e+00
 Reference value :  1.02359e+00
 Reference value :  1.03088e+00
 Reference value :  1.04001e+00
 Reference value :  1.04886e+00
 Reference value :  1.05796e+00
 Reference value :  1.06694e+00
 Reference value :  1.07610e+00
 Reference value :  1.08516e+00
 Reference value :  1.09416e+00
No. of Data Rows : 552300
I32_FINISHED
ngspice-42 done
