Using SPARSE 1.3 as Direct Linear Solver
Note: Starting dynamic gmin stepping
Warning: Dynamic gmin stepping failed
Note: Starting true gmin stepping
Warning: True gmin stepping failed
Note: Starting source stepping
Warning: singular matrix:  check node snsprev

Warning: singular matrix:  check node snsprev

Warning: source stepping failed
Note: Transient op started
Note: Transient op finished successfully

Note: No compatibility mode selected!


Circuit: i32 exploratory network alternative; not manufacturer u151 model

Doing analysis at TEMP = 27.000000 and TNOM = 27.000000


Initial Transient Solution
--------------------------

Node                                   Voltage
----                                   -------
bat                                          0
cable_r                            2.03966e-55
raw_12v                            2.93354e-52
fused_12v                          2.93456e-52
rev_blocked_12v                    5.60651e-42
protect_ctrl_vin                  -4.20557e-42
protected_12v                      4.96687e-42
input_uv                            3.7186e-43
input_ov                           1.40163e-43
input_shdn                        -4.20556e-42
one                                          1
uv_ok                                    1e-09
ov_bad                                   1e-09
pvalid                                       0
ptimer                                       0
allow                                        0
allow_d                                      0
input_gate_drive                  -2.77862e-35
input_gate                        -2.77862e-35
input_gate_slew                   -2.77863e-35
qsrc                               4.96722e-42
buck_feed                          4.96671e-42
vin5                               4.95223e-42
en5                                  1.025e-42
on5                                      1e-09
xu121.age                                    0
xu121.active                                 0
xu121.ref                                    0
xu121.neg                                    0
xu121.req                         -3.16069e-41
fb5                                9.87717e-43
xu121.integral                               0
xu121.cmd                                    0
xu121.command                                0
xu121.drive                                  0
source5                            2.16187e-45
xu121.active_f                               0
xu121.sense                        -6.2057e-40
sw5                                -6.2057e-40
winding5                           8.35956e-43
c127r                              7.42194e-45
c128r                              7.42194e-45
ripple5                            9.87673e-43
rail5                             -5.29406e-45
feediso                            -5.3278e-45
good5                                    1e-09
iso_en_pin                        -9.30929e-46
gooddelay                           6.6967e-11
ageiso                                       0
switchon                                     0
slewiso                                      0
feedpass                           -5.3278e-45
vin                                9.14543e-93
snsiso                              1.2491e-93
localgood                                1e-09
snsfiltered                        7.50022e-10
snsprev                            7.09797e-10
snsevent                                     0
restartage                               1e-05
pgwant                                       0
pgdelay                                      0
en151                             -7.15447e-45
actual_en151                      -3.41277e-45
enable_ctrl                              1e-09
c151_esr                           1.00922e-97
enable                                   1e-09
xu151.age                                    0
xu151.active                                 0
xu151.ref                                    0
xu151.neg                                    0
xu151.req                          5.05412e-93
fb                                -3.50981e-94
xu151.integral                               0
xu151.cmd                                    0
xu151.command                                0
xu151.drive                                  0
source                            -1.17109e-93
xu151.active_f                               0
xu151.sense                       -1.42943e-93
sw                                -1.42943e-93
winding                           -1.17405e-93
c155_esr                          -8.24386e-98
c156_esr                          -8.24386e-98
c157_esr                          -8.24386e-98
c158_esr                         -3.89808e-100
main                              -1.17093e-93
c201_esr                           3.45373e-99
c204_esr                           3.45373e-99
c202_esr                          1.09617e-101
c205_esr                          1.09617e-101
c301_esr                          1.09617e-101
c302_esr                            1.111e-100
c404_esr                          1.09617e-101
c531_esr                          1.09617e-101
branch_sense                      -1.17093e-93
branch_l                          -1.17093e-93
branch_r                          -1.17093e-93
bulksw_out                                   0
damped                                       0
c206_esr                                     0
main_feed                         -1.17109e-93
main_l                            -1.17102e-93
requested                                 0.45
ready                                        0
valid                                    1e-09
timer                                        0
reset_ctl                                    1
reset_raw                         -4.10852e-95
en                                -1.43798e-94
disg                               8.61013e-93
disfeed                           -1.17109e-93
disdrain                          -1.17109e-93
hold_l                             9.15058e-93
hold_bus                           9.14951e-93
c162                               9.15809e-93
bulk_en_in                        -1.17093e-93
bulk_en_pin                       -2.92616e-94
bulk_want                                1e-09
bulk_enabled                        6.6967e-11
bulk_age                                     0
bulk_slew                                    0
bulk_feed                         -1.17093e-93
bulk_localcap                     -1.17093e-93
bbulk_slew#branch                            0
breset#branch                                0
bready#branch                                0
v.xu151.vsense#branch             2.85887e-105
b.xu151.bdrive#branch            -1.42943e-105
b.xu151.bcmd#branch                          0
b.xu151.breq#branch                          0
b.xu151.bneg#branch                          0
b.xu151.bref#branch                          0
b.xu151.bactive#branch                       0
bpgwant#branch                               0
bswitchon#branch                             0
bsnsevent#branch                             0
bvslew#branch                                0
v.xu121.vsense#branch              1.24114e-51
b.xu121.bdrive#branch              -6.2057e-52
b.xu121.bcmd#branch                          0
b.xu121.breq#branch                          0
b.xu121.bneg#branch                          0
b.xu121.bref#branch                          0
b.xu121.bactive#branch                       0
ballow#branch                                0
bpvalid#branch                               0
lhold#branch                      -8.58207e-95
lmainfeed#branch                  -8.46146e-97
lbranch#branch                     1.23649e-98
l151#branch                       -2.56861e-95
l121#branch                        2.98997e-42
lcable#branch                     -2.03966e-54
vbulkpass#branch                             0
vr165#branch                      7.08231e-101
vload#branch                                 0
vr158#branch                       1.23649e-98
vpass#branch                      -9.14543e-97
vlogic#branch                           -9e-12
vbat#branch                        2.03966e-54

 Reference value :  9.08417e-03
 Reference value :  1.59202e-02
 Reference value :  2.65302e-02
 Reference value :  3.53071e-02
 Reference value :  4.32540e-02
 Reference value :  5.15640e-02
 Reference value :  6.00840e-02
 Reference value :  6.79540e-02
 Reference value :  7.74860e-02
 Reference value :  8.59060e-02
 Reference value :  9.44499e-02
 Reference value :  1.02816e-01
 Reference value :  1.12087e-01
 Reference value :  1.18039e-01
 Reference value :  1.26029e-01
 Reference value :  1.34325e-01
 Reference value :  1.42719e-01
 Reference value :  1.50901e-01
 Reference value :  1.59497e-01
 Reference value :  1.68565e-01
 Reference value :  1.77577e-01
 Reference value :  1.86771e-01
 Reference value :  1.95901e-01
 Reference value :  2.05095e-01
 Reference value :  2.14207e-01
 Reference value :  2.23375e-01
 Reference value :  2.32367e-01
 Reference value :  2.39385e-01
 Reference value :  2.46645e-01
 Reference value :  2.55197e-01
 Reference value :  2.63589e-01
 Reference value :  2.71805e-01
 Reference value :  2.79899e-01
 Reference value :  2.88867e-01
 Reference value :  2.97877e-01
 Reference value :  3.05881e-01
 Reference value :  3.14843e-01
 Reference value :  3.23833e-01
 Reference value :  3.32287e-01
 Reference value :  3.41195e-01
 Reference value :  3.50267e-01
 Reference value :  3.59475e-01
 Reference value :  3.68447e-01
 Reference value :  3.77267e-01
 Reference value :  3.85729e-01
 Reference value :  3.94093e-01
 Reference value :  4.02663e-01
 Reference value :  4.11397e-01
 Reference value :  4.19375e-01
 Reference value :  4.28351e-01
 Reference value :  4.37039e-01
 Reference value :  4.45635e-01
 Reference value :  4.51340e-01
 Reference value :  4.60296e-01
 Reference value :  4.71554e-01
 Reference value :  4.82732e-01
 Reference value :  4.93720e-01
 Reference value :  5.04992e-01
 Reference value :  5.16102e-01
 Reference value :  5.27176e-01
 Reference value :  5.38144e-01
 Reference value :  5.49436e-01
 Reference value :  5.60600e-01
 Reference value :  5.71726e-01
 Reference value :  5.81510e-01
 Reference value :  5.92948e-01
 Reference value :  6.03878e-01
 Reference value :  6.12874e-01
 Reference value :  6.20296e-01
 Reference value :  6.30828e-01
 Reference value :  6.42160e-01
 Reference value :  6.53102e-01
 Reference value :  6.64348e-01
 Reference value :  6.75166e-01
 Reference value :  6.84610e-01
 Reference value :  6.95562e-01
 Reference value :  7.06392e-01
 Reference value :  7.17376e-01
 Reference value :  7.26886e-01
 Reference value :  7.36292e-01
 Reference value :  7.47612e-01
 Reference value :  7.56896e-01
 Reference value :  7.68154e-01
 Reference value :  7.79522e-01
 Reference value :  7.90978e-01
 Reference value :  8.02432e-01
 Reference value :  8.13886e-01
 Reference value :  8.25196e-01
 Reference value :  8.36660e-01
 Reference value :  8.48142e-01
 Reference value :  8.59443e-01
 Reference value :  8.70779e-01
 Reference value :  8.82187e-01
 Reference value :  8.92379e-01
 Reference value :  9.02467e-01
 Reference value :  9.12377e-01
 Reference value :  9.22579e-01
 Reference value :  9.32780e-01
 Reference value :  9.42812e-01
 Reference value :  9.52601e-01
 Reference value :  9.62757e-01
 Reference value :  9.71275e-01
 Reference value :  9.80535e-01
 Reference value :  9.89763e-01
 Reference value :  9.99049e-01
 Reference value :  1.00830e+00
 Reference value :  1.01748e+00
 Reference value :  1.02669e+00
 Reference value :  1.03599e+00
 Reference value :  1.04531e+00
 Reference value :  1.05463e+00
 Reference value :  1.06389e+00
 Reference value :  1.07306e+00
 Reference value :  1.08231e+00
 Reference value :  1.09125e+00
 Reference value :  1.09970e+00
 Reference value :  1.10784e+00
 Reference value :  1.11616e+00
 Reference value :  1.12540e+00
 Reference value :  1.13449e+00
 Reference value :  1.14350e+00
 Reference value :  1.15247e+00
 Reference value :  1.16171e+00
 Reference value :  1.16930e+00
 Reference value :  1.17745e+00
 Reference value :  1.18642e+00
 Reference value :  1.19449e+00
 Reference value :  1.20331e+00
 Reference value :  1.21003e+00
 Reference value :  1.21869e+00
 Reference value :  1.22748e+00
 Reference value :  1.23585e+00
 Reference value :  1.24465e+00
 Reference value :  1.25390e+00
 Reference value :  1.26304e+00
 Reference value :  1.27225e+00
 Reference value :  1.28125e+00
 Reference value :  1.29042e+00
 Reference value :  1.29964e+00
No. of Data Rows : 652422
I32_FINISHED
ngspice-42 done
