Using SPARSE 1.3 as Direct Linear Solver
Note: Starting dynamic gmin stepping
Warning: Dynamic gmin stepping failed
Note: Starting true gmin stepping
Warning: True gmin stepping failed
Note: Starting source stepping
Warning: singular matrix:  check node snsfiltered

Warning: singular matrix:  check node snsfiltered

Warning: source stepping failed
Note: Transient op started
Note: Transient op finished successfully

Note: No compatibility mode selected!


Circuit: i32 exploratory network alternative; not manufacturer u151 model

Doing analysis at TEMP = 27.000000 and TNOM = 27.000000


Initial Transient Solution
--------------------------

Node                                   Voltage
----                                   -------
bat                                          0
cable_r                           -1.76559e-54
raw_12v                            1.20782e-51
fused_12v                          1.20694e-51
rev_blocked_12v                    5.75816e-42
protect_ctrl_vin                  -4.29743e-42
protected_12v                      5.09661e-42
input_uv                           3.81919e-43
input_ov                           1.43954e-43
input_shdn                        -4.29743e-42
one                                          1
uv_ok                                    1e-09
ov_bad                                   1e-09
pvalid                                       0
ptimer                                       0
allow                                        0
allow_d                                      0
input_gate_drive                   -2.8474e-35
input_gate                         -2.8474e-35
input_gate_slew                   -2.84741e-35
qsrc                               5.09697e-42
buck_feed                          5.09615e-42
vin5                               5.05354e-42
en5                                1.04597e-42
on5                                      1e-09
xu121.age                                    0
xu121.active                                 0
xu121.ref                                    0
xu121.neg                                    0
xu121.req                         -7.41782e-41
fb5                                2.31807e-42
xu121.integral                               0
xu121.cmd                                    0
xu121.command                                0
xu121.drive                                  0
source5                           -2.91315e-43
xu121.active_f                               0
xu121.sense                        -1.2076e-39
sw5                                -1.2076e-39
winding5                           1.72536e-42
c127r                              1.79702e-44
c128r                              1.79702e-44
ripple5                            2.09241e-42
rail5                             -3.09363e-43
feediso                           -3.09445e-43
good5                                    1e-09
iso_en_pin                         -5.3385e-44
gooddelay                           6.6967e-11
ageiso                                       0
switchon                                     0
slewiso                                      0
feedpass                          -3.09445e-43
vin                               -1.33893e-80
snsiso                            -1.86948e-81
localgood                                1e-09
snsfiltered                        7.50022e-10
snsprev                            7.09797e-10
snsevent                                     0
restartage                               1e-05
pgwant                                       0
pgdelay                                      0
en151                             -2.34781e-43
actual_en151                      -1.21942e-43
enable_ctrl                              1e-09
c151_esr                          -2.50401e-88
enable                                   1e-09
xu151.age                                    0
xu151.active                                 0
xu151.ref                                    0
xu151.neg                                    0
xu151.req                          -7.6044e-83
fb                                 5.28083e-84
xu151.integral                               0
xu151.cmd                                    0
xu151.command                                0
xu151.drive                                  0
source                             1.76202e-83
xu151.active_f                               0
xu151.sense                        1.42086e-83
sw                                 1.42086e-83
winding                            1.76255e-83
c155_esr                           -9.3289e-87
c156_esr                           -9.3289e-87
c157_esr                           -9.3289e-87
c158_esr                          -3.90503e-89
main                               1.73928e-83
c201_esr                          -4.28224e-87
c204_esr                          -4.28224e-87
c202_esr                          -1.77136e-89
c205_esr                          -1.77136e-89
c301_esr                          -1.77136e-89
c302_esr                          -1.77107e-88
c404_esr                          -1.77136e-89
c531_esr                          -1.77136e-89
branch_sense                       1.73928e-83
branch_l                           1.74656e-83
branch_r                           1.74696e-83
damped                              1.7839e-83
c206_esr                          -2.79847e-86
main_feed                          1.75917e-83
main_l                             1.73781e-83
requested                                 0.45
valid                                    1e-09
timer                                        0
ready                                        0
reset_ctl                                    1
reset_raw                          6.10291e-85
en                                 2.13602e-84
disg                              -1.33893e-80
disfeed                            1.76202e-83
disdrain                           1.76202e-83
hold_l                            -1.33893e-80
hold_bus                          -1.33893e-80
c162                              -1.33893e-80
c163                              -1.33893e-80
c164                              -1.33893e-80
cextra3                           -1.33893e-80
cextra4                           -1.33893e-80
cextra5                           -1.33893e-80
cextra6                           -1.33893e-80
breset#branch                                0
bready#branch                                0
v.xu151.vsense#branch             -2.84163e-95
b.xu151.bdrive#branch              1.42086e-95
b.xu151.bcmd#branch                          0
b.xu151.breq#branch                          0
b.xu151.bneg#branch                          0
b.xu151.bref#branch                          0
b.xu151.bactive#branch                       0
bpgwant#branch                               0
bswitchon#branch                             0
bsnsevent#branch                             0
bvslew#branch                                0
v.xu121.vsense#branch              2.41521e-51
b.xu121.bdrive#branch              -1.2076e-51
b.xu121.bcmd#branch                          0
b.xu121.breq#branch                          0
b.xu121.bneg#branch                          0
b.xu121.bref#branch                          0
b.xu121.bactive#branch                       0
ballow#branch                                0
bpvalid#branch                               0
lhold#branch                       1.80809e-86
lmainfeed#branch                   2.84786e-84
lbranch#branch                    -1.11939e-84
l151#branch                        4.63313e-86
l121#branch                        7.23176e-42
lcable#branch                      1.76559e-53
vr165#branch                       -2.2388e-91
vload#branch                                 0
vr158#branch                      -1.11939e-84
vpass#branch                                 0
vlogic#branch                           -8e-12
vbat#branch                       -1.76559e-53

 Reference value :  8.11617e-03
 Reference value :  1.92522e-02
 Reference value :  2.91382e-02
 Reference value :  3.91798e-02
 Reference value :  4.59720e-02
 Reference value :  5.50300e-02
 Reference value :  6.34300e-02
 Reference value :  7.21000e-02
 Reference value :  7.97791e-02
 Reference value :  8.80005e-02
 Reference value :  9.43361e-02
 Reference value :  1.04358e-01
 Reference value :  1.14401e-01
 Reference value :  1.24415e-01
 Reference value :  1.33605e-01
 Reference value :  1.41155e-01
 Reference value :  1.51297e-01
 Reference value :  1.60231e-01
 Reference value :  1.68365e-01
 Reference value :  1.77807e-01
 Reference value :  1.87124e-01
 Reference value :  1.93458e-01
 Reference value :  2.03572e-01
 Reference value :  2.12970e-01
 Reference value :  2.23098e-01
 Reference value :  2.32711e-01
 Reference value :  2.40653e-01
 Reference value :  2.47811e-01
 Reference value :  2.57119e-01
 Reference value :  2.66873e-01
 Reference value :  2.76810e-01
 Reference value :  2.86658e-01
 Reference value :  2.94379e-01
No. of Data Rows : 153965
I32_FINISHED
ngspice-42 done
