Using SPARSE 1.3 as Direct Linear Solver
Note: Starting dynamic gmin stepping
Warning: Dynamic gmin stepping failed
Note: Starting true gmin stepping
Warning: True gmin stepping failed
Note: Starting source stepping
Warning: singular matrix:  check node snsprev

Warning: singular matrix:  check node snsprev

Warning: source stepping failed
Note: Transient op started
Note: Transient op finished successfully

Note: No compatibility mode selected!


Circuit: i32 exploratory network alternative; not manufacturer u151 model

Doing analysis at TEMP = 27.000000 and TNOM = 27.000000


Initial Transient Solution
--------------------------

Node                                   Voltage
----                                   -------
bat                                          0
cable_r                            2.03966e-55
raw_12v                            2.93354e-52
fused_12v                          2.93456e-52
rev_blocked_12v                    5.60651e-42
protect_ctrl_vin                  -4.20557e-42
protected_12v                      4.96687e-42
input_uv                            3.7186e-43
input_ov                           1.40163e-43
input_shdn                        -4.20556e-42
one                                          1
uv_ok                                    1e-09
ov_bad                                   1e-09
pvalid                                       0
ptimer                                       0
allow                                        0
allow_d                                      0
input_gate_drive                  -2.77862e-35
input_gate                        -2.77862e-35
input_gate_slew                   -2.77863e-35
qsrc                               4.96722e-42
buck_feed                          4.96671e-42
vin5                               4.95223e-42
en5                                  1.025e-42
on5                                      1e-09
xu121.age                                    0
xu121.active                                 0
xu121.ref                                    0
xu121.neg                                    0
xu121.req                         -3.16069e-41
fb5                                9.87717e-43
xu121.integral                               0
xu121.cmd                                    0
xu121.command                                0
xu121.drive                                  0
source5                            2.16187e-45
xu121.active_f                               0
xu121.sense                        -6.2057e-40
sw5                                -6.2057e-40
winding5                           8.35956e-43
c127r                              7.42194e-45
c128r                              7.42194e-45
ripple5                            9.87673e-43
rail5                             -5.29406e-45
feediso                            -5.3278e-45
good5                                    1e-09
iso_en_pin                        -9.30929e-46
gooddelay                           6.6967e-11
ageiso                                       0
switchon                                     0
slewiso                                      0
feedpass                           -5.3278e-45
vin                                1.08933e-92
snsiso                             1.48782e-93
localgood                                1e-09
snsfiltered                        7.50022e-10
snsprev                            7.09797e-10
snsevent                                     0
restartage                               1e-05
pgwant                                       0
pgdelay                                      0
en151                             -7.15447e-45
actual_en151                      -3.45946e-45
enable_ctrl                              1e-09
c151_esr                            1.2021e-97
enable                                   1e-09
xu151.age                                    0
xu151.active                                 0
xu151.ref                                    0
xu151.neg                                    0
xu151.req                          6.02007e-93
fb                                -4.18061e-94
xu151.integral                               0
xu151.cmd                                    0
xu151.command                                0
xu151.drive                                  0
source                            -1.39492e-93
xu151.active_f                               0
xu151.sense                       -1.70264e-93
sw                                -1.70264e-93
winding                           -1.39843e-93
c155_esr                          -9.81941e-98
c156_esr                          -9.81941e-98
c157_esr                          -9.81941e-98
c158_esr                         -4.64309e-100
main                              -1.39472e-93
c201_esr                            4.1129e-99
c204_esr                            4.1129e-99
c202_esr                          1.30549e-101
c205_esr                          1.30549e-101
c301_esr                          1.30549e-101
c302_esr                          1.32317e-100
c404_esr                          1.30549e-101
c531_esr                          1.30549e-101
branch_sense                      -1.39472e-93
branch_l                          -1.39472e-93
branch_r                          -1.39472e-93
bulksw_out                                   0
damped                                       0
c206_esr                                     0
main_feed                         -1.39491e-93
main_l                            -1.39483e-93
requested                                 0.45
ready                                        0
valid                                    1e-09
timer                                        0
reset_ctl                                    1
reset_raw                         -4.89374e-95
en                                -1.71281e-94
disg                               1.02557e-92
disfeed                           -1.39492e-93
disdrain                          -1.39492e-93
hold_l                             1.08994e-92
hold_bus                           1.08981e-92
c162                               1.09084e-92
bulk_en_in                        -1.39472e-93
bulk_en_pin                       -3.48541e-94
bulk_want                                1e-09
bulk_enabled                        6.6967e-11
bulk_age                                     0
bulk_slew                                    0
bulk_feed                         -1.39472e-93
bulk_localcap                     -1.39472e-93
bbulk_slew#branch                            0
breset#branch                                0
bready#branch                                0
v.xu151.vsense#branch             3.40528e-105
b.xu151.bdrive#branch            -1.70264e-105
b.xu151.bcmd#branch                          0
b.xu151.breq#branch                          0
b.xu151.bneg#branch                          0
b.xu151.bref#branch                          0
b.xu151.bactive#branch                       0
bpgwant#branch                               0
bswitchon#branch                             0
bsnsevent#branch                             0
bvslew#branch                                0
v.xu121.vsense#branch              1.24114e-51
b.xu121.bdrive#branch              -6.2057e-52
b.xu121.bcmd#branch                          0
b.xu121.breq#branch                          0
b.xu121.bneg#branch                          0
b.xu121.bref#branch                          0
b.xu121.bactive#branch                       0
ballow#branch                                0
bpvalid#branch                               0
lhold#branch                      -1.02223e-94
lmainfeed#branch                  -1.00788e-96
lbranch#branch                     1.48906e-98
l151#branch                       -3.05952e-95
l121#branch                        2.98997e-42
lcable#branch                     -2.03966e-54
vbulkpass#branch                             0
vr165#branch                      8.42511e-101
vload#branch                                 0
vr158#branch                       1.48906e-98
vpass#branch                      -1.08933e-96
vlogic#branch                           -9e-12
vbat#branch                        2.03966e-54

 Reference value :  2.71017e-03
 Reference value :  7.15817e-03
 Reference value :  1.10362e-02
 Reference value :  1.47522e-02
 Reference value :  2.15642e-02
 Reference value :  2.35502e-02
 Reference value :  2.83762e-02
 Reference value :  3.47931e-02
 Reference value :  4.07601e-02
 Reference value :  4.65701e-02
 Reference value :  5.15641e-02
 Reference value :  5.77481e-02
 Reference value :  6.36801e-02
 Reference value :  6.96961e-02
 Reference value :  7.48461e-02
 Reference value :  8.09001e-02
 Reference value :  8.71621e-02
 Reference value :  9.27552e-02
 Reference value :  9.72932e-02
 Reference value :  1.03241e-01
 Reference value :  1.08589e-01
 Reference value :  1.14393e-01
 Reference value :  1.20051e-01
 Reference value :  1.24906e-01
 Reference value :  1.30350e-01
 Reference value :  1.35398e-01
 Reference value :  1.40588e-01
 Reference value :  1.46098e-01
 Reference value :  1.51666e-01
 Reference value :  1.57000e-01
 Reference value :  1.62066e-01
 Reference value :  1.67498e-01
 Reference value :  1.72956e-01
 Reference value :  1.78178e-01
 Reference value :  1.83446e-01
 Reference value :  1.89216e-01
 Reference value :  1.94782e-01
 Reference value :  2.00142e-01
 Reference value :  2.04564e-01
 Reference value :  2.10268e-01
 Reference value :  2.16042e-01
 Reference value :  2.21448e-01
 Reference value :  2.26000e-01
 Reference value :  2.31416e-01
 Reference value :  2.36644e-01
 Reference value :  2.40906e-01
 Reference value :  2.45824e-01
 Reference value :  2.51312e-01
 Reference value :  2.56706e-01
 Reference value :  2.61308e-01
 Reference value :  2.66186e-01
 Reference value :  2.71550e-01
 Reference value :  2.76960e-01
 Reference value :  2.80286e-01
 Reference value :  2.84132e-01
 Reference value :  2.89336e-01
 Reference value :  2.94956e-01
 Reference value :  3.00506e-01
 Reference value :  3.05547e-01
 Reference value :  3.10759e-01
 Reference value :  3.16213e-01
 Reference value :  3.21739e-01
 Reference value :  3.26559e-01
 Reference value :  3.31435e-01
 Reference value :  3.36977e-01
 Reference value :  3.42581e-01
 Reference value :  3.47893e-01
 Reference value :  3.52835e-01
 Reference value :  3.58355e-01
 Reference value :  3.63949e-01
 Reference value :  3.69365e-01
 Reference value :  3.74325e-01
 Reference value :  3.80005e-01
 Reference value :  3.85147e-01
 Reference value :  3.90573e-01
 Reference value :  3.95439e-01
 Reference value :  4.01117e-01
 Reference value :  4.06635e-01
 Reference value :  4.11917e-01
 Reference value :  4.14931e-01
 Reference value :  4.20541e-01
 Reference value :  4.25775e-01
 Reference value :  4.31147e-01
 Reference value :  4.36173e-01
 Reference value :  4.41771e-01
 Reference value :  4.47335e-01
 Reference value :  4.51667e-01
 Reference value :  4.56759e-01
 Reference value :  4.65073e-01
 Reference value :  4.73333e-01
 Reference value :  4.81407e-01
 Reference value :  4.89135e-01
 Reference value :  4.97203e-01
 Reference value :  5.04953e-01
 Reference value :  5.12133e-01
 Reference value :  5.14619e-01
 Reference value :  5.18181e-01
 Reference value :  5.23807e-01
 Reference value :  5.30947e-01
 Reference value :  5.38095e-01
 Reference value :  5.45939e-01
 Reference value :  5.52783e-01
 Reference value :  5.60405e-01
 Reference value :  5.67757e-01
 Reference value :  5.75653e-01
 Reference value :  5.83329e-01
 Reference value :  5.91115e-01
 Reference value :  5.98497e-01
 Reference value :  6.06551e-01
 Reference value :  6.14279e-01
 Reference value :  6.22005e-01
 Reference value :  6.26869e-01
 Reference value :  6.32009e-01
 Reference value :  6.36963e-01
 Reference value :  6.42067e-01
 Reference value :  6.46503e-01
 Reference value :  6.51181e-01
 Reference value :  6.56097e-01
 Reference value :  6.61143e-01
 Reference value :  6.65927e-01
 Reference value :  6.70471e-01
 Reference value :  6.76777e-01
 Reference value :  6.84497e-01
 Reference value :  6.91661e-01
 Reference value :  6.97342e-01
 Reference value :  7.03776e-01
 Reference value :  7.10454e-01
 Reference value :  7.16666e-01
 Reference value :  7.23032e-01
 Reference value :  7.29552e-01
 Reference value :  7.35808e-01
 Reference value :  7.42008e-01
 Reference value :  7.48146e-01
 Reference value :  7.53924e-01
 Reference value :  7.60498e-01
 Reference value :  7.66436e-01
 Reference value :  7.72664e-01
 Reference value :  7.78469e-01
 Reference value :  7.84621e-01
 Reference value :  7.90419e-01
 Reference value :  7.95891e-01
 Reference value :  8.01857e-01
 Reference value :  8.07989e-01
 Reference value :  8.13881e-01
 Reference value :  8.19713e-01
 Reference value :  8.25769e-01
 Reference value :  8.31693e-01
 Reference value :  8.37699e-01
 Reference value :  8.43365e-01
 Reference value :  8.49437e-01
 Reference value :  8.55597e-01
 Reference value :  8.61265e-01
 Reference value :  8.67043e-01
 Reference value :  8.73099e-01
 Reference value :  8.79259e-01
 Reference value :  8.85181e-01
 Reference value :  8.90945e-01
 Reference value :  8.96901e-01
 Reference value :  9.00647e-01
 Reference value :  9.06399e-01
 Reference value :  9.11843e-01
 Reference value :  9.16997e-01
 Reference value :  9.21049e-01
 Reference value :  9.24631e-01
 Reference value :  9.28595e-01
 Reference value :  9.33903e-01
 Reference value :  9.39607e-01
 Reference value :  9.45301e-01
 Reference value :  9.50509e-01
 Reference value :  9.54815e-01
 Reference value :  9.59664e-01
 Reference value :  9.64994e-01
 Reference value :  9.70332e-01
 Reference value :  9.75764e-01
 Reference value :  9.81562e-01
 Reference value :  9.87228e-01
 Reference value :  9.92622e-01
 Reference value :  9.98064e-01
 Reference value :  1.00351e+00
 Reference value :  1.00886e+00
 Reference value :  1.01378e+00
 Reference value :  1.01857e+00
 Reference value :  1.02365e+00
 Reference value :  1.02823e+00
 Reference value :  1.03256e+00
 Reference value :  1.03704e+00
 Reference value :  1.04182e+00
 Reference value :  1.04710e+00
 Reference value :  1.05242e+00
 Reference value :  1.05659e+00
 Reference value :  1.06098e+00
 Reference value :  1.06557e+00
 Reference value :  1.06670e+00
 Reference value :  1.06782e+00
 Reference value :  1.06897e+00
 Reference value :  1.07146e+00
 Reference value :  1.07340e+00
 Reference value :  1.07483e+00
 Reference value :  1.07673e+00
 Reference value :  1.08137e+00
 Reference value :  1.08600e+00
 Reference value :  1.09045e+00
 Reference value :  1.09425e+00
 Reference value :  1.09695e+00
 Reference value :  1.09942e+00
 Reference value :  1.10205e+00
 Reference value :  1.10509e+00
 Reference value :  1.10789e+00
 Reference value :  1.11050e+00
 Reference value :  1.11268e+00
 Reference value :  1.11480e+00
 Reference value :  1.11741e+00
 Reference value :  1.12058e+00
 Reference value :  1.12334e+00
 Reference value :  1.12687e+00
 Reference value :  1.13033e+00
 Reference value :  1.13362e+00
 Reference value :  1.13689e+00
 Reference value :  1.14043e+00
 Reference value :  1.14382e+00
 Reference value :  1.14721e+00
 Reference value :  1.15019e+00
 Reference value :  1.15292e+00
 Reference value :  1.15500e+00
 Reference value :  1.15832e+00
 Reference value :  1.16249e+00
 Reference value :  1.16781e+00
 Reference value :  1.17344e+00
 Reference value :  1.17869e+00
 Reference value :  1.18284e+00
 Reference value :  1.18810e+00
 Reference value :  1.19370e+00
 Reference value :  1.19909e+00
 Reference value :  1.20411e+00
 Reference value :  1.20804e+00
 Reference value :  1.21278e+00
 Reference value :  1.21861e+00
 Reference value :  1.22372e+00
 Reference value :  1.22950e+00
 Reference value :  1.23464e+00
 Reference value :  1.24035e+00
 Reference value :  1.24579e+00
 Reference value :  1.25118e+00
 Reference value :  1.25685e+00
 Reference value :  1.26154e+00
 Reference value :  1.26708e+00
 Reference value :  1.27264e+00
 Reference value :  1.27860e+00
 Reference value :  1.28397e+00
 Reference value :  1.28973e+00
 Reference value :  1.29537e+00
No. of Data Rows : 652322
I32_FINISHED
ngspice-42 done
