Using SPARSE 1.3 as Direct Linear Solver
Note: Starting dynamic gmin stepping
Warning: Dynamic gmin stepping failed
Note: Starting true gmin stepping
Warning: True gmin stepping failed
Note: Starting source stepping
Warning: singular matrix:  check node snsfiltered

Warning: singular matrix:  check node snsfiltered

Warning: source stepping failed
Note: Transient op started
Note: Transient op finished successfully

Note: No compatibility mode selected!


Circuit: i32 exploratory network alternative; not manufacturer u151 model

Doing analysis at TEMP = 27.000000 and TNOM = 27.000000


Initial Transient Solution
--------------------------

Node                                   Voltage
----                                   -------
bat                                          0
cable_r                           -1.76732e-54
raw_12v                             1.2096e-51
fused_12v                          1.20871e-51
rev_blocked_12v                    5.72114e-42
protect_ctrl_vin                  -4.27135e-42
protected_12v                      5.06466e-42
input_uv                           3.79463e-43
input_ov                           1.43029e-43
input_shdn                        -4.27135e-42
one                                          1
uv_ok                                    1e-09
ov_bad                                   1e-09
pvalid                                       0
ptimer                                       0
allow                                        0
allow_d                                      0
input_gate_drive                  -2.82953e-35
input_gate                        -2.82953e-35
input_gate_slew                   -2.82954e-35
qsrc                               5.06502e-42
buck_feed                          5.06421e-42
vin5                               5.02155e-42
en5                                1.03935e-42
on5                                      1e-09
xu121.age                                    0
xu121.active                                 0
xu121.ref                                    0
xu121.neg                                    0
xu121.req                          -7.3952e-41
fb5                                  2.311e-42
xu121.integral                               0
xu121.cmd                                    0
xu121.command                                0
xu121.drive                                  0
source5                           -2.89358e-43
xu121.active_f                               0
xu121.sense                       -1.21649e-39
sw5                               -1.21649e-39
winding5                           1.05887e-42
c127r                              1.79147e-44
c128r                              1.79147e-44
ripple5                            2.08693e-42
rail5                             -3.07351e-43
feediso                           -3.07432e-43
good5                                    1e-09
iso_en_pin                        -5.30377e-44
gooddelay                           6.6967e-11
ageiso                                       0
switchon                                     0
slewiso                                      0
feedpass                          -3.07432e-43
vin                               -6.80901e-81
snsiso                            -9.11748e-82
localgood                                1e-09
snsfiltered                        7.50022e-10
snsprev                            7.09797e-10
snsevent                                     0
restartage                               1e-05
pgwant                                       0
pgdelay                                      0
en151                             -2.33316e-43
actual_en151                      -1.21181e-43
enable_ctrl                              1e-09
c151_esr                          -1.16541e-88
enable                                   1e-09
xu151.age                                    0
xu151.active                                 0
xu151.ref                                    0
xu151.neg                                    0
xu151.req                         -3.71026e-83
fb                                 2.57657e-84
xu151.integral                               0
xu151.cmd                                    0
xu151.command                                0
xu151.drive                                  0
source                             8.59706e-84
xu151.active_f                               0
xu151.sense                        6.89956e-84
sw                                 6.89956e-84
winding                            8.59881e-84
c155_esr                          -4.28054e-87
c156_esr                          -4.28054e-87
c157_esr                          -4.28054e-87
c158_esr                          -1.79158e-89
main                                8.4952e-84
c201_esr                          -1.81457e-87
c204_esr                          -1.81457e-87
c202_esr                          -7.53346e-90
c205_esr                          -7.53346e-90
c301_esr                          -7.53346e-90
c302_esr                          -7.53113e-89
c404_esr                          -7.53346e-90
c531_esr                          -7.53346e-90
branch_sense                        8.4952e-84
branch_l                           8.53984e-84
branch_r                           8.54199e-84
damped                             8.69306e-84
c206_esr                          -1.71673e-86
main_feed                          8.58398e-84
main_l                             8.48587e-84
requested                                 0.45
valid                                    1e-09
timer                                        0
ready                                        0
reset_ctl                                    1
reset_raw                          2.98084e-85
en                                 1.04329e-84
disg                              -6.80901e-81
disfeed                            8.59706e-84
disdrain                           8.59706e-84
hold_l                            -6.80901e-81
hold_bus                          -6.80901e-81
c162                              -6.80901e-81
c163                              -6.80901e-81
c164                              -6.80901e-81
cextra3                           -6.80901e-81
cextra4                           -6.80901e-81
breset#branch                                0
bready#branch                                0
v.xu151.vsense#branch             -1.37976e-95
b.xu151.bdrive#branch              6.89956e-96
b.xu151.bcmd#branch                          0
b.xu151.breq#branch                          0
b.xu151.bneg#branch                          0
b.xu151.bref#branch                          0
b.xu151.bactive#branch                       0
bpgwant#branch                               0
bswitchon#branch                             0
bsnsevent#branch                             0
bvslew#branch                                0
v.xu121.vsense#branch              2.43298e-51
b.xu121.bdrive#branch             -1.21649e-51
b.xu121.bcmd#branch                          0
b.xu121.breq#branch                          0
b.xu121.bneg#branch                          0
b.xu121.bref#branch                          0
b.xu121.bactive#branch                       0
ballow#branch                                0
bpvalid#branch                               0
lhold#branch                       8.21405e-87
lmainfeed#branch                   1.30811e-84
lbranch#branch                    -6.86692e-85
l151#branch                        2.26717e-86
l121#branch                        7.20975e-42
lcable#branch                      1.76732e-53
vr165#branch                      -1.09208e-91
vload#branch                                 0
vr158#branch                      -6.86692e-85
vpass#branch                                 0
vlogic#branch                           -8e-12
vbat#branch                       -1.76732e-53

 Reference value :  9.89217e-03
 Reference value :  2.21822e-02
 Reference value :  3.44065e-02
 Reference value :  4.47392e-02
 Reference value :  5.54432e-02
 Reference value :  6.58747e-02
 Reference value :  7.32290e-02
 Reference value :  8.34950e-02
 Reference value :  9.31627e-02
 Reference value :  1.02800e-01
 Reference value :  1.10345e-01
No. of Data Rows : 61734
I32_FINISHED
ngspice-42 done
