Using SPARSE 1.3 as Direct Linear Solver
Note: Starting dynamic gmin stepping
Warning: Dynamic gmin stepping failed
Note: Starting true gmin stepping
Warning: True gmin stepping failed
Note: Starting source stepping
Warning: singular matrix:  check node snsprev

Warning: singular matrix:  check node snsprev

Warning: source stepping failed
Note: Transient op started
Note: Transient op finished successfully

Note: No compatibility mode selected!


Circuit: i32 exploratory network alternative; not manufacturer u151 model

Doing analysis at TEMP = 27.000000 and TNOM = 27.000000


Initial Transient Solution
--------------------------

Node                                   Voltage
----                                   -------
bat                                          0
cable_r                            2.03617e-55
raw_12v                            2.93171e-52
fused_12v                          2.93273e-52
rev_blocked_12v                    5.60278e-42
protect_ctrl_vin                  -4.20197e-42
protected_12v                      4.96313e-42
input_uv                           3.71613e-43
input_ov                           1.40069e-43
input_shdn                        -4.20196e-42
one                                          1
uv_ok                                    1e-09
ov_bad                                   1e-09
pvalid                                       0
ptimer                                       0
allow                                        0
allow_d                                      0
input_gate_drive                  -2.77654e-35
input_gate                        -2.77654e-35
input_gate_slew                   -2.77655e-35
qsrc                               4.96349e-42
buck_feed                          4.96298e-42
vin5                                4.9485e-42
en5                                1.02423e-42
on5                                      1e-09
xu121.age                                    0
xu121.active                                 0
xu121.ref                                    0
xu121.neg                                    0
xu121.req                         -3.15358e-41
fb5                                9.85492e-43
xu121.integral                               0
xu121.cmd                                    0
xu121.command                                0
xu121.drive                                  0
source5                            6.03481e-46
xu121.active_f                               0
xu121.sense                       -6.19929e-40
sw5                               -6.19929e-40
winding5                           8.33936e-43
c127r                              7.42841e-45
c128r                              7.42841e-45
ripple5                            9.85565e-43
rail5                             -6.83777e-45
feediso                           -6.85464e-45
good5                                    1e-09
iso_en_pin                        -1.19961e-45
gooddelay                           6.6967e-11
ageiso                                       0
switchon                                     0
slewiso                                      0
feedpass                          -6.85464e-45
vin                                2.58286e-92
snsiso                             3.51858e-93
localgood                                1e-09
snsfiltered                        7.50022e-10
snsprev                            7.09797e-10
snsevent                                     0
restartage                               1e-05
pgwant                                       0
pgdelay                                      0
en151                             -6.98718e-45
actual_en151                      -3.62218e-45
enable_ctrl                              1e-09
c151_esr                           7.51203e-97
enable                                   1e-09
xu151.age                                    0
xu151.active                                 0
xu151.ref                                    0
xu151.neg                                    0
xu151.req                          1.42477e-92
fb                                -9.89423e-94
xu151.integral                               0
xu151.cmd                                    0
xu151.command                                0
xu151.drive                                  0
source                            -3.30134e-93
xu151.active_f                               0
xu151.sense                       -4.03014e-93
sw                                -4.03014e-93
winding                           -3.30967e-93
c155_esr                          -2.32412e-97
c156_esr                          -2.32412e-97
c157_esr                          -2.32412e-97
c158_esr                          -1.09906e-99
main                              -3.30087e-93
c201_esr                           9.73255e-99
c204_esr                           9.73255e-99
c202_esr                          3.08916e-101
c205_esr                          3.08916e-101
c301_esr                          3.08916e-101
c302_esr                          3.13101e-100
c404_esr                          3.08916e-101
c531_esr                          3.08916e-101
branch_sense                      -3.30087e-93
branch_l                          -3.30088e-93
branch_r                          -3.30087e-93
bulksw_out                                   0
damped                                       0
c206_esr                                     0
main_feed                         -3.30132e-93
main_l                            -3.30114e-93
requested                                 0.45
ready                                        0
valid                                    1e-09
timer                                        0
reset_ctl                                    1
reset_raw                          -1.1582e-94
en                                 -4.0537e-94
disg                               2.43084e-92
disfeed                           -3.30134e-93
disdrain                          -3.30134e-93
hold_l                              2.5846e-92
hold_bus                           2.58422e-92
c162                               2.58494e-92
bulk_en_in                        -3.30087e-93
bulk_en_pin                        -8.2316e-94
bulk_want                                1e-09
bulk_enabled                        6.6967e-11
bulk_age                                     0
bulk_slew                                    0
bulk_feed                         -3.30087e-93
bulk_localcap                     -3.30088e-93
bbulk_slew#branch                            0
breset#branch                                0
bready#branch                                0
v.xu151.vsense#branch             8.06028e-105
b.xu151.bdrive#branch            -4.03014e-105
b.xu151.bcmd#branch                          0
b.xu151.breq#branch                          0
b.xu151.bneg#branch                          0
b.xu151.bref#branch                          0
b.xu151.bactive#branch                       0
bpgwant#branch                               0
bswitchon#branch                             0
bsnsevent#branch                             0
bvslew#branch                                0
v.xu121.vsense#branch              1.23986e-51
b.xu121.bdrive#branch             -6.19929e-52
b.xu121.bcmd#branch                          0
b.xu121.breq#branch                          0
b.xu121.bneg#branch                          0
b.xu121.bref#branch                          0
b.xu121.bactive#branch                       0
ballow#branch                                0
bpvalid#branch                               0
lhold#branch                      -2.89233e-94
lmainfeed#branch                  -2.38508e-96
lbranch#branch                     3.52364e-98
l151#branch                       -7.24143e-95
l121#branch                        2.98831e-42
lcable#branch                     -2.03617e-54
vbulkpass#branch                             0
vr165#branch                      1.99399e-100
vload#branch                                 0
vr158#branch                       3.52364e-98
vpass#branch                      -2.58286e-96
vlogic#branch                           -9e-12
vbat#branch                        2.03617e-54

 Reference value :  7.22617e-03
 Reference value :  1.81482e-02
 Reference value :  2.87422e-02
 Reference value :  3.91142e-02
 Reference value :  4.70021e-02
 Reference value :  5.49681e-02
 Reference value :  6.39361e-02
 Reference value :  7.22581e-02
 Reference value :  8.07861e-02
 Reference value :  8.82886e-02
 Reference value :  9.64252e-02
 Reference value :  1.03103e-01
 Reference value :  1.11071e-01
 Reference value :  1.19815e-01
 Reference value :  1.28207e-01
 Reference value :  1.37011e-01
 Reference value :  1.44813e-01
 Reference value :  1.53723e-01
 Reference value :  1.62157e-01
 Reference value :  1.70605e-01
 Reference value :  1.78403e-01
 Reference value :  1.84797e-01
 Reference value :  1.93097e-01
 Reference value :  2.00345e-01
 Reference value :  2.07999e-01
 Reference value :  2.16881e-01
 Reference value :  2.25167e-01
 Reference value :  2.32947e-01
 Reference value :  2.40337e-01
 Reference value :  2.49035e-01
 Reference value :  2.56589e-01
 Reference value :  2.63871e-01
 Reference value :  2.71859e-01
 Reference value :  2.80473e-01
 Reference value :  2.88460e-01
 Reference value :  2.96924e-01
 Reference value :  3.05614e-01
 Reference value :  3.14200e-01
 Reference value :  3.22510e-01
 Reference value :  3.30810e-01
 Reference value :  3.36234e-01
 Reference value :  3.45476e-01
 Reference value :  3.54578e-01
 Reference value :  3.63458e-01
 Reference value :  3.72404e-01
 Reference value :  3.81474e-01
 Reference value :  3.89796e-01
 Reference value :  3.97974e-01
 Reference value :  4.07006e-01
 Reference value :  4.16164e-01
 Reference value :  4.25324e-01
 Reference value :  4.34422e-01
 Reference value :  4.43460e-01
 Reference value :  4.52349e-01
 Reference value :  4.61241e-01
 Reference value :  4.70031e-01
 Reference value :  4.78898e-01
 Reference value :  4.87074e-01
 Reference value :  4.96266e-01
 Reference value :  5.05308e-01
 Reference value :  5.13258e-01
 Reference value :  5.21714e-01
 Reference value :  5.30638e-01
 Reference value :  5.39564e-01
 Reference value :  5.48810e-01
 Reference value :  5.57874e-01
 Reference value :  5.67158e-01
 Reference value :  5.75998e-01
 Reference value :  5.85058e-01
 Reference value :  5.94262e-01
No. of Data Rows : 300600
I32_FINISHED
ngspice-42 done
