Using SPARSE 1.3 as Direct Linear Solver
Note: Starting dynamic gmin stepping
Warning: Dynamic gmin stepping failed
Note: Starting true gmin stepping
Warning: True gmin stepping failed
Note: Starting source stepping
Warning: singular matrix:  check node snsprev

Warning: singular matrix:  check node snsprev

Warning: source stepping failed
Note: Transient op started
Note: Transient op finished successfully

Note: No compatibility mode selected!


Circuit: i32 exploratory network alternative; not manufacturer u151 model

Doing analysis at TEMP = 27.000000 and TNOM = 27.000000


Initial Transient Solution
--------------------------

Node                                   Voltage
----                                   -------
bat                                          0
cable_r                            1.54351e-54
raw_12v                            6.13934e-52
fused_12v                          6.14706e-52
rev_blocked_12v                    5.58433e-42
protect_ctrl_vin                  -4.19321e-42
protected_12v                      4.94658e-42
input_uv                            3.7039e-43
input_ov                           1.39608e-43
input_shdn                         -4.1932e-42
one                                          1
uv_ok                                    1e-09
ov_bad                                   1e-09
pvalid                                       0
ptimer                                       0
allow                                        0
allow_d                                      0
input_gate_drive                  -2.77044e-35
input_gate                        -2.77044e-35
input_gate_slew                   -2.77045e-35
qsrc                               4.94694e-42
buck_feed                          4.94618e-42
vin5                               4.90835e-42
en5                                1.01592e-42
on5                                      1e-09
xu121.age                                    0
xu121.active                                 0
xu121.ref                                    0
xu121.neg                                    0
xu121.req                          2.69908e-41
fb5                               -8.43463e-43
xu121.integral                               0
xu121.cmd                                    0
xu121.command                                0
xu121.drive                       -8.64865e-45
source5                           -8.64848e-45
xu121.active_f                               0
xu121.sense                       -4.57553e-39
sw5                               -4.57553e-39
winding5                          -3.19867e-43
c127r                             -5.42357e-45
c128r                             -5.42357e-45
ripple5                           -8.25093e-43
rail5                              -3.2435e-45
feediso                           -3.23151e-45
good5                                    1e-09
iso_en_pin                        -5.69036e-46
gooddelay                           6.6967e-11
ageiso                                       0
switchon                                     0
slewiso                                      0
feedpass                          -3.23151e-45
vin                               -7.42463e-93
snsiso                            -1.01153e-93
localgood                                1e-09
snsfiltered                        7.50022e-10
snsprev                            7.09797e-10
snsevent                                     0
restartage                               1e-05
pgwant                                       0
pgdelay                                      0
en151                             -6.97194e-45
actual_en151                      -3.61428e-45
enable_ctrl                              1e-09
c151_esr                          -4.30527e-97
enable                                   1e-09
xu151.age                                    0
xu151.active                                 0
xu151.ref                                    0
xu151.neg                                    0
xu151.req                         -2.05051e-93
fb                                 2.84792e-94
xu151.integral                               0
xu151.cmd                                    0
xu151.command                                0
xu151.drive                                  0
source                             9.46993e-94
xu151.active_f                               0
xu151.sense                       -4.08241e-92
sw                                -4.08241e-92
winding                            9.56465e-94
c155_esr                           2.60587e-97
c156_esr                           2.60587e-97
c157_esr                           2.60587e-97
c158_esr                          -5.06743e-99
main                               9.46122e-94
c201_esr                          -1.68531e-98
c204_esr                          -1.68531e-98
c202_esr                         -1.45534e-100
c205_esr                         -1.45534e-100
c301_esr                         -1.45534e-100
c302_esr                          -1.45942e-99
c404_esr                         -1.45534e-100
c531_esr                         -1.45534e-100
branch_sense                       9.46122e-94
branch_l                            9.4613e-94
branch_r                            9.4613e-94
bulksw_out                                   0
damped                                       0
c206_esr                                     0
main_feed                          9.46946e-94
main_l                             9.46597e-94
requested                                 0.45
ready                                        0
valid                                    1e-09
timer                                        0
reset_ctl                                    1
reset_raw                          3.31974e-95
en                                 1.16191e-94
disg                              -7.42396e-93
disfeed                            9.46993e-94
disdrain                           9.46998e-94
hold_l                            -7.42468e-93
hold_bus                          -7.42399e-93
c162                              -7.42401e-93
bulk_en_in                         9.46122e-94
bulk_en_pin                        2.35923e-94
bulk_want                                1e-09
bulk_enabled                        6.6967e-11
bulk_age                                     0
bulk_slew                                    0
bulk_feed                           9.4613e-94
bulk_localcap                      9.46131e-94
bbulk_slew#branch                            0
breset#branch                                0
bready#branch                                0
v.xu151.vsense#branch             8.16482e-104
b.xu151.bdrive#branch            -4.08241e-104
b.xu151.bcmd#branch                          0
b.xu151.breq#branch                          0
b.xu151.bneg#branch                          0
b.xu151.bref#branch                          0
b.xu151.bactive#branch                       0
bpgwant#branch                               0
bswitchon#branch                             0
bsnsevent#branch                             0
bvslew#branch                                0
v.xu121.vsense#branch              9.15106e-51
b.xu121.bdrive#branch             -4.57552e-51
b.xu121.bcmd#branch                          0
b.xu121.breq#branch                          0
b.xu121.bneg#branch                          0
b.xu121.bref#branch                          0
b.xu121.bactive#branch                       0
ballow#branch                                0
bpvalid#branch                               0
lhold#branch                       9.61054e-97
lmainfeed#branch                   4.65857e-96
lbranch#branch                    -7.27851e-98
l151#branch                        8.23831e-95
l121#branch                       -2.05982e-42
lcable#branch                     -1.54351e-53
vbulkpass#branch                             0
vr165#branch                      -1.04317e-99
vload#branch                                 0
vr158#branch                      -7.27851e-98
vpass#branch                                 0
vlogic#branch                           -9e-12
vbat#branch                        1.54351e-53

 Reference value :  6.45817e-03
 Reference value :  1.33702e-02
 Reference value :  1.77962e-02
 Reference value :  2.38522e-02
 Reference value :  3.22442e-02
 Reference value :  3.96185e-02
 Reference value :  4.57472e-02
 Reference value :  5.24952e-02
 Reference value :  5.90912e-02
 Reference value :  6.53272e-02
 Reference value :  7.07912e-02
 Reference value :  7.54492e-02
 Reference value :  7.87232e-02
 Reference value :  8.19312e-02
 Reference value :  8.59051e-02
 Reference value :  9.03011e-02
 Reference value :  9.44345e-02
 Reference value :  9.84425e-02
 Reference value :  1.02201e-01
 Reference value :  1.05894e-01
 Reference value :  1.09734e-01
 Reference value :  1.13290e-01
 Reference value :  1.17072e-01
 Reference value :  1.21078e-01
 Reference value :  1.24892e-01
 Reference value :  1.29970e-01
 Reference value :  1.35324e-01
 Reference value :  1.41302e-01
 Reference value :  1.47072e-01
 Reference value :  1.53022e-01
 Reference value :  1.58530e-01
 Reference value :  1.64558e-01
 Reference value :  1.70112e-01
 Reference value :  1.73906e-01
 Reference value :  1.78072e-01
 Reference value :  1.84044e-01
 Reference value :  1.89900e-01
 Reference value :  1.95924e-01
 Reference value :  2.00820e-01
 Reference value :  2.06964e-01
 Reference value :  2.12998e-01
 Reference value :  2.19152e-01
 Reference value :  2.24660e-01
 Reference value :  2.30854e-01
 Reference value :  2.36878e-01
 Reference value :  2.42960e-01
 Reference value :  2.48392e-01
 Reference value :  2.54384e-01
 Reference value :  2.60464e-01
 Reference value :  2.66618e-01
 Reference value :  2.72150e-01
 Reference value :  2.78306e-01
 Reference value :  2.84192e-01
 Reference value :  2.90240e-01
 Reference value :  2.95802e-01
 Reference value :  3.01970e-01
 Reference value :  3.08052e-01
 Reference value :  3.14112e-01
 Reference value :  3.19582e-01
 Reference value :  3.25624e-01
 Reference value :  3.29608e-01
 Reference value :  3.33906e-01
 Reference value :  3.39082e-01
 Reference value :  3.45142e-01
 Reference value :  3.51266e-01
 Reference value :  3.57242e-01
 Reference value :  3.62954e-01
 Reference value :  3.68962e-01
 Reference value :  3.75166e-01
 Reference value :  3.81144e-01
 Reference value :  3.87096e-01
 Reference value :  3.92694e-01
 Reference value :  3.98872e-01
 Reference value :  4.04838e-01
 Reference value :  4.10788e-01
 Reference value :  4.16436e-01
 Reference value :  4.22580e-01
 Reference value :  4.28556e-01
 Reference value :  4.34604e-01
 Reference value :  4.40094e-01
 Reference value :  4.46244e-01
 Reference value :  4.51597e-01
 Reference value :  4.56631e-01
 Reference value :  4.60314e-01
 Reference value :  4.65613e-01
 Reference value :  4.70421e-01
 Reference value :  4.74375e-01
 Reference value :  4.78913e-01
 Reference value :  4.83351e-01
 Reference value :  4.88479e-01
 Reference value :  4.94531e-01
 Reference value :  4.99349e-01
 Reference value :  5.04555e-01
 Reference value :  5.09107e-01
 Reference value :  5.13803e-01
 Reference value :  5.17247e-01
 Reference value :  5.21101e-01
 Reference value :  5.24857e-01
 Reference value :  5.28721e-01
 Reference value :  5.32275e-01
 Reference value :  5.36123e-01
 Reference value :  5.39755e-01
 Reference value :  5.43663e-01
 Reference value :  5.47215e-01
 Reference value :  5.50715e-01
 Reference value :  5.53437e-01
 Reference value :  5.56373e-01
 Reference value :  5.59129e-01
 Reference value :  5.63085e-01
 Reference value :  5.66943e-01
 Reference value :  5.70867e-01
 Reference value :  5.74353e-01
 Reference value :  5.78187e-01
 Reference value :  5.82001e-01
 Reference value :  5.85885e-01
 Reference value :  5.89427e-01
 Reference value :  5.93331e-01
 Reference value :  5.97151e-01
No. of Data Rows : 300572
I32_FINISHED
ngspice-42 done
