Using SPARSE 1.3 as Direct Linear Solver
Note: Starting dynamic gmin stepping
Warning: Dynamic gmin stepping failed
Note: Starting true gmin stepping
Warning: True gmin stepping failed
Note: Starting source stepping
Warning: singular matrix:  check node snsfiltered

Warning: singular matrix:  check node snsfiltered

Warning: source stepping failed
Note: Transient op started
Note: Transient op finished successfully

Note: No compatibility mode selected!


Circuit: i32 exploratory network alternative; not manufacturer u151 model

Doing analysis at TEMP = 27.000000 and TNOM = 27.000000


Initial Transient Solution
--------------------------

Node                                   Voltage
----                                   -------
bat                                          0
cable_r                             8.3356e-55
raw_12v                           -8.34001e-54
fused_12v                         -7.92323e-54
rev_blocked_12v                    5.70344e-42
protect_ctrl_vin                  -4.25884e-42
protected_12v                      5.04866e-42
input_uv                           3.78289e-43
input_ov                           1.42586e-43
input_shdn                        -4.25884e-42
one                                          1
uv_ok                                    1e-09
ov_bad                                   1e-09
pvalid                                       0
ptimer                                       0
allow                                        0
allow_d                                      0
input_gate_drive                  -2.82128e-35
input_gate                        -2.82128e-35
input_gate_slew                    -2.8213e-35
qsrc                               5.04902e-42
buck_feed                          5.04861e-42
vin5                                5.0439e-42
en5                                1.04398e-42
on5                                      1e-09
xu121.age                                    0
xu121.active                                 0
xu121.ref                                    0
xu121.neg                                    0
xu121.req                          -1.2301e-41
fb5                                3.84406e-43
xu121.integral                               0
xu121.cmd                                    0
xu121.command                                0
xu121.drive                                  0
source5                           -3.06732e-43
xu121.active_f                               0
xu121.sense                       -4.05605e-40
sw5                               -4.05605e-40
winding5                           1.84255e-44
c127r                              4.31981e-45
c128r                              4.31981e-45
ripple5                            1.51741e-43
rail5                             -3.11059e-43
feediso                           -3.11069e-43
good5                                    1e-09
iso_en_pin                        -5.45718e-44
gooddelay                           6.6967e-11
ageiso                                       0
switchon                                     0
slewiso                                      0
feedpass                          -3.11069e-43
vin                                1.43386e-80
snsiso                             1.93676e-81
localgood                                1e-09
snsfiltered                        7.50022e-10
snsprev                            7.09797e-10
snsevent                                     0
restartage                               1e-05
pgwant                                       0
pgdelay                                      0
en151                             -2.59967e-43
actual_en151                      -1.32459e-43
enable_ctrl                              1e-09
c151_esr                           1.81373e-84
enable                                   1e-09
xu151.age                                    0
xu151.active                                 0
xu151.ref                                    0
xu151.neg                                    0
xu151.req                          4.00796e-83
fb                                -5.56661e-84
xu151.integral                               0
xu151.cmd                                    0
xu151.command                                0
xu151.drive                                  0
source                            -1.85657e-83
xu151.active_f                               0
xu151.sense                        6.95805e-82
sw                                 6.95805e-82
winding                           -1.88085e-83
c155_esr                          -1.04199e-86
c156_esr                          -1.04199e-86
c157_esr                          -1.04199e-86
c158_esr                           3.03662e-89
main                              -1.85444e-83
c201_esr                          -3.65117e-89
c204_esr                          -3.65117e-89
c202_esr                          -6.24497e-91
c205_esr                          -6.24497e-91
c301_esr                          -6.24497e-91
c302_esr                          -5.95566e-90
c404_esr                          -6.24497e-91
c531_esr                          -6.24497e-91
branch_sense                      -1.85444e-83
branch_l                          -1.85447e-83
branch_r                          -1.85446e-83
damped                            -1.85459e-83
c206_esr                           9.96125e-89
main_feed                         -1.85655e-83
main_l                            -1.85637e-83
requested                                 0.45
ready                                        0
valid                                    1e-09
timer                                        0
reset_ctl                                    1
reset_raw                         -6.50681e-85
en                                -2.27738e-84
disg                               1.34926e-80
disfeed                           -1.85657e-83
disdrain                          -1.85658e-83
hold_l                               1.439e-80
hold_bus                           1.43765e-80
c162                               1.43808e-80
c163                               1.43808e-80
c164                               1.43808e-80
cextra3                            1.43808e-80
cextra4                            1.43808e-80
breset#branch                                0
bready#branch                                0
v.xu151.vsense#branch             -1.39161e-93
b.xu151.bdrive#branch              6.95805e-94
b.xu151.bcmd#branch                          0
b.xu151.breq#branch                          0
b.xu151.bneg#branch                          0
b.xu151.bref#branch                          0
b.xu151.bactive#branch                       0
bpgwant#branch                               0
bswitchon#branch                             0
bsnsevent#branch                             0
bvslew#branch                                0
v.xu121.vsense#branch               8.1121e-52
b.xu121.bdrive#branch             -4.05605e-52
b.xu121.bcmd#branch                          0
b.xu121.breq#branch                          0
b.xu121.bneg#branch                          0
b.xu121.bref#branch                          0
b.xu121.bactive#branch                       0
ballow#branch                                0
bpvalid#branch                               0
lhold#branch                      -8.57164e-82
lmainfeed#branch                  -2.43968e-86
lbranch#branch                      3.9845e-87
l151#branch                       -3.14842e-84
l121#branch                        1.73881e-42
lcable#branch                      -8.3356e-54
vr165#branch                       2.07141e-89
vload#branch                                 0
vr158#branch                        3.9845e-87
vpass#branch                      -1.43386e-84
vlogic#branch                           -8e-12
vbat#branch                         8.3356e-54

 Reference value :  9.71217e-03
 Reference value :  1.83142e-02
 Reference value :  3.05822e-02
 Reference value :  4.08197e-02
 Reference value :  4.66071e-02
 Reference value :  5.35349e-02
 Reference value :  5.93078e-02
 Reference value :  6.81821e-02
 Reference value :  7.74121e-02
 Reference value :  8.64922e-02
 Reference value :  9.46254e-02
 Reference value :  1.04361e-01
 Reference value :  1.13504e-01
 Reference value :  1.22278e-01
 Reference value :  1.32482e-01
 Reference value :  1.42330e-01
 Reference value :  1.51692e-01
 Reference value :  1.61390e-01
 Reference value :  1.70935e-01
 Reference value :  1.79359e-01
 Reference value :  1.89173e-01
 Reference value :  1.99083e-01
No. of Data Rows : 102664
I32_FINISHED
ngspice-42 done
