Using SPARSE 1.3 as Direct Linear Solver
Note: Starting dynamic gmin stepping
Warning: Dynamic gmin stepping failed
Note: Starting true gmin stepping
Warning: True gmin stepping failed
Note: Starting source stepping
Warning: singular matrix:  check node snsprev

Warning: singular matrix:  check node snsprev

Warning: source stepping failed
Note: Transient op started
Note: Transient op finished successfully

Note: No compatibility mode selected!


Circuit: i32 exploratory network alternative; not manufacturer u151 model

Doing analysis at TEMP = 27.000000 and TNOM = 27.000000


Initial Transient Solution
--------------------------

Node                                   Voltage
----                                   -------
bat                                          0
cable_r                            2.03966e-55
raw_12v                            2.93354e-52
fused_12v                          2.93456e-52
rev_blocked_12v                    5.60651e-42
protect_ctrl_vin                  -4.20557e-42
protected_12v                      4.96687e-42
input_uv                            3.7186e-43
input_ov                           1.40163e-43
input_shdn                        -4.20556e-42
one                                          1
uv_ok                                    1e-09
ov_bad                                   1e-09
pvalid                                       0
ptimer                                       0
allow                                        0
allow_d                                      0
input_gate_drive                  -2.77862e-35
input_gate                        -2.77862e-35
input_gate_slew                   -2.77863e-35
qsrc                               4.96722e-42
buck_feed                          4.96671e-42
vin5                               4.95223e-42
en5                                  1.025e-42
on5                                      1e-09
xu121.age                                    0
xu121.active                                 0
xu121.ref                                    0
xu121.neg                                    0
xu121.req                         -3.16069e-41
fb5                                9.87717e-43
xu121.integral                               0
xu121.cmd                                    0
xu121.command                                0
xu121.drive                                  0
source5                            2.16187e-45
xu121.active_f                               0
xu121.sense                        -6.2057e-40
sw5                                -6.2057e-40
winding5                           8.35956e-43
c127r                              7.42194e-45
c128r                              7.42194e-45
ripple5                            9.87673e-43
rail5                             -5.29406e-45
feediso                            -5.3278e-45
good5                                    1e-09
iso_en_pin                        -9.30929e-46
gooddelay                           6.6967e-11
ageiso                                       0
switchon                                     0
slewiso                                      0
feedpass                           -5.3278e-45
vin                               -5.63215e-93
snsiso                            -7.69181e-94
localgood                                1e-09
snsfiltered                        7.50022e-10
snsprev                            7.09797e-10
snsevent                                     0
restartage                               1e-05
pgwant                                       0
pgdelay                                      0
en151                             -7.15447e-45
actual_en151                      -3.41277e-45
enable_ctrl                              1e-09
c151_esr                          -1.13001e-98
enable                                   1e-09
xu151.age                                    0
xu151.active                                 0
xu151.ref                                    0
xu151.neg                                    0
xu151.req                          -3.1069e-93
fb                                 2.15757e-94
xu151.integral                               0
xu151.cmd                                    0
xu151.command                                0
xu151.drive                                  0
source                             7.19901e-94
xu151.active_f                               0
xu151.sense                        2.48896e-94
sw                                 2.48896e-94
winding                            7.20153e-94
c155_esr                           5.72204e-99
c156_esr                           5.72204e-99
c157_esr                           5.72204e-99
c158_esr                          -7.8603e-101
main                               7.19858e-94
c201_esr                          -2.69098e-99
c204_esr                          -2.69098e-99
c202_esr                         -9.57011e-102
c205_esr                         -9.57011e-102
c301_esr                         -9.57011e-102
c302_esr                         -9.57187e-101
c404_esr                         -9.57011e-102
c531_esr                         -9.57011e-102
branch_sense                       7.19858e-94
branch_l                           7.19859e-94
branch_r                           7.19859e-94
bulksw_out                                   0
damped                                       0
c206_esr                                     0
main_feed                          7.19897e-94
main_l                             7.19864e-94
requested                                 0.45
ready                                        0
valid                                    1e-09
timer                                        0
reset_ctl                                    1
reset_raw                          2.52582e-95
en                                 8.84036e-95
disg                              -5.63218e-93
disfeed                            7.19901e-94
disdrain                           7.19901e-94
hold_l                             -5.6322e-93
hold_bus                          -5.63217e-93
c162                              -5.63225e-93
bulk_en_in                         7.19858e-94
bulk_en_pin                        1.79907e-94
bulk_want                                1e-09
bulk_enabled                        6.6967e-11
bulk_age                                     0
bulk_slew                                    0
bulk_feed                          7.19859e-94
bulk_localcap                      7.19859e-94
bbulk_slew#branch                            0
breset#branch                                0
bready#branch                                0
v.xu151.vsense#branch            -4.97792e-106
b.xu151.bdrive#branch             2.48896e-106
b.xu151.bcmd#branch                          0
b.xu151.breq#branch                          0
b.xu151.bneg#branch                          0
b.xu151.bref#branch                          0
b.xu151.bactive#branch                       0
bpgwant#branch                               0
bswitchon#branch                             0
bsnsevent#branch                             0
bvslew#branch                                0
v.xu121.vsense#branch              1.24114e-51
b.xu121.bdrive#branch              -6.2057e-52
b.xu121.bcmd#branch                          0
b.xu121.breq#branch                          0
b.xu121.bneg#branch                          0
b.xu121.bref#branch                          0
b.xu121.bactive#branch                       0
ballow#branch                                0
bpvalid#branch                               0
lhold#branch                       7.38154e-97
lmainfeed#branch                   4.36366e-97
lbranch#branch                    -9.71454e-99
l151#branch                        2.18782e-96
l121#branch                        2.98997e-42
lcable#branch                     -2.03966e-54
vbulkpass#branch                             0
vr165#branch                     -1.77217e-101
vload#branch                                 0
vr158#branch                      -9.71454e-99
vpass#branch                                 0
vlogic#branch                           -9e-12
vbat#branch                        2.03966e-54

 Reference value :  6.79017e-03
 Reference value :  1.45662e-02
 Reference value :  2.25502e-02
 Reference value :  3.27602e-02
 Reference value :  4.15585e-02
 Reference value :  5.10605e-02
 Reference value :  5.92785e-02
 Reference value :  6.91725e-02
 Reference value :  7.51285e-02
 Reference value :  8.12225e-02
 Reference value :  8.73585e-02
 Reference value :  9.39842e-02
 Reference value :  1.01706e-01
 Reference value :  1.10918e-01
 Reference value :  1.19185e-01
 Reference value :  1.26155e-01
 Reference value :  1.31375e-01
 Reference value :  1.39347e-01
 Reference value :  1.48007e-01
 Reference value :  1.56563e-01
 Reference value :  1.65191e-01
 Reference value :  1.73739e-01
 Reference value :  1.81855e-01
 Reference value :  1.90447e-01
 Reference value :  1.97523e-01
 Reference value :  2.03333e-01
 Reference value :  2.11419e-01
 Reference value :  2.19055e-01
 Reference value :  2.27743e-01
 Reference value :  2.35741e-01
 Reference value :  2.44211e-01
 Reference value :  2.52407e-01
 Reference value :  2.59551e-01
 Reference value :  2.66783e-01
 Reference value :  2.75479e-01
 Reference value :  2.84195e-01
 Reference value :  2.93017e-01
 Reference value :  3.01907e-01
 Reference value :  3.10079e-01
 Reference value :  3.17777e-01
 Reference value :  3.25675e-01
 Reference value :  3.33675e-01
 Reference value :  3.40763e-01
 Reference value :  3.49209e-01
 Reference value :  3.56761e-01
 Reference value :  3.65259e-01
 Reference value :  3.73831e-01
 Reference value :  3.81519e-01
 Reference value :  3.90499e-01
 Reference value :  3.99095e-01
 Reference value :  4.05931e-01
 Reference value :  4.11881e-01
 Reference value :  4.18713e-01
 Reference value :  4.27145e-01
 Reference value :  4.35109e-01
 Reference value :  4.43419e-01
 Reference value :  4.50095e-01
 Reference value :  4.54839e-01
 Reference value :  4.63611e-01
 Reference value :  4.74799e-01
 Reference value :  4.85853e-01
 Reference value :  4.95353e-01
 Reference value :  5.04903e-01
 Reference value :  5.14895e-01
 Reference value :  5.25913e-01
 Reference value :  5.36537e-01
 Reference value :  5.45611e-01
 Reference value :  5.56077e-01
 Reference value :  5.66861e-01
 Reference value :  5.76153e-01
 Reference value :  5.86727e-01
 Reference value :  5.98219e-01
 Reference value :  6.07743e-01
 Reference value :  6.18435e-01
 Reference value :  6.29077e-01
 Reference value :  6.40471e-01
 Reference value :  6.51701e-01
 Reference value :  6.62819e-01
 Reference value :  6.74121e-01
 Reference value :  6.85115e-01
 Reference value :  6.96281e-01
 Reference value :  7.07285e-01
 Reference value :  7.18429e-01
 Reference value :  7.29601e-01
 Reference value :  7.38835e-01
 Reference value :  7.48921e-01
 Reference value :  7.59491e-01
 Reference value :  7.69927e-01
 Reference value :  7.80445e-01
 Reference value :  7.90943e-01
 Reference value :  8.01841e-01
 Reference value :  8.12481e-01
 Reference value :  8.23201e-01
 Reference value :  8.33207e-01
 Reference value :  8.42261e-01
 Reference value :  8.52233e-01
 Reference value :  8.63099e-01
 Reference value :  8.72665e-01
 Reference value :  8.83609e-01
 Reference value :  8.93113e-01
 Reference value :  9.02535e-01
 Reference value :  9.11375e-01
 Reference value :  9.18977e-01
 Reference value :  9.27267e-01
 Reference value :  9.36437e-01
 Reference value :  9.44071e-01
 Reference value :  9.52941e-01
 Reference value :  9.61829e-01
 Reference value :  9.69512e-01
 Reference value :  9.77732e-01
 Reference value :  9.86270e-01
 Reference value :  9.94644e-01
 Reference value :  1.00255e+00
 Reference value :  1.01124e+00
 Reference value :  1.02002e+00
 Reference value :  1.02884e+00
 Reference value :  1.03666e+00
 Reference value :  1.04528e+00
 Reference value :  1.05123e+00
 Reference value :  1.05951e+00
 Reference value :  1.06602e+00
 Reference value :  1.07334e+00
 Reference value :  1.08186e+00
 Reference value :  1.09061e+00
 Reference value :  1.09899e+00
 Reference value :  1.10584e+00
 Reference value :  1.11275e+00
 Reference value :  1.12073e+00
 Reference value :  1.12906e+00
 Reference value :  1.13611e+00
 Reference value :  1.14429e+00
 Reference value :  1.15131e+00
 Reference value :  1.16006e+00
 Reference value :  1.16801e+00
 Reference value :  1.17510e+00
 Reference value :  1.18172e+00
 Reference value :  1.18955e+00
 Reference value :  1.19752e+00
 Reference value :  1.20472e+00
 Reference value :  1.21346e+00
 Reference value :  1.22121e+00
 Reference value :  1.22961e+00
 Reference value :  1.23819e+00
 Reference value :  1.24661e+00
 Reference value :  1.25542e+00
 Reference value :  1.26212e+00
 Reference value :  1.27004e+00
 Reference value :  1.27807e+00
 Reference value :  1.28648e+00
 Reference value :  1.29456e+00
No. of Data Rows : 652400
I32_FINISHED
ngspice-42 done
