Using SPARSE 1.3 as Direct Linear Solver
Note: Starting dynamic gmin stepping
Warning: Dynamic gmin stepping failed
Note: Starting true gmin stepping
Warning: True gmin stepping failed
Note: Starting source stepping
Warning: singular matrix:  check node snsprev

Warning: singular matrix:  check node snsprev

Warning: source stepping failed
Note: Transient op started
Note: Transient op finished successfully

Note: No compatibility mode selected!


Circuit: i32 exploratory network alternative; not manufacturer u151 model

Doing analysis at TEMP = 27.000000 and TNOM = 27.000000


Initial Transient Solution
--------------------------

Node                                   Voltage
----                                   -------
bat                                          0
cable_r                            2.03966e-55
raw_12v                            2.93354e-52
fused_12v                          2.93456e-52
rev_blocked_12v                    5.60651e-42
protect_ctrl_vin                  -4.20557e-42
protected_12v                      4.96687e-42
input_uv                            3.7186e-43
input_ov                           1.40163e-43
input_shdn                        -4.20556e-42
one                                          1
uv_ok                                    1e-09
ov_bad                                   1e-09
pvalid                                       0
ptimer                                       0
allow                                        0
allow_d                                      0
input_gate_drive                  -2.77862e-35
input_gate                        -2.77862e-35
input_gate_slew                   -2.77863e-35
qsrc                               4.96722e-42
buck_feed                          4.96671e-42
vin5                               4.95223e-42
en5                                  1.025e-42
on5                                      1e-09
xu121.age                                    0
xu121.active                                 0
xu121.ref                                    0
xu121.neg                                    0
xu121.req                         -3.16069e-41
fb5                                9.87717e-43
xu121.integral                               0
xu121.cmd                                    0
xu121.command                                0
xu121.drive                                  0
source5                            2.16187e-45
xu121.active_f                               0
xu121.sense                        -6.2057e-40
sw5                                -6.2057e-40
winding5                           8.35956e-43
c127r                              7.42194e-45
c128r                              7.42194e-45
ripple5                            9.87673e-43
rail5                             -5.29406e-45
feediso                            -5.3278e-45
good5                                    1e-09
iso_en_pin                        -9.30929e-46
gooddelay                           6.6967e-11
ageiso                                       0
switchon                                     0
slewiso                                      0
feedpass                           -5.3278e-45
vin                               -1.73103e-92
snsiso                            -2.36406e-93
localgood                                1e-09
snsfiltered                        7.50022e-10
snsprev                            7.09797e-10
snsevent                                     0
restartage                               1e-05
pgwant                                       0
pgdelay                                      0
en151                             -7.15447e-45
actual_en151                      -3.41277e-45
enable_ctrl                              1e-09
c151_esr                          -3.47307e-98
enable                                   1e-09
xu151.age                                    0
xu151.active                                 0
xu151.ref                                    0
xu151.neg                                    0
xu151.req                         -9.54893e-93
fb                                  6.6312e-94
xu151.integral                               0
xu151.cmd                                    0
xu151.command                                0
xu151.drive                                  0
source                             2.21259e-93
xu151.active_f                               0
xu151.sense                        7.64974e-94
sw                                 7.64974e-94
winding                            2.21336e-93
c155_esr                           1.75866e-98
c156_esr                           1.75866e-98
c157_esr                           1.75866e-98
c158_esr                         -2.41582e-100
main                               2.21246e-93
c201_esr                          -8.27062e-99
c204_esr                          -8.27062e-99
c202_esr                         -2.94134e-101
c205_esr                         -2.94134e-101
c301_esr                         -2.94134e-101
c302_esr                         -2.94188e-100
c404_esr                         -2.94134e-101
c531_esr                         -2.94134e-101
branch_sense                       2.21246e-93
branch_l                           2.21246e-93
branch_r                           2.21246e-93
bulksw_out                                   0
damped                                       0
c206_esr                                     0
main_feed                          2.21257e-93
main_l                             2.21247e-93
requested                                 0.45
ready                                        0
valid                                    1e-09
timer                                        0
reset_ctl                                    1
reset_raw                          7.76301e-95
en                                 2.71705e-94
disg                              -1.73104e-92
disfeed                            2.21259e-93
disdrain                           2.21259e-93
hold_l                            -1.73104e-92
hold_bus                          -1.73103e-92
c162                              -1.73106e-92
bulk_en_in                         2.21246e-93
bulk_en_pin                        5.52936e-94
bulk_want                                1e-09
bulk_enabled                        6.6967e-11
bulk_age                                     0
bulk_slew                                    0
bulk_feed                          2.21246e-93
bulk_localcap                      2.21246e-93
bbulk_slew#branch                            0
breset#branch                                0
bready#branch                                0
v.xu151.vsense#branch            -1.52995e-105
b.xu151.bdrive#branch             7.64974e-106
b.xu151.bcmd#branch                          0
b.xu151.breq#branch                          0
b.xu151.bneg#branch                          0
b.xu151.bref#branch                          0
b.xu151.bactive#branch                       0
bpgwant#branch                               0
bswitchon#branch                             0
bsnsevent#branch                             0
bvslew#branch                                0
v.xu121.vsense#branch              1.24114e-51
b.xu121.bdrive#branch              -6.2057e-52
b.xu121.bcmd#branch                          0
b.xu121.breq#branch                          0
b.xu121.bneg#branch                          0
b.xu121.bref#branch                          0
b.xu121.bactive#branch                       0
ballow#branch                                0
bpvalid#branch                               0
lhold#branch                        2.2687e-96
lmainfeed#branch                   1.34115e-96
lbranch#branch                    -2.98573e-98
l151#branch                        6.72424e-96
l121#branch                        2.98997e-42
lcable#branch                     -2.03966e-54
vbulkpass#branch                             0
vr165#branch                     -5.44727e-101
vload#branch                                 0
vr158#branch                      -2.98573e-98
vpass#branch                                 0
vlogic#branch                           -9e-12
vbat#branch                        2.03966e-54

 Reference value :  9.09617e-03
 Reference value :  2.05802e-02
 Reference value :  3.18082e-02
 Reference value :  3.93557e-02
 Reference value :  4.70225e-02
 Reference value :  5.48185e-02
 Reference value :  6.42925e-02
 Reference value :  7.41645e-02
 Reference value :  8.39525e-02
 Reference value :  9.32546e-02
 Reference value :  1.01759e-01
 Reference value :  1.08008e-01
 Reference value :  1.16583e-01
 Reference value :  1.23804e-01
 Reference value :  1.31968e-01
 Reference value :  1.38232e-01
 Reference value :  1.46720e-01
 Reference value :  1.55444e-01
 Reference value :  1.63968e-01
 Reference value :  1.72156e-01
 Reference value :  1.79954e-01
 Reference value :  1.87634e-01
 Reference value :  1.93910e-01
 Reference value :  1.99452e-01
 Reference value :  2.05254e-01
 Reference value :  2.14030e-01
 Reference value :  2.22348e-01
 Reference value :  2.30704e-01
 Reference value :  2.37720e-01
 Reference value :  2.45984e-01
 Reference value :  2.54244e-01
 Reference value :  2.61572e-01
 Reference value :  2.68558e-01
 Reference value :  2.77166e-01
 Reference value :  2.85612e-01
 Reference value :  2.93526e-01
 Reference value :  2.99468e-01
 Reference value :  3.07343e-01
 Reference value :  3.15523e-01
 Reference value :  3.23749e-01
 Reference value :  3.31901e-01
 Reference value :  3.40309e-01
 Reference value :  3.48803e-01
 Reference value :  3.57007e-01
 Reference value :  3.63379e-01
 Reference value :  3.70165e-01
 Reference value :  3.76687e-01
 Reference value :  3.84807e-01
 Reference value :  3.89217e-01
 Reference value :  3.93521e-01
 Reference value :  3.98277e-01
 Reference value :  4.03037e-01
 Reference value :  4.09779e-01
 Reference value :  4.14211e-01
 Reference value :  4.19023e-01
 Reference value :  4.24811e-01
 Reference value :  4.32593e-01
 Reference value :  4.39375e-01
 Reference value :  4.43829e-01
 Reference value :  4.48721e-01
 Reference value :  4.51340e-01
 Reference value :  4.59175e-01
 Reference value :  4.67959e-01
 Reference value :  4.74293e-01
 Reference value :  4.84719e-01
 Reference value :  4.93873e-01
 Reference value :  5.02039e-01
 Reference value :  5.07239e-01
 Reference value :  5.14767e-01
 Reference value :  5.24923e-01
 Reference value :  5.33613e-01
 Reference value :  5.43001e-01
 Reference value :  5.51097e-01
 Reference value :  5.60251e-01
 Reference value :  5.67263e-01
 Reference value :  5.73935e-01
 Reference value :  5.84817e-01
 Reference value :  5.92014e-01
 Reference value :  6.00924e-01
 Reference value :  6.09174e-01
 Reference value :  6.17164e-01
 Reference value :  6.25222e-01
 Reference value :  6.32686e-01
 Reference value :  6.40721e-01
 Reference value :  6.49901e-01
 Reference value :  6.59125e-01
 Reference value :  6.67711e-01
 Reference value :  6.76325e-01
 Reference value :  6.84833e-01
 Reference value :  6.93371e-01
 Reference value :  7.00765e-01
 Reference value :  7.08247e-01
 Reference value :  7.15255e-01
 Reference value :  7.21733e-01
 Reference value :  7.28159e-01
 Reference value :  7.36045e-01
 Reference value :  7.44137e-01
 Reference value :  7.50799e-01
 Reference value :  7.59251e-01
 Reference value :  7.65585e-01
 Reference value :  7.71281e-01
 Reference value :  7.79697e-01
 Reference value :  7.87585e-01
 Reference value :  7.96129e-01
 Reference value :  8.04919e-01
 Reference value :  8.13473e-01
 Reference value :  8.22313e-01
 Reference value :  8.30921e-01
 Reference value :  8.39561e-01
 Reference value :  8.47843e-01
 Reference value :  8.56555e-01
 Reference value :  8.65135e-01
 Reference value :  8.73813e-01
 Reference value :  8.82163e-01
 Reference value :  8.90827e-01
 Reference value :  8.99409e-01
 Reference value :  9.08255e-01
 Reference value :  9.16379e-01
 Reference value :  9.24161e-01
 Reference value :  9.31719e-01
 Reference value :  9.39011e-01
 Reference value :  9.45729e-01
 Reference value :  9.54539e-01
 Reference value :  9.60303e-01
 Reference value :  9.69267e-01
 Reference value :  9.78203e-01
 Reference value :  9.86979e-01
 Reference value :  9.95657e-01
 Reference value :  1.00447e+00
 Reference value :  1.01341e+00
 Reference value :  1.02228e+00
 Reference value :  1.02977e+00
 Reference value :  1.03784e+00
 Reference value :  1.04677e+00
 Reference value :  1.05493e+00
 Reference value :  1.06330e+00
 Reference value :  1.07166e+00
 Reference value :  1.08034e+00
 Reference value :  1.08789e+00
 Reference value :  1.09611e+00
No. of Data Rows : 552373
I32_FINISHED
ngspice-42 done
