Using SPARSE 1.3 as Direct Linear Solver
Note: Starting dynamic gmin stepping
Warning: Dynamic gmin stepping failed
Note: Starting true gmin stepping
Warning: True gmin stepping failed
Note: Starting source stepping
Warning: singular matrix:  check node pgdelay

Warning: singular matrix:  check node pgdelay

Warning: source stepping failed
Note: Transient op started
Note: Transient op finished successfully

Note: No compatibility mode selected!


Circuit: i32 exploratory network alternative; not manufacturer u151 model

Doing analysis at TEMP = 27.000000 and TNOM = 27.000000


Initial Transient Solution
--------------------------

Node                                   Voltage
----                                   -------
bat                                          0
cable_r                           -1.37999e-53
raw_12v                            7.72223e-51
fused_12v                          7.71533e-51
rev_blocked_12v                    2.02777e-41
protect_ctrl_vin                  -1.51282e-41
protected_12v                      1.80188e-41
input_uv                           1.34495e-42
input_ov                           5.06941e-43
input_shdn                        -1.51282e-41
one                                          1
uv_ok                                    1e-09
ov_bad                                   1e-09
pvalid                                       0
ptimer                                       0
allow                                        0
allow_d                                      0
input_gate_drive                  -1.00248e-34
input_gate                        -1.00248e-34
input_gate_slew                   -1.00248e-34
qsrc                               1.80201e-41
buck_feed                          1.80161e-41
vin5                               1.77599e-41
en5                                3.67593e-42
on5                                      1e-09
xu121.age                                    0
xu121.active                                 0
xu121.ref                                    0
xu121.neg                                    0
xu121.req                         -4.15087e-40
fb5                                1.29715e-41
xu121.integral                               0
xu121.cmd                                    0
xu121.command                                0
xu121.drive                                  0
source5                           -3.31913e-42
xu121.active_f                               0
xu121.sense                       -6.40409e-39
sw5                               -6.40409e-39
winding5                           8.24611e-42
c127r                              2.06621e-43
c128r                              2.06621e-43
ripple5                            1.03512e-41
rail5                                        0
feediso                            1.29143e-98
good5                                    1e-09
iso_en_pin                                   0
gooddelay                           6.6967e-11
ageiso                                       0
switchon                                     0
slewiso                                      0
feedpass                           1.29143e-98
vin                                2.58286e-92
snsiso                             3.51858e-93
localgood                                1e-09
snsfiltered                        7.50022e-10
snsprev                            7.09797e-10
snsevent                                     0
restartage                               1e-05
pgwant                                       0
pgdelay                                      0
en151                                        0
actual_en151                                 0
enable_ctrl                              1e-09
c151_esr                           7.51194e-97
enable                                   1e-09
xu151.age                                    0
xu151.active                                 0
xu151.ref                                    0
xu151.neg                                    0
xu151.req                          1.42474e-92
fb                                  -9.894e-94
xu151.integral                               0
xu151.cmd                                    0
xu151.command                                0
xu151.drive                                  0
source                            -3.30127e-93
xu151.active_f                               0
xu151.sense                       -4.02983e-93
sw                                -4.02983e-93
winding                           -3.30959e-93
c155_esr                           -2.3253e-97
c156_esr                           -2.3253e-97
c157_esr                           -2.3253e-97
c158_esr                          -1.32021e-99
main                              -3.30078e-93
c201_esr                           9.90524e-99
c204_esr                           9.90524e-99
c202_esr                          4.06185e-101
c205_esr                          4.06185e-101
c301_esr                          4.06185e-101
c302_esr                          4.11087e-100
c404_esr                          4.06185e-101
c531_esr                          4.06185e-101
branch_sense                      -3.30078e-93
branch_l                          -3.30078e-93
branch_r                          -3.30078e-93
bulksw_out                                   0
damped                                       0
c206_esr                                     0
main_feed                         -3.30124e-93
main_l                            -3.30107e-93
requested                                 0.45
ready                                        0
valid                                    1e-09
timer                                        0
reset_ctl                                    1
reset_raw                         -1.15817e-94
en                                -4.05359e-94
disg                               2.43084e-92
disfeed                           -3.30127e-93
disdrain                          -3.30127e-93
hold_l                             2.58459e-92
hold_bus                           2.58422e-92
c162                               2.58494e-92
bulk_en_in                        -3.30078e-93
bulk_en_pin                       -8.23136e-94
bulk_want                                1e-09
bulk_enabled                        6.6967e-11
bulk_age                                     0
bulk_slew                                    0
bulk_feed                         -3.30078e-93
bulk_localcap                     -3.30078e-93
bbulk_slew#branch                            0
breset#branch                                0
bready#branch                                0
v.xu151.vsense#branch             8.05967e-105
b.xu151.bdrive#branch            -4.02983e-105
b.xu151.bcmd#branch                          0
b.xu151.breq#branch                          0
b.xu151.bneg#branch                          0
b.xu151.bref#branch                          0
b.xu151.bactive#branch                       0
bpgwant#branch                               0
bswitchon#branch                             0
bsnsevent#branch                             0
bvslew#branch                                0
v.xu121.vsense#branch              1.28082e-50
b.xu121.bdrive#branch             -6.40409e-51
b.xu121.bcmd#branch                          0
b.xu121.breq#branch                          0
b.xu121.bneg#branch                          0
b.xu121.bref#branch                          0
b.xu121.bactive#branch                       0
ballow#branch                                0
bpvalid#branch                               0
lhold#branch                      -2.89233e-94
lmainfeed#branch                  -2.32582e-96
lbranch#branch                     4.51705e-98
l151#branch                       -7.24124e-95
l121#branch                        4.14727e-41
lcable#branch                      1.37999e-52
vbulkpass#branch                             0
vr165#branch                      1.85658e-100
vload#branch                                 0
vr158#branch                       4.51705e-98
vpass#branch                      -2.58286e-96
vservice#branch                   -3.31913e-54
vlogic#branch                           -9e-12
vbat#branch                       -1.37999e-52

 Reference value :  7.70870e-03
 Reference value :  1.80267e-02
 Reference value :  2.69567e-02
 Reference value :  3.71167e-02
 Reference value :  4.55227e-02
 Reference value :  5.51652e-02
 Reference value :  6.52524e-02
 Reference value :  7.35015e-02
 Reference value :  8.28115e-02
 Reference value :  9.18535e-02
 Reference value :  1.01860e-01
 Reference value :  1.12166e-01
 Reference value :  1.22250e-01
 Reference value :  1.31800e-01
 Reference value :  1.41226e-01
 Reference value :  1.49168e-01
 Reference value :  1.56154e-01
 Reference value :  1.65842e-01
 Reference value :  1.75968e-01
 Reference value :  1.85600e-01
 Reference value :  1.95710e-01
 Reference value :  2.05324e-01
 Reference value :  2.15366e-01
 Reference value :  2.24744e-01
 Reference value :  2.34394e-01
 Reference value :  2.43582e-01
 Reference value :  2.53013e-01
 Reference value :  2.61383e-01
 Reference value :  2.69111e-01
 Reference value :  2.79307e-01
 Reference value :  2.89537e-01
 Reference value :  2.99769e-01
 Reference value :  3.10041e-01
 Reference value :  3.19271e-01
 Reference value :  3.28877e-01
 Reference value :  3.38999e-01
 Reference value :  3.49161e-01
 Reference value :  3.59035e-01
 Reference value :  3.66113e-01
 Reference value :  3.73017e-01
 Reference value :  3.82801e-01
 Reference value :  3.93023e-01
 Reference value :  4.01711e-01
 Reference value :  4.10925e-01
 Reference value :  4.20667e-01
 Reference value :  4.30569e-01
 Reference value :  4.40037e-01
 Reference value :  4.49999e-01
 Reference value :  4.59751e-01
 Reference value :  4.69953e-01
 Reference value :  4.79357e-01
 Reference value :  4.87225e-01
 Reference value :  4.94175e-01
 Reference value :  5.01503e-01
 Reference value :  5.09561e-01
 Reference value :  5.15753e-01
 Reference value :  5.23559e-01
 Reference value :  5.33303e-01
 Reference value :  5.42017e-01
 Reference value :  5.50161e-01
 Reference value :  5.58945e-01
 Reference value :  5.67845e-01
 Reference value :  5.75071e-01
 Reference value :  5.84729e-01
 Reference value :  5.93863e-01
No. of Data Rows : 300489
I32_FINISHED
ngspice-42 done
