Using SPARSE 1.3 as Direct Linear Solver
Note: Starting dynamic gmin stepping
Warning: Dynamic gmin stepping failed
Note: Starting true gmin stepping
Warning: True gmin stepping failed
Note: Starting source stepping
Warning: singular matrix:  check node snsprev

Warning: singular matrix:  check node snsprev

Warning: source stepping failed
Note: Transient op started
Note: Transient op finished successfully

Note: No compatibility mode selected!


Circuit: i32 exploratory network alternative; not manufacturer u151 model

Doing analysis at TEMP = 27.000000 and TNOM = 27.000000


Initial Transient Solution
--------------------------

Node                                   Voltage
----                                   -------
bat                                          0
cable_r                             1.9707e-55
raw_12v                            2.98166e-52
fused_12v                          2.98264e-52
rev_blocked_12v                    5.59763e-42
protect_ctrl_vin                  -4.19625e-42
protected_12v                      4.95758e-42
input_uv                           3.71272e-43
input_ov                           1.39941e-43
input_shdn                        -4.19625e-42
one                                          1
uv_ok                                    1e-09
ov_bad                                   1e-09
pvalid                                       0
ptimer                                       0
allow                                        0
allow_d                                      0
input_gate_drive                  -2.77348e-35
input_gate                        -2.77348e-35
input_gate_slew                   -2.77349e-35
qsrc                               4.95794e-42
buck_feed                          4.95743e-42
vin5                               4.94279e-42
en5                                1.02305e-42
on5                                      1e-09
xu121.age                                    0
xu121.active                                 0
xu121.ref                                    0
xu121.neg                                    0
xu121.req                         -3.16674e-41
fb5                                9.89607e-43
xu121.integral                               0
xu121.cmd                                    0
xu121.command                                0
xu121.drive                                  0
source5                            2.24374e-45
xu121.active_f                               0
xu121.sense                       -6.29681e-40
sw5                               -6.29681e-40
winding5                           4.54938e-43
c127r                              7.43687e-45
c128r                              7.43687e-45
ripple5                            9.89679e-43
rail5                              -5.2273e-45
feediso                            -5.2611e-45
good5                                    1e-09
iso_en_pin                        -9.20857e-46
gooddelay                           6.6967e-11
ageiso                                       0
switchon                                     0
slewiso                                      0
feedpass                           -5.2611e-45
vin                               -2.48062e-92
snsiso                            -3.39656e-93
localgood                                1e-09
snsfiltered                        7.50022e-10
snsprev                            7.09797e-10
snsevent                                     0
restartage                               1e-05
pgwant                                       0
pgdelay                                      0
en151                             -7.13586e-45
actual_en151                      -3.45046e-45
enable_ctrl                              1e-09
c151_esr                          -4.98543e-98
enable                                   1e-09
xu151.age                                    0
xu151.active                                 0
xu151.ref                                    0
xu151.neg                                    0
xu151.req                         -1.37055e-92
fb                                 9.51771e-94
xu151.integral                               0
xu151.cmd                                    0
xu151.command                                0
xu151.drive                                  0
source                             3.17571e-93
xu151.active_f                               0
xu151.sense                        1.09804e-93
sw                                 1.09804e-93
winding                            3.17682e-93
c155_esr                            2.5244e-98
c156_esr                            2.5244e-98
c157_esr                            2.5244e-98
c158_esr                         -3.46715e-100
main                               3.17552e-93
c201_esr                          -1.18693e-98
c204_esr                          -1.18693e-98
c202_esr                         -4.22126e-101
c205_esr                         -4.22126e-101
c301_esr                         -4.22126e-101
c302_esr                         -4.22204e-100
c404_esr                         -4.22126e-101
c531_esr                         -4.22126e-101
branch_sense                       3.17552e-93
branch_l                           3.17553e-93
branch_r                           3.17553e-93
bulksw_out                                   0
damped                                       0
c206_esr                                     0
main_feed                          3.17569e-93
main_l                             3.17555e-93
requested                                 0.45
ready                                        0
valid                                    1e-09
timer                                        0
reset_ctl                                    1
reset_raw                          1.11422e-94
en                                 3.89976e-94
disg                              -2.48063e-92
disfeed                            3.17571e-93
disdrain                           3.17571e-93
hold_l                            -2.48064e-92
hold_bus                          -2.48063e-92
c162                              -2.48066e-92
bulk_en_in                         3.17552e-93
bulk_en_pin                        7.95235e-94
bulk_want                                1e-09
bulk_enabled                        6.6967e-11
bulk_age                                     0
bulk_slew                                    0
bulk_feed                          3.17553e-93
bulk_localcap                      3.17553e-93
bbulk_slew#branch                            0
breset#branch                                0
bready#branch                                0
v.xu151.vsense#branch            -2.19607e-105
b.xu151.bdrive#branch             1.09804e-105
b.xu151.bcmd#branch                          0
b.xu151.breq#branch                          0
b.xu151.bneg#branch                          0
b.xu151.bref#branch                          0
b.xu151.bactive#branch                       0
bpgwant#branch                               0
bswitchon#branch                             0
bsnsevent#branch                             0
bvslew#branch                                0
v.xu121.vsense#branch              1.25936e-51
b.xu121.bdrive#branch             -6.29681e-52
b.xu121.bcmd#branch                          0
b.xu121.breq#branch                          0
b.xu121.bneg#branch                          0
b.xu121.bref#branch                          0
b.xu121.bactive#branch                       0
ballow#branch                                0
bpvalid#branch                               0
lhold#branch                       3.25598e-96
lmainfeed#branch                   1.92541e-96
lbranch#branch                    -4.34186e-98
l151#branch                        9.65234e-96
l121#branch                        2.99619e-42
lcable#branch                      -1.9707e-54
vbulkpass#branch                             0
vr165#branch                     -7.81866e-101
vload#branch                                 0
vr158#branch                      -4.34186e-98
vpass#branch                                 0
vlogic#branch                           -9e-12
vbat#branch                         1.9707e-54

 Reference value :  2.51817e-03
 Reference value :  7.39817e-03
 Reference value :  1.15542e-02
 Reference value :  1.67742e-02
 Reference value :  2.20202e-02
 Reference value :  2.71482e-02
 Reference value :  3.23562e-02
 Reference value :  3.73400e-02
 Reference value :  4.08363e-02
 Reference value :  4.53163e-02
 Reference value :  4.91483e-02
 Reference value :  5.32183e-02
 Reference value :  5.75363e-02
 Reference value :  6.17543e-02
 Reference value :  6.62043e-02
 Reference value :  7.05243e-02
 Reference value :  7.48843e-02
 Reference value :  7.92403e-02
 Reference value :  8.36063e-02
 Reference value :  8.80183e-02
 Reference value :  9.21895e-02
 Reference value :  9.63635e-02
 Reference value :  1.00687e-01
 Reference value :  1.02819e-01
 Reference value :  1.06222e-01
 Reference value :  1.09968e-01
 Reference value :  1.13598e-01
 Reference value :  1.17184e-01
 Reference value :  1.20846e-01
 Reference value :  1.23955e-01
 Reference value :  1.26864e-01
 Reference value :  1.30056e-01
 Reference value :  1.33274e-01
 Reference value :  1.36450e-01
 Reference value :  1.40198e-01
 Reference value :  1.43412e-01
 Reference value :  1.46688e-01
 Reference value :  1.49784e-01
 Reference value :  1.52864e-01
 Reference value :  1.56130e-01
 Reference value :  1.59250e-01
 Reference value :  1.62392e-01
 Reference value :  1.65410e-01
 Reference value :  1.68592e-01
 Reference value :  1.71684e-01
 Reference value :  1.74730e-01
 Reference value :  1.77994e-01
 Reference value :  1.81100e-01
 Reference value :  1.84330e-01
 Reference value :  1.87584e-01
 Reference value :  1.90810e-01
 Reference value :  1.94012e-01
 Reference value :  1.96930e-01
 Reference value :  2.00164e-01
 Reference value :  2.03230e-01
 Reference value :  2.06284e-01
 Reference value :  2.09340e-01
 Reference value :  2.12556e-01
 Reference value :  2.15952e-01
 Reference value :  2.19380e-01
 Reference value :  2.22666e-01
 Reference value :  2.25838e-01
 Reference value :  2.29282e-01
 Reference value :  2.32754e-01
 Reference value :  2.36588e-01
 Reference value :  2.40304e-01
 Reference value :  2.43860e-01
 Reference value :  2.47580e-01
 Reference value :  2.51348e-01
 Reference value :  2.54982e-01
 Reference value :  2.58546e-01
 Reference value :  2.62338e-01
 Reference value :  2.66020e-01
 Reference value :  2.69612e-01
 Reference value :  2.73464e-01
 Reference value :  2.77358e-01
 Reference value :  2.81382e-01
 Reference value :  2.85106e-01
 Reference value :  2.89192e-01
 Reference value :  2.92652e-01
 Reference value :  2.96454e-01
 Reference value :  2.99202e-01
 Reference value :  3.02906e-01
 Reference value :  3.05722e-01
 Reference value :  3.08846e-01
 Reference value :  3.12712e-01
 Reference value :  3.16522e-01
 Reference value :  3.20450e-01
 Reference value :  3.24064e-01
 Reference value :  3.27534e-01
 Reference value :  3.31228e-01
 Reference value :  3.34908e-01
 Reference value :  3.38762e-01
 Reference value :  3.42742e-01
 Reference value :  3.46606e-01
 Reference value :  3.50278e-01
 Reference value :  3.54460e-01
 Reference value :  3.58514e-01
 Reference value :  3.62114e-01
 Reference value :  3.66012e-01
 Reference value :  3.69982e-01
 Reference value :  3.73902e-01
 Reference value :  3.77830e-01
 Reference value :  3.81760e-01
 Reference value :  3.85654e-01
 Reference value :  3.89606e-01
 Reference value :  3.93616e-01
 Reference value :  3.97594e-01
 Reference value :  4.01592e-01
 Reference value :  4.05468e-01
 Reference value :  4.09504e-01
 Reference value :  4.13530e-01
 Reference value :  4.17542e-01
 Reference value :  4.21038e-01
 Reference value :  4.24992e-01
 Reference value :  4.28966e-01
 Reference value :  4.32798e-01
 Reference value :  4.36840e-01
 Reference value :  4.40748e-01
 Reference value :  4.44554e-01
 Reference value :  4.48354e-01
 Reference value :  4.51179e-01
 Reference value :  4.54395e-01
 Reference value :  4.58648e-01
 Reference value :  4.63648e-01
 Reference value :  4.68636e-01
 Reference value :  4.73656e-01
 Reference value :  4.78524e-01
 Reference value :  4.83744e-01
 Reference value :  4.88850e-01
 Reference value :  4.93518e-01
 Reference value :  4.98594e-01
 Reference value :  5.03650e-01
 Reference value :  5.08668e-01
 Reference value :  5.13316e-01
 Reference value :  5.18422e-01
 Reference value :  5.23516e-01
 Reference value :  5.28438e-01
 Reference value :  5.33356e-01
 Reference value :  5.38364e-01
 Reference value :  5.43510e-01
 Reference value :  5.48270e-01
 Reference value :  5.53378e-01
 Reference value :  5.58422e-01
 Reference value :  5.63450e-01
 Reference value :  5.68274e-01
 Reference value :  5.73452e-01
 Reference value :  5.78668e-01
 Reference value :  5.83448e-01
 Reference value :  5.88554e-01
 Reference value :  5.93758e-01
 Reference value :  5.98848e-01
 Reference value :  6.03872e-01
 Reference value :  6.09012e-01
 Reference value :  6.14110e-01
 Reference value :  6.18416e-01
 Reference value :  6.23064e-01
 Reference value :  6.27398e-01
 Reference value :  6.30554e-01
 Reference value :  6.34660e-01
 Reference value :  6.39762e-01
 Reference value :  6.45106e-01
 Reference value :  6.49540e-01
 Reference value :  6.53741e-01
 Reference value :  6.58611e-01
 Reference value :  6.62285e-01
 Reference value :  6.66315e-01
 Reference value :  6.71435e-01
 Reference value :  6.76287e-01
 Reference value :  6.81423e-01
 Reference value :  6.85943e-01
 Reference value :  6.90065e-01
 Reference value :  6.94265e-01
 Reference value :  6.98291e-01
 Reference value :  7.02501e-01
 Reference value :  7.06729e-01
 Reference value :  7.10533e-01
 Reference value :  7.13801e-01
 Reference value :  7.17637e-01
 Reference value :  7.21221e-01
 Reference value :  7.24823e-01
 Reference value :  7.28321e-01
 Reference value :  7.32325e-01
 Reference value :  7.36079e-01
 Reference value :  7.39521e-01
 Reference value :  7.43435e-01
 Reference value :  7.47555e-01
 Reference value :  7.51135e-01
 Reference value :  7.54431e-01
 Reference value :  7.58031e-01
 Reference value :  7.61499e-01
 Reference value :  7.64939e-01
 Reference value :  7.68517e-01
 Reference value :  7.71527e-01
 Reference value :  7.74618e-01
 Reference value :  7.77720e-01
 Reference value :  7.80996e-01
 Reference value :  7.84124e-01
 Reference value :  7.86999e-01
 Reference value :  7.90213e-01
 Reference value :  7.93481e-01
 Reference value :  7.96803e-01
 Reference value :  7.99783e-01
 Reference value :  8.03053e-01
 Reference value :  8.06139e-01
 Reference value :  8.09311e-01
 Reference value :  8.12531e-01
 Reference value :  8.15949e-01
 Reference value :  8.19163e-01
 Reference value :  8.22257e-01
 Reference value :  8.25595e-01
 Reference value :  8.28793e-01
 Reference value :  8.32057e-01
 Reference value :  8.35175e-01
 Reference value :  8.38609e-01
 Reference value :  8.41825e-01
 Reference value :  8.44973e-01
 Reference value :  8.48227e-01
 Reference value :  8.51421e-01
 Reference value :  8.54783e-01
 Reference value :  8.58331e-01
 Reference value :  8.61655e-01
 Reference value :  8.64611e-01
 Reference value :  8.67283e-01
 Reference value :  8.69143e-01
 Reference value :  8.71319e-01
 Reference value :  8.74391e-01
 Reference value :  8.77339e-01
 Reference value :  8.80697e-01
 Reference value :  8.83433e-01
 Reference value :  8.86409e-01
 Reference value :  8.89601e-01
 Reference value :  8.92941e-01
 Reference value :  8.96133e-01
 Reference value :  8.99421e-01
 Reference value :  9.02611e-01
 Reference value :  9.05817e-01
 Reference value :  9.08975e-01
 Reference value :  9.12371e-01
 Reference value :  9.16407e-01
 Reference value :  9.20355e-01
 Reference value :  9.23979e-01
 Reference value :  9.27927e-01
 Reference value :  9.31769e-01
 Reference value :  9.35629e-01
 Reference value :  9.39291e-01
 Reference value :  9.43183e-01
 Reference value :  9.47075e-01
 Reference value :  9.50907e-01
 Reference value :  9.54868e-01
 Reference value :  9.58756e-01
 Reference value :  9.62602e-01
 Reference value :  9.66550e-01
 Reference value :  9.70656e-01
 Reference value :  9.73890e-01
 Reference value :  9.77228e-01
 Reference value :  9.81362e-01
 Reference value :  9.85226e-01
 Reference value :  9.89292e-01
 Reference value :  9.93036e-01
 Reference value :  9.97130e-01
 Reference value :  1.00106e+00
 Reference value :  1.00476e+00
 Reference value :  1.00879e+00
 Reference value :  1.01292e+00
 Reference value :  1.01696e+00
 Reference value :  1.02076e+00
 Reference value :  1.02484e+00
 Reference value :  1.02887e+00
 Reference value :  1.03290e+00
 Reference value :  1.03663e+00
 Reference value :  1.04046e+00
 Reference value :  1.04438e+00
 Reference value :  1.04826e+00
 Reference value :  1.05239e+00
 Reference value :  1.05639e+00
 Reference value :  1.06031e+00
 Reference value :  1.06376e+00
 Reference value :  1.06754e+00
 Reference value :  1.07163e+00
 Reference value :  1.07548e+00
 Reference value :  1.07918e+00
 Reference value :  1.08314e+00
 Reference value :  1.08714e+00
 Reference value :  1.09067e+00
 Reference value :  1.09430e+00
 Reference value :  1.09783e+00
 Reference value :  1.10191e+00
 Reference value :  1.10586e+00
 Reference value :  1.10983e+00
 Reference value :  1.11376e+00
 Reference value :  1.11689e+00
 Reference value :  1.12093e+00
 Reference value :  1.12476e+00
 Reference value :  1.12829e+00
 Reference value :  1.13170e+00
 Reference value :  1.13528e+00
 Reference value :  1.13888e+00
 Reference value :  1.14257e+00
 Reference value :  1.14662e+00
 Reference value :  1.15058e+00
 Reference value :  1.15423e+00
 Reference value :  1.15798e+00
 Reference value :  1.16177e+00
 Reference value :  1.16538e+00
 Reference value :  1.16950e+00
 Reference value :  1.17341e+00
 Reference value :  1.17735e+00
 Reference value :  1.18092e+00
 Reference value :  1.18474e+00
 Reference value :  1.18862e+00
 Reference value :  1.19243e+00
 Reference value :  1.19639e+00
 Reference value :  1.20032e+00
 Reference value :  1.20408e+00
 Reference value :  1.20823e+00
 Reference value :  1.21197e+00
 Reference value :  1.21568e+00
 Reference value :  1.21923e+00
 Reference value :  1.22321e+00
 Reference value :  1.22717e+00
 Reference value :  1.23099e+00
 Reference value :  1.23499e+00
 Reference value :  1.23893e+00
 Reference value :  1.24296e+00
 Reference value :  1.24668e+00
 Reference value :  1.25078e+00
 Reference value :  1.25445e+00
 Reference value :  1.25814e+00
 Reference value :  1.26217e+00
 Reference value :  1.26607e+00
 Reference value :  1.26999e+00
 Reference value :  1.27369e+00
 Reference value :  1.27766e+00
 Reference value :  1.28150e+00
 Reference value :  1.28540e+00
 Reference value :  1.28943e+00
 Reference value :  1.29352e+00
 Reference value :  1.29689e+00
No. of Data Rows : 652157
I32_FINISHED
ngspice-42 done
