Using SPARSE 1.3 as Direct Linear Solver
Note: Starting dynamic gmin stepping
Warning: Dynamic gmin stepping failed
Note: Starting true gmin stepping
Warning: True gmin stepping failed
Note: Starting source stepping
Warning: singular matrix:  check node snsprev

Warning: singular matrix:  check node snsprev

Warning: source stepping failed
Note: Transient op started
Note: Transient op finished successfully

Note: No compatibility mode selected!


Circuit: i32 exploratory network alternative; not manufacturer u151 model

Doing analysis at TEMP = 27.000000 and TNOM = 27.000000


Initial Transient Solution
--------------------------

Node                                   Voltage
----                                   -------
bat                                          0
cable_r                           -3.37362e-54
raw_12v                            1.83488e-51
fused_12v                          1.83319e-51
rev_blocked_12v                    3.31841e-42
protect_ctrl_vin                   -3.7905e-42
protected_12v                      4.54838e-42
input_uv                           2.20099e-43
input_ov                           8.29603e-44
input_shdn                         -3.7905e-42
one                                          1
uv_ok                                    1e-09
ov_bad                                   1e-09
pvalid                                       0
ptimer                                       0
allow                                        0
allow_d                                      0
input_gate_drive                   -2.5322e-35
input_gate                         -2.5322e-35
input_gate_slew                   -2.53221e-35
qsrc                               4.54871e-42
buck_feed                           4.5477e-42
vin5                               4.48431e-42
en5                                9.28157e-43
on5                                      1e-09
xu121.age                                    0
xu121.active                                 0
xu121.ref                                    0
xu121.neg                                    0
xu121.req                          -1.0166e-40
fb5                                3.17687e-42
xu121.integral                               0
xu121.cmd                                    0
xu121.command                                0
xu121.drive                                  0
source5                           -8.47148e-43
xu121.active_f                               0
xu121.sense                       -1.60097e-39
sw5                               -1.60097e-39
winding5                           1.06998e-42
c127r                              2.55271e-44
c128r                              2.55271e-44
ripple5                            2.53191e-42
rail5                             -8.72696e-43
feediso                           -8.72696e-43
good5                                    1e-09
gooddelay                           6.6967e-11
ageiso                                       0
switchon                                     0
slewiso                                      0
feedpass                          -8.72696e-43
vin                               -4.21072e-72
c160esr                           -4.21072e-72
snsiso                            -5.63829e-73
localgood                                1e-09
snsfiltered                        7.50022e-10
snsprev                            7.09797e-10
snsevent                                     0
restartage                               1e-05
pgwant                                       0
pgdelay                                      0
en151                             -6.98684e-43
enable_ctrl                              1e-09
c151_esr                           -6.5981e-80
enable                                   1e-09
xu151.age                                    0
xu151.active                                 0
xu151.ref                                    0
xu151.neg                                    0
xu151.req                         -2.32391e-74
fb                                 1.61382e-75
xu151.integral                               0
xu151.cmd                                    0
xu151.command                                0
xu151.drive                                  0
source                             5.26838e-75
xu151.active_f                               0
xu151.sense                        3.84347e-75
sw                                 3.84347e-75
winding                            5.26945e-75
c155_esr                          -2.46116e-78
c156_esr                          -2.46116e-78
c157_esr                          -2.46116e-78
c158_esr                          -1.03792e-80
main                               5.26085e-75
c201_esr                           -2.4586e-78
c204_esr                           -2.4586e-78
c202_esr                          -1.01415e-80
c205_esr                          -1.01415e-80
c301_esr                          -1.01415e-80
c302_esr                          -1.00999e-79
c404_esr                          -1.01415e-80
c531_esr                          -1.01415e-80
branch_sense                       5.26085e-75
branch_l                           5.27328e-75
branch_r                           5.27414e-75
damped                             5.37152e-75
c206_esr                          -5.17986e-78
requested                                 0.45
valid                                    1e-09
timer                                        0
ready                                        0
reset_ctl                                    1
reset_raw                            1.846e-76
en                                 6.46099e-76
disg                              -4.21072e-72
disdrain                           5.26838e-75
breset#branch                                0
bready#branch                                0
v.xu151.vsense#branch             -7.68764e-87
b.xu151.bdrive#branch              3.84347e-87
b.xu151.bcmd#branch                          0
b.xu151.breq#branch                          0
b.xu151.bneg#branch                          0
b.xu151.bref#branch                          0
b.xu151.bactive#branch                       0
bpgwant#branch                               0
bswitchon#branch                             0
bsnsevent#branch                             0
bvslew#branch                                0
v.xu121.vsense#branch              3.20195e-51
b.xu121.bdrive#branch             -1.60097e-51
b.xu121.bcmd#branch                          0
b.xu121.breq#branch                          0
b.xu121.bneg#branch                          0
b.xu121.bref#branch                          0
b.xu121.bactive#branch                       0
ballow#branch                                0
bpvalid#branch                               0
lbranch#branch                    -2.07195e-76
l151#branch                        1.39204e-77
l121#branch                         1.0252e-41
lcable#branch                      3.37362e-53
vload#branch                                 0
vr158#branch                      -2.07195e-76
vpass#branch                                 0
vlogic#branch                           -8e-12
vbat#branch                       -3.37362e-53

 Reference value :  7.08714e-03 Reference value :  1.70631e-02 Reference value :  2.84911e-02 Reference value :  4.00135e-02 Reference value :  4.70589e-02 Reference value :  5.69679e-02 Reference value :  6.64979e-02 Reference value :  7.50439e-02 Reference value :  8.35732e-02 Reference value :  9.35652e-02 Reference value :  1.01533e-01 Reference value :  1.11319e-01
No. of Data Rows : 60415
I32_FINISHED
ngspice-42 done
