Using SPARSE 1.3 as Direct Linear Solver
Note: Starting dynamic gmin stepping
Warning: Dynamic gmin stepping failed
Note: Starting true gmin stepping
Warning: True gmin stepping failed
Note: Starting source stepping
Warning: singular matrix:  check node snsfiltered

Warning: singular matrix:  check node snsfiltered

Warning: source stepping failed
Note: Transient op started
Note: Transient op finished successfully

Note: No compatibility mode selected!


Circuit: i32 exploratory network alternative; not manufacturer u151 model

Doing analysis at TEMP = 27.000000 and TNOM = 27.000000


Initial Transient Solution
--------------------------

Node                                   Voltage
----                                   -------
bat                                          0
cable_r                            8.42953e-55
raw_12v                           -1.12825e-53
fused_12v                          -1.0861e-53
rev_blocked_12v                     5.7451e-42
protect_ctrl_vin                  -4.29004e-42
protected_12v                      5.08558e-42
input_uv                           3.81052e-43
input_ov                           1.43627e-43
input_shdn                        -4.29003e-42
one                                          1
uv_ok                                    1e-09
ov_bad                                   1e-09
pvalid                                       0
ptimer                                       0
allow                                        0
allow_d                                      0
input_gate_drive                  -2.84192e-35
input_gate                        -2.84192e-35
input_gate_slew                   -2.84193e-35
qsrc                               5.08595e-42
buck_feed                          5.08553e-42
vin5                               5.08088e-42
en5                                1.05163e-42
on5                                      1e-09
xu121.age                                    0
xu121.active                                 0
xu121.ref                                    0
xu121.neg                                    0
xu121.req                         -1.23811e-41
fb5                                 3.8691e-43
xu121.integral                               0
xu121.cmd                                    0
xu121.command                                0
xu121.drive                                  0
source5                            -3.0809e-43
xu121.active_f                               0
xu121.sense                       -4.03294e-40
sw5                               -4.03294e-40
winding5                           1.78903e-43
c127r                              4.33254e-45
c128r                              4.33254e-45
ripple5                            1.52426e-43
rail5                             -3.12443e-43
feediso                           -3.12463e-43
good5                                    1e-09
iso_en_pin                        -5.48145e-44
gooddelay                           6.6967e-11
ageiso                                       0
switchon                                     0
slewiso                                      0
feedpass                          -3.12463e-43
vin                                1.99427e-79
snsiso                             2.69373e-80
localgood                                1e-09
snsfiltered                        7.50022e-10
snsprev                            7.09797e-10
snsevent                                     0
restartage                               1e-05
pgwant                                       0
pgdelay                                      0
en151                             -2.61869e-43
actual_en151                      -1.33428e-43
enable_ctrl                              1e-09
c151_esr                           3.20749e-84
enable                                   1e-09
xu151.age                                    0
xu151.active                                 0
xu151.ref                                    0
xu151.neg                                    0
xu151.req                          5.44236e-82
fb                                -7.55883e-83
xu151.integral                               0
xu151.cmd                                    0
xu151.command                                0
xu151.drive                                  0
source                            -2.51717e-82
xu151.active_f                               0
xu151.sense                        1.20387e-80
sw                                 1.20387e-80
winding                           -2.56339e-82
c155_esr                          -1.32884e-85
c156_esr                          -1.32884e-85
c157_esr                          -1.32884e-85
c158_esr                           9.61462e-88
main                              -2.51415e-82
c201_esr                          -6.22762e-88
c204_esr                          -6.22762e-88
c202_esr                          -9.79418e-90
c205_esr                          -9.79418e-90
c301_esr                          -9.79418e-90
c302_esr                          -9.44147e-89
c404_esr                          -9.79418e-90
c531_esr                          -9.79418e-90
branch_sense                      -2.51415e-82
branch_l                          -2.51415e-82
branch_r                          -2.51415e-82
bulksw_out                                   0
damped                                       0
c206_esr                                     0
main_feed                         -2.51712e-82
main_l                            -2.51681e-82
requested                                 0.45
ready                                        0
valid                                    1e-09
timer                                        0
reset_ctl                                    1
reset_raw                         -8.82159e-84
en                                -3.08756e-83
disg                               1.87691e-79
disfeed                           -2.51717e-82
disdrain                          -2.51718e-82
hold_l                              1.9956e-79
hold_bus                           1.99534e-79
c162                               1.99589e-79
bulk_en_in                        -2.51415e-82
bulk_en_pin                       -6.26971e-83
bulk_want                                1e-09
bulk_enabled                        6.6967e-11
bulk_age                                     0
bulk_slew                                    0
bulk_feed                         -2.51415e-82
bbulk_slew#branch                            0
breset#branch                                0
bready#branch                                0
v.xu151.vsense#branch             -2.40774e-92
b.xu151.bdrive#branch              1.20387e-92
b.xu151.bcmd#branch                          0
b.xu151.breq#branch                          0
b.xu151.bneg#branch                          0
b.xu151.bref#branch                          0
b.xu151.bactive#branch                       0
bpgwant#branch                               0
bswitchon#branch                             0
bsnsevent#branch                             0
bvslew#branch                                0
v.xu121.vsense#branch              8.06588e-52
b.xu121.bdrive#branch             -4.03294e-52
b.xu121.bcmd#branch                          0
b.xu121.breq#branch                          0
b.xu121.bneg#branch                          0
b.xu121.bref#branch                          0
b.xu121.bactive#branch                       0
ballow#branch                                0
bpvalid#branch                               0
lhold#branch                      -2.20229e-81
lmainfeed#branch                   -4.1863e-85
lbranch#branch                               0
l151#branch                       -4.02023e-83
l121#branch                        1.74635e-42
lcable#branch                     -8.42953e-54
vbulkpass#branch                             0
vr165#branch                       3.33018e-88
vload#branch                                 0
vr158#branch                      -5.01618e-94
vpass#branch                      -1.99427e-83
vlogic#branch                           -9e-12
vbat#branch                        8.42953e-54

 Reference value :  8.11017e-03
 Reference value :  1.86562e-02
 Reference value :  2.93042e-02
 Reference value :  3.85526e-02
 Reference value :  4.61874e-02
 Reference value :  5.53554e-02
 Reference value :  6.42734e-02
 Reference value :  7.36182e-02
 Reference value :  8.28162e-02
 Reference value :  9.13931e-02
 Reference value :  9.87754e-02
 Reference value :  1.06897e-01
 Reference value :  1.15103e-01
 Reference value :  1.23771e-01
 Reference value :  1.32135e-01
 Reference value :  1.40739e-01
 Reference value :  1.48013e-01
 Reference value :  1.56933e-01
 Reference value :  1.65513e-01
 Reference value :  1.74033e-01
 Reference value :  1.82191e-01
 Reference value :  1.91245e-01
 Reference value :  2.00061e-01
 Reference value :  2.08851e-01
 Reference value :  2.17561e-01
 Reference value :  2.26013e-01
 Reference value :  2.33509e-01
 Reference value :  2.42199e-01
 Reference value :  2.50691e-01
 Reference value :  2.59343e-01
 Reference value :  2.67717e-01
 Reference value :  2.76323e-01
 Reference value :  2.85223e-01
 Reference value :  2.93581e-01
 Reference value :  3.02309e-01
 Reference value :  3.11003e-01
 Reference value :  3.19885e-01
 Reference value :  3.28859e-01
 Reference value :  3.37675e-01
 Reference value :  3.46597e-01
 Reference value :  3.55395e-01
 Reference value :  3.64415e-01
 Reference value :  3.73203e-01
 Reference value :  3.81947e-01
 Reference value :  3.90787e-01
 Reference value :  3.99627e-01
 Reference value :  4.08447e-01
 Reference value :  4.17223e-01
 Reference value :  4.26035e-01
 Reference value :  4.34943e-01
 Reference value :  4.43751e-01
 Reference value :  4.52453e-01
 Reference value :  4.61451e-01
 Reference value :  4.70520e-01
 Reference value :  4.79356e-01
 Reference value :  4.88328e-01
 Reference value :  4.96948e-01
 Reference value :  5.06030e-01
 Reference value :  5.14814e-01
 Reference value :  5.23704e-01
 Reference value :  5.32630e-01
 Reference value :  5.41532e-01
 Reference value :  5.50072e-01
 Reference value :  5.57918e-01
 Reference value :  5.66564e-01
 Reference value :  5.75162e-01
 Reference value :  5.84066e-01
 Reference value :  5.92806e-01
No. of Data Rows : 300424
I32_FINISHED
ngspice-42 done
