Using SPARSE 1.3 as Direct Linear Solver
Note: Starting dynamic gmin stepping
Warning: Dynamic gmin stepping failed
Note: Starting true gmin stepping
Warning: True gmin stepping failed
Note: Starting source stepping
Warning: singular matrix:  check node snsprev

Warning: singular matrix:  check node snsprev

Warning: source stepping failed
Note: Transient op started
Note: Transient op finished successfully

Note: No compatibility mode selected!


Circuit: i32 exploratory network alternative; not manufacturer u151 model

Doing analysis at TEMP = 27.000000 and TNOM = 27.000000


Initial Transient Solution
--------------------------

Node                                   Voltage
----                                   -------
bat                                          0
cable_r                            2.03966e-55
raw_12v                            2.93354e-52
fused_12v                          2.93456e-52
rev_blocked_12v                    5.60651e-42
protect_ctrl_vin                  -4.20557e-42
protected_12v                      4.96687e-42
input_uv                            3.7186e-43
input_ov                           1.40163e-43
input_shdn                        -4.20556e-42
one                                          1
uv_ok                                    1e-09
ov_bad                                   1e-09
pvalid                                       0
ptimer                                       0
allow                                        0
allow_d                                      0
input_gate_drive                  -2.77862e-35
input_gate                        -2.77862e-35
input_gate_slew                   -2.77863e-35
qsrc                               4.96722e-42
buck_feed                          4.96671e-42
vin5                               4.95223e-42
en5                                  1.025e-42
on5                                      1e-09
xu121.age                                    0
xu121.active                                 0
xu121.ref                                    0
xu121.neg                                    0
xu121.req                         -3.16069e-41
fb5                                9.87717e-43
xu121.integral                               0
xu121.cmd                                    0
xu121.command                                0
xu121.drive                                  0
source5                            2.16187e-45
xu121.active_f                               0
xu121.sense                        -6.2057e-40
sw5                                -6.2057e-40
winding5                           8.35956e-43
c127r                              7.42194e-45
c128r                              7.42194e-45
ripple5                            9.87673e-43
rail5                             -5.29406e-45
feediso                            -5.3278e-45
good5                                    1e-09
iso_en_pin                        -9.30929e-46
gooddelay                           6.6967e-11
ageiso                                       0
switchon                                     0
slewiso                                      0
feedpass                           -5.3278e-45
vin                                1.08933e-92
snsiso                             1.48782e-93
localgood                                1e-09
snsfiltered                        7.50022e-10
snsprev                            7.09797e-10
snsevent                                     0
restartage                               1e-05
pgwant                                       0
pgdelay                                      0
en151                             -7.15447e-45
actual_en151                      -3.45946e-45
enable_ctrl                              1e-09
c151_esr                            1.2021e-97
enable                                   1e-09
xu151.age                                    0
xu151.active                                 0
xu151.ref                                    0
xu151.neg                                    0
xu151.req                          6.02007e-93
fb                                -4.18061e-94
xu151.integral                               0
xu151.cmd                                    0
xu151.command                                0
xu151.drive                                  0
source                            -1.39492e-93
xu151.active_f                               0
xu151.sense                       -1.70264e-93
sw                                -1.70264e-93
winding                           -1.39843e-93
c155_esr                          -9.81941e-98
c156_esr                          -9.81941e-98
c157_esr                          -9.81941e-98
c158_esr                         -4.64309e-100
main                              -1.39472e-93
c201_esr                            4.1129e-99
c204_esr                            4.1129e-99
c202_esr                          1.30549e-101
c205_esr                          1.30549e-101
c301_esr                          1.30549e-101
c302_esr                          1.32317e-100
c404_esr                          1.30549e-101
c531_esr                          1.30549e-101
branch_sense                      -1.39472e-93
branch_l                          -1.39472e-93
branch_r                          -1.39472e-93
bulksw_out                                   0
damped                                       0
c206_esr                                     0
main_feed                         -1.39491e-93
main_l                            -1.39483e-93
requested                                 0.45
ready                                        0
valid                                    1e-09
timer                                        0
reset_ctl                                    1
reset_raw                         -4.89374e-95
en                                -1.71281e-94
disg                               1.02557e-92
disfeed                           -1.39492e-93
disdrain                          -1.39492e-93
hold_l                             1.08994e-92
hold_bus                           1.08981e-92
c162                               1.09084e-92
bulk_en_in                        -1.39472e-93
bulk_en_pin                       -3.48541e-94
bulk_want                                1e-09
bulk_enabled                        6.6967e-11
bulk_age                                     0
bulk_slew                                    0
bulk_feed                         -1.39472e-93
bulk_localcap                     -1.39472e-93
bbulk_slew#branch                            0
breset#branch                                0
bready#branch                                0
v.xu151.vsense#branch             3.40528e-105
b.xu151.bdrive#branch            -1.70264e-105
b.xu151.bcmd#branch                          0
b.xu151.breq#branch                          0
b.xu151.bneg#branch                          0
b.xu151.bref#branch                          0
b.xu151.bactive#branch                       0
bpgwant#branch                               0
bswitchon#branch                             0
bsnsevent#branch                             0
bvslew#branch                                0
v.xu121.vsense#branch              1.24114e-51
b.xu121.bdrive#branch              -6.2057e-52
b.xu121.bcmd#branch                          0
b.xu121.breq#branch                          0
b.xu121.bneg#branch                          0
b.xu121.bref#branch                          0
b.xu121.bactive#branch                       0
ballow#branch                                0
bpvalid#branch                               0
lhold#branch                      -1.02223e-94
lmainfeed#branch                  -1.00788e-96
lbranch#branch                     1.48906e-98
l151#branch                       -3.05952e-95
l121#branch                        2.98997e-42
lcable#branch                     -2.03966e-54
vbulkpass#branch                             0
vr165#branch                      8.42511e-101
vload#branch                                 0
vr158#branch                       1.48906e-98
vpass#branch                      -1.08933e-96
vlogic#branch                           -9e-12
vbat#branch                        2.03966e-54

 Reference value :  0.00000e+00
 Reference value :  3.88560e-04
 Reference value :  3.39217e-03
 Reference value :  4.93417e-03
 Reference value :  9.95617e-03
 Reference value :  1.27082e-02
 Reference value :  1.75922e-02
 Reference value :  2.46082e-02
 Reference value :  2.93342e-02
 Reference value :  3.40485e-02
 Reference value :  3.92075e-02
 Reference value :  4.13321e-02
 Reference value :  4.58641e-02
 Reference value :  4.74521e-02
 Reference value :  4.92861e-02
 Reference value :  5.20921e-02
 Reference value :  5.74021e-02
 Reference value :  6.23481e-02
 Reference value :  6.62741e-02
 Reference value :  6.91181e-02
 Reference value :  7.42921e-02
 Reference value :  8.17701e-02
 Reference value :  8.65221e-02
 Reference value :  8.98932e-02
 Reference value :  9.61032e-02
 Reference value :  1.01549e-01
 Reference value :  1.04937e-01
 Reference value :  1.10189e-01
 Reference value :  1.16303e-01
 Reference value :  1.22437e-01
 Reference value :  1.26400e-01
 Reference value :  1.30762e-01
 Reference value :  1.34312e-01
 Reference value :  1.42090e-01
 Reference value :  1.49744e-01
 Reference value :  1.56962e-01
 Reference value :  1.64836e-01
 Reference value :  1.72986e-01
 Reference value :  1.81814e-01
 Reference value :  1.89672e-01
 Reference value :  1.97182e-01
 Reference value :  2.04428e-01
 Reference value :  2.13768e-01
 Reference value :  2.23060e-01
 Reference value :  2.32164e-01
 Reference value :  2.41302e-01
 Reference value :  2.50174e-01
 Reference value :  2.59238e-01
 Reference value :  2.68328e-01
 Reference value :  2.77470e-01
 Reference value :  2.86632e-01
 Reference value :  2.95868e-01
 Reference value :  3.03492e-01
 Reference value :  3.12620e-01
 Reference value :  3.21844e-01
 Reference value :  3.28620e-01
 Reference value :  3.36450e-01
 Reference value :  3.45242e-01
 Reference value :  3.53420e-01
 Reference value :  3.60274e-01
 Reference value :  3.66500e-01
 Reference value :  3.73978e-01
 Reference value :  3.82800e-01
 Reference value :  3.91316e-01
 Reference value :  4.00066e-01
 Reference value :  4.08944e-01
 Reference value :  4.17794e-01
 Reference value :  4.26574e-01
 Reference value :  4.35090e-01
 Reference value :  4.43536e-01
 Reference value :  4.51044e-01
 Reference value :  4.59087e-01
 Reference value :  4.63119e-01
 Reference value :  4.74357e-01
 Reference value :  4.85337e-01
 Reference value :  4.95508e-01
 Reference value :  5.03604e-01
 Reference value :  5.11787e-01
 Reference value :  5.21289e-01
 Reference value :  5.30463e-01
 Reference value :  5.39715e-01
 Reference value :  5.49189e-01
 Reference value :  5.58983e-01
 Reference value :  5.68286e-01
 Reference value :  5.77356e-01
 Reference value :  5.85767e-01
 Reference value :  5.94007e-01
 Reference value :  6.00754e-01
 Reference value :  6.09368e-01
 Reference value :  6.17882e-01
 Reference value :  6.25450e-01
 Reference value :  6.33062e-01
 Reference value :  6.40530e-01
 Reference value :  6.47432e-01
 Reference value :  6.55014e-01
 Reference value :  6.62670e-01
 Reference value :  6.71588e-01
 Reference value :  6.80832e-01
 Reference value :  6.90048e-01
 Reference value :  6.96146e-01
 Reference value :  7.03836e-01
 Reference value :  7.12390e-01
 Reference value :  7.20932e-01
 Reference value :  7.29520e-01
 Reference value :  7.38526e-01
 Reference value :  7.46606e-01
 Reference value :  7.55380e-01
 Reference value :  7.63120e-01
 Reference value :  7.71732e-01
 Reference value :  7.80124e-01
 Reference value :  7.88764e-01
 Reference value :  7.97028e-01
 Reference value :  8.05802e-01
 Reference value :  8.14658e-01
 Reference value :  8.23578e-01
 Reference value :  8.32486e-01
 Reference value :  8.41268e-01
 Reference value :  8.50086e-01
 Reference value :  8.58946e-01
 Reference value :  8.66490e-01
 Reference value :  8.75072e-01
 Reference value :  8.83532e-01
 Reference value :  8.91992e-01
 Reference value :  9.00300e-01
 Reference value :  9.08928e-01
 Reference value :  9.17656e-01
 Reference value :  9.26330e-01
 Reference value :  9.34806e-01
 Reference value :  9.43490e-01
 Reference value :  9.52248e-01
 Reference value :  9.61194e-01
 Reference value :  9.70068e-01
 Reference value :  9.78688e-01
 Reference value :  9.87372e-01
 Reference value :  9.96136e-01
No. of Data Rows : 502418
I32_FINISHED
ngspice-42 done
