Using SPARSE 1.3 as Direct Linear Solver
Note: Starting dynamic gmin stepping
Warning: Dynamic gmin stepping failed
Note: Starting true gmin stepping
Warning: True gmin stepping failed
Note: Starting source stepping
Warning: singular matrix:  check node snsprev

Warning: singular matrix:  check node snsprev

Warning: source stepping failed
Note: Transient op started
Note: Transient op finished successfully

Note: No compatibility mode selected!


Circuit: i32 exploratory network alternative; not manufacturer u151 model

Doing analysis at TEMP = 27.000000 and TNOM = 27.000000


Initial Transient Solution
--------------------------

Node                                   Voltage
----                                   -------
bat                                          0
cable_r                            1.53825e-54
raw_12v                            6.12922e-52
fused_12v                          6.13692e-52
rev_blocked_12v                    5.59715e-42
protect_ctrl_vin                  -4.20197e-42
protected_12v                      4.95749e-42
input_uv                            3.7124e-43
input_ov                           1.39929e-43
input_shdn                        -4.20196e-42
one                                          1
uv_ok                                    1e-09
ov_bad                                   1e-09
pvalid                                       0
ptimer                                       0
allow                                        0
allow_d                                      0
input_gate_drive                  -2.77654e-35
input_gate                        -2.77654e-35
input_gate_slew                   -2.77655e-35
qsrc                               4.95785e-42
buck_feed                          4.95709e-42
vin5                               4.91933e-42
en5                                1.01819e-42
on5                                      1e-09
xu121.age                                    0
xu121.active                                 0
xu121.ref                                    0
xu121.neg                                    0
xu121.req                          2.66229e-41
fb5                               -8.31964e-43
xu121.integral                               0
xu121.cmd                                    0
xu121.command                                0
xu121.drive                        -8.6118e-45
source5                           -8.61163e-45
xu121.active_f                               0
xu121.sense                       -4.55979e-39
sw5                               -4.55979e-39
winding5                          -5.75301e-43
c127r                             -5.35345e-45
c128r                             -5.35345e-45
ripple5                           -8.13691e-43
rail5                             -3.27678e-45
feediso                           -3.26493e-45
good5                                    1e-09
iso_en_pin                        -5.74873e-46
gooddelay                           6.6967e-11
ageiso                                       0
switchon                                     0
slewiso                                      0
feedpass                          -3.26493e-45
vin                                 1.1753e-92
snsiso                             1.60109e-93
localgood                                1e-09
snsfiltered                        7.50022e-10
snsprev                            7.09797e-10
snsevent                                     0
restartage                               1e-05
pgwant                                       0
pgdelay                                      0
en151                              -6.9872e-45
actual_en151                      -3.62219e-45
enable_ctrl                              1e-09
c151_esr                           1.43109e-96
enable                                   1e-09
xu151.age                                    0
xu151.active                                 0
xu151.ref                                    0
xu151.neg                                    0
xu151.req                          3.25076e-93
fb                                -4.51494e-94
xu151.integral                               0
xu151.cmd                                    0
xu151.command                                0
xu151.drive                                  0
source                            -1.50352e-93
xu151.active_f                               0
xu151.sense                        7.49225e-92
sw                                 7.49225e-92
winding                           -1.53169e-93
c155_esr                          -8.09294e-97
c156_esr                          -8.09294e-97
c157_esr                          -8.09294e-97
c158_esr                           6.13957e-99
main                              -1.50166e-93
c201_esr                          -3.03255e-99
c204_esr                          -3.03255e-99
c202_esr                         -5.29182e-101
c205_esr                         -5.29182e-101
c301_esr                         -5.29182e-101
c302_esr                         -5.07852e-100
c404_esr                         -5.29182e-101
c531_esr                         -5.29182e-101
branch_sense                      -1.50166e-93
branch_l                          -1.50166e-93
branch_r                          -1.50166e-93
bulksw_out                                   0
damped                                       0
c206_esr                                     0
main_feed                         -1.50349e-93
main_l                            -1.50329e-93
requested                                 0.45
ready                                        0
valid                                    1e-09
timer                                        0
reset_ctl                                    1
reset_raw                         -5.26899e-95
en                                -1.84414e-94
disg                               1.10597e-92
disfeed                           -1.50352e-93
disdrain                          -1.50353e-93
hold_l                             1.17609e-92
hold_bus                           1.17576e-92
c162                               1.17608e-92
bulk_en_in                        -1.50166e-93
bulk_en_pin                       -3.74479e-94
bulk_want                                1e-09
bulk_enabled                        6.6967e-11
bulk_age                                     0
bulk_slew                                    0
bulk_feed                         -1.50166e-93
bulk_localcap                     -1.50166e-93
bbulk_slew#branch                            0
breset#branch                                0
bready#branch                                0
v.xu151.vsense#branch            -1.49845e-103
b.xu151.bdrive#branch             7.49225e-104
b.xu151.bcmd#branch                          0
b.xu151.breq#branch                          0
b.xu151.bneg#branch                          0
b.xu151.bref#branch                          0
b.xu151.bactive#branch                       0
bpgwant#branch                               0
bswitchon#branch                             0
bsnsevent#branch                             0
bvslew#branch                                0
v.xu121.vsense#branch              9.11957e-51
b.xu121.bdrive#branch             -4.55978e-51
b.xu121.bcmd#branch                          0
b.xu121.breq#branch                          0
b.xu121.bneg#branch                          0
b.xu121.bref#branch                          0
b.xu121.bactive#branch                       0
ballow#branch                                0
bpvalid#branch                               0
lhold#branch                      -1.31211e-94
lmainfeed#branch                   -2.7008e-96
lbranch#branch                    -9.17946e-99
l151#branch                       -2.44962e-94
l121#branch                       -2.03214e-42
lcable#branch                     -1.53825e-53
vbulkpass#branch                             0
vr165#branch                       2.06239e-99
vload#branch                                 0
vr158#branch                      -9.17946e-99
vpass#branch                       -1.1753e-96
vlogic#branch                           -9e-12
vbat#branch                        1.53825e-53

 Reference value :  7.16217e-03
 Reference value :  1.49622e-02
 Reference value :  2.33642e-02
 Reference value :  3.47771e-02
 Reference value :  4.47578e-02
 Reference value :  5.36938e-02
 Reference value :  5.87798e-02
 Reference value :  6.86398e-02
 Reference value :  7.86218e-02
 Reference value :  8.86100e-02
 Reference value :  9.83327e-02
 Reference value :  1.06985e-01
 Reference value :  1.16099e-01
 Reference value :  1.24985e-01
 Reference value :  1.33617e-01
 Reference value :  1.42509e-01
 Reference value :  1.51551e-01
 Reference value :  1.60349e-01
 Reference value :  1.69331e-01
 Reference value :  1.78395e-01
 Reference value :  1.87529e-01
 Reference value :  1.96629e-01
 Reference value :  2.05597e-01
 Reference value :  2.14559e-01
 Reference value :  2.23009e-01
 Reference value :  2.31711e-01
 Reference value :  2.40615e-01
 Reference value :  2.49563e-01
 Reference value :  2.58301e-01
 Reference value :  2.67091e-01
 Reference value :  2.76053e-01
 Reference value :  2.84580e-01
 Reference value :  2.92804e-01
 Reference value :  3.01430e-01
 Reference value :  3.10114e-01
 Reference value :  3.18920e-01
 Reference value :  3.26626e-01
 Reference value :  3.33468e-01
 Reference value :  3.42256e-01
 Reference value :  3.51230e-01
 Reference value :  3.59960e-01
 Reference value :  3.68892e-01
 Reference value :  3.77768e-01
 Reference value :  3.86630e-01
 Reference value :  3.95340e-01
 Reference value :  4.04172e-01
 Reference value :  4.13166e-01
 Reference value :  4.22328e-01
 Reference value :  4.31270e-01
 Reference value :  4.39560e-01
 Reference value :  4.47780e-01
 Reference value :  4.55893e-01
 Reference value :  4.64707e-01
 Reference value :  4.73621e-01
 Reference value :  4.82753e-01
 Reference value :  4.91739e-01
 Reference value :  5.00863e-01
 Reference value :  5.10023e-01
 Reference value :  5.19063e-01
 Reference value :  5.27881e-01
 Reference value :  5.36851e-01
 Reference value :  5.45905e-01
 Reference value :  5.55009e-01
 Reference value :  5.62845e-01
 Reference value :  5.71993e-01
 Reference value :  5.80939e-01
 Reference value :  5.89613e-01
 Reference value :  5.97435e-01
No. of Data Rows : 300475
I32_FINISHED
ngspice-42 done
