Using SPARSE 1.3 as Direct Linear Solver
Note: Starting dynamic gmin stepping
Warning: Dynamic gmin stepping failed
Note: Starting true gmin stepping
Warning: True gmin stepping failed
Note: Starting source stepping
Warning: singular matrix:  check node snsprev

Warning: singular matrix:  check node snsprev

Warning: source stepping failed
Note: Transient op started
Note: Transient op finished successfully

Note: No compatibility mode selected!


Circuit: i32 exploratory network alternative; not manufacturer u151 model

Doing analysis at TEMP = 27.000000 and TNOM = 27.000000


Initial Transient Solution
--------------------------

Node                                   Voltage
----                                   -------
bat                                          0
cable_r                            2.03966e-55
raw_12v                            2.93354e-52
fused_12v                          2.93456e-52
rev_blocked_12v                    5.60651e-42
protect_ctrl_vin                  -4.20557e-42
protected_12v                      4.96687e-42
input_uv                            3.7186e-43
input_ov                           1.40163e-43
input_shdn                        -4.20556e-42
one                                          1
uv_ok                                    1e-09
ov_bad                                   1e-09
pvalid                                       0
ptimer                                       0
allow                                        0
allow_d                                      0
input_gate_drive                  -2.77862e-35
input_gate                        -2.77862e-35
input_gate_slew                   -2.77863e-35
qsrc                               4.96722e-42
buck_feed                          4.96671e-42
vin5                               4.95223e-42
en5                                  1.025e-42
on5                                      1e-09
xu121.age                                    0
xu121.active                                 0
xu121.ref                                    0
xu121.neg                                    0
xu121.req                         -3.16069e-41
fb5                                9.87717e-43
xu121.integral                               0
xu121.cmd                                    0
xu121.command                                0
xu121.drive                                  0
source5                            2.16187e-45
xu121.active_f                               0
xu121.sense                        -6.2057e-40
sw5                                -6.2057e-40
winding5                           8.35956e-43
c127r                              7.42194e-45
c128r                              7.42194e-45
ripple5                            9.87673e-43
rail5                             -5.29406e-45
feediso                            -5.3278e-45
good5                                    1e-09
iso_en_pin                        -9.30929e-46
gooddelay                           6.6967e-11
ageiso                                       0
switchon                                     0
slewiso                                      0
feedpass                           -5.3278e-45
vin                               -8.24702e-93
snsiso                            -1.12629e-93
localgood                                1e-09
snsfiltered                        7.50022e-10
snsprev                            7.09797e-10
snsevent                                     0
restartage                               1e-05
pgwant                                       0
pgdelay                                      0
en151                             -7.15447e-45
actual_en151                      -3.45946e-45
enable_ctrl                              1e-09
c151_esr                          -1.65466e-98
enable                                   1e-09
xu151.age                                    0
xu151.active                                 0
xu151.ref                                    0
xu151.neg                                    0
xu151.req                         -4.54931e-93
fb                                 3.15925e-94
xu151.integral                               0
xu151.cmd                                    0
xu151.command                                0
xu151.drive                                  0
source                             1.05412e-93
xu151.active_f                               0
xu151.sense                        3.64452e-94
sw                                 3.64452e-94
winding                            1.05449e-93
c155_esr                           8.37862e-99
c156_esr                           8.37862e-99
c157_esr                           8.37862e-99
c158_esr                         -1.15095e-100
main                               1.05406e-93
c201_esr                          -3.93926e-99
c204_esr                          -3.93926e-99
c202_esr                         -1.40098e-101
c205_esr                         -1.40098e-101
c301_esr                         -1.40098e-101
c302_esr                         -1.40123e-100
c404_esr                         -1.40098e-101
c531_esr                         -1.40098e-101
branch_sense                       1.05406e-93
branch_l                           1.05406e-93
branch_r                           1.05406e-93
bulksw_out                                   0
damped                                       0
c206_esr                                     0
main_feed                          1.05412e-93
main_l                             1.05407e-93
requested                                 0.45
ready                                        0
valid                                    1e-09
timer                                        0
reset_ctl                                    1
reset_raw                          3.69846e-95
en                                 1.29446e-94
disg                              -8.24706e-93
disfeed                            1.05412e-93
disdrain                           1.05412e-93
hold_l                            -8.24708e-93
hold_bus                          -8.24705e-93
c162                              -8.24715e-93
bulk_en_in                         1.05406e-93
bulk_en_pin                        2.63431e-94
bulk_want                                1e-09
bulk_enabled                        6.6967e-11
bulk_age                                     0
bulk_slew                                    0
bulk_feed                          1.05406e-93
bulk_localcap                      1.05406e-93
bbulk_slew#branch                            0
breset#branch                                0
bready#branch                                0
v.xu151.vsense#branch            -7.28906e-106
b.xu151.bdrive#branch             3.64452e-106
b.xu151.bcmd#branch                          0
b.xu151.breq#branch                          0
b.xu151.bneg#branch                          0
b.xu151.bref#branch                          0
b.xu151.bactive#branch                       0
bpgwant#branch                               0
bswitchon#branch                             0
bsnsevent#branch                             0
bvslew#branch                                0
v.xu121.vsense#branch              1.24114e-51
b.xu121.bdrive#branch              -6.2057e-52
b.xu121.bcmd#branch                          0
b.xu121.breq#branch                          0
b.xu121.bneg#branch                          0
b.xu121.bref#branch                          0
b.xu121.bactive#branch                       0
ballow#branch                                0
bpvalid#branch                               0
lhold#branch                       1.08086e-96
lmainfeed#branch                   6.38983e-97
lbranch#branch                    -1.44101e-98
l151#branch                        3.20359e-96
l121#branch                        2.98997e-42
lcable#branch                     -2.03966e-54
vbulkpass#branch                             0
vr165#branch                     -2.59553e-101
vload#branch                                 0
vr158#branch                      -1.44101e-98
vpass#branch                                 0
vlogic#branch                           -9e-12
vbat#branch                        2.03966e-54

 Reference value :  7.72217e-03
 Reference value :  1.68362e-02
 Reference value :  2.70302e-02
 Reference value :  3.73935e-02
 Reference value :  4.51499e-02
 Reference value :  5.21739e-02
 Reference value :  6.12879e-02
 Reference value :  6.81919e-02
 Reference value :  7.34317e-02
 Reference value :  8.19237e-02
 Reference value :  9.03522e-02
 Reference value :  9.94222e-02
 Reference value :  1.06452e-01
 Reference value :  1.14798e-01
 Reference value :  1.23014e-01
 Reference value :  1.30752e-01
 Reference value :  1.38422e-01
 Reference value :  1.46704e-01
 Reference value :  1.54622e-01
 Reference value :  1.62880e-01
 Reference value :  1.70590e-01
 Reference value :  1.78872e-01
 Reference value :  1.86980e-01
 Reference value :  1.95480e-01
 Reference value :  2.03776e-01
 Reference value :  2.11964e-01
 Reference value :  2.20390e-01
 Reference value :  2.29144e-01
 Reference value :  2.37398e-01
 Reference value :  2.44824e-01
 Reference value :  2.53162e-01
 Reference value :  2.61214e-01
 Reference value :  2.68942e-01
 Reference value :  2.77736e-01
 Reference value :  2.86494e-01
 Reference value :  2.94641e-01
 Reference value :  3.03143e-01
 Reference value :  3.11893e-01
 Reference value :  3.20685e-01
 Reference value :  3.29659e-01
 Reference value :  3.37879e-01
 Reference value :  3.46245e-01
 Reference value :  3.55033e-01
 Reference value :  3.63399e-01
 Reference value :  3.71997e-01
 Reference value :  3.80975e-01
 Reference value :  3.89833e-01
 Reference value :  3.98691e-01
 Reference value :  4.07401e-01
 Reference value :  4.16283e-01
 Reference value :  4.25031e-01
 Reference value :  4.33749e-01
 Reference value :  4.42509e-01
 Reference value :  4.50108e-01
 Reference value :  4.57645e-01
 Reference value :  4.68559e-01
 Reference value :  4.79575e-01
 Reference value :  4.90677e-01
 Reference value :  5.01739e-01
 Reference value :  5.12881e-01
 Reference value :  5.24159e-01
 Reference value :  5.35237e-01
 Reference value :  5.46337e-01
 Reference value :  5.57479e-01
 Reference value :  5.68341e-01
 Reference value :  5.79493e-01
 Reference value :  5.90625e-01
 Reference value :  6.01899e-01
 Reference value :  6.13185e-01
 Reference value :  6.24495e-01
 Reference value :  6.35889e-01
 Reference value :  6.47181e-01
 Reference value :  6.58353e-01
 Reference value :  6.69565e-01
 Reference value :  6.80931e-01
 Reference value :  6.92053e-01
 Reference value :  7.02213e-01
 Reference value :  7.12331e-01
 Reference value :  7.23329e-01
 Reference value :  7.34227e-01
 Reference value :  7.45417e-01
 Reference value :  7.56689e-01
 Reference value :  7.67915e-01
 Reference value :  7.79185e-01
 Reference value :  7.90501e-01
 Reference value :  8.01741e-01
 Reference value :  8.13035e-01
 Reference value :  8.24271e-01
 Reference value :  8.35489e-01
 Reference value :  8.46787e-01
 Reference value :  8.57913e-01
 Reference value :  8.68133e-01
 Reference value :  8.78693e-01
 Reference value :  8.87858e-01
 Reference value :  8.96986e-01
 Reference value :  9.03238e-01
 Reference value :  9.12868e-01
 Reference value :  9.22322e-01
 Reference value :  9.30891e-01
 Reference value :  9.40211e-01
 Reference value :  9.49311e-01
 Reference value :  9.58703e-01
 Reference value :  9.66175e-01
 Reference value :  9.75275e-01
 Reference value :  9.83329e-01
 Reference value :  9.91431e-01
 Reference value :  9.99751e-01
 Reference value :  1.00853e+00
 Reference value :  1.01566e+00
 Reference value :  1.02428e+00
 Reference value :  1.03284e+00
 Reference value :  1.04153e+00
 Reference value :  1.05033e+00
 Reference value :  1.05850e+00
 Reference value :  1.06721e+00
 Reference value :  1.07534e+00
 Reference value :  1.08431e+00
 Reference value :  1.09340e+00
 Reference value :  1.10236e+00
 Reference value :  1.11067e+00
 Reference value :  1.11975e+00
 Reference value :  1.12886e+00
 Reference value :  1.13794e+00
 Reference value :  1.14676e+00
 Reference value :  1.15587e+00
 Reference value :  1.16477e+00
 Reference value :  1.17383e+00
 Reference value :  1.18283e+00
 Reference value :  1.19203e+00
 Reference value :  1.20100e+00
 Reference value :  1.20998e+00
 Reference value :  1.21883e+00
 Reference value :  1.22795e+00
 Reference value :  1.23695e+00
 Reference value :  1.24613e+00
 Reference value :  1.25494e+00
 Reference value :  1.26403e+00
 Reference value :  1.27302e+00
 Reference value :  1.28215e+00
 Reference value :  1.29107e+00
No. of Data Rows : 652283
I32_FINISHED
ngspice-42 done
