Using SPARSE 1.3 as Direct Linear Solver
Note: Starting dynamic gmin stepping
Warning: Dynamic gmin stepping failed
Note: Starting true gmin stepping
Warning: True gmin stepping failed
Note: Starting source stepping
Warning: singular matrix:  check node snsprev

Warning: singular matrix:  check node snsprev

Warning: source stepping failed
Note: Transient op started
Note: Transient op finished successfully

Note: No compatibility mode selected!


Circuit: i32 exploratory network alternative; not manufacturer u151 model

Doing analysis at TEMP = 27.000000 and TNOM = 27.000000


Initial Transient Solution
--------------------------

Node                                   Voltage
----                                   -------
bat                                          0
cable_r                             1.9707e-55
raw_12v                            2.98166e-52
fused_12v                          2.98264e-52
rev_blocked_12v                    5.59763e-42
protect_ctrl_vin                  -4.19625e-42
protected_12v                      4.95758e-42
input_uv                           3.71272e-43
input_ov                           1.39941e-43
input_shdn                        -4.19625e-42
one                                          1
uv_ok                                    1e-09
ov_bad                                   1e-09
pvalid                                       0
ptimer                                       0
allow                                        0
allow_d                                      0
input_gate_drive                  -2.77348e-35
input_gate                        -2.77348e-35
input_gate_slew                   -2.77349e-35
qsrc                               4.95794e-42
buck_feed                          4.95743e-42
vin5                               4.94279e-42
en5                                1.02305e-42
on5                                      1e-09
xu121.age                                    0
xu121.active                                 0
xu121.ref                                    0
xu121.neg                                    0
xu121.req                         -3.16674e-41
fb5                                9.89607e-43
xu121.integral                               0
xu121.cmd                                    0
xu121.command                                0
xu121.drive                                  0
source5                            2.24374e-45
xu121.active_f                               0
xu121.sense                       -6.29681e-40
sw5                               -6.29681e-40
winding5                           4.54938e-43
c127r                              7.43687e-45
c128r                              7.43687e-45
ripple5                            9.89679e-43
rail5                              -5.2273e-45
feediso                            -5.2611e-45
good5                                    1e-09
iso_en_pin                        -9.20857e-46
gooddelay                           6.6967e-11
ageiso                                       0
switchon                                     0
slewiso                                      0
feedpass                           -5.2611e-45
vin                               -2.27325e-93
snsiso                            -3.11263e-94
localgood                                1e-09
snsfiltered                        7.50022e-10
snsprev                            7.09797e-10
snsevent                                     0
restartage                               1e-05
pgwant                                       0
pgdelay                                      0
en151                             -7.13586e-45
actual_en151                      -3.45046e-45
enable_ctrl                              1e-09
c151_esr                          -4.56868e-99
enable                                   1e-09
xu151.age                                    0
xu151.active                                 0
xu151.ref                                    0
xu151.neg                                    0
xu151.req                         -1.25597e-93
fb                                 8.72204e-95
xu151.integral                               0
xu151.cmd                                    0
xu151.command                                0
xu151.drive                                  0
source                             2.91022e-94
xu151.active_f                               0
xu151.sense                        1.00625e-94
sw                                 1.00625e-94
winding                            2.91124e-94
c155_esr                           2.31339e-99
c156_esr                           2.31339e-99
c157_esr                           2.31339e-99
c158_esr                         -3.17728e-101
main                               2.91005e-94
c201_esr                          -1.08771e-99
c204_esr                          -1.08771e-99
c202_esr                         -3.86837e-102
c205_esr                         -3.86837e-102
c301_esr                         -3.86837e-102
c302_esr                         -3.86908e-101
c404_esr                         -3.86837e-102
c531_esr                         -3.86837e-102
branch_sense                       2.91005e-94
branch_l                           2.91005e-94
branch_r                           2.91005e-94
bulksw_out                                   0
damped                                       0
c206_esr                                     0
main_feed                          2.91021e-94
main_l                             2.91007e-94
requested                                 0.45
ready                                        0
valid                                    1e-09
timer                                        0
reset_ctl                                    1
reset_raw                          1.02107e-95
en                                 3.57375e-95
disg                              -2.27326e-93
disfeed                            2.91022e-94
disdrain                           2.91022e-94
hold_l                            -2.27327e-93
hold_bus                          -2.27326e-93
c162                              -2.27329e-93
bulk_en_in                         2.91005e-94
bulk_en_pin                        7.28754e-95
bulk_want                                1e-09
bulk_enabled                        6.6967e-11
bulk_age                                     0
bulk_slew                                    0
bulk_feed                          2.91005e-94
bulk_localcap                      2.91005e-94
bbulk_slew#branch                            0
breset#branch                                0
bready#branch                                0
v.xu151.vsense#branch            -2.01249e-106
b.xu151.bdrive#branch             1.00625e-106
b.xu151.bcmd#branch                          0
b.xu151.breq#branch                          0
b.xu151.bneg#branch                          0
b.xu151.bref#branch                          0
b.xu151.bactive#branch                       0
bpgwant#branch                               0
bswitchon#branch                             0
bsnsevent#branch                             0
bvslew#branch                                0
v.xu121.vsense#branch              1.25936e-51
b.xu121.bdrive#branch             -6.29681e-52
b.xu121.bcmd#branch                          0
b.xu121.breq#branch                          0
b.xu121.bneg#branch                          0
b.xu121.bref#branch                          0
b.xu121.bactive#branch                       0
ballow#branch                                0
bpvalid#branch                               0
lhold#branch                       2.98379e-97
lmainfeed#branch                   1.76445e-97
lbranch#branch                    -3.97889e-99
l151#branch                        8.84547e-97
l121#branch                        2.99619e-42
lcable#branch                      -1.9707e-54
vbulkpass#branch                             0
vr165#branch                     -7.16595e-102
vload#branch                                 0
vr158#branch                      -3.97889e-99
vpass#branch                                 0
vlogic#branch                           -9e-12
vbat#branch                         1.9707e-54

 Reference value :  5.38217e-03
 Reference value :  9.68417e-03
 Reference value :  1.65402e-02
 Reference value :  2.43722e-02
 Reference value :  3.15282e-02
 Reference value :  3.84940e-02
 Reference value :  4.29159e-02
 Reference value :  4.89859e-02
 Reference value :  5.46959e-02
 Reference value :  6.04619e-02
 Reference value :  6.58519e-02
 Reference value :  7.19619e-02
 Reference value :  7.78259e-02
 Reference value :  8.34079e-02
 Reference value :  8.89339e-02
 Reference value :  9.50090e-02
 Reference value :  1.00961e-01
 Reference value :  1.06406e-01
 Reference value :  1.11884e-01
 Reference value :  1.17970e-01
 Reference value :  1.23525e-01
 Reference value :  1.28445e-01
 Reference value :  1.33625e-01
 Reference value :  1.39189e-01
 Reference value :  1.44433e-01
 Reference value :  1.49957e-01
 Reference value :  1.54393e-01
 Reference value :  1.57505e-01
 Reference value :  1.60461e-01
 Reference value :  1.63569e-01
 Reference value :  1.66465e-01
 Reference value :  1.69577e-01
 Reference value :  1.72149e-01
 Reference value :  1.74769e-01
 Reference value :  1.78051e-01
 Reference value :  1.83583e-01
 Reference value :  1.89065e-01
 Reference value :  1.94543e-01
 Reference value :  1.99603e-01
 Reference value :  2.05105e-01
 Reference value :  2.10439e-01
 Reference value :  2.15819e-01
 Reference value :  2.20145e-01
 Reference value :  2.25045e-01
 Reference value :  2.30543e-01
 Reference value :  2.36105e-01
 Reference value :  2.41099e-01
 Reference value :  2.46487e-01
 Reference value :  2.52045e-01
 Reference value :  2.57093e-01
 Reference value :  2.61289e-01
 Reference value :  2.65837e-01
 Reference value :  2.70209e-01
 Reference value :  2.73359e-01
 Reference value :  2.76455e-01
 Reference value :  2.79975e-01
 Reference value :  2.83521e-01
 Reference value :  2.86981e-01
 Reference value :  2.90221e-01
 Reference value :  2.93541e-01
 Reference value :  2.96947e-01
 Reference value :  3.00667e-01
 Reference value :  3.04513e-01
 Reference value :  3.08092e-01
 Reference value :  3.11480e-01
 Reference value :  3.15198e-01
 Reference value :  3.18162e-01
 Reference value :  3.21250e-01
 Reference value :  3.24566e-01
 Reference value :  3.28080e-01
 Reference value :  3.31660e-01
 Reference value :  3.35276e-01
 Reference value :  3.39166e-01
 Reference value :  3.42954e-01
 Reference value :  3.46546e-01
 Reference value :  3.49944e-01
 Reference value :  3.53506e-01
 Reference value :  3.57150e-01
 Reference value :  3.60654e-01
 Reference value :  3.64214e-01
 Reference value :  3.67930e-01
 Reference value :  3.71568e-01
 Reference value :  3.74942e-01
 Reference value :  3.78634e-01
 Reference value :  3.82214e-01
 Reference value :  3.85790e-01
 Reference value :  3.89270e-01
 Reference value :  3.92830e-01
 Reference value :  3.96134e-01
 Reference value :  3.98710e-01
 Reference value :  4.01958e-01
 Reference value :  4.05146e-01
 Reference value :  4.08208e-01
 Reference value :  4.10534e-01
 Reference value :  4.13418e-01
 Reference value :  4.16572e-01
 Reference value :  4.19710e-01
 Reference value :  4.22786e-01
 Reference value :  4.25900e-01
 Reference value :  4.29032e-01
 Reference value :  4.31676e-01
 Reference value :  4.34398e-01
 Reference value :  4.37508e-01
 Reference value :  4.40514e-01
 Reference value :  4.43740e-01
 Reference value :  4.46788e-01
 Reference value :  4.49556e-01
 Reference value :  4.51055e-01
 Reference value :  4.53364e-01
 Reference value :  4.56465e-01
 Reference value :  4.60408e-01
 Reference value :  4.63970e-01
 Reference value :  4.67954e-01
 Reference value :  4.71858e-01
 Reference value :  4.74890e-01
 Reference value :  4.77532e-01
 Reference value :  4.79620e-01
 Reference value :  4.83802e-01
 Reference value :  4.87488e-01
 Reference value :  4.91524e-01
 Reference value :  4.95466e-01
 Reference value :  4.99506e-01
 Reference value :  5.03290e-01
 Reference value :  5.07326e-01
 Reference value :  5.11234e-01
 Reference value :  5.15238e-01
 Reference value :  5.19338e-01
 Reference value :  5.23240e-01
 Reference value :  5.27456e-01
 Reference value :  5.30350e-01
 Reference value :  5.32398e-01
 Reference value :  5.36598e-01
 Reference value :  5.40616e-01
 Reference value :  5.44634e-01
 Reference value :  5.48684e-01
 Reference value :  5.52862e-01
 Reference value :  5.57080e-01
 Reference value :  5.61184e-01
 Reference value :  5.65320e-01
 Reference value :  5.69482e-01
 Reference value :  5.73646e-01
 Reference value :  5.77846e-01
 Reference value :  5.81966e-01
 Reference value :  5.86010e-01
 Reference value :  5.90156e-01
 Reference value :  5.94302e-01
 Reference value :  5.98464e-01
 Reference value :  6.02672e-01
 Reference value :  6.06860e-01
 Reference value :  6.11220e-01
 Reference value :  6.15126e-01
 Reference value :  6.19040e-01
 Reference value :  6.23590e-01
 Reference value :  6.28784e-01
 Reference value :  6.33496e-01
 Reference value :  6.37700e-01
 Reference value :  6.42492e-01
 Reference value :  6.46770e-01
 Reference value :  6.51422e-01
 Reference value :  6.55890e-01
 Reference value :  6.60950e-01
 Reference value :  6.65044e-01
 Reference value :  6.69970e-01
 Reference value :  6.75138e-01
 Reference value :  6.80048e-01
 Reference value :  6.85132e-01
 Reference value :  6.89946e-01
 Reference value :  6.94944e-01
 Reference value :  6.99812e-01
 Reference value :  7.04872e-01
 Reference value :  7.09904e-01
 Reference value :  7.14776e-01
 Reference value :  7.19550e-01
 Reference value :  7.24434e-01
 Reference value :  7.29604e-01
 Reference value :  7.34562e-01
 Reference value :  7.39396e-01
 Reference value :  7.44400e-01
 Reference value :  7.49402e-01
 Reference value :  7.54270e-01
 Reference value :  7.59410e-01
 Reference value :  7.64450e-01
 Reference value :  7.69498e-01
 Reference value :  7.74546e-01
 Reference value :  7.79546e-01
 Reference value :  7.84694e-01
 Reference value :  7.89630e-01
 Reference value :  7.94600e-01
 Reference value :  7.99550e-01
 Reference value :  8.04608e-01
 Reference value :  8.09518e-01
 Reference value :  8.14604e-01
 Reference value :  8.19590e-01
 Reference value :  8.24536e-01
 Reference value :  8.29426e-01
 Reference value :  8.34676e-01
 Reference value :  8.39624e-01
 Reference value :  8.44698e-01
 Reference value :  8.49716e-01
 Reference value :  8.54827e-01
 Reference value :  8.59771e-01
 Reference value :  8.64881e-01
 Reference value :  8.69905e-01
 Reference value :  8.75095e-01
 Reference value :  8.79749e-01
 Reference value :  8.84509e-01
 Reference value :  8.88115e-01
 Reference value :  8.92243e-01
 Reference value :  8.96573e-01
 Reference value :  9.00389e-01
 Reference value :  9.04543e-01
 Reference value :  9.06669e-01
 Reference value :  9.07201e-01
 Reference value :  9.08557e-01
 Reference value :  9.08929e-01
 Reference value :  9.09063e-01
 Reference value :  9.09225e-01
 Reference value :  9.13385e-01
 Reference value :  9.16635e-01
 Reference value :  9.19993e-01
 Reference value :  9.22665e-01
 Reference value :  9.24011e-01
 Reference value :  9.24569e-01
 Reference value :  9.25047e-01
 Reference value :  9.27586e-01
 Reference value :  9.31210e-01
 Reference value :  9.31470e-01
 Reference value :  9.31744e-01
 Reference value :  9.31904e-01
 Reference value :  9.32230e-01
 Reference value :  9.32408e-01
 Reference value :  9.32582e-01
 Reference value :  9.32742e-01
 Reference value :  9.33088e-01
 Reference value :  9.33342e-01
 Reference value :  9.33504e-01
 Reference value :  9.33660e-01
 Reference value :  9.33836e-01
 Reference value :  9.34034e-01
 Reference value :  9.34222e-01
 Reference value :  9.34386e-01
 Reference value :  9.34638e-01
 Reference value :  9.34752e-01
 Reference value :  9.34954e-01
 Reference value :  9.35080e-01
 Reference value :  9.35742e-01
 Reference value :  9.36082e-01
 Reference value :  9.38905e-01
 Reference value :  9.43135e-01
 Reference value :  9.47371e-01
 Reference value :  9.51733e-01
 Reference value :  9.55420e-01
 Reference value :  9.59686e-01
 Reference value :  9.63938e-01
 Reference value :  9.68208e-01
 Reference value :  9.71929e-01
 Reference value :  9.75812e-01
 Reference value :  9.79621e-01
 Reference value :  9.83153e-01
 Reference value :  9.87105e-01
 Reference value :  9.91195e-01
 Reference value :  9.95141e-01
 Reference value :  9.98923e-01
 Reference value :  1.00279e+00
 Reference value :  1.00677e+00
 Reference value :  1.01074e+00
 Reference value :  1.01466e+00
 Reference value :  1.01871e+00
 Reference value :  1.02265e+00
 Reference value :  1.02649e+00
 Reference value :  1.03051e+00
 Reference value :  1.03442e+00
 Reference value :  1.03832e+00
 Reference value :  1.04186e+00
 Reference value :  1.04589e+00
 Reference value :  1.04989e+00
 Reference value :  1.05375e+00
 Reference value :  1.05792e+00
 Reference value :  1.06199e+00
 Reference value :  1.06590e+00
 Reference value :  1.06994e+00
 Reference value :  1.07387e+00
 Reference value :  1.07761e+00
 Reference value :  1.08155e+00
 Reference value :  1.08538e+00
 Reference value :  1.08920e+00
 Reference value :  1.09319e+00
 Reference value :  1.09711e+00
 Reference value :  1.10102e+00
 Reference value :  1.10473e+00
 Reference value :  1.10870e+00
 Reference value :  1.11252e+00
 Reference value :  1.11626e+00
 Reference value :  1.11997e+00
 Reference value :  1.12402e+00
 Reference value :  1.12747e+00
 Reference value :  1.13056e+00
 Reference value :  1.13387e+00
 Reference value :  1.13725e+00
 Reference value :  1.14081e+00
 Reference value :  1.14424e+00
 Reference value :  1.14764e+00
 Reference value :  1.15101e+00
 Reference value :  1.15432e+00
 Reference value :  1.15763e+00
 Reference value :  1.16111e+00
 Reference value :  1.16465e+00
 Reference value :  1.16808e+00
 Reference value :  1.17149e+00
 Reference value :  1.17487e+00
 Reference value :  1.17855e+00
 Reference value :  1.18216e+00
 Reference value :  1.18571e+00
 Reference value :  1.18944e+00
 Reference value :  1.19320e+00
 Reference value :  1.19673e+00
 Reference value :  1.20066e+00
 Reference value :  1.20440e+00
 Reference value :  1.20809e+00
 Reference value :  1.21174e+00
 Reference value :  1.21548e+00
 Reference value :  1.21911e+00
 Reference value :  1.22266e+00
 Reference value :  1.22632e+00
 Reference value :  1.22973e+00
 Reference value :  1.23314e+00
 Reference value :  1.23680e+00
 Reference value :  1.24030e+00
 Reference value :  1.24409e+00
 Reference value :  1.24772e+00
 Reference value :  1.25123e+00
 Reference value :  1.25494e+00
 Reference value :  1.25836e+00
 Reference value :  1.26170e+00
 Reference value :  1.26487e+00
 Reference value :  1.26807e+00
 Reference value :  1.27137e+00
 Reference value :  1.27364e+00
 Reference value :  1.27471e+00
 Reference value :  1.27714e+00
 Reference value :  1.28025e+00
 Reference value :  1.28276e+00
 Reference value :  1.28612e+00
 Reference value :  1.28888e+00
 Reference value :  1.29216e+00
 Reference value :  1.29386e+00
 Reference value :  1.29703e+00
 Reference value :  1.29984e+00
No. of Data Rows : 652244
I32_FINISHED
ngspice-42 done
